Component: ARM Compiler 5.06 update 5 (build 528) Tool: armlink [4d35e2]

==============================================================================

Section Cross References

    svvis_cortex.o(i.SvVis3_apply_msg) refers to fflt_clz.o(x$fpl$fflt) for __aeabi_i2f
    svvis_cortex.o(i.SvVis3_apply_msg) refers to ffix.o(x$fpl$ffix) for __aeabi_f2iz
    svvis_cortex.o(i.SvVis3_init) refers to svvis_cortex.o(i.init_usart) for init_usart
    svvis_cortex.o(i.SvVis3_init) refers to rtx_msgqueue.o(.text.osMessageQueueNew) for osMessageQueueNew
    svvis_cortex.o(i.SvVis3_init) refers to rtx_thread.o(.text.osThreadNew) for osThreadNew
    svvis_cortex.o(i.SvVis3_init) refers to svvis_cortex_threads.o(i.usart_thread) for usart_thread
    svvis_cortex.o(i.SvVis3_init) refers to svvis_cortex_threads.o(i.recv_thread) for recv_thread
    svvis_cortex.o(i.SvVis3_init) refers to svvis_cortex_threads.o(i.send_thread) for send_thread
    svvis_cortex.o(i.SvVis3_message_extract_string) refers to strcpy.o(.text) for strcpy
    svvis_cortex.o(i.SvVis3_message_is_string) refers to strcpy.o(.text) for strcpy
    svvis_cortex.o(i.SvVis3_recv_message) refers to rtx_msgqueue.o(.text.osMessageQueueGet) for osMessageQueueGet
    svvis_cortex.o(i.SvVis3_send_I16) refers to rt_memclr_w.o(.text) for __aeabi_memclr4
    svvis_cortex.o(i.SvVis3_send_I16) refers to svvis_cortex.o(i.SvVis3_send_message) for SvVis3_send_message
    svvis_cortex.o(i.SvVis3_send_I32) refers to rt_memclr_w.o(.text) for __aeabi_memclr4
    svvis_cortex.o(i.SvVis3_send_I32) refers to svvis_cortex.o(i.SvVis3_send_message) for SvVis3_send_message
    svvis_cortex.o(i.SvVis3_send_float) refers to rt_memclr_w.o(.text) for __aeabi_memclr4
    svvis_cortex.o(i.SvVis3_send_float) refers to svvis_cortex.o(i.SvVis3_send_message) for SvVis3_send_message
    svvis_cortex.o(i.SvVis3_send_message) refers to rtx_msgqueue.o(.text.osMessageQueuePut) for osMessageQueuePut
    svvis_cortex.o(i.SvVis3_send_string) refers to strlen.o(.text) for strlen
    svvis_cortex.o(i.SvVis3_send_string) refers to rt_memcpy_w.o(.text) for __aeabi_memcpy4
    svvis_cortex.o(i.SvVis3_send_string) refers to rt_memcpy_v6.o(.text) for __aeabi_memcpy
    svvis_cortex.o(i.SvVis3_send_string) refers to svvis_cortex.o(i.SvVis3_send_message) for SvVis3_send_message
    svvis_cortex.o(i.SvVis3_send_string) refers to svvis_cortex.o(.constdata) for .constdata
    svvis_cortex.o(i.USART_send_byte) refers to rtx_thread.o(.text.osThreadYield) for osThreadYield
    svvis_cortex.o(i.USART_send_byte) refers to stm32f10x_usart.o(i.USART_GetFlagStatus) for USART_GetFlagStatus
    svvis_cortex.o(i.USART_send_byte) refers to stm32f10x_usart.o(i.USART_SendData) for USART_SendData
    svvis_cortex.o(i.USART_send_bytes) refers to svvis_cortex.o(i.USART_send_byte) for USART_send_byte
    svvis_cortex.o(i.init_usart) refers to system_stm32f10x.o(i.SystemCoreClockUpdate) for SystemCoreClockUpdate
    svvis_cortex.o(i.init_usart) refers to stm32f10x_rcc.o(i.RCC_APB2PeriphClockCmd) for RCC_APB2PeriphClockCmd
    svvis_cortex.o(i.init_usart) refers to stm32f10x_gpio.o(i.GPIO_Init) for GPIO_Init
    svvis_cortex.o(i.init_usart) refers to stm32f10x_rcc.o(i.RCC_APB1PeriphClockCmd) for RCC_APB1PeriphClockCmd
    svvis_cortex.o(i.init_usart) refers to stm32f10x_usart.o(i.USART_DeInit) for USART_DeInit
    svvis_cortex.o(i.init_usart) refers to stm32f10x_usart.o(i.USART_ClockInit) for USART_ClockInit
    svvis_cortex.o(i.init_usart) refers to stm32f10x_usart.o(i.USART_Init) for USART_Init
    svvis_cortex.o(i.init_usart) refers to stm32f10x_usart.o(i.USART_Cmd) for USART_Cmd
    svvis_cortex_test.o(i.dil_led_blink) refers to svvis_cortex_test.o(i.dil_led_init) for dil_led_init
    svvis_cortex_test.o(i.dil_led_blink) refers to stm32f10x_gpio.o(i.GPIO_WriteBit) for GPIO_WriteBit
    svvis_cortex_test.o(i.dil_led_blink) refers to rtx_delay.o(.text.osDelay) for osDelay
    svvis_cortex_test.o(i.dil_led_init) refers to stm32f10x_rcc.o(i.RCC_APB2PeriphClockCmd) for RCC_APB2PeriphClockCmd
    svvis_cortex_test.o(i.dil_led_init) refers to stm32f10x_gpio.o(i.GPIO_Init) for GPIO_Init
    svvis_cortex_test.o(i.main) refers to system_stm32f10x.o(i.SystemCoreClockUpdate) for SystemCoreClockUpdate
    svvis_cortex_test.o(i.main) refers to rtx_kernel.o(.text.osKernelInitialize) for osKernelInitialize
    svvis_cortex_test.o(i.main) refers to svvis_cortex.o(i.SvVis3_init) for SvVis3_init
    svvis_cortex_test.o(i.main) refers to rtx_thread.o(.text.osThreadNew) for osThreadNew
    svvis_cortex_test.o(i.main) refers to rtx_kernel.o(.text.osKernelStart) for osKernelStart
    svvis_cortex_test.o(i.main) refers to svvis_cortex_test.o(i.main_thread_func) for main_thread_func
    svvis_cortex_test.o(i.main) refers to svvis_cortex_test.o(.data) for main_thread_handle
    svvis_cortex_test.o(i.main_thread_func) refers to rtx_thread.o(.text.osThreadNew) for osThreadNew
[...]
    .ARM.Collect$$libshutdown$$00000004      0x0800020a   Section        0  libshutdown2.o(.ARM.Collect$$libshutdown$$00000004)
    .ARM.Collect$$libshutdown$$00000007      0x0800020a   Section        0  libshutdown2.o(.ARM.Collect$$libshutdown$$00000007)
    .ARM.Collect$$libshutdown$$0000000A      0x0800020a   Section        0  libshutdown2.o(.ARM.Collect$$libshutdown$$0000000A)
    .ARM.Collect$$libshutdown$$0000000C      0x0800020a   Section        0  libshutdown2.o(.ARM.Collect$$libshutdown$$0000000C)
    .ARM.Collect$$libshutdown$$0000000F      0x0800020a   Section        0  libshutdown2.o(.ARM.Collect$$libshutdown$$0000000F)
    .ARM.Collect$$libshutdown$$00000010      0x0800020a   Section        2  libshutdown2.o(.ARM.Collect$$libshutdown$$00000010)
    .ARM.Collect$$rtentry$$00000000          0x0800020c   Section        0  __rtentry.o(.ARM.Collect$$rtentry$$00000000)
    .ARM.Collect$$rtentry$$00000002          0x0800020c   Section        0  __rtentry2.o(.ARM.Collect$$rtentry$$00000002)
    .ARM.Collect$$rtentry$$00000004          0x0800020c   Section        6  __rtentry4.o(.ARM.Collect$$rtentry$$00000004)
    .ARM.Collect$$rtentry$$00000008          0x08000212   Section        8  __rtentry2.o(.ARM.Collect$$rtentry$$00000008)
    .ARM.Collect$$rtentry$$0000000A          0x0800021a   Section        4  __rtentry2.o(.ARM.Collect$$rtentry$$0000000A)
    .ARM.Collect$$rtentry$$0000000C          0x0800021e   Section        0  __rtentry2.o(.ARM.Collect$$rtentry$$0000000C)
    .ARM.Collect$$rtentry$$0000000D          0x0800021e   Section        8  __rtentry2.o(.ARM.Collect$$rtentry$$0000000D)
    .ARM.Collect$$rtexit$$00000000           0x08000226   Section        2  rtexit.o(.ARM.Collect$$rtexit$$00000000)
    .ARM.Collect$$rtexit$$00000002           0x08000228   Section        0  rtexit2.o(.ARM.Collect$$rtexit$$00000002)
    .ARM.Collect$$rtexit$$00000003           0x08000228   Section        4  rtexit2.o(.ARM.Collect$$rtexit$$00000003)
    .ARM.Collect$$rtexit$$00000004           0x0800022c   Section        6  rtexit2.o(.ARM.Collect$$rtexit$$00000004)
    .text                                    0x08000234   Section       64  startup_stm32f10x_cl.o(.text)
    .text                                    0x08000274   Section      148  irq_cm3.o(.text)
    .text                                    0x08000308   Section        0  strlen.o(.text)
    .text                                    0x08000346   Section      138  rt_memcpy_v6.o(.text)
    .text                                    0x080003d0   Section      100  rt_memcpy_w.o(.text)
    .text                                    0x08000434   Section       68  rt_memclr.o(.text)
    .text                                    0x08000478   Section       78  rt_memclr_w.o(.text)
    .text                                    0x080004c6   Section        0  heapauxi.o(.text)
    .text                                    0x080004cc   Section       74  sys_stackheap_outer.o(.text)
    .text                                    0x08000516   Section        0  exit.o(.text)
    .text                                    0x08000528   Section        8  libspace.o(.text)
    .text                                    0x08000530   Section        0  sys_exit.o(.text)
    .text                                    0x0800053c   Section        2  use_no_semi.o(.text)
    [Anonymous Symbol]                       0x0800053e   Section        0  rtx_msgqueue.o(.text.MessageQueueGet)
    .text                                    0x0800053e   Section        0  indicate_semi.o(.text)
    MessageQueueGet                          0x0800053f   Thumb Code    64  rtx_msgqueue.o(.text.MessageQueueGet)
    [Anonymous Symbol]                       0x0800057e   Section        0  rtx_msgqueue.o(.text.MessageQueuePut)
    MessageQueuePut                          0x0800057f   Thumb Code    88  rtx_msgqueue.o(.text.MessageQueuePut)
    [Anonymous Symbol]                       0x080005d6   Section        0  rtx_msgqueue.o(.text.MessageQueueRemove)
    MessageQueueRemove                       0x080005d7   Thumb Code    28  rtx_msgqueue.o(.text.MessageQueueRemove)
    [Anonymous Symbol]                       0x080005f4   Section        0  os_systick.o(.text.OS_Tick_AcknowledgeIRQ)
    __arm_cp.3_0                             0x080005fc   Number         4  os_systick.o(.text.OS_Tick_AcknowledgeIRQ)
    [Anonymous Symbol]                       0x08000600   Section        0  os_systick.o(.text.OS_Tick_Enable)
    __arm_cp.1_0                             0x08000620   Number         4  os_systick.o(.text.OS_Tick_Enable)
    __arm_cp.1_1                             0x08000624   Number         4  os_systick.o(.text.OS_Tick_Enable)
    __arm_cp.1_2                             0x08000628   Number         4  os_systick.o(.text.OS_Tick_Enable)
    [Anonymous Symbol]                       0x0800062c   Section        0  os_systick.o(.text.OS_Tick_GetIRQn)
    [Anonymous Symbol]                       0x08000634   Section        0  os_systick.o(.text.OS_Tick_Setup)
    __arm_cp.0_0                             0x08000664   Number         4  os_systick.o(.text.OS_Tick_Setup)
    __arm_cp.0_1                             0x08000668   Number         4  os_systick.o(.text.OS_Tick_Setup)
    __arm_cp.0_2                             0x0800066c   Number         4  os_systick.o(.text.OS_Tick_Setup)
    __arm_cp.0_3                             0x08000670   Number         4  os_systick.o(.text.OS_Tick_Setup)
    [Anonymous Symbol]                       0x08000674   Section        0  rtx_thread.o(.text.ThreadFlagsCheck)
    ThreadFlagsCheck                         0x08000675   Thumb Code   110  rtx_thread.o(.text.ThreadFlagsCheck)
    [Anonymous Symbol]                       0x080006e4   Section        0  rtx_timer.o(.text.TimerInsert)
    TimerInsert                              0x080006e5   Thumb Code    72  rtx_timer.o(.text.TimerInsert)
    __arm_cp.8_0                             0x08000728   Number         4  rtx_timer.o(.text.TimerInsert)
    [Anonymous Symbol]                       0x0800072c   Section        0  rtx_delay.o(.text.osDelay)
    __arm_cp.0_0                             0x0800074c   Number         4  rtx_delay.o(.text.osDelay)
    [Anonymous Symbol]                       0x08000750   Section        0  rtx_kernel.o(.text.osKernelGetState)
    __arm_cp.4_0                             0x08000778   Number         4  rtx_kernel.o(.text.osKernelGetState)
    __arm_cp.4_1                             0x0800077c   Number         4  rtx_kernel.o(.text.osKernelGetState)
    [Anonymous Symbol]                       0x08000780   Section        0  rtx_kernel.o(.text.osKernelInitialize)
    __arm_cp.1_0                             0x080007a8   Number         4  rtx_kernel.o(.text.osKernelInitialize)
    [Anonymous Symbol]                       0x080007ac   Section        0  rtx_kernel.o(.text.osKernelStart)
    __arm_cp.6_0                             0x080007cc   Number         4  rtx_kernel.o(.text.osKernelStart)
    [Anonymous Symbol]                       0x080007d0   Section        0  rtx_msgqueue.o(.text.osMessageQueueGet)
    __arm_cp.3_0                             0x08000838   Number         4  rtx_msgqueue.o(.text.osMessageQueueGet)
    [Anonymous Symbol]                       0x0800083c   Section        0  rtx_msgqueue.o(.text.osMessageQueueNew)
    __arm_cp.0_0                             0x0800085c   Number         4  rtx_msgqueue.o(.text.osMessageQueueNew)
    [Anonymous Symbol]                       0x08000860   Section        0  rtx_msgqueue.o(.text.osMessageQueuePut)
    __arm_cp.2_0                             0x080008d4   Number         4  rtx_msgqueue.o(.text.osMessageQueuePut)
    [Anonymous Symbol]                       0x080008d8   Section        0  rtx_mutex.o(.text.osMutexAcquire)
    __arm_cp.4_0                             0x080008f8   Number         4  rtx_mutex.o(.text.osMutexAcquire)
    [Anonymous Symbol]                       0x080008fc   Section        0  rtx_mutex.o(.text.osMutexDelete)
    __arm_cp.7_0                             0x0800091c   Number         4  rtx_mutex.o(.text.osMutexDelete)
    [Anonymous Symbol]                       0x08000920   Section        0  rtx_mutex.o(.text.osMutexNew)
    __arm_cp.2_0                             0x08000940   Number         4  rtx_mutex.o(.text.osMutexNew)
    [Anonymous Symbol]                       0x08000944   Section        0  rtx_mutex.o(.text.osMutexRelease)
    __arm_cp.5_0                             0x08000964   Number         4  rtx_mutex.o(.text.osMutexRelease)
    [Anonymous Symbol]                       0x08000968   Section        0  rtx_kernel.o(.text.osRtxKernelPreInit)
    [Anonymous Symbol]                       0x0800096a   Section        0  rtx_memory.o(.text.osRtxMemoryAlloc)
    [Anonymous Symbol]                       0x080009da   Section        0  rtx_memory.o(.text.osRtxMemoryFree)
    [Anonymous Symbol]                       0x08000a20   Section        0  rtx_memory.o(.text.osRtxMemoryInit)
    [Anonymous Symbol]                       0x08000a5c   Section        0  rtx_mempool.o(.text.osRtxMemoryPoolAlloc)
    [Anonymous Symbol]                       0x08000a96   Section        0  rtx_mempool.o(.text.osRtxMemoryPoolFree)
    [Anonymous Symbol]                       0x08000ae0   Section        0  rtx_mempool.o(.text.osRtxMemoryPoolInit)
    [Anonymous Symbol]                       0x08000b16   Section        0  rtx_msgqueue.o(.text.osRtxMessageQueuePostProcess)
    osRtxMessageQueuePostProcess             0x08000b17   Thumb Code   186  rtx_msgqueue.o(.text.osRtxMessageQueuePostProcess)
    [Anonymous Symbol]                       0x08000bd0   Section        0  rtx_mutex.o(.text.osRtxMutexOwnerRelease)
    [Anonymous Symbol]                       0x08000c18   Section        0  rtx_mutex.o(.text.osRtxMutexOwnerRestore)
    [Anonymous Symbol]                       0x08000c5c   Section        0  rtx_system.o(.text.osRtxPendSV_Handler)
    __arm_cp.1_0                             0x08000ce4   Number         4  rtx_system.o(.text.osRtxPendSV_Handler)
    [Anonymous Symbol]                       0x08000ce8   Section        0  rtx_system.o(.text.osRtxPostProcess)
    __arm_cp.2_0                             0x08000d54   Number         4  rtx_system.o(.text.osRtxPostProcess)
    __arm_cp.2_1                             0x08000d58   Number         4  rtx_system.o(.text.osRtxPostProcess)
    [Anonymous Symbol]                       0x08000d5c   Section        0  rtx_thread.o(.text.osRtxThreadBlock)
    osRtxThreadBlock                         0x08000d5d   Thumb Code    56  rtx_thread.o(.text.osRtxThreadBlock)
    __arm_cp.11_0                            0x08000d90   Number         4  rtx_thread.o(.text.osRtxThreadBlock)
    [Anonymous Symbol]                       0x08000d94   Section        0  rtx_thread.o(.text.osRtxThreadDelayInsert)
    osRtxThreadDelayInsert                   0x08000d95   Thumb Code   116  rtx_thread.o(.text.osRtxThreadDelayInsert)
    __arm_cp.15_0                            0x08000e04   Number         4  rtx_thread.o(.text.osRtxThreadDelayInsert)
    [Anonymous Symbol]                       0x08000e08   Section        0  rtx_thread.o(.text.osRtxThreadDelayRemove)
    osRtxThreadDelayRemove                   0x08000e09   Thumb Code    60  rtx_thread.o(.text.osRtxThreadDelayRemove)
    __arm_cp.13_0                            0x08000e40   Number         4  rtx_thread.o(.text.osRtxThreadDelayRemove)
    [Anonymous Symbol]                       0x08000e44   Section        0  rtx_thread.o(.text.osRtxThreadDelayTick)
    __arm_cp.5_0                             0x08000e8c   Number         4  rtx_thread.o(.text.osRtxThreadDelayTick)
    [Anonymous Symbol]                       0x08000e90   Section        0  rtx_thread.o(.text.osRtxThreadDispatch)
    __arm_cp.10_0                            0x08000ee4   Number         4  rtx_thread.o(.text.osRtxThreadDispatch)
    [Anonymous Symbol]                       0x08000ee8   Section        0  rtx_thread.o(.text.osRtxThreadFree)
    osRtxThreadFree                          0x08000ee9   Thumb Code    88  rtx_thread.o(.text.osRtxThreadFree)
    __arm_cp.53_0                            0x08000f3c   Number         4  rtx_thread.o(.text.osRtxThreadFree)
    [Anonymous Symbol]                       0x08000f40   Section        0  rtx_thread.o(.text.osRtxThreadListGet)
    [Anonymous Symbol]                       0x08000f52   Section        0  rtx_thread.o(.text.osRtxThreadListPut)
    [Anonymous Symbol]                       0x08000f7e   Section        0  rtx_thread.o(.text.osRtxThreadListRemove)
    [Anonymous Symbol]                       0x08000f92   Section        0  rtx_thread.o(.text.osRtxThreadListRoot)
    osRtxThreadListRoot                      0x08000f93   Thumb Code    12  rtx_thread.o(.text.osRtxThreadListRoot)
    [Anonymous Symbol]                       0x08000f9e   Section        0  rtx_thread.o(.text.osRtxThreadListSort)
    [Anonymous Symbol]                       0x08000fc4   Section        0  rtx_thread.o(.text.osRtxThreadPostProcess)
    osRtxThreadPostProcess                   0x08000fc5   Thumb Code    40  rtx_thread.o(.text.osRtxThreadPostProcess)
    [Anonymous Symbol]                       0x08000fec   Section        0  rtx_thread.o(.text.osRtxThreadReadyPut)
    __arm_cp.4_0                             0x08000ffc   Number         4  rtx_thread.o(.text.osRtxThreadReadyPut)
    [Anonymous Symbol]                       0x08001000   Section        0  rtx_thread.o(.text.osRtxThreadRegPtr)
    [Anonymous Symbol]                       0x08001008   Section        0  rtx_thread.o(.text.osRtxThreadStackCheck)
    __arm_cp.9_0                             0x08001028   Number         4  rtx_thread.o(.text.osRtxThreadStackCheck)
    __arm_cp.9_1                             0x0800102c   Number         4  rtx_thread.o(.text.osRtxThreadStackCheck)
    [Anonymous Symbol]                       0x08001030   Section        0  rtx_thread.o(.text.osRtxThreadStartup)
    __arm_cp.16_0                            0x08001060   Number         4  rtx_thread.o(.text.osRtxThreadStartup)
    __arm_cp.16_1                            0x08001064   Number         4  rtx_thread.o(.text.osRtxThreadStartup)
    __arm_cp.16_2                            0x08001068   Number         4  rtx_thread.o(.text.osRtxThreadStartup)
    __arm_cp.16_3                            0x0800106c   Number         4  rtx_thread.o(.text.osRtxThreadStartup)
    [Anonymous Symbol]                       0x08001070   Section        0  rtx_thread.o(.text.osRtxThreadSwitch)
    __arm_cp.8_0                             0x0800107c   Number         4  rtx_thread.o(.text.osRtxThreadSwitch)
    [Anonymous Symbol]                       0x08001080   Section        0  rtx_thread.o(.text.osRtxThreadWaitEnter)
    __arm_cp.14_0                            0x080010b4   Number         4  rtx_thread.o(.text.osRtxThreadWaitEnter)
    [Anonymous Symbol]                       0x080010b8   Section        0  rtx_thread.o(.text.osRtxThreadWaitExit)
    [Anonymous Symbol]                       0x080010dc   Section        0  rtx_system.o(.text.osRtxTick_Handler)
    __arm_cp.0_0                             0x08001148   Number         4  rtx_system.o(.text.osRtxTick_Handler)
    [Anonymous Symbol]                       0x0800114c   Section        0  rtx_timer.o(.text.osRtxTimerThread)
    __arm_cp.0_0                             0x0800117c   Number         4  rtx_timer.o(.text.osRtxTimerThread)
    __arm_cp.0_1                             0x08001180   Number         4  rtx_timer.o(.text.osRtxTimerThread)
    __arm_cp.0_2                             0x08001184   Number         4  rtx_timer.o(.text.osRtxTimerThread)
    [Anonymous Symbol]                       0x08001188   Section        0  rtx_timer.o(.text.osRtxTimerTick)
    osRtxTimerTick                           0x08001189   Thumb Code    84  rtx_timer.o(.text.osRtxTimerTick)
    __arm_cp.1_0                             0x080011d8   Number         4  rtx_timer.o(.text.osRtxTimerTick)
    [Anonymous Symbol]                       0x080011dc   Section        0  rtx_thread.o(.text.osThreadExit)
    __arm_cp.32_0                            0x080011e4   Number         4  rtx_thread.o(.text.osThreadExit)
    [Anonymous Symbol]                       0x080011e8   Section        0  rtx_thread.o(.text.osThreadNew)
    __arm_cp.18_0                            0x08001208   Number         4  rtx_thread.o(.text.osThreadNew)
    [Anonymous Symbol]                       0x0800120c   Section        0  rtx_thread.o(.text.osThreadYield)
    __arm_cp.27_0                            0x0800122c   Number         4  rtx_thread.o(.text.osThreadYield)
    [Anonymous Symbol]                       0x08001230   Section        0  rtx_delay.o(.text.svcRtxDelay)
    svcRtxDelay                              0x08001231   Thumb Code    20  rtx_delay.o(.text.svcRtxDelay)
    [Anonymous Symbol]                       0x08001244   Section        0  rtx_kernel.o(.text.svcRtxKernelGetState)
    svcRtxKernelGetState                     0x08001245   Thumb Code    12  rtx_kernel.o(.text.svcRtxKernelGetState)
    __arm_cp.5_0                             0x0800124c   Number         4  rtx_kernel.o(.text.svcRtxKernelGetState)
    [Anonymous Symbol]                       0x08001250   Section        0  rtx_kernel.o(.text.svcRtxKernelInitialize)
    svcRtxKernelInitialize                   0x08001251   Thumb Code   336  rtx_kernel.o(.text.svcRtxKernelInitialize)
    __arm_cp.20_0                            0x08001394   Number         4  rtx_kernel.o(.text.svcRtxKernelInitialize)
    __arm_cp.20_1                            0x08001398   Number         4  rtx_kernel.o(.text.svcRtxKernelInitialize)
    __arm_cp.20_2                            0x0800139c   Number         4  rtx_kernel.o(.text.svcRtxKernelInitialize)
    [Anonymous Symbol]                       0x080013a0   Section        0  rtx_kernel.o(.text.svcRtxKernelStart)
    svcRtxKernelStart                        0x080013a1   Thumb Code   136  rtx_kernel.o(.text.svcRtxKernelStart)
    __arm_cp.21_0                            0x08001418   Number         4  rtx_kernel.o(.text.svcRtxKernelStart)
    __arm_cp.21_1                            0x0800141c   Number         4  rtx_kernel.o(.text.svcRtxKernelStart)
    __arm_cp.21_2                            0x08001420   Number         4  rtx_kernel.o(.text.svcRtxKernelStart)
    __arm_cp.21_3                            0x08001424   Number         4  rtx_kernel.o(.text.svcRtxKernelStart)
    [Anonymous Symbol]                       0x08001428   Section        0  rtx_msgqueue.o(.text.svcRtxMessageQueueGet)
    svcRtxMessageQueueGet                    0x08001429   Thumb Code   224  rtx_msgqueue.o(.text.svcRtxMessageQueueGet)
    __arm_cp.21_0                            0x08001504   Number         4  rtx_msgqueue.o(.text.svcRtxMessageQueueGet)
    [Anonymous Symbol]                       0x08001508   Section        0  rtx_msgqueue.o(.text.svcRtxMessageQueueNew)
    svcRtxMessageQueueNew                    0x08001509   Thumb Code   304  rtx_msgqueue.o(.text.svcRtxMessageQueueNew)
    __arm_cp.14_0                            0x08001630   Number         4  rtx_msgqueue.o(.text.svcRtxMessageQueueNew)
    __arm_cp.14_1                            0x08001634   Number         4  rtx_msgqueue.o(.text.svcRtxMessageQueueNew)
    [Anonymous Symbol]                       0x08001638   Section        0  rtx_msgqueue.o(.text.svcRtxMessageQueuePut)
    svcRtxMessageQueuePut                    0x08001639   Thumb Code   192  rtx_msgqueue.o(.text.svcRtxMessageQueuePut)
    __arm_cp.19_0                            0x080016f4   Number         4  rtx_msgqueue.o(.text.svcRtxMessageQueuePut)
    [Anonymous Symbol]                       0x080016f8   Section        0  rtx_mutex.o(.text.svcRtxMutexAcquire)
    svcRtxMutexAcquire                       0x080016f9   Thumb Code   148  rtx_mutex.o(.text.svcRtxMutexAcquire)
    __arm_cp.10_0                            0x08001788   Number         4  rtx_mutex.o(.text.svcRtxMutexAcquire)
    [Anonymous Symbol]                       0x0800178c   Section        0  rtx_mutex.o(.text.svcRtxMutexDelete)
    svcRtxMutexDelete                        0x0800178d   Thumb Code   176  rtx_mutex.o(.text.svcRtxMutexDelete)
    __arm_cp.13_0                            0x08001838   Number         4  rtx_mutex.o(.text.svcRtxMutexDelete)
    [Anonymous Symbol]                       0x0800183c   Section        0  rtx_mutex.o(.text.svcRtxMutexNew)
    svcRtxMutexNew                           0x0800183d   Thumb Code   104  rtx_mutex.o(.text.svcRtxMutexNew)
    __arm_cp.8_0                             0x080018a0   Number         4  rtx_mutex.o(.text.svcRtxMutexNew)
    [Anonymous Symbol]                       0x080018a4   Section        0  rtx_mutex.o(.text.svcRtxMutexRelease)
    svcRtxMutexRelease                       0x080018a5   Thumb Code   180  rtx_mutex.o(.text.svcRtxMutexRelease)
    __arm_cp.11_0                            0x08001954   Number         4  rtx_mutex.o(.text.svcRtxMutexRelease)
    [Anonymous Symbol]                       0x08001958   Section        0  rtx_thread.o(.text.svcRtxThreadExit)
    svcRtxThreadExit                         0x08001959   Thumb Code   104  rtx_thread.o(.text.svcRtxThreadExit)
    __arm_cp.55_0                            0x080019bc   Number         4  rtx_thread.o(.text.svcRtxThreadExit)
    [Anonymous Symbol]                       0x080019c0   Section        0  rtx_thread.o(.text.svcRtxThreadNew)
    svcRtxThreadNew                          0x080019c1   Thumb Code   464  rtx_thread.o(.text.svcRtxThreadNew)
    __arm_cp.17_0                            0x08001b7c   Number         4  rtx_thread.o(.text.svcRtxThreadNew)
    __arm_cp.17_1                            0x08001b80   Number         4  rtx_thread.o(.text.svcRtxThreadNew)
    __arm_cp.17_2                            0x08001b84   Number         4  rtx_thread.o(.text.svcRtxThreadNew)
    __arm_cp.17_3                            0x08001b88   Number         4  rtx_thread.o(.text.svcRtxThreadNew)
    __arm_cp.17_4                            0x08001b8c   Number         4  rtx_thread.o(.text.svcRtxThreadNew)
    [Anonymous Symbol]                       0x08001b90   Section        0  rtx_thread.o(.text.svcRtxThreadYield)
    svcRtxThreadYield                        0x08001b91   Thumb Code    56  rtx_thread.o(.text.svcRtxThreadYield)
    __arm_cp.48_0                            0x08001bc4   Number         4  rtx_thread.o(.text.svcRtxThreadYield)
    i.GPIO_Init                              0x08001bc8   Section        0  stm32f10x_gpio.o(i.GPIO_Init)
    i.GPIO_WriteBit                          0x08001cde   Section        0  stm32f10x_gpio.o(i.GPIO_WriteBit)
    i.RCC_APB1PeriphClockCmd                 0x08001ce8   Section        0  stm32f10x_rcc.o(i.RCC_APB1PeriphClockCmd)
    i.RCC_APB1PeriphResetCmd                 0x08001d08   Section        0  stm32f10x_rcc.o(i.RCC_APB1PeriphResetCmd)
    i.RCC_APB2PeriphClockCmd                 0x08001d28   Section        0  stm32f10x_rcc.o(i.RCC_APB2PeriphClockCmd)
    i.RCC_APB2PeriphResetCmd                 0x08001d48   Section        0  stm32f10x_rcc.o(i.RCC_APB2PeriphResetCmd)
    i.RCC_GetClocksFreq                      0x08001d68   Section        0  stm32f10x_rcc.o(i.RCC_GetClocksFreq)
    i.SetSysClock                            0x08001ef8   Section        0  system_stm32f10x.o(i.SetSysClock)
    SetSysClock                              0x08001ef9   Thumb Code     8  system_stm32f10x.o(i.SetSysClock)
    i.SetSysClockTo72                        0x08001f00   Section        0  system_stm32f10x.o(i.SetSysClockTo72)
    SetSysClockTo72                          0x08001f01   Thumb Code   264  system_stm32f10x.o(i.SetSysClockTo72)
    i.SvVis3_init                            0x08002018   Section        0  svvis_cortex.o(i.SvVis3_init)
    i.SvVis3_recv_message                    0x08002080   Section        0  svvis_cortex.o(i.SvVis3_recv_message)
    i.SvVis3_send_I16                        0x08002096   Section        0  svvis_cortex.o(i.SvVis3_send_I16)
    i.SvVis3_send_I32                        0x080020d0   Section        0  svvis_cortex.o(i.SvVis3_send_I32)
    i.SvVis3_send_float                      0x08002106   Section        0  svvis_cortex.o(i.SvVis3_send_float)
    i.SvVis3_send_message                    0x0800213e   Section        0  svvis_cortex.o(i.SvVis3_send_message)
    i.SvVis3_send_string                     0x08002154   Section        0  svvis_cortex.o(i.SvVis3_send_string)
    i.SystemCoreClockUpdate                  0x080021b0   Section        0  system_stm32f10x.o(i.SystemCoreClockUpdate)
    i.SystemInit                             0x080022b0   Section        0  system_stm32f10x.o(i.SystemInit)
    i.USART_ClockInit                        0x0800231c   Section        0  stm32f10x_usart.o(i.USART_ClockInit)
    i.USART_Cmd                              0x0800233e   Section        0  stm32f10x_usart.o(i.USART_Cmd)
    i.USART_DeInit                           0x08002358   Section        0  stm32f10x_usart.o(i.USART_DeInit)
    i.USART_GetFlagStatus                    0x080023f4   Section        0  stm32f10x_usart.o(i.USART_GetFlagStatus)
    i.USART_Init                             0x08002410   Section        0  stm32f10x_usart.o(i.USART_Init)
    i.USART_ReceiveData                      0x080024e8   Section        0  stm32f10x_usart.o(i.USART_ReceiveData)
    i.USART_SendData                         0x080024f2   Section        0  stm32f10x_usart.o(i.USART_SendData)
    i.USART_send_byte                        0x080024fa   Section        0  svvis_cortex.o(i.USART_send_byte)
    i.USART_send_bytes                       0x0800251c   Section        0  svvis_cortex.o(i.USART_send_bytes)
    i._mutex_acquire                         0x0800253c   Section        0  rtx_lib.o(i._mutex_acquire)
    __tagsym$$used                           0x0800253d   Number         0  rtx_lib.o(i._mutex_acquire)
    i._mutex_free                            0x08002552   Section        0  rtx_lib.o(i._mutex_free)
    __tagsym$$used                           0x08002553   Number         0  rtx_lib.o(i._mutex_free)
    i._mutex_initialize                      0x0800255e   Section        0  rtx_lib.o(i._mutex_initialize)
    __tagsym$$used                           0x0800255f   Number         0  rtx_lib.o(i._mutex_initialize)
    i._mutex_release                         0x08002580   Section        0  rtx_lib.o(i._mutex_release)
    __tagsym$$used                           0x08002581   Number         0  rtx_lib.o(i._mutex_release)
    i._platform_post_stackheap_init          0x08002592   Section        0  rtx_lib.o(i._platform_post_stackheap_init)
    i.chid2len                               0x0800259a   Section        0  svvis_cortex_threads.o(i.chid2len)
    i.dil_led_blink                          0x080025cc   Section        0  svvis_cortex_test.o(i.dil_led_blink)
    i.dil_led_init                           0x080025f8   Section        0  svvis_cortex_test.o(i.dil_led_init)
    i.init_usart                             0x08002624   Section        0  svvis_cortex.o(i.init_usart)
    i.main                                   0x08002750   Section        0  svvis_cortex_test.o(i.main)
    i.main_thread_func                       0x08002788   Section        0  svvis_cortex_test.o(i.main_thread_func)
    i.osRtxErrorNotify                       0x08002874   Section        0  rtx_config.o(i.osRtxErrorNotify)
    i.osRtxIdleThread                        0x08002894   Section        0  rtx_config.o(i.osRtxIdleThread)
    i.os_kernel_is_active                    0x08002898   Section        0  rtx_lib.o(i.os_kernel_is_active)
    os_kernel_is_active                      0x08002899   Thumb Code    28  rtx_lib.o(i.os_kernel_is_active)
    i.recv_thread                            0x080028b8   Section        0  svvis_cortex_threads.o(i.recv_thread)
    i.send_thread                            0x08002972   Section        0  svvis_cortex_threads.o(i.send_thread)
    i.usart_thread                           0x080029a0   Section        0  svvis_cortex_threads.o(i.usart_thread)
    x$fpl$ffltu                              0x080029d4   Section       38  fflt_clz.o(x$fpl$ffltu)
    x$fpl$usenofp                            0x080029fa   Section        0  usenofp.o(x$fpl$usenofp)
    .constdata                               0x080029fc   Section       36  svvis_cortex.o(.constdata)
    .constdata                               0x08002a20   Section      100  rtx_lib.o(.constdata)
    os_idle_thread_attr                      0x08002a20   Data          36  rtx_lib.o(.constdata)
    os_timer_thread_attr                     0x08002a44   Data          36  rtx_lib.o(.constdata)
    os_timer_mq_attr                         0x08002a68   Data          24  rtx_lib.o(.constdata)
    .constdata                               0x08002a84   Section        1  irq_cm3.o(.constdata)
    .rodata                                  0x08002a88   Section      160  rtx_lib.o(.rodata)
    __tagsym$$used                           0x08002a88   Number         0  rtx_lib.o(.rodata)
    __tagsym$$used                           0x08002af0   Number         0  rtx_lib.o(.rodata)
    [Anonymous Symbol]                       0x08002b28   Section        0  rtx_kernel.o(.rodata.str1.4)
    .L.str                                   0x08002b28   Data          11  rtx_kernel.o(.rodata.str1.4)
    .bss.os                                  0x20000000   Section     4160  rtx_lib.o(.bss.os)
    os_mem                                   0x20000000   Data        4096  rtx_lib.o(.bss.os)
    os_isr_queue                             0x20001000   Data          64  rtx_lib.o(.bss.os)
    .bss.os.msgqueue.cb                      0x20001040   Section       52  rtx_lib.o(.bss.os.msgqueue.cb)
    os_timer_mq_cb                           0x20001040   Data          52  rtx_lib.o(.bss.os.msgqueue.cb)
    .bss.os.msgqueue.mem                     0x20001074   Section       80  rtx_lib.o(.bss.os.msgqueue.mem)
    os_timer_mq_data                         0x20001074   Data          80  rtx_lib.o(.bss.os.msgqueue.mem)
    .bss.os.thread.cb                        0x200010c4   Section      136  rtx_lib.o(.bss.os.thread.cb)
    os_idle_thread_cb                        0x200010c4   Data          68  rtx_lib.o(.bss.os.thread.cb)
    os_timer_thread_cb                       0x20001108   Data          68  rtx_lib.o(.bss.os.thread.cb)
    .bss.os.thread.stack                     0x20001150   Section      400  rtx_lib.o(.bss.os.thread.stack)
    os_idle_thread_stack                     0x20001150   Data         200  rtx_lib.o(.bss.os.thread.stack)
    os_timer_thread_stack                    0x20001218   Data         200  rtx_lib.o(.bss.os.thread.stack)
    .data                                    0x200012e0   Section        8  svvis_cortex_test.o(.data)
    .data                                    0x200012e8   Section        5  rtx_lib.o(.data)
    os_kernel_active                         0x200012ec   Data           1  rtx_lib.o(.data)
    .data                                    0x200012ed   Section       20  stm32f10x_rcc.o(.data)
    APBAHBPrescTable                         0x200012ed   Data          16  stm32f10x_rcc.o(.data)
    ADCPrescTable                            0x200012fd   Data           4  stm32f10x_rcc.o(.data)
    .data                                    0x20001304   Section       20  system_stm32f10x.o(.data)
    .bss                                     0x200013bc   Section       96  libspace.o(.bss)
    [Anonymous Symbol]                       0x2000141c   Section        0  os_systick.o(.bss.PendST)
    PendST                                   0x2000141c   Data           1  os_systick.o(.bss.PendST)
    HEAP                                     0x20001420   Section     1024  startup_stm32f10x_cl.o(HEAP)
    Heap_Mem                                 0x20001420   Data        1024  startup_stm32f10x_cl.o(HEAP)
    STACK                                    0x20001820   Section     2048  startup_stm32f10x_cl.o(STACK)
    Stack_Mem                                0x20001820   Data        2048  startup_stm32f10x_cl.o(STACK)
    __initial_sp                             0x20002020   Data           0  startup_stm32f10x_cl.o(STACK)

    Global Symbols

    Symbol Name                              Value     Ov Type        Size  Object(Section)

    BuildAttributes$$THM_ISAv4$P$D$K$B$S$PE$A:L22UL41UL21$X:L11$S22US41US21$IEEE1$IW$~IW$USESV6$~STKCKD$USESV7$~SHL$OSPACE$ROPI$EBA8$UX$STANDARDLIB$REQ8$PRES8$EABIv2 0x00000000   Number         0  anon$$obj.o ABSOLUTE
    __ARM_use_no_argv                        0x00000000   Number         0  svvis_cortex_test.o ABSOLUTE
    .bss.os.evflags.cb$$Base                  - Undefined Weak Reference
    .bss.os.evflags.cb$$Limit                 - Undefined Weak Reference
    .bss.os.mempool.cb$$Base                  - Undefined Weak Reference
    .bss.os.mempool.cb$$Limit                 - Undefined Weak Reference
    .bss.os.mutex.cb$$Base                    - Undefined Weak Reference
    .bss.os.mutex.cb$$Limit                   - Undefined Weak Reference
    .bss.os.semaphore.cb$$Base                - Undefined Weak Reference
    .bss.os.semaphore.cb$$Limit               - Undefined Weak Reference
    .bss.os.timer.cb$$Base                    - Undefined Weak Reference
    .bss.os.timer.cb$$Limit                   - Undefined Weak Reference
    __ARM_exceptions_init                     - Undefined Weak Reference
    __alloca_initialize                       - Undefined Weak Reference
    __arm_preinit_                            - Undefined Weak Reference
    __cpp_initialize__aeabi_                  - Undefined Weak Reference
    __cxa_finalize                            - Undefined Weak Reference
    __rt_locale                               - Undefined Weak Reference
    __sigvec_lookup                           - Undefined Weak Reference
    _atexit_init                              - Undefined Weak Reference
    _call_atexit_fns                          - Undefined Weak Reference
    _clock_init                               - Undefined Weak Reference
    _fp_trap_init                             - Undefined Weak Reference
    _fp_trap_shutdown                         - Undefined Weak Reference
    _get_lc_collate                           - Undefined Weak Reference
    _get_lc_ctype                             - Undefined Weak Reference
    _get_lc_monetary                          - Undefined Weak Reference
    _get_lc_numeric                           - Undefined Weak Reference
    _get_lc_time                              - Undefined Weak Reference
    _getenv_init                              - Undefined Weak Reference
    _handle_redirection                       - Undefined Weak Reference
    _init_alloc                               - Undefined Weak Reference
    _init_user_alloc                          - Undefined Weak Reference
    _initio                                   - Undefined Weak Reference
    _rand_init                                - Undefined Weak Reference
    _signal_finish                            - Undefined Weak Reference
    _signal_init                              - Undefined Weak Reference
    _terminate_alloc                          - Undefined Weak Reference
    _terminate_user_alloc                     - Undefined Weak Reference
    _terminateio                              - Undefined Weak Reference
    __Vectors_Size                           0x00000150   Number         0  startup_stm32f10x_cl.o ABSOLUTE
    __Vectors                                0x08000000   Data           4  startup_stm32f10x_cl.o(RESET)
    __Vectors_End                            0x08000150   Data           0  startup_stm32f10x_cl.o(RESET)
    __main                                   0x08000151   Thumb Code     8  __main.o(!!!main)
    __scatterload                            0x08000159   Thumb Code     0  __scatter.o(!!!scatter)
    __scatterload_rt2                        0x08000159   Thumb Code    44  __scatter.o(!!!scatter)
    __scatterload_rt2_thumb_only             0x08000159   Thumb Code     0  __scatter.o(!!!scatter)
    __scatterload_null                       0x08000167   Thumb Code     0  __scatter.o(!!!scatter)
    __decompress                             0x0800018d   Thumb Code    90  __dczerorl2.o(!!dczerorl2)
    __decompress1                            0x0800018d   Thumb Code     0  __dczerorl2.o(!!dczerorl2)
    __scatterload_zeroinit                   0x080001e9   Thumb Code    28  __scatter_zi.o(!!handler_zi)
    __rt_lib_init                            0x08000205   Thumb Code     0  libinit.o(.ARM.Collect$$libinit$$00000000)
    __rt_lib_init_alloca_1                   0x08000207   Thumb Code     0  libinit2.o(.ARM.Collect$$libinit$$0000002E)
    __rt_lib_init_argv_1                     0x08000207   Thumb Code     0  libinit2.o(.ARM.Collect$$libinit$$0000002C)
    __rt_lib_init_atexit_1                   0x08000207   Thumb Code     0  libinit2.o(.ARM.Collect$$libinit$$0000001B)
    __rt_lib_init_clock_1                    0x08000207   Thumb Code     0  libinit2.o(.ARM.Collect$$libinit$$00000021)
    __rt_lib_init_cpp_1                      0x08000207   Thumb Code     0  libinit2.o(.ARM.Collect$$libinit$$00000032)
    __rt_lib_init_exceptions_1               0x08000207   Thumb Code     0  libinit2.o(.ARM.Collect$$libinit$$00000030)
    __rt_lib_init_fp_1                       0x08000207   Thumb Code     0  libinit2.o(.ARM.Collect$$libinit$$00000002)
    __rt_lib_init_fp_trap_1                  0x08000207   Thumb Code     0  libinit2.o(.ARM.Collect$$libinit$$0000001F)
    __rt_lib_init_getenv_1                   0x08000207   Thumb Code     0  libinit2.o(.ARM.Collect$$libinit$$00000023)
    __rt_lib_init_heap_1                     0x08000207   Thumb Code     0  libinit2.o(.ARM.Collect$$libinit$$0000000A)
    __rt_lib_init_lc_collate_1               0x08000207   Thumb Code     0  libinit2.o(.ARM.Collect$$libinit$$00000011)
    __rt_lib_init_lc_ctype_1                 0x08000207   Thumb Code     0  libinit2.o(.ARM.Collect$$libinit$$00000013)
    __rt_lib_init_lc_monetary_1              0x08000207   Thumb Code     0  libinit2.o(.ARM.Collect$$libinit$$00000015)
    __rt_lib_init_lc_numeric_1               0x08000207   Thumb Code     0  libinit2.o(.ARM.Collect$$libinit$$00000017)
    __rt_lib_init_lc_time_1                  0x08000207   Thumb Code     0  libinit2.o(.ARM.Collect$$libinit$$00000019)
    __rt_lib_init_preinit_1                  0x08000207   Thumb Code     0  libinit2.o(.ARM.Collect$$libinit$$00000004)
    __rt_lib_init_rand_1                     0x08000207   Thumb Code     0  libinit2.o(.ARM.Collect$$libinit$$0000000E)
    __rt_lib_init_return                     0x08000207   Thumb Code     0  libinit2.o(.ARM.Collect$$libinit$$00000033)
    __rt_lib_init_signal_1                   0x08000207   Thumb Code     0  libinit2.o(.ARM.Collect$$libinit$$0000001D)
    __rt_lib_init_stdio_1                    0x08000207   Thumb Code     0  libinit2.o(.ARM.Collect$$libinit$$00000025)
    __rt_lib_init_user_alloc_1               0x08000207   Thumb Code     0  libinit2.o(.ARM.Collect$$libinit$$0000000C)
    __rt_lib_shutdown                        0x08000209   Thumb Code     0  libshutdown.o(.ARM.Collect$$libshutdown$$00000000)
    __rt_lib_shutdown_cpp_1                  0x0800020b   Thumb Code     0  libshutdown2.o(.ARM.Collect$$libshutdown$$00000002)
    __rt_lib_shutdown_fp_trap_1              0x0800020b   Thumb Code     0  libshutdown2.o(.ARM.Collect$$libshutdown$$00000007)
    __rt_lib_shutdown_heap_1                 0x0800020b   Thumb Code     0  libshutdown2.o(.ARM.Collect$$libshutdown$$0000000F)
    __rt_lib_shutdown_return                 0x0800020b   Thumb Code     0  libshutdown2.o(.ARM.Collect$$libshutdown$$00000010)
    __rt_lib_shutdown_signal_1               0x0800020b   Thumb Code     0  libshutdown2.o(.ARM.Collect$$libshutdown$$0000000A)
    __rt_lib_shutdown_stdio_1                0x0800020b   Thumb Code     0  libshutdown2.o(.ARM.Collect$$libshutdown$$00000004)
    __rt_lib_shutdown_user_alloc_1           0x0800020b   Thumb Code     0  libshutdown2.o(.ARM.Collect$$libshutdown$$0000000C)
    __rt_entry                               0x0800020d   Thumb Code     0  __rtentry.o(.ARM.Collect$$rtentry$$00000000)
    __rt_entry_presh_1                       0x0800020d   Thumb Code     0  __rtentry2.o(.ARM.Collect$$rtentry$$00000002)
    __rt_entry_sh                            0x0800020d   Thumb Code     0  __rtentry4.o(.ARM.Collect$$rtentry$$00000004)
    __rt_entry_postsh_1                      0x08000213   Thumb Code     0  __rtentry2.o(.ARM.Collect$$rtentry$$00000008)
    __rt_entry_li                            0x0800021b   Thumb Code     0  __rtentry2.o(.ARM.Collect$$rtentry$$0000000A)
    __rt_entry_main                          0x0800021f   Thumb Code     0  __rtentry2.o(.ARM.Collect$$rtentry$$0000000D)
    __rt_entry_postli_1                      0x0800021f   Thumb Code     0  __rtentry2.o(.ARM.Collect$$rtentry$$0000000C)
    __rt_exit                                0x08000227   Thumb Code     0  rtexit.o(.ARM.Collect$$rtexit$$00000000)
    __rt_exit_ls                             0x08000229   Thumb Code     0  rtexit2.o(.ARM.Collect$$rtexit$$00000003)
    __rt_exit_prels_1                        0x08000229   Thumb Code     0  rtexit2.o(.ARM.Collect$$rtexit$$00000002)
    __rt_exit_exit                           0x0800022d   Thumb Code     0  rtexit2.o(.ARM.Collect$$rtexit$$00000004)
    Reset_Handler                            0x08000235   Thumb Code     8  startup_stm32f10x_cl.o(.text)
    NMI_Handler                              0x0800023d   Thumb Code     2  startup_stm32f10x_cl.o(.text)
    HardFault_Handler                        0x0800023f   Thumb Code     2  startup_stm32f10x_cl.o(.text)
    MemManage_Handler                        0x08000241   Thumb Code     2  startup_stm32f10x_cl.o(.text)
    BusFault_Handler                         0x08000243   Thumb Code     2  startup_stm32f10x_cl.o(.text)
    UsageFault_Handler                       0x08000245   Thumb Code     2  startup_stm32f10x_cl.o(.text)
    DebugMon_Handler                         0x08000249   Thumb Code     2  startup_stm32f10x_cl.o(.text)
    ADC1_2_IRQHandler                        0x0800024f   Thumb Code     0  startup_stm32f10x_cl.o(.text)
    CAN1_RX0_IRQHandler                      0x0800024f   Thumb Code     0  startup_stm32f10x_cl.o(.text)
    CAN1_RX1_IRQHandler                      0x0800024f   Thumb Code     0  startup_stm32f10x_cl.o(.text)
    CAN1_SCE_IRQHandler                      0x0800024f   Thumb Code     0  startup_stm32f10x_cl.o(.text)
    CAN1_TX_IRQHandler                       0x0800024f   Thumb Code     0  startup_stm32f10x_cl.o(.text)
    CAN2_RX0_IRQHandler                      0x0800024f   Thumb Code     0  startup_stm32f10x_cl.o(.text)
    CAN2_RX1_IRQHandler                      0x0800024f   Thumb Code     0  startup_stm32f10x_cl.o(.text)
    CAN2_SCE_IRQHandler                      0x0800024f   Thumb Code     0  startup_stm32f10x_cl.o(.text)
    CAN2_TX_IRQHandler                       0x0800024f   Thumb Code     0  startup_stm32f10x_cl.o(.text)
    DMA1_Channel1_IRQHandler                 0x0800024f   Thumb Code     0  startup_stm32f10x_cl.o(.text)
    DMA1_Channel2_IRQHandler                 0x0800024f   Thumb Code     0  startup_stm32f10x_cl.o(.text)
    DMA1_Channel3_IRQHandler                 0x0800024f   Thumb Code     0  startup_stm32f10x_cl.o(.text)
    DMA1_Channel4_IRQHandler                 0x0800024f   Thumb Code     0  startup_stm32f10x_cl.o(.text)
    DMA1_Channel5_IRQHandler                 0x0800024f   Thumb Code     0  startup_stm32f10x_cl.o(.text)
    DMA1_Channel6_IRQHandler                 0x0800024f   Thumb Code     0  startup_stm32f10x_cl.o(.text)
    DMA1_Channel7_IRQHandler                 0x0800024f   Thumb Code     0  startup_stm32f10x_cl.o(.text)
    DMA2_Channel1_IRQHandler                 0x0800024f   Thumb Code     0  startup_stm32f10x_cl.o(.text)
    DMA2_Channel2_IRQHandler                 0x0800024f   Thumb Code     0  startup_stm32f10x_cl.o(.text)
    DMA2_Channel3_IRQHandler                 0x0800024f   Thumb Code     0  startup_stm32f10x_cl.o(.text)
    DMA2_Channel4_IRQHandler                 0x0800024f   Thumb Code     0  startup_stm32f10x_cl.o(.text)
    DMA2_Channel5_IRQHandler                 0x0800024f   Thumb Code     0  startup_stm32f10x_cl.o(.text)
    ETH_IRQHandler                           0x0800024f   Thumb Code     0  startup_stm32f10x_cl.o(.text)
    ETH_WKUP_IRQHandler                      0x0800024f   Thumb Code     0  startup_stm32f10x_cl.o(.text)
    EXTI0_IRQHandler                         0x0800024f   Thumb Code     0  startup_stm32f10x_cl.o(.text)
    EXTI15_10_IRQHandler                     0x0800024f   Thumb Code     0  startup_stm32f10x_cl.o(.text)
    EXTI1_IRQHandler                         0x0800024f   Thumb Code     0  startup_stm32f10x_cl.o(.text)
    EXTI2_IRQHandler                         0x0800024f   Thumb Code     0  startup_stm32f10x_cl.o(.text)
    EXTI3_IRQHandler                         0x0800024f   Thumb Code     0  startup_stm32f10x_cl.o(.text)
    EXTI4_IRQHandler                         0x0800024f   Thumb Code     0  startup_stm32f10x_cl.o(.text)
    EXTI9_5_IRQHandler                       0x0800024f   Thumb Code     0  startup_stm32f10x_cl.o(.text)
    FLASH_IRQHandler                         0x0800024f   Thumb Code     0  startup_stm32f10x_cl.o(.text)
    I2C1_ER_IRQHandler                       0x0800024f   Thumb Code     0  startup_stm32f10x_cl.o(.text)
    I2C1_EV_IRQHandler                       0x0800024f   Thumb Code     0  startup_stm32f10x_cl.o(.text)
    I2C2_ER_IRQHandler                       0x0800024f   Thumb Code     0  startup_stm32f10x_cl.o(.text)
    I2C2_EV_IRQHandler                       0x0800024f   Thumb Code     0  startup_stm32f10x_cl.o(.text)
    OTG_FS_IRQHandler                        0x0800024f   Thumb Code     0  startup_stm32f10x_cl.o(.text)
    OTG_FS_WKUP_IRQHandler                   0x0800024f   Thumb Code     0  startup_stm32f10x_cl.o(.text)
    PVD_IRQHandler                           0x0800024f   Thumb Code     0  startup_stm32f10x_cl.o(.text)
    RCC_IRQHandler                           0x0800024f   Thumb Code     0  startup_stm32f10x_cl.o(.text)
    RTCAlarm_IRQHandler                      0x0800024f   Thumb Code     0  startup_stm32f10x_cl.o(.text)
    RTC_IRQHandler                           0x0800024f   Thumb Code     0  startup_stm32f10x_cl.o(.text)
    SPI1_IRQHandler                          0x0800024f   Thumb Code     0  startup_stm32f10x_cl.o(.text)
    SPI2_IRQHandler                          0x0800024f   Thumb Code     0  startup_stm32f10x_cl.o(.text)
    SPI3_IRQHandler                          0x0800024f   Thumb Code     0  startup_stm32f10x_cl.o(.text)
    TAMPER_IRQHandler                        0x0800024f   Thumb Code     0  startup_stm32f10x_cl.o(.text)
    TIM1_BRK_IRQHandler                      0x0800024f   Thumb Code     0  startup_stm32f10x_cl.o(.text)
    TIM1_CC_IRQHandler                       0x0800024f   Thumb Code     0  startup_stm32f10x_cl.o(.text)
    TIM1_TRG_COM_IRQHandler                  0x0800024f   Thumb Code     0  startup_stm32f10x_cl.o(.text)
    TIM1_UP_IRQHandler                       0x0800024f   Thumb Code     0  startup_stm32f10x_cl.o(.text)
    TIM2_IRQHandler                          0x0800024f   Thumb Code     0  startup_stm32f10x_cl.o(.text)
    TIM3_IRQHandler                          0x0800024f   Thumb Code     0  startup_stm32f10x_cl.o(.text)
    TIM4_IRQHandler                          0x0800024f   Thumb Code     0  startup_stm32f10x_cl.o(.text)
    TIM5_IRQHandler                          0x0800024f   Thumb Code     0  startup_stm32f10x_cl.o(.text)
    TIM6_IRQHandler                          0x0800024f   Thumb Code     0  startup_stm32f10x_cl.o(.text)
    TIM7_IRQHandler                          0x0800024f   Thumb Code     0  startup_stm32f10x_cl.o(.text)
    UART4_IRQHandler                         0x0800024f   Thumb Code     0  startup_stm32f10x_cl.o(.text)
    UART5_IRQHandler                         0x0800024f   Thumb Code     0  startup_stm32f10x_cl.o(.text)
    USART1_IRQHandler                        0x0800024f   Thumb Code     0  startup_stm32f10x_cl.o(.text)
    USART2_IRQHandler                        0x0800024f   Thumb Code     0  startup_stm32f10x_cl.o(.text)
    USART3_IRQHandler                        0x0800024f   Thumb Code     0  startup_stm32f10x_cl.o(.text)
    WWDG_IRQHandler                          0x0800024f   Thumb Code     0  startup_stm32f10x_cl.o(.text)
    __user_initial_stackheap                 0x08000251   Thumb Code     0  startup_stm32f10x_cl.o(.text)
    SVC_Handler                              0x08000275   Thumb Code   108  irq_cm3.o(.text)
    PendSV_Handler                           0x080002e1   Thumb Code    16  irq_cm3.o(.text)
    SysTick_Handler                          0x080002f1   Thumb Code    16  irq_cm3.o(.text)
    strlen                                   0x08000309   Thumb Code    62  strlen.o(.text)
    __aeabi_memcpy                           0x08000347   Thumb Code     0  rt_memcpy_v6.o(.text)
    __rt_memcpy                              0x08000347   Thumb Code   138  rt_memcpy_v6.o(.text)
    _memcpy_lastbytes                        0x080003ad   Thumb Code     0  rt_memcpy_v6.o(.text)
    __aeabi_memcpy4                          0x080003d1   Thumb Code     0  rt_memcpy_w.o(.text)
    __aeabi_memcpy8                          0x080003d1   Thumb Code     0  rt_memcpy_w.o(.text)
    __rt_memcpy_w                            0x080003d1   Thumb Code   100  rt_memcpy_w.o(.text)
    _memcpy_lastbytes_aligned                0x08000419   Thumb Code     0  rt_memcpy_w.o(.text)
    __aeabi_memclr                           0x08000435   Thumb Code     0  rt_memclr.o(.text)
    __rt_memclr                              0x08000435   Thumb Code    68  rt_memclr.o(.text)
    _memset                                  0x08000439   Thumb Code     0  rt_memclr.o(.text)
    __aeabi_memclr4                          0x08000479   Thumb Code     0  rt_memclr_w.o(.text)
    __aeabi_memclr8                          0x08000479   Thumb Code     0  rt_memclr_w.o(.text)
    __rt_memclr_w                            0x08000479   Thumb Code    78  rt_memclr_w.o(.text)
    _memset_w                                0x0800047d   Thumb Code     0  rt_memclr_w.o(.text)
    __use_two_region_memory                  0x080004c7   Thumb Code     2  heapauxi.o(.text)
    __rt_heap_escrow$2region                 0x080004c9   Thumb Code     2  heapauxi.o(.text)
    __rt_heap_expand$2region                 0x080004cb   Thumb Code     2  heapauxi.o(.text)
    __user_setup_stackheap                   0x080004cd   Thumb Code    74  sys_stackheap_outer.o(.text)
    exit                                     0x08000517   Thumb Code    18  exit.o(.text)
    __user_libspace                          0x08000529   Thumb Code     8  libspace.o(.text)
    __user_perproc_libspace                  0x08000529   Thumb Code     0  libspace.o(.text)
    _sys_exit                                0x08000531   Thumb Code     8  sys_exit.o(.text)
    __I$use$semihosting                      0x0800053d   Thumb Code     0  use_no_semi.o(.text)
    __use_no_semihosting_swi                 0x0800053d   Thumb Code     2  use_no_semi.o(.text)
    __semihosting_library_function           0x0800053f   Thumb Code     0  indicate_semi.o(.text)
    OS_Tick_AcknowledgeIRQ                   0x080005f5   Thumb Code    12  os_systick.o(.text.OS_Tick_AcknowledgeIRQ)
    OS_Tick_Enable                           0x08000601   Thumb Code    44  os_systick.o(.text.OS_Tick_Enable)
    OS_Tick_GetIRQn                          0x0800062d   Thumb Code     6  os_systick.o(.text.OS_Tick_GetIRQn)
    OS_Tick_Setup                            0x08000635   Thumb Code    64  os_systick.o(.text.OS_Tick_Setup)
    osDelay                                  0x0800072d   Thumb Code    36  rtx_delay.o(.text.osDelay)
    osKernelGetState                         0x08000751   Thumb Code    48  rtx_kernel.o(.text.osKernelGetState)
    osKernelInitialize                       0x08000781   Thumb Code    44  rtx_kernel.o(.text.osKernelInitialize)
    osKernelStart                            0x080007ad   Thumb Code    36  rtx_kernel.o(.text.osKernelStart)
    osMessageQueueGet                        0x080007d1   Thumb Code   108  rtx_msgqueue.o(.text.osMessageQueueGet)
    osMessageQueueNew                        0x0800083d   Thumb Code    36  rtx_msgqueue.o(.text.osMessageQueueNew)
    osMessageQueuePut                        0x08000861   Thumb Code   120  rtx_msgqueue.o(.text.osMessageQueuePut)
    osMutexAcquire                           0x080008d9   Thumb Code    36  rtx_mutex.o(.text.osMutexAcquire)
    osMutexDelete                            0x080008fd   Thumb Code    36  rtx_mutex.o(.text.osMutexDelete)
    osMutexNew                               0x08000921   Thumb Code    36  rtx_mutex.o(.text.osMutexNew)
    osMutexRelease                           0x08000945   Thumb Code    36  rtx_mutex.o(.text.osMutexRelease)
    osRtxKernelPreInit                       0x08000969   Thumb Code     2  rtx_kernel.o(.text.osRtxKernelPreInit)
    osRtxMemoryAlloc                         0x0800096b   Thumb Code   112  rtx_memory.o(.text.osRtxMemoryAlloc)
    osRtxMemoryFree                          0x080009db   Thumb Code    70  rtx_memory.o(.text.osRtxMemoryFree)
    osRtxMemoryInit                          0x08000a21   Thumb Code    60  rtx_memory.o(.text.osRtxMemoryInit)
    osRtxMemoryPoolAlloc                     0x08000a5d   Thumb Code    58  rtx_mempool.o(.text.osRtxMemoryPoolAlloc)
    osRtxMemoryPoolFree                      0x08000a97   Thumb Code    74  rtx_mempool.o(.text.osRtxMemoryPoolFree)
    osRtxMemoryPoolInit                      0x08000ae1   Thumb Code    54  rtx_mempool.o(.text.osRtxMemoryPoolInit)
    osRtxMutexOwnerRelease                   0x08000bd1   Thumb Code    72  rtx_mutex.o(.text.osRtxMutexOwnerRelease)
    osRtxMutexOwnerRestore                   0x08000c19   Thumb Code    66  rtx_mutex.o(.text.osRtxMutexOwnerRestore)
    osRtxPendSV_Handler                      0x08000c5d   Thumb Code   140  rtx_system.o(.text.osRtxPendSV_Handler)
    osRtxPostProcess                         0x08000ce9   Thumb Code   116  rtx_system.o(.text.osRtxPostProcess)
    osRtxThreadDelayTick                     0x08000e45   Thumb Code    76  rtx_thread.o(.text.osRtxThreadDelayTick)
    osRtxThreadDispatch                      0x08000e91   Thumb Code    88  rtx_thread.o(.text.osRtxThreadDispatch)
    osRtxThreadListGet                       0x08000f41   Thumb Code    18  rtx_thread.o(.text.osRtxThreadListGet)
    osRtxThreadListPut                       0x08000f53   Thumb Code    44  rtx_thread.o(.text.osRtxThreadListPut)
    osRtxThreadListRemove                    0x08000f7f   Thumb Code    20  rtx_thread.o(.text.osRtxThreadListRemove)
    osRtxThreadListSort                      0x08000f9f   Thumb Code    38  rtx_thread.o(.text.osRtxThreadListSort)
    osRtxThreadReadyPut                      0x08000fed   Thumb Code    20  rtx_thread.o(.text.osRtxThreadReadyPut)
    osRtxThreadRegPtr                        0x08001001   Thumb Code     6  rtx_thread.o(.text.osRtxThreadRegPtr)
    osRtxThreadStackCheck                    0x08001009   Thumb Code    40  rtx_thread.o(.text.osRtxThreadStackCheck)
    osRtxThreadStartup                       0x08001031   Thumb Code    64  rtx_thread.o(.text.osRtxThreadStartup)
    osRtxThreadSwitch                        0x08001071   Thumb Code    16  rtx_thread.o(.text.osRtxThreadSwitch)
    osRtxThreadWaitEnter                     0x08001081   Thumb Code    56  rtx_thread.o(.text.osRtxThreadWaitEnter)
    osRtxThreadWaitExit                      0x080010b9   Thumb Code    36  rtx_thread.o(.text.osRtxThreadWaitExit)
    osRtxTick_Handler                        0x080010dd   Thumb Code   112  rtx_system.o(.text.osRtxTick_Handler)
    osRtxTimerThread                         0x0800114d   Thumb Code    60  rtx_timer.o(.text.osRtxTimerThread)
    osThreadExit                             0x080011dd   Thumb Code    12  rtx_thread.o(.text.osThreadExit)
    osThreadNew                              0x080011e9   Thumb Code    36  rtx_thread.o(.text.osThreadNew)
    osThreadYield                            0x0800120d   Thumb Code    36  rtx_thread.o(.text.osThreadYield)
    GPIO_Init                                0x08001bc9   Thumb Code   278  stm32f10x_gpio.o(i.GPIO_Init)
    GPIO_WriteBit                            0x08001cdf   Thumb Code    10  stm32f10x_gpio.o(i.GPIO_WriteBit)
    RCC_APB1PeriphClockCmd                   0x08001ce9   Thumb Code    26  stm32f10x_rcc.o(i.RCC_APB1PeriphClockCmd)
    RCC_APB1PeriphResetCmd                   0x08001d09   Thumb Code    26  stm32f10x_rcc.o(i.RCC_APB1PeriphResetCmd)
    RCC_APB2PeriphClockCmd                   0x08001d29   Thumb Code    26  stm32f10x_rcc.o(i.RCC_APB2PeriphClockCmd)
    RCC_APB2PeriphResetCmd                   0x08001d49   Thumb Code    26  stm32f10x_rcc.o(i.RCC_APB2PeriphResetCmd)
    RCC_GetClocksFreq                        0x08001d69   Thumb Code   374  stm32f10x_rcc.o(i.RCC_GetClocksFreq)
    SvVis3_init                              0x08002019   Thumb Code    90  svvis_cortex.o(i.SvVis3_init)
    SvVis3_recv_message                      0x08002081   Thumb Code    22  svvis_cortex.o(i.SvVis3_recv_message)
    SvVis3_send_I16                          0x08002097   Thumb Code    58  svvis_cortex.o(i.SvVis3_send_I16)
    SvVis3_send_I32                          0x080020d1   Thumb Code    54  svvis_cortex.o(i.SvVis3_send_I32)
    SvVis3_send_float                        0x08002107   Thumb Code    56  svvis_cortex.o(i.SvVis3_send_float)
    SvVis3_send_message                      0x0800213f   Thumb Code    22  svvis_cortex.o(i.SvVis3_send_message)
    SvVis3_send_string                       0x08002155   Thumb Code    86  svvis_cortex.o(i.SvVis3_send_string)
    SystemCoreClockUpdate                    0x080021b1   Thumb Code   232  system_stm32f10x.o(i.SystemCoreClockUpdate)
    SystemInit                               0x080022b1   Thumb Code    92  system_stm32f10x.o(i.SystemInit)
    USART_ClockInit                          0x0800231d   Thumb Code    34  stm32f10x_usart.o(i.USART_ClockInit)
    USART_Cmd                                0x0800233f   Thumb Code    24  stm32f10x_usart.o(i.USART_Cmd)
    USART_DeInit                             0x08002359   Thumb Code   134  stm32f10x_usart.o(i.USART_DeInit)
    USART_GetFlagStatus                      0x080023f5   Thumb Code    26  stm32f10x_usart.o(i.USART_GetFlagStatus)
    USART_Init                               0x08002411   Thumb Code   210  stm32f10x_usart.o(i.USART_Init)
    USART_ReceiveData                        0x080024e9   Thumb Code    10  stm32f10x_usart.o(i.USART_ReceiveData)
    USART_SendData                           0x080024f3   Thumb Code     8  stm32f10x_usart.o(i.USART_SendData)
    USART_send_byte                          0x080024fb   Thumb Code    34  svvis_cortex.o(i.USART_send_byte)
    USART_send_bytes                         0x0800251d   Thumb Code    32  svvis_cortex.o(i.USART_send_bytes)
    _mutex_acquire                           0x0800253d   Thumb Code    22  rtx_lib.o(i._mutex_acquire)
    _mutex_free                              0x08002553   Thumb Code    12  rtx_lib.o(i._mutex_free)
    _mutex_initialize                        0x0800255f   Thumb Code    34  rtx_lib.o(i._mutex_initialize)
    _mutex_release                           0x08002581   Thumb Code    18  rtx_lib.o(i._mutex_release)
    _platform_post_stackheap_init            0x08002593   Thumb Code     8  rtx_lib.o(i._platform_post_stackheap_init)
    chid2len                                 0x0800259b   Thumb Code    50  svvis_cortex_threads.o(i.chid2len)
    dil_led_blink                            0x080025cd   Thumb Code    40  svvis_cortex_test.o(i.dil_led_blink)
    dil_led_init                             0x080025f9   Thumb Code    38  svvis_cortex_test.o(i.dil_led_init)
    init_usart                               0x08002625   Thumb Code   274  svvis_cortex.o(i.init_usart)
    main                                     0x08002751   Thumb Code    42  svvis_cortex_test.o(i.main)
    main_thread_func                         0x08002789   Thumb Code   160  svvis_cortex_test.o(i.main_thread_func)
    osRtxErrorNotify                         0x08002875   Thumb Code    32  rtx_config.o(i.osRtxErrorNotify)
    osRtxIdleThread                          0x08002895   Thumb Code     4  rtx_config.o(i.osRtxIdleThread)
    recv_thread                              0x080028b9   Thumb Code   186  svvis_cortex_threads.o(i.recv_thread)
    send_thread                              0x08002973   Thumb Code    46  svvis_cortex_threads.o(i.send_thread)
    usart_thread                             0x080029a1   Thumb Code    52  svvis_cortex_threads.o(i.usart_thread)
    __aeabi_ui2f                             0x080029d5   Thumb Code     0  fflt_clz.o(x$fpl$ffltu)
    _ffltu                                   0x080029d5   Thumb Code    38  fflt_clz.o(x$fpl$ffltu)
    __I$use$fp                               0x080029fa   Number         0  usenofp.o(x$fpl$usenofp)
    osRtxUserSVC                             0x08002a80   Data           4  rtx_lib.o(.constdata)
    irqRtxLib                                0x08002a84   Data           1  irq_cm3.o(.constdata)
    osRtxConfig                              0x08002a88   Data         104  rtx_lib.o(.rodata)
    os_cb_sections                           0x08002af0   Data          56  rtx_lib.o(.rodata)
    Region$$Table$$Base                      0x08002b34   Number         0  anon$$obj.o(Region$$Table)
    Region$$Table$$Limit                     0x08002b54   Number         0  anon$$obj.o(Region$$Table)
    .bss.os.msgqueue.cb$$Base                0x20001040   Number         0  rtx_lib.o(.bss.os.msgqueue.cb)
    .bss.os.msgqueue.cb$$Limit               0x20001074   Number         0  rtx_lib.o(.bss.os.msgqueue.cb)
    .bss.os.thread.cb$$Base                  0x200010c4   Number         0  rtx_lib.o(.bss.os.thread.cb)
    .bss.os.thread.cb$$Limit                 0x2000114c   Number         0  rtx_lib.o(.bss.os.thread.cb)
    main_thread_handle                       0x200012e0   Data           4  svvis_cortex_test.o(.data)
    led_blink_handle                         0x200012e4   Data           4  svvis_cortex_test.o(.data)
    irqRtxLibRef                             0x200012e8   Data           4  rtx_lib.o(.data)
    SystemCoreClock                          0x20001304   Data           4  system_stm32f10x.o(.data)
    AHBPrescTable                            0x20001308   Data          16  system_stm32f10x.o(.data)
    osRtxInfo                                0x20001318   Data         164  rtx_kernel.o(.data.os)
    __libspace_start                         0x200013bc   Data          96  libspace.o(.bss)
    __temporary_stack_top$libspace           0x2000141c   Data           0  libspace.o(.bss)



==============================================================================

Memory Map of the image

  Image Entry point : 0x08000235

  Load Region LR_1 (Base: 0x08000000, Size: 0x00003f10, Max: 0xffffffff, ABSOLUTE, COMPRESSED[0x00002ba0])

    Execution Region ER_RO (Exec base: 0x08000000, Load base: 0x08000000, Size: 0x00002b54, Max: 0xffffffff, ABSOLUTE)

    Exec Addr    Load Addr    Size         Type   Attr      Idx    E Section Name        Object

    0x08000000   0x08000000   0x00000150   Data   RO         1008    RESET               startup_stm32f10x_cl.o
    0x08000150   0x08000150   0x00000008   Code   RO         1543  * !!!main             c_w.l(__main.o)
    0x08000158   0x08000158   0x00000034   Code   RO         1713    !!!scatter          c_w.l(__scatter.o)
    0x0800018c   0x0800018c   0x0000005a   Code   RO         1711    !!dczerorl2         c_w.l(__dczerorl2.o)
    0x080001e6   0x080001e6   0x00000002   PAD
    0x080001e8   0x080001e8   0x0000001c   Code   RO         1715    !!handler_zi        c_w.l(__scatter_zi.o)
    0x08000204   0x08000204   0x00000002   Code   RO         1581    .ARM.Collect$$libinit$$00000000  c_w.l(libinit.o)
    0x08000206   0x08000206   0x00000000   Code   RO         1588    .ARM.Collect$$libinit$$00000002  c_w.l(libinit2.o)
    0x08000206   0x08000206   0x00000000   Code   RO         1590    .ARM.Collect$$libinit$$00000004  c_w.l(libinit2.o)
    0x08000206   0x08000206   0x00000000   Code   RO         1593    .ARM.Collect$$libinit$$0000000A  c_w.l(libinit2.o)
    0x08000206   0x08000206   0x00000000   Code   RO         1595    .ARM.Collect$$libinit$$0000000C  c_w.l(libinit2.o)
    0x08000206   0x08000206   0x00000000   Code   RO         1597    .ARM.Collect$$libinit$$0000000E  c_w.l(libinit2.o)
    0x08000206   0x08000206   0x00000000   Code   RO         1600    .ARM.Collect$$libinit$$00000011  c_w.l(libinit2.o)
    0x08000206   0x08000206   0x00000000   Code   RO         1602    .ARM.Collect$$libinit$$00000013  c_w.l(libinit2.o)
    0x08000206   0x08000206   0x00000000   Code   RO         1604    .ARM.Collect$$libinit$$00000015  c_w.l(libinit2.o)
    0x08000206   0x08000206   0x00000000   Code   RO         1606    .ARM.Collect$$libinit$$00000017  c_w.l(libinit2.o)
    0x08000206   0x08000206   0x00000000   Code   RO         1608    .ARM.Collect$$libinit$$00000019  c_w.l(libinit2.o)
    0x08000206   0x08000206   0x00000000   Code   RO         1610    .ARM.Collect$$libinit$$0000001B  c_w.l(libinit2.o)
    0x08000206   0x08000206   0x00000000   Code   RO         1612    .ARM.Collect$$libinit$$0000001D  c_w.l(libinit2.o)
    0x08000206   0x08000206   0x00000000   Code   RO         1614    .ARM.Collect$$libinit$$0000001F  c_w.l(libinit2.o)
    0x08000206   0x08000206   0x00000000   Code   RO         1616    .ARM.Collect$$libinit$$00000021  c_w.l(libinit2.o)
    0x08000206   0x08000206   0x00000000   Code   RO         1618    .ARM.Collect$$libinit$$00000023  c_w.l(libinit2.o)
    0x08000206   0x08000206   0x00000000   Code   RO         1620    .ARM.Collect$$libinit$$00000025  c_w.l(libinit2.o)
    0x08000206   0x08000206   0x00000000   Code   RO         1624    .ARM.Collect$$libinit$$0000002C  c_w.l(libinit2.o)
    0x08000206   0x08000206   0x00000000   Code   RO         1626    .ARM.Collect$$libinit$$0000002E  c_w.l(libinit2.o)
    0x08000206   0x08000206   0x00000000   Code   RO         1628    .ARM.Collect$$libinit$$00000030  c_w.l(libinit2.o)
    0x08000206   0x08000206   0x00000000   Code   RO         1630    .ARM.Collect$$libinit$$00000032  c_w.l(libinit2.o)
    0x08000206   0x08000206   0x00000002   Code   RO         1631    .ARM.Collect$$libinit$$00000033  c_w.l(libinit2.o)
    0x08000208   0x08000208   0x00000002   Code   RO         1651    .ARM.Collect$$libshutdown$$00000000  c_w.l(libshutdown.o)
    0x0800020a   0x0800020a   0x00000000   Code   RO         1664    .ARM.Collect$$libshutdown$$00000002  c_w.l(libshutdown2.o)
    0x0800020a   0x0800020a   0x00000000   Code   RO         1666    .ARM.Collect$$libshutdown$$00000004  c_w.l(libshutdown2.o)
    0x0800020a   0x0800020a   0x00000000   Code   RO         1669    .ARM.Collect$$libshutdown$$00000007  c_w.l(libshutdown2.o)
    0x0800020a   0x0800020a   0x00000000   Code   RO         1672    .ARM.Collect$$libshutdown$$0000000A  c_w.l(libshutdown2.o)
    0x0800020a   0x0800020a   0x00000000   Code   RO         1674    .ARM.Collect$$libshutdown$$0000000C  c_w.l(libshutdown2.o)
    0x0800020a   0x0800020a   0x00000000   Code   RO         1677    .ARM.Collect$$libshutdown$$0000000F  c_w.l(libshutdown2.o)
    0x0800020a   0x0800020a   0x00000002   Code   RO         1678    .ARM.Collect$$libshutdown$$00000010  c_w.l(libshutdown2.o)
    0x0800020c   0x0800020c   0x00000000   Code   RO         1555    .ARM.Collect$$rtentry$$00000000  c_w.l(__rtentry.o)
    0x0800020c   0x0800020c   0x00000000   Code   RO         1560    .ARM.Collect$$rtentry$$00000002  c_w.l(__rtentry2.o)
    0x0800020c   0x0800020c   0x00000006   Code   RO         1572    .ARM.Collect$$rtentry$$00000004  c_w.l(__rtentry4.o)
    0x08000212   0x08000212   0x00000008   Code   RO         1561    .ARM.Collect$$rtentry$$00000008  c_w.l(__rtentry2.o)
    0x0800021a   0x0800021a   0x00000004   Code   RO         1563    .ARM.Collect$$rtentry$$0000000A  c_w.l(__rtentry2.o)
    0x0800021e   0x0800021e   0x00000000   Code   RO         1565    .ARM.Collect$$rtentry$$0000000C  c_w.l(__rtentry2.o)
    0x0800021e   0x0800021e   0x00000008   Code   RO         1566    .ARM.Collect$$rtentry$$0000000D  c_w.l(__rtentry2.o)
    0x08000226   0x08000226   0x00000002   Code   RO         1585    .ARM.Collect$$rtexit$$00000000  c_w.l(rtexit.o)
    0x08000228   0x08000228   0x00000000   Code   RO         1633    .ARM.Collect$$rtexit$$00000002  c_w.l(rtexit2.o)
    0x08000228   0x08000228   0x00000004   Code   RO         1634    .ARM.Collect$$rtexit$$00000003  c_w.l(rtexit2.o)
    0x0800022c   0x0800022c   0x00000006   Code   RO         1635    .ARM.Collect$$rtexit$$00000004  c_w.l(rtexit2.o)
    0x08000232   0x08000232   0x00000002   PAD
    0x08000234   0x08000234   0x00000040   Code   RO         1009  * .text               startup_stm32f10x_cl.o
    0x08000274   0x08000274   0x00000094   Code   RO         1371    .text               RTX_CM3.lib(irq_cm3.o)
    0x08000308   0x08000308   0x0000003e   Code   RO         1531    .text               c_w.l(strlen.o)
    0x08000346   0x08000346   0x0000008a   Code   RO         1533    .text               c_w.l(rt_memcpy_v6.o)
    0x080003d0   0x080003d0   0x00000064   Code   RO         1535    .text               c_w.l(rt_memcpy_w.o)
    0x08000434   0x08000434   0x00000044   Code   RO         1537    .text               c_w.l(rt_memclr.o)
    0x08000478   0x08000478   0x0000004e   Code   RO         1539    .text               c_w.l(rt_memclr_w.o)
    0x080004c6   0x080004c6   0x00000006   Code   RO         1541    .text               c_w.l(heapauxi.o)
    0x080004cc   0x080004cc   0x0000004a   Code   RO         1574    .text               c_w.l(sys_stackheap_outer.o)
    0x08000516   0x08000516   0x00000012   Code   RO         1576    .text               c_w.l(exit.o)
    0x08000528   0x08000528   0x00000008   Code   RO         1582    .text               c_w.l(libspace.o)
    0x08000530   0x08000530   0x0000000c   Code   RO         1643    .text               c_w.l(sys_exit.o)
    0x0800053c   0x0800053c   0x00000002   Code   RO         1654    .text               c_w.l(use_no_semi.o)
    0x0800053e   0x0800053e   0x00000000   Code   RO         1656    .text               c_w.l(indicate_semi.o)
    0x0800053e   0x0800053e   0x00000040   Code   RO         1354    .text.MessageQueueGet  RTX_CM3.lib(rtx_msgqueue.o)
    0x0800057e   0x0800057e   0x00000058   Code   RO         1348    .text.MessageQueuePut  RTX_CM3.lib(rtx_msgqueue.o)
    0x080005d6   0x080005d6   0x0000001c   Code   RO         1346    .text.MessageQueueRemove  RTX_CM3.lib(rtx_msgqueue.o)
    0x080005f2   0x080005f2   0x00000002   PAD
    0x080005f4   0x080005f4   0x0000000c   Code   RO         1506    .text.OS_Tick_AcknowledgeIRQ  RTX_CM3.lib(os_systick.o)
    0x08000600   0x08000600   0x0000002c   Code   RO         1502    .text.OS_Tick_Enable  RTX_CM3.lib(os_systick.o)
    0x0800062c   0x0800062c   0x00000006   Code   RO         1508    .text.OS_Tick_GetIRQn  RTX_CM3.lib(os_systick.o)
    0x08000632   0x08000632   0x00000002   PAD
    0x08000634   0x08000634   0x00000040   Code   RO         1500    .text.OS_Tick_Setup  RTX_CM3.lib(os_systick.o)
    0x08000674   0x08000674   0x0000006e   Code   RO         1207    .text.ThreadFlagsCheck  RTX_CM3.lib(rtx_thread.o)
    0x080006e2   0x080006e2   0x00000002   PAD
    0x080006e4   0x080006e4   0x00000048   Code   RO         1392    .text.TimerInsert   RTX_CM3.lib(rtx_timer.o)
    0x0800072c   0x0800072c   0x00000024   Code   RO         1260    .text.osDelay       RTX_CM3.lib(rtx_delay.o)
    0x08000750   0x08000750   0x00000030   Code   RO         1068    .text.osKernelGetState  RTX_CM3.lib(rtx_kernel.o)
    0x08000780   0x08000780   0x0000002c   Code   RO         1062    .text.osKernelInitialize  RTX_CM3.lib(rtx_kernel.o)
    0x080007ac   0x080007ac   0x00000024   Code   RO         1072    .text.osKernelStart  RTX_CM3.lib(rtx_kernel.o)
    0x080007d0   0x080007d0   0x0000006c   Code   RO         1320    .text.osMessageQueueGet  RTX_CM3.lib(rtx_msgqueue.o)
    0x0800083c   0x0800083c   0x00000024   Code   RO         1314    .text.osMessageQueueNew  RTX_CM3.lib(rtx_msgqueue.o)
    0x08000860   0x08000860   0x00000078   Code   RO         1318    .text.osMessageQueuePut  RTX_CM3.lib(rtx_msgqueue.o)
    0x080008d8   0x080008d8   0x00000024   Code   RO         1285    .text.osMutexAcquire  RTX_CM3.lib(rtx_mutex.o)
    0x080008fc   0x080008fc   0x00000024   Code   RO         1291    .text.osMutexDelete  RTX_CM3.lib(rtx_mutex.o)
    0x08000920   0x08000920   0x00000024   Code   RO         1281    .text.osMutexNew    RTX_CM3.lib(rtx_mutex.o)
    0x08000944   0x08000944   0x00000024   Code   RO         1287    .text.osMutexRelease  RTX_CM3.lib(rtx_mutex.o)
    0x08000968   0x08000968   0x00000002   Code   RO         1060    .text.osRtxKernelPreInit  RTX_CM3.lib(rtx_kernel.o)
    0x0800096a   0x0800096a   0x00000070   Code   RO         1419    .text.osRtxMemoryAlloc  RTX_CM3.lib(rtx_memory.o)
    0x080009da   0x080009da   0x00000046   Code   RO         1421    .text.osRtxMemoryFree  RTX_CM3.lib(rtx_memory.o)
    0x08000a20   0x08000a20   0x0000003c   Code   RO         1417    .text.osRtxMemoryInit  RTX_CM3.lib(rtx_memory.o)
    0x08000a5c   0x08000a5c   0x0000003a   Code   RO         1434    .text.osRtxMemoryPoolAlloc  RTX_CM3.lib(rtx_mempool.o)
    0x08000a96   0x08000a96   0x0000004a   Code   RO         1436    .text.osRtxMemoryPoolFree  RTX_CM3.lib(rtx_mempool.o)
    0x08000ae0   0x08000ae0   0x00000036   Code   RO         1432    .text.osRtxMemoryPoolInit  RTX_CM3.lib(rtx_mempool.o)
    0x08000b16   0x08000b16   0x000000ba   Code   RO         1344    .text.osRtxMessageQueuePostProcess  RTX_CM3.lib(rtx_msgqueue.o)
    0x08000bd0   0x08000bd0   0x00000048   Code   RO         1277    .text.osRtxMutexOwnerRelease  RTX_CM3.lib(rtx_mutex.o)
    0x08000c18   0x08000c18   0x00000042   Code   RO         1279    .text.osRtxMutexOwnerRestore  RTX_CM3.lib(rtx_mutex.o)
    0x08000c5a   0x08000c5a   0x00000002   PAD
    0x08000c5c   0x08000c5c   0x0000008c   Code   RO         1487    .text.osRtxPendSV_Handler  RTX_CM3.lib(rtx_system.o)
    0x08000ce8   0x08000ce8   0x00000074   Code   RO         1489    .text.osRtxPostProcess  RTX_CM3.lib(rtx_system.o)
    0x08000d5c   0x08000d5c   0x00000038   Code   RO         1147    .text.osRtxThreadBlock  RTX_CM3.lib(rtx_thread.o)
    0x08000d94   0x08000d94   0x00000074   Code   RO         1155    .text.osRtxThreadDelayInsert  RTX_CM3.lib(rtx_thread.o)
    0x08000e08   0x08000e08   0x0000003c   Code   RO         1151    .text.osRtxThreadDelayRemove  RTX_CM3.lib(rtx_thread.o)
    0x08000e44   0x08000e44   0x0000004c   Code   RO         1135    .text.osRtxThreadDelayTick  RTX_CM3.lib(rtx_thread.o)
    0x08000e90   0x08000e90   0x00000058   Code   RO         1145    .text.osRtxThreadDispatch  RTX_CM3.lib(rtx_thread.o)
    0x08000ee8   0x08000ee8   0x00000058   Code   RO         1231    .text.osRtxThreadFree  RTX_CM3.lib(rtx_thread.o)
    0x08000f40   0x08000f40   0x00000012   Code   RO         1127    .text.osRtxThreadListGet  RTX_CM3.lib(rtx_thread.o)
    0x08000f52   0x08000f52   0x0000002c   Code   RO         1125    .text.osRtxThreadListPut  RTX_CM3.lib(rtx_thread.o)
    0x08000f7e   0x08000f7e   0x00000014   Code   RO         1131    .text.osRtxThreadListRemove  RTX_CM3.lib(rtx_thread.o)
    0x08000f92   0x08000f92   0x0000000c   Code   RO         1137    .text.osRtxThreadListRoot  RTX_CM3.lib(rtx_thread.o)
    0x08000f9e   0x08000f9e   0x00000026   Code   RO         1129    .text.osRtxThreadListSort  RTX_CM3.lib(rtx_thread.o)
    0x08000fc4   0x08000fc4   0x00000028   Code   RO         1205    .text.osRtxThreadPostProcess  RTX_CM3.lib(rtx_thread.o)
    0x08000fec   0x08000fec   0x00000014   Code   RO         1133    .text.osRtxThreadReadyPut  RTX_CM3.lib(rtx_thread.o)
    0x08001000   0x08001000   0x00000006   Code   RO         1139    .text.osRtxThreadRegPtr  RTX_CM3.lib(rtx_thread.o)
    0x08001006   0x08001006   0x00000002   PAD
    0x08001008   0x08001008   0x00000028   Code   RO         1143    .text.osRtxThreadStackCheck  RTX_CM3.lib(rtx_thread.o)
    0x08001030   0x08001030   0x00000040   Code   RO         1157    .text.osRtxThreadStartup  RTX_CM3.lib(rtx_thread.o)
    0x08001070   0x08001070   0x00000010   Code   RO         1141    .text.osRtxThreadSwitch  RTX_CM3.lib(rtx_thread.o)
    0x08001080   0x08001080   0x00000038   Code   RO         1153    .text.osRtxThreadWaitEnter  RTX_CM3.lib(rtx_thread.o)
    0x080010b8   0x080010b8   0x00000024   Code   RO         1149    .text.osRtxThreadWaitExit  RTX_CM3.lib(rtx_thread.o)
    0x080010dc   0x080010dc   0x00000070   Code   RO         1485    .text.osRtxTick_Handler  RTX_CM3.lib(rtx_system.o)
    0x0800114c   0x0800114c   0x0000003c   Code   RO         1376    .text.osRtxTimerThread  RTX_CM3.lib(rtx_timer.o)
    0x08001188   0x08001188   0x00000054   Code   RO         1378    .text.osRtxTimerTick  RTX_CM3.lib(rtx_timer.o)
    0x080011dc   0x080011dc   0x0000000c   Code   RO         1189    .text.osThreadExit  RTX_CM3.lib(rtx_thread.o)
    0x080011e8   0x080011e8   0x00000024   Code   RO         1161    .text.osThreadNew   RTX_CM3.lib(rtx_thread.o)
    0x0800120c   0x0800120c   0x00000024   Code   RO         1179    .text.osThreadYield  RTX_CM3.lib(rtx_thread.o)
    0x08001230   0x08001230   0x00000014   Code   RO         1264    .text.svcRtxDelay   RTX_CM3.lib(rtx_delay.o)
    0x08001244   0x08001244   0x0000000c   Code   RO         1070    .text.svcRtxKernelGetState  RTX_CM3.lib(rtx_kernel.o)
    0x08001250   0x08001250   0x00000150   Code   RO         1100    .text.svcRtxKernelInitialize  RTX_CM3.lib(rtx_kernel.o)
    0x080013a0   0x080013a0   0x00000088   Code   RO         1102    .text.svcRtxKernelStart  RTX_CM3.lib(rtx_kernel.o)
    0x08001428   0x08001428   0x000000e0   Code   RO         1356    .text.svcRtxMessageQueueGet  RTX_CM3.lib(rtx_msgqueue.o)
    0x08001508   0x08001508   0x00000130   Code   RO         1342    .text.svcRtxMessageQueueNew  RTX_CM3.lib(rtx_msgqueue.o)
    0x08001638   0x08001638   0x000000c0   Code   RO         1352    .text.svcRtxMessageQueuePut  RTX_CM3.lib(rtx_msgqueue.o)
    0x080016f8   0x080016f8   0x00000094   Code   RO         1297    .text.svcRtxMutexAcquire  RTX_CM3.lib(rtx_mutex.o)
    0x0800178c   0x0800178c   0x000000b0   Code   RO         1303    .text.svcRtxMutexDelete  RTX_CM3.lib(rtx_mutex.o)
    0x0800183c   0x0800183c   0x00000068   Code   RO         1293    .text.svcRtxMutexNew  RTX_CM3.lib(rtx_mutex.o)
    0x080018a4   0x080018a4   0x000000b4   Code   RO         1299    .text.svcRtxMutexRelease  RTX_CM3.lib(rtx_mutex.o)
    0x08001958   0x08001958   0x00000068   Code   RO         1235    .text.svcRtxThreadExit  RTX_CM3.lib(rtx_thread.o)
    0x080019c0   0x080019c0   0x000001d0   Code   RO         1159    .text.svcRtxThreadNew  RTX_CM3.lib(rtx_thread.o)
    0x08001b90   0x08001b90   0x00000038   Code   RO         1221    .text.svcRtxThreadYield  RTX_CM3.lib(rtx_thread.o)
    0x08001bc8   0x08001bc8   0x00000116   Code   RO          431    i.GPIO_Init         stm32f10x_gpio.o
    0x08001cde   0x08001cde   0x0000000a   Code   RO          442    i.GPIO_WriteBit     stm32f10x_gpio.o
    0x08001ce8   0x08001ce8   0x00000020   Code   RO          554    i.RCC_APB1PeriphClockCmd  stm32f10x_rcc.o
    0x08001d08   0x08001d08   0x00000020   Code   RO          555    i.RCC_APB1PeriphResetCmd  stm32f10x_rcc.o
    0x08001d28   0x08001d28   0x00000020   Code   RO          556    i.RCC_APB2PeriphClockCmd  stm32f10x_rcc.o
    0x08001d48   0x08001d48   0x00000020   Code   RO          557    i.RCC_APB2PeriphResetCmd  stm32f10x_rcc.o
    0x08001d68   0x08001d68   0x00000190   Code   RO          564    i.RCC_GetClocksFreq  stm32f10x_rcc.o
    0x08001ef8   0x08001ef8   0x00000008   Code   RO         1016    i.SetSysClock       system_stm32f10x.o
    0x08001f00   0x08001f00   0x00000118   Code   RO         1017    i.SetSysClockTo72   system_stm32f10x.o
    0x08002018   0x08002018   0x00000068   Code   RO            5    i.SvVis3_init       svvis_cortex.o
    0x08002080   0x08002080   0x00000016   Code   RO            8    i.SvVis3_recv_message  svvis_cortex.o
    0x08002096   0x08002096   0x0000003a   Code   RO            9    i.SvVis3_send_I16   svvis_cortex.o
    0x080020d0   0x080020d0   0x00000036   Code   RO           10    i.SvVis3_send_I32   svvis_cortex.o
    0x08002106   0x08002106   0x00000038   Code   RO           11    i.SvVis3_send_float  svvis_cortex.o
    0x0800213e   0x0800213e   0x00000016   Code   RO           12    i.SvVis3_send_message  svvis_cortex.o
    0x08002154   0x08002154   0x0000005c   Code   RO           13    i.SvVis3_send_string  svvis_cortex.o
    0x080021b0   0x080021b0   0x00000100   Code   RO         1018    i.SystemCoreClockUpdate  system_stm32f10x.o
    0x080022b0   0x080022b0   0x0000006c   Code   RO         1019    i.SystemInit        system_stm32f10x.o
    0x0800231c   0x0800231c   0x00000022   Code   RO          819    i.USART_ClockInit   stm32f10x_usart.o
    0x0800233e   0x0800233e   0x00000018   Code   RO          821    i.USART_Cmd         stm32f10x_usart.o
    0x08002356   0x08002356   0x00000002   PAD
    0x08002358   0x08002358   0x0000009c   Code   RO          823    i.USART_DeInit      stm32f10x_usart.o
    0x080023f4   0x080023f4   0x0000001a   Code   RO          824    i.USART_GetFlagStatus  stm32f10x_usart.o
    0x0800240e   0x0800240e   0x00000002   PAD
    0x08002410   0x08002410   0x000000d8   Code   RO          828    i.USART_Init        stm32f10x_usart.o
    0x080024e8   0x080024e8   0x0000000a   Code   RO          835    i.USART_ReceiveData  stm32f10x_usart.o
    0x080024f2   0x080024f2   0x00000008   Code   RO          838    i.USART_SendData    stm32f10x_usart.o
    0x080024fa   0x080024fa   0x00000022   Code   RO           14    i.USART_send_byte   svvis_cortex.o
    0x0800251c   0x0800251c   0x00000020   Code   RO           15    i.USART_send_bytes  svvis_cortex.o
    0x0800253c   0x0800253c   0x00000016   Code   RO          254    i._mutex_acquire    rtx_lib.o
    0x08002552   0x08002552   0x0000000c   Code   RO          255    i._mutex_free       rtx_lib.o
    0x0800255e   0x0800255e   0x00000022   Code   RO          256    i._mutex_initialize  rtx_lib.o
    0x08002580   0x08002580   0x00000012   Code   RO          257    i._mutex_release    rtx_lib.o
    0x08002592   0x08002592   0x00000008   Code   RO          258    i._platform_post_stackheap_init  rtx_lib.o
    0x0800259a   0x0800259a   0x00000032   Code   RO          211    i.chid2len          svvis_cortex_threads.o
    0x080025cc   0x080025cc   0x0000002c   Code   RO          163    i.dil_led_blink     svvis_cortex_test.o
    0x080025f8   0x080025f8   0x0000002c   Code   RO          164    i.dil_led_init      svvis_cortex_test.o
    0x08002624   0x08002624   0x0000012c   Code   RO           16    i.init_usart        svvis_cortex.o
    0x08002750   0x08002750   0x00000038   Code   RO          165    i.main              svvis_cortex_test.o
    0x08002788   0x08002788   0x000000ec   Code   RO          166    i.main_thread_func  svvis_cortex_test.o
    0x08002874   0x08002874   0x00000020   Code   RO          343    i.osRtxErrorNotify  rtx_config.o
    0x08002894   0x08002894   0x00000004   Code   RO          344    i.osRtxIdleThread   rtx_config.o
    0x08002898   0x08002898   0x00000020   Code   RO          259    i.os_kernel_is_active  rtx_lib.o
    0x080028b8   0x080028b8   0x000000ba   Code   RO          212    i.recv_thread       svvis_cortex_threads.o
    0x08002972   0x08002972   0x0000002e   Code   RO          213    i.send_thread       svvis_cortex_threads.o
    0x080029a0   0x080029a0   0x00000034   Code   RO          214    i.usart_thread      svvis_cortex_threads.o
    0x080029d4   0x080029d4   0x00000026   Code   RO         1549    x$fpl$ffltu         fz_ws.l(fflt_clz.o)
    0x080029fa   0x080029fa   0x00000000   Code   RO         1558    x$fpl$usenofp       fz_ws.l(usenofp.o)
    0x080029fa   0x080029fa   0x00000002   PAD
    0x080029fc   0x080029fc   0x00000024   Data   RO           17    .constdata          svvis_cortex.o
    0x08002a20   0x08002a20   0x00000064   Data   RO          266    .constdata          rtx_lib.o
    0x08002a84   0x08002a84   0x00000001   Data   RO         1370    .constdata          RTX_CM3.lib(irq_cm3.o)
    0x08002a85   0x08002a85   0x00000003   PAD
    0x08002a88   0x08002a88   0x000000a0   Data   RO          268    .rodata             rtx_lib.o
    0x08002b28   0x08002b28   0x0000000b   Data   RO         1114    .rodata.str1.4      RTX_CM3.lib(rtx_kernel.o)
    0x08002b33   0x08002b33   0x00000001   PAD
    0x08002b34   0x08002b34   0x00000020   Data   RO         1709    Region$$Table       anon$$obj.o


    Execution Region ER_RW (Exec base: 0x20000000, Load base: 0x08002b54, Size: 0x000013bc, Max: 0xffffffff, ABSOLUTE, COMPRESSED[0x0000004c])

    Exec Addr    Load Addr    Size         Type   Attr      Idx    E Section Name        Object

    0x20000000   COMPRESSED   0x00001040   Data   RW          260    .bss.os             rtx_lib.o
    0x20001040   COMPRESSED   0x00000034   Data   RW          262    .bss.os.msgqueue.cb  rtx_lib.o
    0x20001074   COMPRESSED   0x00000050   Data   RW          263    .bss.os.msgqueue.mem  rtx_lib.o
    0x200010c4   COMPRESSED   0x00000088   Data   RW          264    .bss.os.thread.cb   rtx_lib.o
    0x2000114c   COMPRESSED   0x00000004   PAD
    0x20001150   COMPRESSED   0x00000190   Data   RW          265    .bss.os.thread.stack  rtx_lib.o
    0x200012e0   COMPRESSED   0x00000008   Data   RW          167    .data               svvis_cortex_test.o
    0x200012e8   COMPRESSED   0x00000005   Data   RW          267    .data               rtx_lib.o
    0x200012ed   COMPRESSED   0x00000014   Data   RW          592    .data               stm32f10x_rcc.o
    0x20001301   COMPRESSED   0x00000003   PAD
    0x20001304   COMPRESSED   0x00000014   Data   RW         1020    .data               system_stm32f10x.o
    0x20001318   COMPRESSED   0x000000a4   Data   RW         1115    .data.os            RTX_CM3.lib(rtx_kernel.o)


    Execution Region ER_ZI (Exec base: 0x200013bc, Load base: 0x08002ba0, Size: 0x00000c64, Max: 0xffffffff, ABSOLUTE)

    Exec Addr    Load Addr    Size         Type   Attr      Idx    E Section Name        Object

    0x200013bc        -       0x00000060   Zero   RW         1583    .bss                c_w.l(libspace.o)
    0x2000141c        -       0x00000001   Zero   RW         1518    .bss.PendST         RTX_CM3.lib(os_systick.o)
    0x2000141d   0x08002ba0   0x00000003   PAD
    0x20001420        -       0x00000400   Zero   RW         1007    HEAP                startup_stm32f10x_cl.o
    0x20001820        -       0x00000800   Zero   RW         1006    STACK               startup_stm32f10x_cl.o


==============================================================================

Image component sizes


      Code (inc. data)   RO Data    RW Data    ZI Data      Debug   Object Name

        36          6          0          0          0        965   rtx_config.o
       126          4        260       4833          0      15902   rtx_lib.o
        64         26        336          0       3072        812   startup_stm32f10x_cl.o
       288          0          0          0          0       2692   stm32f10x_gpio.o
       528         50          0         20          0       6612   stm32f10x_rcc.o
       474         28          0          0          0       6121   stm32f10x_usart.o
       774         46         36          0          0     264969   svvis_cortex.o
       380        100          0          8          0       3499   svvis_cortex_test.o
       334          0          0          0          0       2550   svvis_cortex_threads.o
       652         56          0         20          0       3037   system_stm32f10x.o

    ----------------------------------------------------------------------
      3660        316        664       4888       3072     307159   Object Totals
         0          0         32          0          0          0   (incl. Generated)
         4          0          0          7          0          0   (incl. Padding)

    ----------------------------------------------------------------------

      Code (inc. data)   RO Data    RW Data    ZI Data      Debug   Library Member Name

       148         10          1          0          0        488   irq_cm3.o
       126         32          0          0          1       3105   os_systick.o
        56          4          0          0          0       2854   rtx_delay.o
       614         48         11        164          0      17231   rtx_kernel.o
       242          0          0          0          0       2478   rtx_memory.o
       186          0          0          0          0      16576   rtx_mempool.o
      1350         28          0          0          0      18694   rtx_msgqueue.o
       890         32          0          0          0      10004   rtx_mutex.o
       368         26          0          0          0       5437   rtx_system.o
      1712        100          0          0          0      32739   rtx_thread.o
       216         20          0          0          0      10445   rtx_timer.o
        90          0          0          0          0          0   __dczerorl2.o
         8          0          0          0          0         68   __main.o
         0          0          0          0          0          0   __rtentry.o
        20          0          0          0          0          0   __rtentry2.o
         6          0          0          0          0          0   __rtentry4.o
        52          8          0          0          0          0   __scatter.o
        28          0          0          0          0          0   __scatter_zi.o
        18          0          0          0          0         80   exit.o
         6          0          0          0          0        152   heapauxi.o
         0          0          0          0          0          0   indicate_semi.o
         2          0          0          0          0          0   libinit.o
         2          0          0          0          0          0   libinit2.o
         2          0          0          0          0          0   libshutdown.o
         2          0          0          0          0          0   libshutdown2.o
         8          4          0          0         96         68   libspace.o
        68          0          0          0          0         68   rt_memclr.o
        78          0          0          0          0         80   rt_memclr_w.o
       138          0          0          0          0         68   rt_memcpy_v6.o
       100          0          0          0          0         80   rt_memcpy_w.o
         2          0          0          0          0          0   rtexit.o
        10          0          0          0          0          0   rtexit2.o
        62          0          0          0          0         76   strlen.o
        12          4          0          0          0         68   sys_exit.o
        74          0          0          0          0         80   sys_stackheap_outer.o
         2          0          0          0          0         68   use_no_semi.o
        38          0          0          0          0         68   fflt_clz.o
         0          0          0          0          0          0   usenofp.o

    ----------------------------------------------------------------------
      6752        316         16        164        100     121075   Library Totals
        16          0          4          0          3          0   (incl. Padding)

    ----------------------------------------------------------------------

      Code (inc. data)   RO Data    RW Data    ZI Data      Debug   Library Name

      5908        300         12        164          1     120051   RTX_CM3.lib
       790         16          0          0         96        956   c_w.l
        38          0          0          0          0         68   fz_ws.l

    ----------------------------------------------------------------------
      6752        316         16        164        100     121075   Library Totals

    ----------------------------------------------------------------------

==============================================================================


      Code (inc. data)   RO Data    RW Data    ZI Data      Debug   

     10412        632        680       5052       3172     425434   Grand Totals
     10412        632        680         76       3172     425434   ELF Image Totals (compressed)
     10412        632        680         76          0          0   ROM Totals

==============================================================================

    Total RO  Size (Code + RO Data)                11092 (  10.83kB)
    Total RW  Size (RW Data + ZI Data)              8224 (   8.03kB)
    Total ROM Size (Code + RO Data + RW Data)      11168 (  10.91kB)

==============================================================================

