Component: ARM Compiler 5.06 update 5 (build 528) Tool: armlink [4d35e2]

==============================================================================

Section Cross References

    svvis_cortex.o(i.SvVis3_apply_msg) refers to fflt_clz.o(x$fpl$fflt) for __aeabi_i2f
    svvis_cortex.o(i.SvVis3_apply_msg) refers to ffix.o(x$fpl$ffix) for __aeabi_f2iz
    svvis_cortex.o(i.SvVis3_init) refers to svvis_cortex.o(i.init_usart) for init_usart
    svvis_cortex.o(i.SvVis3_init) refers to rtx_msgqueue.o(.text.osMessageQueueNew) for osMessageQueueNew
    svvis_cortex.o(i.SvVis3_init) refers to rtx_thread.o(.text.osThreadNew) for osThreadNew
    svvis_cortex.o(i.SvVis3_init) refers to svvis_cortex_threads.o(i.usart_thread) for usart_thread
    svvis_cortex.o(i.SvVis3_init) refers to svvis_cortex_threads.o(i.recv_thread) for recv_thread
    svvis_cortex.o(i.SvVis3_init) refers to svvis_cortex_threads.o(i.send_thread) for send_thread
    svvis_cortex.o(i.SvVis3_message_extract_string) refers to strcpy.o(.text) for strcpy
    svvis_cortex.o(i.SvVis3_message_is_string) refers to strcpy.o(.text) for strcpy
    svvis_cortex.o(i.SvVis3_recv_message) refers to rtx_msgqueue.o(.text.osMessageQueueGet) for osMessageQueueGet
    svvis_cortex.o(i.SvVis3_send_I16) refers to rt_memclr_w.o(.text) for __aeabi_memclr4
    svvis_cortex.o(i.SvVis3_send_I16) refers to svvis_cortex.o(i.SvVis3_send_message) for SvVis3_send_message
    svvis_cortex.o(i.SvVis3_send_I32) refers to rt_memclr_w.o(.text) for __aeabi_memclr4
    svvis_cortex.o(i.SvVis3_send_I32) refers to svvis_cortex.o(i.SvVis3_send_message) for SvVis3_send_message
    svvis_cortex.o(i.SvVis3_send_float) refers to rt_memclr_w.o(.text) for __aeabi_memclr4
    svvis_cortex.o(i.SvVis3_send_float) refers to svvis_cortex.o(i.SvVis3_send_message) for SvVis3_send_message
    svvis_cortex.o(i.SvVis3_send_message) refers to rtx_msgqueue.o(.text.osMessageQueuePut) for osMessageQueuePut
    svvis_cortex.o(i.SvVis3_send_string) refers to strlen.o(.text) for strlen
    svvis_cortex.o(i.SvVis3_send_string) refers to rt_memcpy_w.o(.text) for __aeabi_memcpy4
    svvis_cortex.o(i.SvVis3_send_string) refers to rt_memcpy_v6.o(.text) for __aeabi_memcpy
    svvis_cortex.o(i.SvVis3_send_string) refers to svvis_cortex.o(i.USART_send_byte) for USART_send_byte
    svvis_cortex.o(i.SvVis3_send_string) refers to svvis_cortex.o(i.SvVis3_send_message) for SvVis3_send_message
    svvis_cortex.o(i.SvVis3_send_string) refers to svvis_cortex.o(.constdata) for .constdata
    svvis_cortex.o(i.USART_send_byte) refers to rtx_thread.o(.text.osThreadYield) for osThreadYield
    svvis_cortex.o(i.USART_send_byte) refers to stm32f10x_usart.o(i.USART_GetFlagStatus) for USART_GetFlagStatus
    svvis_cortex.o(i.USART_send_byte) refers to stm32f10x_usart.o(i.USART_SendData) for USART_SendData
    svvis_cortex.o(i.USART_send_bytes) refers to svvis_cortex.o(i.USART_send_byte) for USART_send_byte
    svvis_cortex.o(i.init_usart) refers to system_stm32f10x.o(i.SystemCoreClockUpdate) for SystemCoreClockUpdate
    svvis_cortex.o(i.init_usart) refers to stm32f10x_rcc.o(i.RCC_APB2PeriphClockCmd) for RCC_APB2PeriphClockCmd
    svvis_cortex.o(i.init_usart) refers to stm32f10x_gpio.o(i.GPIO_Init) for GPIO_Init
    svvis_cortex.o(i.init_usart) refers to stm32f10x_rcc.o(i.RCC_APB1PeriphClockCmd) for RCC_APB1PeriphClockCmd
    svvis_cortex.o(i.init_usart) refers to stm32f10x_usart.o(i.USART_DeInit) for USART_DeInit
    svvis_cortex.o(i.init_usart) refers to stm32f10x_usart.o(i.USART_ClockInit) for USART_ClockInit
    svvis_cortex.o(i.init_usart) refers to stm32f10x_usart.o(i.USART_Init) for USART_Init
    svvis_cortex.o(i.init_usart) refers to stm32f10x_usart.o(i.USART_Cmd) for USART_Cmd
    svvis_cortex_test.o(i.dil_led_blink) refers to svvis_cortex_test.o(i.dil_led_init) for dil_led_init
    svvis_cortex_test.o(i.dil_led_blink) refers to stm32f10x_gpio.o(i.GPIO_WriteBit) for GPIO_WriteBit
    svvis_cortex_test.o(i.dil_led_blink) refers to rtx_delay.o(.text.osDelay) for osDelay
    svvis_cortex_test.o(i.dil_led_init) refers to stm32f10x_rcc.o(i.RCC_APB2PeriphClockCmd) for RCC_APB2PeriphClockCmd
    svvis_cortex_test.o(i.dil_led_init) refers to stm32f10x_gpio.o(i.GPIO_Init) for GPIO_Init
    svvis_cortex_test.o(i.main) refers to system_stm32f10x.o(i.SystemCoreClockUpdate) for SystemCoreClockUpdate
    svvis_cortex_test.o(i.main) refers to rtx_kernel.o(.text.osKernelInitialize) for osKernelInitialize
    svvis_cortex_test.o(i.main) refers to svvis_cortex.o(i.SvVis3_init) for SvVis3_init
    svvis_cortex_test.o(i.main) refers to rtx_thread.o(.text.osThreadNew) for osThreadNew
    svvis_cortex_test.o(i.main) refers to rtx_kernel.o(.text.osKernelStart) for osKernelStart
    svvis_cortex_test.o(i.main) refers to svvis_cortex_test.o(i.main_thread_func) for main_thread_func
    svvis_cortex_test.o(i.main) refers to svvis_cortex_test.o(.data) for main_thread_handle
[...]
    .ARM.Collect$$libinit$$00000017          0x080001a2   Section        0  libinit2.o(.ARM.Collect$$libinit$$00000017)
    .ARM.Collect$$libinit$$00000019          0x080001a2   Section        0  libinit2.o(.ARM.Collect$$libinit$$00000019)
    .ARM.Collect$$libinit$$0000001B          0x080001a2   Section        0  libinit2.o(.ARM.Collect$$libinit$$0000001B)
    .ARM.Collect$$libinit$$0000001D          0x080001a2   Section        0  libinit2.o(.ARM.Collect$$libinit$$0000001D)
    .ARM.Collect$$libinit$$0000001F          0x080001a2   Section        0  libinit2.o(.ARM.Collect$$libinit$$0000001F)
    .ARM.Collect$$libinit$$00000021          0x080001a2   Section        0  libinit2.o(.ARM.Collect$$libinit$$00000021)
    .ARM.Collect$$libinit$$00000023          0x080001a2   Section        0  libinit2.o(.ARM.Collect$$libinit$$00000023)
    .ARM.Collect$$libinit$$00000025          0x080001a2   Section        0  libinit2.o(.ARM.Collect$$libinit$$00000025)
    .ARM.Collect$$libinit$$0000002C          0x080001a2   Section        0  libinit2.o(.ARM.Collect$$libinit$$0000002C)
    .ARM.Collect$$libinit$$0000002E          0x080001a2   Section        0  libinit2.o(.ARM.Collect$$libinit$$0000002E)
    .ARM.Collect$$libinit$$00000030          0x080001a2   Section        0  libinit2.o(.ARM.Collect$$libinit$$00000030)
    .ARM.Collect$$libinit$$00000032          0x080001a2   Section        0  libinit2.o(.ARM.Collect$$libinit$$00000032)
    .ARM.Collect$$libinit$$00000033          0x080001a2   Section        2  libinit2.o(.ARM.Collect$$libinit$$00000033)
    .ARM.Collect$$libshutdown$$00000000      0x080001a4   Section        2  libshutdown.o(.ARM.Collect$$libshutdown$$00000000)
    .ARM.Collect$$libshutdown$$00000002      0x080001a6   Section        0  libshutdown2.o(.ARM.Collect$$libshutdown$$00000002)
    .ARM.Collect$$libshutdown$$00000004      0x080001a6   Section        0  libshutdown2.o(.ARM.Collect$$libshutdown$$00000004)
    .ARM.Collect$$libshutdown$$00000007      0x080001a6   Section        0  libshutdown2.o(.ARM.Collect$$libshutdown$$00000007)
    .ARM.Collect$$libshutdown$$0000000A      0x080001a6   Section        0  libshutdown2.o(.ARM.Collect$$libshutdown$$0000000A)
    .ARM.Collect$$libshutdown$$0000000C      0x080001a6   Section        0  libshutdown2.o(.ARM.Collect$$libshutdown$$0000000C)
    .ARM.Collect$$libshutdown$$0000000F      0x080001a6   Section        0  libshutdown2.o(.ARM.Collect$$libshutdown$$0000000F)
    .ARM.Collect$$libshutdown$$00000010      0x080001a6   Section        2  libshutdown2.o(.ARM.Collect$$libshutdown$$00000010)
    .ARM.Collect$$rtentry$$00000000          0x080001a8   Section        0  __rtentry.o(.ARM.Collect$$rtentry$$00000000)
    .ARM.Collect$$rtentry$$00000002          0x080001a8   Section        0  __rtentry2.o(.ARM.Collect$$rtentry$$00000002)
    .ARM.Collect$$rtentry$$00000004          0x080001a8   Section        6  __rtentry4.o(.ARM.Collect$$rtentry$$00000004)
    .ARM.Collect$$rtentry$$00000008          0x080001ae   Section        8  __rtentry2.o(.ARM.Collect$$rtentry$$00000008)
    .ARM.Collect$$rtentry$$0000000A          0x080001b6   Section        4  __rtentry2.o(.ARM.Collect$$rtentry$$0000000A)
    .ARM.Collect$$rtentry$$0000000C          0x080001ba   Section        0  __rtentry2.o(.ARM.Collect$$rtentry$$0000000C)
    .ARM.Collect$$rtentry$$0000000D          0x080001ba   Section        8  __rtentry2.o(.ARM.Collect$$rtentry$$0000000D)
    .ARM.Collect$$rtexit$$00000000           0x080001c2   Section        2  rtexit.o(.ARM.Collect$$rtexit$$00000000)
    .ARM.Collect$$rtexit$$00000002           0x080001c4   Section        0  rtexit2.o(.ARM.Collect$$rtexit$$00000002)
    .ARM.Collect$$rtexit$$00000003           0x080001c4   Section        4  rtexit2.o(.ARM.Collect$$rtexit$$00000003)
    .ARM.Collect$$rtexit$$00000004           0x080001c8   Section        6  rtexit2.o(.ARM.Collect$$rtexit$$00000004)
    .text                                    0x080001d0   Section       64  startup_stm32f10x_md.o(.text)
    .text                                    0x08000210   Section      148  irq_cm3.o(.text)
    .text                                    0x080002a4   Section        0  strlen.o(.text)
    .text                                    0x080002e2   Section      138  rt_memcpy_v6.o(.text)
    .text                                    0x0800036c   Section      100  rt_memcpy_w.o(.text)
    .text                                    0x080003d0   Section       68  rt_memclr.o(.text)
    .text                                    0x08000414   Section       78  rt_memclr_w.o(.text)
    .text                                    0x08000462   Section        0  heapauxi.o(.text)
    .text                                    0x08000468   Section       74  sys_stackheap_outer.o(.text)
    .text                                    0x080004b2   Section        0  exit.o(.text)
    .text                                    0x080004c4   Section        8  libspace.o(.text)
    .text                                    0x080004cc   Section        0  sys_exit.o(.text)
    .text                                    0x080004d8   Section        2  use_no_semi.o(.text)
    [Anonymous Symbol]                       0x080004da   Section        0  rtx_msgqueue.o(.text.MessageQueueGet)
    .text                                    0x080004da   Section        0  indicate_semi.o(.text)
    MessageQueueGet                          0x080004db   Thumb Code    64  rtx_msgqueue.o(.text.MessageQueueGet)
    [Anonymous Symbol]                       0x0800051a   Section        0  rtx_msgqueue.o(.text.MessageQueuePut)
    MessageQueuePut                          0x0800051b   Thumb Code    88  rtx_msgqueue.o(.text.MessageQueuePut)
    [Anonymous Symbol]                       0x08000572   Section        0  rtx_msgqueue.o(.text.MessageQueueRemove)
    MessageQueueRemove                       0x08000573   Thumb Code    28  rtx_msgqueue.o(.text.MessageQueueRemove)
    [Anonymous Symbol]                       0x08000590   Section        0  os_systick.o(.text.OS_Tick_AcknowledgeIRQ)
    __arm_cp.3_0                             0x08000598   Number         4  os_systick.o(.text.OS_Tick_AcknowledgeIRQ)
    [Anonymous Symbol]                       0x0800059c   Section        0  os_systick.o(.text.OS_Tick_Enable)
    __arm_cp.1_0                             0x080005bc   Number         4  os_systick.o(.text.OS_Tick_Enable)
    __arm_cp.1_1                             0x080005c0   Number         4  os_systick.o(.text.OS_Tick_Enable)
    __arm_cp.1_2                             0x080005c4   Number         4  os_systick.o(.text.OS_Tick_Enable)
    [Anonymous Symbol]                       0x080005c8   Section        0  os_systick.o(.text.OS_Tick_GetIRQn)
    [Anonymous Symbol]                       0x080005d0   Section        0  os_systick.o(.text.OS_Tick_Setup)
    __arm_cp.0_0                             0x08000600   Number         4  os_systick.o(.text.OS_Tick_Setup)
    __arm_cp.0_1                             0x08000604   Number         4  os_systick.o(.text.OS_Tick_Setup)
    __arm_cp.0_2                             0x08000608   Number         4  os_systick.o(.text.OS_Tick_Setup)
    __arm_cp.0_3                             0x0800060c   Number         4  os_systick.o(.text.OS_Tick_Setup)
    [Anonymous Symbol]                       0x08000610   Section        0  rtx_thread.o(.text.ThreadFlagsCheck)
    ThreadFlagsCheck                         0x08000611   Thumb Code   110  rtx_thread.o(.text.ThreadFlagsCheck)
    [Anonymous Symbol]                       0x08000680   Section        0  rtx_timer.o(.text.TimerInsert)
    TimerInsert                              0x08000681   Thumb Code    72  rtx_timer.o(.text.TimerInsert)
    __arm_cp.8_0                             0x080006c4   Number         4  rtx_timer.o(.text.TimerInsert)
    [Anonymous Symbol]                       0x080006c8   Section        0  rtx_delay.o(.text.osDelay)
    __arm_cp.0_0                             0x080006e8   Number         4  rtx_delay.o(.text.osDelay)
    [Anonymous Symbol]                       0x080006ec   Section        0  rtx_kernel.o(.text.osKernelGetState)
    __arm_cp.4_0                             0x08000714   Number         4  rtx_kernel.o(.text.osKernelGetState)
    __arm_cp.4_1                             0x08000718   Number         4  rtx_kernel.o(.text.osKernelGetState)
    [Anonymous Symbol]                       0x0800071c   Section        0  rtx_kernel.o(.text.osKernelInitialize)
    __arm_cp.1_0                             0x08000744   Number         4  rtx_kernel.o(.text.osKernelInitialize)
    [Anonymous Symbol]                       0x08000748   Section        0  rtx_kernel.o(.text.osKernelStart)
    __arm_cp.6_0                             0x08000768   Number         4  rtx_kernel.o(.text.osKernelStart)
    [Anonymous Symbol]                       0x0800076c   Section        0  rtx_msgqueue.o(.text.osMessageQueueGet)
    __arm_cp.3_0                             0x080007d4   Number         4  rtx_msgqueue.o(.text.osMessageQueueGet)
    [Anonymous Symbol]                       0x080007d8   Section        0  rtx_msgqueue.o(.text.osMessageQueueNew)
    __arm_cp.0_0                             0x080007f8   Number         4  rtx_msgqueue.o(.text.osMessageQueueNew)
    [Anonymous Symbol]                       0x080007fc   Section        0  rtx_msgqueue.o(.text.osMessageQueuePut)
    __arm_cp.2_0                             0x08000870   Number         4  rtx_msgqueue.o(.text.osMessageQueuePut)
    [Anonymous Symbol]                       0x08000874   Section        0  rtx_mutex.o(.text.osMutexAcquire)
    __arm_cp.4_0                             0x08000894   Number         4  rtx_mutex.o(.text.osMutexAcquire)
    [Anonymous Symbol]                       0x08000898   Section        0  rtx_mutex.o(.text.osMutexDelete)
    __arm_cp.7_0                             0x080008b8   Number         4  rtx_mutex.o(.text.osMutexDelete)
    [Anonymous Symbol]                       0x080008bc   Section        0  rtx_mutex.o(.text.osMutexNew)
    __arm_cp.2_0                             0x080008dc   Number         4  rtx_mutex.o(.text.osMutexNew)
    [Anonymous Symbol]                       0x080008e0   Section        0  rtx_mutex.o(.text.osMutexRelease)
    __arm_cp.5_0                             0x08000900   Number         4  rtx_mutex.o(.text.osMutexRelease)
    [Anonymous Symbol]                       0x08000904   Section        0  rtx_kernel.o(.text.osRtxKernelPreInit)
    [Anonymous Symbol]                       0x08000906   Section        0  rtx_memory.o(.text.osRtxMemoryAlloc)
    [Anonymous Symbol]                       0x08000976   Section        0  rtx_memory.o(.text.osRtxMemoryFree)
    [Anonymous Symbol]                       0x080009bc   Section        0  rtx_memory.o(.text.osRtxMemoryInit)
    [Anonymous Symbol]                       0x080009f8   Section        0  rtx_mempool.o(.text.osRtxMemoryPoolAlloc)
    [Anonymous Symbol]                       0x08000a32   Section        0  rtx_mempool.o(.text.osRtxMemoryPoolFree)
    [Anonymous Symbol]                       0x08000a7c   Section        0  rtx_mempool.o(.text.osRtxMemoryPoolInit)
    [Anonymous Symbol]                       0x08000ab2   Section        0  rtx_msgqueue.o(.text.osRtxMessageQueuePostProcess)
    osRtxMessageQueuePostProcess             0x08000ab3   Thumb Code   186  rtx_msgqueue.o(.text.osRtxMessageQueuePostProcess)
    [Anonymous Symbol]                       0x08000b6c   Section        0  rtx_mutex.o(.text.osRtxMutexOwnerRelease)
    [Anonymous Symbol]                       0x08000bb4   Section        0  rtx_mutex.o(.text.osRtxMutexOwnerRestore)
    [Anonymous Symbol]                       0x08000bf8   Section        0  rtx_system.o(.text.osRtxPendSV_Handler)
    __arm_cp.1_0                             0x08000c80   Number         4  rtx_system.o(.text.osRtxPendSV_Handler)
    [Anonymous Symbol]                       0x08000c84   Section        0  rtx_system.o(.text.osRtxPostProcess)
    __arm_cp.2_0                             0x08000cf0   Number         4  rtx_system.o(.text.osRtxPostProcess)
    __arm_cp.2_1                             0x08000cf4   Number         4  rtx_system.o(.text.osRtxPostProcess)
    [Anonymous Symbol]                       0x08000cf8   Section        0  rtx_thread.o(.text.osRtxThreadBlock)
    osRtxThreadBlock                         0x08000cf9   Thumb Code    56  rtx_thread.o(.text.osRtxThreadBlock)
    __arm_cp.11_0                            0x08000d2c   Number         4  rtx_thread.o(.text.osRtxThreadBlock)
    [Anonymous Symbol]                       0x08000d30   Section        0  rtx_thread.o(.text.osRtxThreadDelayInsert)
    osRtxThreadDelayInsert                   0x08000d31   Thumb Code   116  rtx_thread.o(.text.osRtxThreadDelayInsert)
    __arm_cp.15_0                            0x08000da0   Number         4  rtx_thread.o(.text.osRtxThreadDelayInsert)
    [Anonymous Symbol]                       0x08000da4   Section        0  rtx_thread.o(.text.osRtxThreadDelayRemove)
    osRtxThreadDelayRemove                   0x08000da5   Thumb Code    60  rtx_thread.o(.text.osRtxThreadDelayRemove)
    __arm_cp.13_0                            0x08000ddc   Number         4  rtx_thread.o(.text.osRtxThreadDelayRemove)
    [Anonymous Symbol]                       0x08000de0   Section        0  rtx_thread.o(.text.osRtxThreadDelayTick)
    __arm_cp.5_0                             0x08000e28   Number         4  rtx_thread.o(.text.osRtxThreadDelayTick)
    [Anonymous Symbol]                       0x08000e2c   Section        0  rtx_thread.o(.text.osRtxThreadDispatch)
    __arm_cp.10_0                            0x08000e80   Number         4  rtx_thread.o(.text.osRtxThreadDispatch)
    [Anonymous Symbol]                       0x08000e84   Section        0  rtx_thread.o(.text.osRtxThreadFree)
    osRtxThreadFree                          0x08000e85   Thumb Code    88  rtx_thread.o(.text.osRtxThreadFree)
    __arm_cp.53_0                            0x08000ed8   Number         4  rtx_thread.o(.text.osRtxThreadFree)
    [Anonymous Symbol]                       0x08000edc   Section        0  rtx_thread.o(.text.osRtxThreadListGet)
    [Anonymous Symbol]                       0x08000eee   Section        0  rtx_thread.o(.text.osRtxThreadListPut)
    [Anonymous Symbol]                       0x08000f1a   Section        0  rtx_thread.o(.text.osRtxThreadListRemove)
    [Anonymous Symbol]                       0x08000f2e   Section        0  rtx_thread.o(.text.osRtxThreadListRoot)
    osRtxThreadListRoot                      0x08000f2f   Thumb Code    12  rtx_thread.o(.text.osRtxThreadListRoot)
    [Anonymous Symbol]                       0x08000f3a   Section        0  rtx_thread.o(.text.osRtxThreadListSort)
    [Anonymous Symbol]                       0x08000f60   Section        0  rtx_thread.o(.text.osRtxThreadPostProcess)
    osRtxThreadPostProcess                   0x08000f61   Thumb Code    40  rtx_thread.o(.text.osRtxThreadPostProcess)
    [Anonymous Symbol]                       0x08000f88   Section        0  rtx_thread.o(.text.osRtxThreadReadyPut)
    __arm_cp.4_0                             0x08000f98   Number         4  rtx_thread.o(.text.osRtxThreadReadyPut)
    [Anonymous Symbol]                       0x08000f9c   Section        0  rtx_thread.o(.text.osRtxThreadRegPtr)
    [Anonymous Symbol]                       0x08000fa4   Section        0  rtx_thread.o(.text.osRtxThreadStackCheck)
    __arm_cp.9_0                             0x08000fc4   Number         4  rtx_thread.o(.text.osRtxThreadStackCheck)
    __arm_cp.9_1                             0x08000fc8   Number         4  rtx_thread.o(.text.osRtxThreadStackCheck)
    [Anonymous Symbol]                       0x08000fcc   Section        0  rtx_thread.o(.text.osRtxThreadStartup)
    __arm_cp.16_0                            0x08000ffc   Number         4  rtx_thread.o(.text.osRtxThreadStartup)
    __arm_cp.16_1                            0x08001000   Number         4  rtx_thread.o(.text.osRtxThreadStartup)
    __arm_cp.16_2                            0x08001004   Number         4  rtx_thread.o(.text.osRtxThreadStartup)
    __arm_cp.16_3                            0x08001008   Number         4  rtx_thread.o(.text.osRtxThreadStartup)
    [Anonymous Symbol]                       0x0800100c   Section        0  rtx_thread.o(.text.osRtxThreadSwitch)
    __arm_cp.8_0                             0x08001018   Number         4  rtx_thread.o(.text.osRtxThreadSwitch)
    [Anonymous Symbol]                       0x0800101c   Section        0  rtx_thread.o(.text.osRtxThreadWaitEnter)
    __arm_cp.14_0                            0x08001050   Number         4  rtx_thread.o(.text.osRtxThreadWaitEnter)
    [Anonymous Symbol]                       0x08001054   Section        0  rtx_thread.o(.text.osRtxThreadWaitExit)
    [Anonymous Symbol]                       0x08001078   Section        0  rtx_system.o(.text.osRtxTick_Handler)
    __arm_cp.0_0                             0x080010e4   Number         4  rtx_system.o(.text.osRtxTick_Handler)
    [Anonymous Symbol]                       0x080010e8   Section        0  rtx_timer.o(.text.osRtxTimerThread)
    __arm_cp.0_0                             0x08001118   Number         4  rtx_timer.o(.text.osRtxTimerThread)
    __arm_cp.0_1                             0x0800111c   Number         4  rtx_timer.o(.text.osRtxTimerThread)
    __arm_cp.0_2                             0x08001120   Number         4  rtx_timer.o(.text.osRtxTimerThread)
    [Anonymous Symbol]                       0x08001124   Section        0  rtx_timer.o(.text.osRtxTimerTick)
    osRtxTimerTick                           0x08001125   Thumb Code    84  rtx_timer.o(.text.osRtxTimerTick)
    __arm_cp.1_0                             0x08001174   Number         4  rtx_timer.o(.text.osRtxTimerTick)
    [Anonymous Symbol]                       0x08001178   Section        0  rtx_thread.o(.text.osThreadExit)
    __arm_cp.32_0                            0x08001180   Number         4  rtx_thread.o(.text.osThreadExit)
    [Anonymous Symbol]                       0x08001184   Section        0  rtx_thread.o(.text.osThreadNew)
    __arm_cp.18_0                            0x080011a4   Number         4  rtx_thread.o(.text.osThreadNew)
    [Anonymous Symbol]                       0x080011a8   Section        0  rtx_thread.o(.text.osThreadYield)
    __arm_cp.27_0                            0x080011c8   Number         4  rtx_thread.o(.text.osThreadYield)
    [Anonymous Symbol]                       0x080011cc   Section        0  rtx_delay.o(.text.svcRtxDelay)
    svcRtxDelay                              0x080011cd   Thumb Code    20  rtx_delay.o(.text.svcRtxDelay)
    [Anonymous Symbol]                       0x080011e0   Section        0  rtx_kernel.o(.text.svcRtxKernelGetState)
    svcRtxKernelGetState                     0x080011e1   Thumb Code    12  rtx_kernel.o(.text.svcRtxKernelGetState)
    __arm_cp.5_0                             0x080011e8   Number         4  rtx_kernel.o(.text.svcRtxKernelGetState)
    [Anonymous Symbol]                       0x080011ec   Section        0  rtx_kernel.o(.text.svcRtxKernelInitialize)
    svcRtxKernelInitialize                   0x080011ed   Thumb Code   336  rtx_kernel.o(.text.svcRtxKernelInitialize)
    __arm_cp.20_0                            0x08001330   Number         4  rtx_kernel.o(.text.svcRtxKernelInitialize)
    __arm_cp.20_1                            0x08001334   Number         4  rtx_kernel.o(.text.svcRtxKernelInitialize)
    __arm_cp.20_2                            0x08001338   Number         4  rtx_kernel.o(.text.svcRtxKernelInitialize)
    [Anonymous Symbol]                       0x0800133c   Section        0  rtx_kernel.o(.text.svcRtxKernelStart)
    svcRtxKernelStart                        0x0800133d   Thumb Code   136  rtx_kernel.o(.text.svcRtxKernelStart)
    __arm_cp.21_0                            0x080013b4   Number         4  rtx_kernel.o(.text.svcRtxKernelStart)
    __arm_cp.21_1                            0x080013b8   Number         4  rtx_kernel.o(.text.svcRtxKernelStart)
    __arm_cp.21_2                            0x080013bc   Number         4  rtx_kernel.o(.text.svcRtxKernelStart)
    __arm_cp.21_3                            0x080013c0   Number         4  rtx_kernel.o(.text.svcRtxKernelStart)
    [Anonymous Symbol]                       0x080013c4   Section        0  rtx_msgqueue.o(.text.svcRtxMessageQueueGet)
    svcRtxMessageQueueGet                    0x080013c5   Thumb Code   224  rtx_msgqueue.o(.text.svcRtxMessageQueueGet)
    __arm_cp.21_0                            0x080014a0   Number         4  rtx_msgqueue.o(.text.svcRtxMessageQueueGet)
    [Anonymous Symbol]                       0x080014a4   Section        0  rtx_msgqueue.o(.text.svcRtxMessageQueueNew)
    svcRtxMessageQueueNew                    0x080014a5   Thumb Code   304  rtx_msgqueue.o(.text.svcRtxMessageQueueNew)
    __arm_cp.14_0                            0x080015cc   Number         4  rtx_msgqueue.o(.text.svcRtxMessageQueueNew)
    __arm_cp.14_1                            0x080015d0   Number         4  rtx_msgqueue.o(.text.svcRtxMessageQueueNew)
    [Anonymous Symbol]                       0x080015d4   Section        0  rtx_msgqueue.o(.text.svcRtxMessageQueuePut)
    svcRtxMessageQueuePut                    0x080015d5   Thumb Code   192  rtx_msgqueue.o(.text.svcRtxMessageQueuePut)
    __arm_cp.19_0                            0x08001690   Number         4  rtx_msgqueue.o(.text.svcRtxMessageQueuePut)
    [Anonymous Symbol]                       0x08001694   Section        0  rtx_mutex.o(.text.svcRtxMutexAcquire)
    svcRtxMutexAcquire                       0x08001695   Thumb Code   148  rtx_mutex.o(.text.svcRtxMutexAcquire)
    __arm_cp.10_0                            0x08001724   Number         4  rtx_mutex.o(.text.svcRtxMutexAcquire)
    [Anonymous Symbol]                       0x08001728   Section        0  rtx_mutex.o(.text.svcRtxMutexDelete)
    svcRtxMutexDelete                        0x08001729   Thumb Code   176  rtx_mutex.o(.text.svcRtxMutexDelete)
    __arm_cp.13_0                            0x080017d4   Number         4  rtx_mutex.o(.text.svcRtxMutexDelete)
    [Anonymous Symbol]                       0x080017d8   Section        0  rtx_mutex.o(.text.svcRtxMutexNew)
    svcRtxMutexNew                           0x080017d9   Thumb Code   104  rtx_mutex.o(.text.svcRtxMutexNew)
    __arm_cp.8_0                             0x0800183c   Number         4  rtx_mutex.o(.text.svcRtxMutexNew)
    [Anonymous Symbol]                       0x08001840   Section        0  rtx_mutex.o(.text.svcRtxMutexRelease)
    svcRtxMutexRelease                       0x08001841   Thumb Code   180  rtx_mutex.o(.text.svcRtxMutexRelease)
    __arm_cp.11_0                            0x080018f0   Number         4  rtx_mutex.o(.text.svcRtxMutexRelease)
    [Anonymous Symbol]                       0x080018f4   Section        0  rtx_thread.o(.text.svcRtxThreadExit)
    svcRtxThreadExit                         0x080018f5   Thumb Code   104  rtx_thread.o(.text.svcRtxThreadExit)
    __arm_cp.55_0                            0x08001958   Number         4  rtx_thread.o(.text.svcRtxThreadExit)
    [Anonymous Symbol]                       0x0800195c   Section        0  rtx_thread.o(.text.svcRtxThreadNew)
    svcRtxThreadNew                          0x0800195d   Thumb Code   464  rtx_thread.o(.text.svcRtxThreadNew)
    __arm_cp.17_0                            0x08001b18   Number         4  rtx_thread.o(.text.svcRtxThreadNew)
    __arm_cp.17_1                            0x08001b1c   Number         4  rtx_thread.o(.text.svcRtxThreadNew)
    __arm_cp.17_2                            0x08001b20   Number         4  rtx_thread.o(.text.svcRtxThreadNew)
    __arm_cp.17_3                            0x08001b24   Number         4  rtx_thread.o(.text.svcRtxThreadNew)
    __arm_cp.17_4                            0x08001b28   Number         4  rtx_thread.o(.text.svcRtxThreadNew)
    [Anonymous Symbol]                       0x08001b2c   Section        0  rtx_thread.o(.text.svcRtxThreadYield)
    svcRtxThreadYield                        0x08001b2d   Thumb Code    56  rtx_thread.o(.text.svcRtxThreadYield)
    __arm_cp.48_0                            0x08001b60   Number         4  rtx_thread.o(.text.svcRtxThreadYield)
    i.GPIO_Init                              0x08001b64   Section        0  stm32f10x_gpio.o(i.GPIO_Init)
    i.GPIO_WriteBit                          0x08001c7a   Section        0  stm32f10x_gpio.o(i.GPIO_WriteBit)
    i.RCC_APB1PeriphClockCmd                 0x08001c84   Section        0  stm32f10x_rcc.o(i.RCC_APB1PeriphClockCmd)
    i.RCC_APB1PeriphResetCmd                 0x08001ca4   Section        0  stm32f10x_rcc.o(i.RCC_APB1PeriphResetCmd)
    i.RCC_APB2PeriphClockCmd                 0x08001cc4   Section        0  stm32f10x_rcc.o(i.RCC_APB2PeriphClockCmd)
    i.RCC_APB2PeriphResetCmd                 0x08001ce4   Section        0  stm32f10x_rcc.o(i.RCC_APB2PeriphResetCmd)
    i.RCC_GetClocksFreq                      0x08001d04   Section        0  stm32f10x_rcc.o(i.RCC_GetClocksFreq)
    i.SetSysClock                            0x08001dd8   Section        0  system_stm32f10x.o(i.SetSysClock)
    SetSysClock                              0x08001dd9   Thumb Code     8  system_stm32f10x.o(i.SetSysClock)
    i.SetSysClockTo72                        0x08001de0   Section        0  system_stm32f10x.o(i.SetSysClockTo72)
    SetSysClockTo72                          0x08001de1   Thumb Code   214  system_stm32f10x.o(i.SetSysClockTo72)
    i.SvVis3_init                            0x08001ec0   Section        0  svvis_cortex.o(i.SvVis3_init)
    i.SvVis3_recv_message                    0x08001f28   Section        0  svvis_cortex.o(i.SvVis3_recv_message)
    i.SvVis3_send_I16                        0x08001f3e   Section        0  svvis_cortex.o(i.SvVis3_send_I16)
    i.SvVis3_send_I32                        0x08001f78   Section        0  svvis_cortex.o(i.SvVis3_send_I32)
    i.SvVis3_send_float                      0x08001fae   Section        0  svvis_cortex.o(i.SvVis3_send_float)
    i.SvVis3_send_message                    0x08001fe6   Section        0  svvis_cortex.o(i.SvVis3_send_message)
    i.SvVis3_send_string                     0x08001ffc   Section        0  svvis_cortex.o(i.SvVis3_send_string)
    i.SystemCoreClockUpdate                  0x0800206c   Section        0  system_stm32f10x.o(i.SystemCoreClockUpdate)
    i.SystemInit                             0x08002110   Section        0  system_stm32f10x.o(i.SystemInit)
    i.USART_ClockInit                        0x08002170   Section        0  stm32f10x_usart.o(i.USART_ClockInit)
    i.USART_Cmd                              0x08002192   Section        0  stm32f10x_usart.o(i.USART_Cmd)
    i.USART_DeInit                           0x080021ac   Section        0  stm32f10x_usart.o(i.USART_DeInit)
    i.USART_GetFlagStatus                    0x08002248   Section        0  stm32f10x_usart.o(i.USART_GetFlagStatus)
    i.USART_Init                             0x08002264   Section        0  stm32f10x_usart.o(i.USART_Init)
    i.USART_ReceiveData                      0x0800233c   Section        0  stm32f10x_usart.o(i.USART_ReceiveData)
    i.USART_SendData                         0x08002346   Section        0  stm32f10x_usart.o(i.USART_SendData)
    i.USART_send_byte                        0x0800234e   Section        0  svvis_cortex.o(i.USART_send_byte)
    i.USART_send_bytes                       0x08002370   Section        0  svvis_cortex.o(i.USART_send_bytes)
    i._mutex_acquire                         0x08002390   Section        0  rtx_lib.o(i._mutex_acquire)
    __tagsym$$used                           0x08002391   Number         0  rtx_lib.o(i._mutex_acquire)
    i._mutex_free                            0x080023a6   Section        0  rtx_lib.o(i._mutex_free)
    __tagsym$$used                           0x080023a7   Number         0  rtx_lib.o(i._mutex_free)
    i._mutex_initialize                      0x080023b2   Section        0  rtx_lib.o(i._mutex_initialize)
    __tagsym$$used                           0x080023b3   Number         0  rtx_lib.o(i._mutex_initialize)
    i._mutex_release                         0x080023d4   Section        0  rtx_lib.o(i._mutex_release)
    __tagsym$$used                           0x080023d5   Number         0  rtx_lib.o(i._mutex_release)
    i._platform_post_stackheap_init          0x080023e6   Section        0  rtx_lib.o(i._platform_post_stackheap_init)
    i.chid2len                               0x080023ee   Section        0  svvis_cortex_threads.o(i.chid2len)
    i.dil_led_blink                          0x08002420   Section        0  svvis_cortex_test.o(i.dil_led_blink)
    i.dil_led_init                           0x0800244c   Section        0  svvis_cortex_test.o(i.dil_led_init)
    i.init_usart                             0x08002478   Section        0  svvis_cortex.o(i.init_usart)
    i.main                                   0x080025a0   Section        0  svvis_cortex_test.o(i.main)
    i.main_thread_func                       0x080025d8   Section        0  svvis_cortex_test.o(i.main_thread_func)
    i.osRtxErrorNotify                       0x080026c4   Section        0  rtx_config.o(i.osRtxErrorNotify)
    i.osRtxIdleThread                        0x080026e4   Section        0  rtx_config.o(i.osRtxIdleThread)
    i.os_kernel_is_active                    0x080026e8   Section        0  rtx_lib.o(i.os_kernel_is_active)
    os_kernel_is_active                      0x080026e9   Thumb Code    28  rtx_lib.o(i.os_kernel_is_active)
    i.recv_thread                            0x08002708   Section        0  svvis_cortex_threads.o(i.recv_thread)
    i.send_thread                            0x080027c8   Section        0  svvis_cortex_threads.o(i.send_thread)
    i.usart_thread                           0x080027f6   Section        0  svvis_cortex_threads.o(i.usart_thread)
    x$fpl$ffltu                              0x0800282c   Section       38  fflt_clz.o(x$fpl$ffltu)
    x$fpl$usenofp                            0x08002852   Section        0  usenofp.o(x$fpl$usenofp)
    .constdata                               0x08002854   Section       36  svvis_cortex.o(.constdata)
    .constdata                               0x08002878   Section      100  rtx_lib.o(.constdata)
    os_idle_thread_attr                      0x08002878   Data          36  rtx_lib.o(.constdata)
    os_timer_thread_attr                     0x0800289c   Data          36  rtx_lib.o(.constdata)
    os_timer_mq_attr                         0x080028c0   Data          24  rtx_lib.o(.constdata)
    .constdata                               0x080028dc   Section        1  irq_cm3.o(.constdata)
    .rodata                                  0x080028e0   Section      160  rtx_lib.o(.rodata)
    __tagsym$$used                           0x080028e0   Number         0  rtx_lib.o(.rodata)
    __tagsym$$used                           0x08002948   Number         0  rtx_lib.o(.rodata)
    [Anonymous Symbol]                       0x08002980   Section        0  rtx_kernel.o(.rodata.str1.4)
    .L.str                                   0x08002980   Data          11  rtx_kernel.o(.rodata.str1.4)
    .bss.os                                  0x20000000   Section     4160  rtx_lib.o(.bss.os)
    os_mem                                   0x20000000   Data        4096  rtx_lib.o(.bss.os)
    os_isr_queue                             0x20001000   Data          64  rtx_lib.o(.bss.os)
    .bss.os.msgqueue.cb                      0x20001040   Section       52  rtx_lib.o(.bss.os.msgqueue.cb)
    os_timer_mq_cb                           0x20001040   Data          52  rtx_lib.o(.bss.os.msgqueue.cb)
    .bss.os.msgqueue.mem                     0x20001074   Section       80  rtx_lib.o(.bss.os.msgqueue.mem)
    os_timer_mq_data                         0x20001074   Data          80  rtx_lib.o(.bss.os.msgqueue.mem)
    .bss.os.thread.cb                        0x200010c4   Section      136  rtx_lib.o(.bss.os.thread.cb)
    os_idle_thread_cb                        0x200010c4   Data          68  rtx_lib.o(.bss.os.thread.cb)
    os_timer_thread_cb                       0x20001108   Data          68  rtx_lib.o(.bss.os.thread.cb)
    .bss.os.thread.stack                     0x20001150   Section      400  rtx_lib.o(.bss.os.thread.stack)
    os_idle_thread_stack                     0x20001150   Data         200  rtx_lib.o(.bss.os.thread.stack)
    os_timer_thread_stack                    0x20001218   Data         200  rtx_lib.o(.bss.os.thread.stack)
    .data                                    0x200012e0   Section        8  svvis_cortex_test.o(.data)
    .data                                    0x200012e8   Section        5  rtx_lib.o(.data)
    os_kernel_active                         0x200012ec   Data           1  rtx_lib.o(.data)
    .data                                    0x200012ed   Section       20  stm32f10x_rcc.o(.data)
    APBAHBPrescTable                         0x200012ed   Data          16  stm32f10x_rcc.o(.data)
    ADCPrescTable                            0x200012fd   Data           4  stm32f10x_rcc.o(.data)
    .data                                    0x20001304   Section       20  system_stm32f10x.o(.data)
    .bss                                     0x200013bc   Section       96  libspace.o(.bss)
    [Anonymous Symbol]                       0x2000141c   Section        0  os_systick.o(.bss.PendST)
    PendST                                   0x2000141c   Data           1  os_systick.o(.bss.PendST)
    HEAP                                     0x20001420   Section      512  startup_stm32f10x_md.o(HEAP)
    Heap_Mem                                 0x20001420   Data         512  startup_stm32f10x_md.o(HEAP)
    STACK                                    0x20001620   Section     1024  startup_stm32f10x_md.o(STACK)
    Stack_Mem                                0x20001620   Data        1024  startup_stm32f10x_md.o(STACK)
    __initial_sp                             0x20001a20   Data           0  startup_stm32f10x_md.o(STACK)

    Global Symbols

    Symbol Name                              Value     Ov Type        Size  Object(Section)

    BuildAttributes$$THM_ISAv4$P$D$K$B$S$PE$A:L22UL41UL21$X:L11$S22US41US21$IEEE1$IW$~IW$USESV6$~STKCKD$USESV7$~SHL$OSPACE$ROPI$EBA8$UX$STANDARDLIB$REQ8$PRES8$EABIv2 0x00000000   Number         0  anon$$obj.o ABSOLUTE
    __ARM_use_no_argv                        0x00000000   Number         0  svvis_cortex_test.o ABSOLUTE
    .bss.os.evflags.cb$$Base                  - Undefined Weak Reference
    .bss.os.evflags.cb$$Limit                 - Undefined Weak Reference
    .bss.os.mempool.cb$$Base                  - Undefined Weak Reference
    .bss.os.mempool.cb$$Limit                 - Undefined Weak Reference
    .bss.os.mutex.cb$$Base                    - Undefined Weak Reference
    .bss.os.mutex.cb$$Limit                   - Undefined Weak Reference
    .bss.os.semaphore.cb$$Base                - Undefined Weak Reference
    .bss.os.semaphore.cb$$Limit               - Undefined Weak Reference
    .bss.os.timer.cb$$Base                    - Undefined Weak Reference
    .bss.os.timer.cb$$Limit                   - Undefined Weak Reference
    __ARM_exceptions_init                     - Undefined Weak Reference
    __alloca_initialize                       - Undefined Weak Reference
    __arm_preinit_                            - Undefined Weak Reference
    __cpp_initialize__aeabi_                  - Undefined Weak Reference
    __cxa_finalize                            - Undefined Weak Reference
    __rt_locale                               - Undefined Weak Reference
    __sigvec_lookup                           - Undefined Weak Reference
    _atexit_init                              - Undefined Weak Reference
    _call_atexit_fns                          - Undefined Weak Reference
    _clock_init                               - Undefined Weak Reference
    _fp_trap_init                             - Undefined Weak Reference
    _fp_trap_shutdown                         - Undefined Weak Reference
    _get_lc_collate                           - Undefined Weak Reference
    _get_lc_ctype                             - Undefined Weak Reference
    _get_lc_monetary                          - Undefined Weak Reference
    _get_lc_numeric                           - Undefined Weak Reference
    _get_lc_time                              - Undefined Weak Reference
    _getenv_init                              - Undefined Weak Reference
    _handle_redirection                       - Undefined Weak Reference
    _init_alloc                               - Undefined Weak Reference
    _init_user_alloc                          - Undefined Weak Reference
    _initio                                   - Undefined Weak Reference
    _rand_init                                - Undefined Weak Reference
    _signal_finish                            - Undefined Weak Reference
    _signal_init                              - Undefined Weak Reference
    _terminate_alloc                          - Undefined Weak Reference
    _terminate_user_alloc                     - Undefined Weak Reference
    _terminateio                              - Undefined Weak Reference
    __Vectors_Size                           0x000000ec   Number         0  startup_stm32f10x_md.o ABSOLUTE
    __Vectors                                0x08000000   Data           4  startup_stm32f10x_md.o(RESET)
    __Vectors_End                            0x080000ec   Data           0  startup_stm32f10x_md.o(RESET)
    __main                                   0x080000ed   Thumb Code     8  __main.o(!!!main)
    __scatterload                            0x080000f5   Thumb Code     0  __scatter.o(!!!scatter)
    __scatterload_rt2                        0x080000f5   Thumb Code    44  __scatter.o(!!!scatter)
    __scatterload_rt2_thumb_only             0x080000f5   Thumb Code     0  __scatter.o(!!!scatter)
    __scatterload_null                       0x08000103   Thumb Code     0  __scatter.o(!!!scatter)
    __decompress                             0x08000129   Thumb Code    90  __dczerorl2.o(!!dczerorl2)
    __decompress1                            0x08000129   Thumb Code     0  __dczerorl2.o(!!dczerorl2)
    __scatterload_zeroinit                   0x08000185   Thumb Code    28  __scatter_zi.o(!!handler_zi)
    __rt_lib_init                            0x080001a1   Thumb Code     0  libinit.o(.ARM.Collect$$libinit$$00000000)
    __rt_lib_init_alloca_1                   0x080001a3   Thumb Code     0  libinit2.o(.ARM.Collect$$libinit$$0000002E)
    __rt_lib_init_argv_1                     0x080001a3   Thumb Code     0  libinit2.o(.ARM.Collect$$libinit$$0000002C)
    __rt_lib_init_atexit_1                   0x080001a3   Thumb Code     0  libinit2.o(.ARM.Collect$$libinit$$0000001B)
    __rt_lib_init_clock_1                    0x080001a3   Thumb Code     0  libinit2.o(.ARM.Collect$$libinit$$00000021)
    __rt_lib_init_cpp_1                      0x080001a3   Thumb Code     0  libinit2.o(.ARM.Collect$$libinit$$00000032)
    __rt_lib_init_exceptions_1               0x080001a3   Thumb Code     0  libinit2.o(.ARM.Collect$$libinit$$00000030)
    __rt_lib_init_fp_1                       0x080001a3   Thumb Code     0  libinit2.o(.ARM.Collect$$libinit$$00000002)
    __rt_lib_init_fp_trap_1                  0x080001a3   Thumb Code     0  libinit2.o(.ARM.Collect$$libinit$$0000001F)
    __rt_lib_init_getenv_1                   0x080001a3   Thumb Code     0  libinit2.o(.ARM.Collect$$libinit$$00000023)
    __rt_lib_init_heap_1                     0x080001a3   Thumb Code     0  libinit2.o(.ARM.Collect$$libinit$$0000000A)
    __rt_lib_init_lc_collate_1               0x080001a3   Thumb Code     0  libinit2.o(.ARM.Collect$$libinit$$00000011)
    __rt_lib_init_lc_ctype_1                 0x080001a3   Thumb Code     0  libinit2.o(.ARM.Collect$$libinit$$00000013)
    __rt_lib_init_lc_monetary_1              0x080001a3   Thumb Code     0  libinit2.o(.ARM.Collect$$libinit$$00000015)
    __rt_lib_init_lc_numeric_1               0x080001a3   Thumb Code     0  libinit2.o(.ARM.Collect$$libinit$$00000017)
    __rt_lib_init_lc_time_1                  0x080001a3   Thumb Code     0  libinit2.o(.ARM.Collect$$libinit$$00000019)
    __rt_lib_init_preinit_1                  0x080001a3   Thumb Code     0  libinit2.o(.ARM.Collect$$libinit$$00000004)
    __rt_lib_init_rand_1                     0x080001a3   Thumb Code     0  libinit2.o(.ARM.Collect$$libinit$$0000000E)
    __rt_lib_init_return                     0x080001a3   Thumb Code     0  libinit2.o(.ARM.Collect$$libinit$$00000033)
    __rt_lib_init_signal_1                   0x080001a3   Thumb Code     0  libinit2.o(.ARM.Collect$$libinit$$0000001D)
    __rt_lib_init_stdio_1                    0x080001a3   Thumb Code     0  libinit2.o(.ARM.Collect$$libinit$$00000025)
    __rt_lib_init_user_alloc_1               0x080001a3   Thumb Code     0  libinit2.o(.ARM.Collect$$libinit$$0000000C)
    __rt_lib_shutdown                        0x080001a5   Thumb Code     0  libshutdown.o(.ARM.Collect$$libshutdown$$00000000)
    __rt_lib_shutdown_cpp_1                  0x080001a7   Thumb Code     0  libshutdown2.o(.ARM.Collect$$libshutdown$$00000002)
    __rt_lib_shutdown_fp_trap_1              0x080001a7   Thumb Code     0  libshutdown2.o(.ARM.Collect$$libshutdown$$00000007)
    __rt_lib_shutdown_heap_1                 0x080001a7   Thumb Code     0  libshutdown2.o(.ARM.Collect$$libshutdown$$0000000F)
    __rt_lib_shutdown_return                 0x080001a7   Thumb Code     0  libshutdown2.o(.ARM.Collect$$libshutdown$$00000010)
    __rt_lib_shutdown_signal_1               0x080001a7   Thumb Code     0  libshutdown2.o(.ARM.Collect$$libshutdown$$0000000A)
    __rt_lib_shutdown_stdio_1                0x080001a7   Thumb Code     0  libshutdown2.o(.ARM.Collect$$libshutdown$$00000004)
    __rt_lib_shutdown_user_alloc_1           0x080001a7   Thumb Code     0  libshutdown2.o(.ARM.Collect$$libshutdown$$0000000C)
    __rt_entry                               0x080001a9   Thumb Code     0  __rtentry.o(.ARM.Collect$$rtentry$$00000000)
    __rt_entry_presh_1                       0x080001a9   Thumb Code     0  __rtentry2.o(.ARM.Collect$$rtentry$$00000002)
    __rt_entry_sh                            0x080001a9   Thumb Code     0  __rtentry4.o(.ARM.Collect$$rtentry$$00000004)
    __rt_entry_postsh_1                      0x080001af   Thumb Code     0  __rtentry2.o(.ARM.Collect$$rtentry$$00000008)
    __rt_entry_li                            0x080001b7   Thumb Code     0  __rtentry2.o(.ARM.Collect$$rtentry$$0000000A)
    __rt_entry_main                          0x080001bb   Thumb Code     0  __rtentry2.o(.ARM.Collect$$rtentry$$0000000D)
    __rt_entry_postli_1                      0x080001bb   Thumb Code     0  __rtentry2.o(.ARM.Collect$$rtentry$$0000000C)
    __rt_exit                                0x080001c3   Thumb Code     0  rtexit.o(.ARM.Collect$$rtexit$$00000000)
    __rt_exit_ls                             0x080001c5   Thumb Code     0  rtexit2.o(.ARM.Collect$$rtexit$$00000003)
    __rt_exit_prels_1                        0x080001c5   Thumb Code     0  rtexit2.o(.ARM.Collect$$rtexit$$00000002)
    __rt_exit_exit                           0x080001c9   Thumb Code     0  rtexit2.o(.ARM.Collect$$rtexit$$00000004)
    Reset_Handler                            0x080001d1   Thumb Code     8  startup_stm32f10x_md.o(.text)
    NMI_Handler                              0x080001d9   Thumb Code     2  startup_stm32f10x_md.o(.text)
    HardFault_Handler                        0x080001db   Thumb Code     2  startup_stm32f10x_md.o(.text)
    MemManage_Handler                        0x080001dd   Thumb Code     2  startup_stm32f10x_md.o(.text)
    BusFault_Handler                         0x080001df   Thumb Code     2  startup_stm32f10x_md.o(.text)
    UsageFault_Handler                       0x080001e1   Thumb Code     2  startup_stm32f10x_md.o(.text)
    DebugMon_Handler                         0x080001e5   Thumb Code     2  startup_stm32f10x_md.o(.text)
    ADC1_2_IRQHandler                        0x080001eb   Thumb Code     0  startup_stm32f10x_md.o(.text)
    CAN1_RX1_IRQHandler                      0x080001eb   Thumb Code     0  startup_stm32f10x_md.o(.text)
    CAN1_SCE_IRQHandler                      0x080001eb   Thumb Code     0  startup_stm32f10x_md.o(.text)
    DMA1_Channel1_IRQHandler                 0x080001eb   Thumb Code     0  startup_stm32f10x_md.o(.text)
    DMA1_Channel2_IRQHandler                 0x080001eb   Thumb Code     0  startup_stm32f10x_md.o(.text)
    DMA1_Channel3_IRQHandler                 0x080001eb   Thumb Code     0  startup_stm32f10x_md.o(.text)
    DMA1_Channel4_IRQHandler                 0x080001eb   Thumb Code     0  startup_stm32f10x_md.o(.text)
    DMA1_Channel5_IRQHandler                 0x080001eb   Thumb Code     0  startup_stm32f10x_md.o(.text)
    DMA1_Channel6_IRQHandler                 0x080001eb   Thumb Code     0  startup_stm32f10x_md.o(.text)
    DMA1_Channel7_IRQHandler                 0x080001eb   Thumb Code     0  startup_stm32f10x_md.o(.text)
    EXTI0_IRQHandler                         0x080001eb   Thumb Code     0  startup_stm32f10x_md.o(.text)
    EXTI15_10_IRQHandler                     0x080001eb   Thumb Code     0  startup_stm32f10x_md.o(.text)
    EXTI1_IRQHandler                         0x080001eb   Thumb Code     0  startup_stm32f10x_md.o(.text)
    EXTI2_IRQHandler                         0x080001eb   Thumb Code     0  startup_stm32f10x_md.o(.text)
    EXTI3_IRQHandler                         0x080001eb   Thumb Code     0  startup_stm32f10x_md.o(.text)
    EXTI4_IRQHandler                         0x080001eb   Thumb Code     0  startup_stm32f10x_md.o(.text)
    EXTI9_5_IRQHandler                       0x080001eb   Thumb Code     0  startup_stm32f10x_md.o(.text)
    FLASH_IRQHandler                         0x080001eb   Thumb Code     0  startup_stm32f10x_md.o(.text)
    I2C1_ER_IRQHandler                       0x080001eb   Thumb Code     0  startup_stm32f10x_md.o(.text)
    I2C1_EV_IRQHandler                       0x080001eb   Thumb Code     0  startup_stm32f10x_md.o(.text)
    I2C2_ER_IRQHandler                       0x080001eb   Thumb Code     0  startup_stm32f10x_md.o(.text)
    I2C2_EV_IRQHandler                       0x080001eb   Thumb Code     0  startup_stm32f10x_md.o(.text)
    PVD_IRQHandler                           0x080001eb   Thumb Code     0  startup_stm32f10x_md.o(.text)
    RCC_IRQHandler                           0x080001eb   Thumb Code     0  startup_stm32f10x_md.o(.text)
    RTCAlarm_IRQHandler                      0x080001eb   Thumb Code     0  startup_stm32f10x_md.o(.text)
    RTC_IRQHandler                           0x080001eb   Thumb Code     0  startup_stm32f10x_md.o(.text)
    SPI1_IRQHandler                          0x080001eb   Thumb Code     0  startup_stm32f10x_md.o(.text)
    SPI2_IRQHandler                          0x080001eb   Thumb Code     0  startup_stm32f10x_md.o(.text)
    TAMPER_IRQHandler                        0x080001eb   Thumb Code     0  startup_stm32f10x_md.o(.text)
    TIM1_BRK_IRQHandler                      0x080001eb   Thumb Code     0  startup_stm32f10x_md.o(.text)
    TIM1_CC_IRQHandler                       0x080001eb   Thumb Code     0  startup_stm32f10x_md.o(.text)
    TIM1_TRG_COM_IRQHandler                  0x080001eb   Thumb Code     0  startup_stm32f10x_md.o(.text)
    TIM1_UP_IRQHandler                       0x080001eb   Thumb Code     0  startup_stm32f10x_md.o(.text)
    TIM2_IRQHandler                          0x080001eb   Thumb Code     0  startup_stm32f10x_md.o(.text)
    TIM3_IRQHandler                          0x080001eb   Thumb Code     0  startup_stm32f10x_md.o(.text)
    TIM4_IRQHandler                          0x080001eb   Thumb Code     0  startup_stm32f10x_md.o(.text)
    USART1_IRQHandler                        0x080001eb   Thumb Code     0  startup_stm32f10x_md.o(.text)
    USART2_IRQHandler                        0x080001eb   Thumb Code     0  startup_stm32f10x_md.o(.text)
    USART3_IRQHandler                        0x080001eb   Thumb Code     0  startup_stm32f10x_md.o(.text)
    USBWakeUp_IRQHandler                     0x080001eb   Thumb Code     0  startup_stm32f10x_md.o(.text)
    USB_HP_CAN1_TX_IRQHandler                0x080001eb   Thumb Code     0  startup_stm32f10x_md.o(.text)
    USB_LP_CAN1_RX0_IRQHandler               0x080001eb   Thumb Code     0  startup_stm32f10x_md.o(.text)
    WWDG_IRQHandler                          0x080001eb   Thumb Code     0  startup_stm32f10x_md.o(.text)
    __user_initial_stackheap                 0x080001ed   Thumb Code     0  startup_stm32f10x_md.o(.text)
    SVC_Handler                              0x08000211   Thumb Code   108  irq_cm3.o(.text)
    PendSV_Handler                           0x0800027d   Thumb Code    16  irq_cm3.o(.text)
    SysTick_Handler                          0x0800028d   Thumb Code    16  irq_cm3.o(.text)
    strlen                                   0x080002a5   Thumb Code    62  strlen.o(.text)
    __aeabi_memcpy                           0x080002e3   Thumb Code     0  rt_memcpy_v6.o(.text)
    __rt_memcpy                              0x080002e3   Thumb Code   138  rt_memcpy_v6.o(.text)
    _memcpy_lastbytes                        0x08000349   Thumb Code     0  rt_memcpy_v6.o(.text)
    __aeabi_memcpy4                          0x0800036d   Thumb Code     0  rt_memcpy_w.o(.text)
    __aeabi_memcpy8                          0x0800036d   Thumb Code     0  rt_memcpy_w.o(.text)
    __rt_memcpy_w                            0x0800036d   Thumb Code   100  rt_memcpy_w.o(.text)
    _memcpy_lastbytes_aligned                0x080003b5   Thumb Code     0  rt_memcpy_w.o(.text)
    __aeabi_memclr                           0x080003d1   Thumb Code     0  rt_memclr.o(.text)
    __rt_memclr                              0x080003d1   Thumb Code    68  rt_memclr.o(.text)
    _memset                                  0x080003d5   Thumb Code     0  rt_memclr.o(.text)
    __aeabi_memclr4                          0x08000415   Thumb Code     0  rt_memclr_w.o(.text)
    __aeabi_memclr8                          0x08000415   Thumb Code     0  rt_memclr_w.o(.text)
    __rt_memclr_w                            0x08000415   Thumb Code    78  rt_memclr_w.o(.text)
    _memset_w                                0x08000419   Thumb Code     0  rt_memclr_w.o(.text)
    __use_two_region_memory                  0x08000463   Thumb Code     2  heapauxi.o(.text)
    __rt_heap_escrow$2region                 0x08000465   Thumb Code     2  heapauxi.o(.text)
    __rt_heap_expand$2region                 0x08000467   Thumb Code     2  heapauxi.o(.text)
    __user_setup_stackheap                   0x08000469   Thumb Code    74  sys_stackheap_outer.o(.text)
    exit                                     0x080004b3   Thumb Code    18  exit.o(.text)
    __user_libspace                          0x080004c5   Thumb Code     8  libspace.o(.text)
    __user_perproc_libspace                  0x080004c5   Thumb Code     0  libspace.o(.text)
    _sys_exit                                0x080004cd   Thumb Code     8  sys_exit.o(.text)
    __I$use$semihosting                      0x080004d9   Thumb Code     0  use_no_semi.o(.text)
    __use_no_semihosting_swi                 0x080004d9   Thumb Code     2  use_no_semi.o(.text)
    __semihosting_library_function           0x080004db   Thumb Code     0  indicate_semi.o(.text)
    OS_Tick_AcknowledgeIRQ                   0x08000591   Thumb Code    12  os_systick.o(.text.OS_Tick_AcknowledgeIRQ)
    OS_Tick_Enable                           0x0800059d   Thumb Code    44  os_systick.o(.text.OS_Tick_Enable)
    OS_Tick_GetIRQn                          0x080005c9   Thumb Code     6  os_systick.o(.text.OS_Tick_GetIRQn)
    OS_Tick_Setup                            0x080005d1   Thumb Code    64  os_systick.o(.text.OS_Tick_Setup)
    osDelay                                  0x080006c9   Thumb Code    36  rtx_delay.o(.text.osDelay)
    osKernelGetState                         0x080006ed   Thumb Code    48  rtx_kernel.o(.text.osKernelGetState)
    osKernelInitialize                       0x0800071d   Thumb Code    44  rtx_kernel.o(.text.osKernelInitialize)
    osKernelStart                            0x08000749   Thumb Code    36  rtx_kernel.o(.text.osKernelStart)
    osMessageQueueGet                        0x0800076d   Thumb Code   108  rtx_msgqueue.o(.text.osMessageQueueGet)
    osMessageQueueNew                        0x080007d9   Thumb Code    36  rtx_msgqueue.o(.text.osMessageQueueNew)
    osMessageQueuePut                        0x080007fd   Thumb Code   120  rtx_msgqueue.o(.text.osMessageQueuePut)
    osMutexAcquire                           0x08000875   Thumb Code    36  rtx_mutex.o(.text.osMutexAcquire)
    osMutexDelete                            0x08000899   Thumb Code    36  rtx_mutex.o(.text.osMutexDelete)
    osMutexNew                               0x080008bd   Thumb Code    36  rtx_mutex.o(.text.osMutexNew)
    osMutexRelease                           0x080008e1   Thumb Code    36  rtx_mutex.o(.text.osMutexRelease)
    osRtxKernelPreInit                       0x08000905   Thumb Code     2  rtx_kernel.o(.text.osRtxKernelPreInit)
    osRtxMemoryAlloc                         0x08000907   Thumb Code   112  rtx_memory.o(.text.osRtxMemoryAlloc)
    osRtxMemoryFree                          0x08000977   Thumb Code    70  rtx_memory.o(.text.osRtxMemoryFree)
    osRtxMemoryInit                          0x080009bd   Thumb Code    60  rtx_memory.o(.text.osRtxMemoryInit)
    osRtxMemoryPoolAlloc                     0x080009f9   Thumb Code    58  rtx_mempool.o(.text.osRtxMemoryPoolAlloc)
    osRtxMemoryPoolFree                      0x08000a33   Thumb Code    74  rtx_mempool.o(.text.osRtxMemoryPoolFree)
    osRtxMemoryPoolInit                      0x08000a7d   Thumb Code    54  rtx_mempool.o(.text.osRtxMemoryPoolInit)
    osRtxMutexOwnerRelease                   0x08000b6d   Thumb Code    72  rtx_mutex.o(.text.osRtxMutexOwnerRelease)
    osRtxMutexOwnerRestore                   0x08000bb5   Thumb Code    66  rtx_mutex.o(.text.osRtxMutexOwnerRestore)
    osRtxPendSV_Handler                      0x08000bf9   Thumb Code   140  rtx_system.o(.text.osRtxPendSV_Handler)
    osRtxPostProcess                         0x08000c85   Thumb Code   116  rtx_system.o(.text.osRtxPostProcess)
    osRtxThreadDelayTick                     0x08000de1   Thumb Code    76  rtx_thread.o(.text.osRtxThreadDelayTick)
    osRtxThreadDispatch                      0x08000e2d   Thumb Code    88  rtx_thread.o(.text.osRtxThreadDispatch)
    osRtxThreadListGet                       0x08000edd   Thumb Code    18  rtx_thread.o(.text.osRtxThreadListGet)
    osRtxThreadListPut                       0x08000eef   Thumb Code    44  rtx_thread.o(.text.osRtxThreadListPut)
    osRtxThreadListRemove                    0x08000f1b   Thumb Code    20  rtx_thread.o(.text.osRtxThreadListRemove)
    osRtxThreadListSort                      0x08000f3b   Thumb Code    38  rtx_thread.o(.text.osRtxThreadListSort)
    osRtxThreadReadyPut                      0x08000f89   Thumb Code    20  rtx_thread.o(.text.osRtxThreadReadyPut)
    osRtxThreadRegPtr                        0x08000f9d   Thumb Code     6  rtx_thread.o(.text.osRtxThreadRegPtr)
    osRtxThreadStackCheck                    0x08000fa5   Thumb Code    40  rtx_thread.o(.text.osRtxThreadStackCheck)
    osRtxThreadStartup                       0x08000fcd   Thumb Code    64  rtx_thread.o(.text.osRtxThreadStartup)
    osRtxThreadSwitch                        0x0800100d   Thumb Code    16  rtx_thread.o(.text.osRtxThreadSwitch)
    osRtxThreadWaitEnter                     0x0800101d   Thumb Code    56  rtx_thread.o(.text.osRtxThreadWaitEnter)
    osRtxThreadWaitExit                      0x08001055   Thumb Code    36  rtx_thread.o(.text.osRtxThreadWaitExit)
    osRtxTick_Handler                        0x08001079   Thumb Code   112  rtx_system.o(.text.osRtxTick_Handler)
    osRtxTimerThread                         0x080010e9   Thumb Code    60  rtx_timer.o(.text.osRtxTimerThread)
    osThreadExit                             0x08001179   Thumb Code    12  rtx_thread.o(.text.osThreadExit)
    osThreadNew                              0x08001185   Thumb Code    36  rtx_thread.o(.text.osThreadNew)
    osThreadYield                            0x080011a9   Thumb Code    36  rtx_thread.o(.text.osThreadYield)
    GPIO_Init                                0x08001b65   Thumb Code   278  stm32f10x_gpio.o(i.GPIO_Init)
    GPIO_WriteBit                            0x08001c7b   Thumb Code    10  stm32f10x_gpio.o(i.GPIO_WriteBit)
    RCC_APB1PeriphClockCmd                   0x08001c85   Thumb Code    26  stm32f10x_rcc.o(i.RCC_APB1PeriphClockCmd)
    RCC_APB1PeriphResetCmd                   0x08001ca5   Thumb Code    26  stm32f10x_rcc.o(i.RCC_APB1PeriphResetCmd)
    RCC_APB2PeriphClockCmd                   0x08001cc5   Thumb Code    26  stm32f10x_rcc.o(i.RCC_APB2PeriphClockCmd)
    RCC_APB2PeriphResetCmd                   0x08001ce5   Thumb Code    26  stm32f10x_rcc.o(i.RCC_APB2PeriphResetCmd)
    RCC_GetClocksFreq                        0x08001d05   Thumb Code   192  stm32f10x_rcc.o(i.RCC_GetClocksFreq)
    SvVis3_init                              0x08001ec1   Thumb Code    90  svvis_cortex.o(i.SvVis3_init)
    SvVis3_recv_message                      0x08001f29   Thumb Code    22  svvis_cortex.o(i.SvVis3_recv_message)
    SvVis3_send_I16                          0x08001f3f   Thumb Code    58  svvis_cortex.o(i.SvVis3_send_I16)
    SvVis3_send_I32                          0x08001f79   Thumb Code    54  svvis_cortex.o(i.SvVis3_send_I32)
    SvVis3_send_float                        0x08001faf   Thumb Code    56  svvis_cortex.o(i.SvVis3_send_float)
    SvVis3_send_message                      0x08001fe7   Thumb Code    22  svvis_cortex.o(i.SvVis3_send_message)
    SvVis3_send_string                       0x08001ffd   Thumb Code   104  svvis_cortex.o(i.SvVis3_send_string)
    SystemCoreClockUpdate                    0x0800206d   Thumb Code   142  system_stm32f10x.o(i.SystemCoreClockUpdate)
    SystemInit                               0x08002111   Thumb Code    78  system_stm32f10x.o(i.SystemInit)
    USART_ClockInit                          0x08002171   Thumb Code    34  stm32f10x_usart.o(i.USART_ClockInit)
    USART_Cmd                                0x08002193   Thumb Code    24  stm32f10x_usart.o(i.USART_Cmd)
    USART_DeInit                             0x080021ad   Thumb Code   134  stm32f10x_usart.o(i.USART_DeInit)
    USART_GetFlagStatus                      0x08002249   Thumb Code    26  stm32f10x_usart.o(i.USART_GetFlagStatus)
    USART_Init                               0x08002265   Thumb Code   210  stm32f10x_usart.o(i.USART_Init)
    USART_ReceiveData                        0x0800233d   Thumb Code    10  stm32f10x_usart.o(i.USART_ReceiveData)
    USART_SendData                           0x08002347   Thumb Code     8  stm32f10x_usart.o(i.USART_SendData)
    USART_send_byte                          0x0800234f   Thumb Code    34  svvis_cortex.o(i.USART_send_byte)
    USART_send_bytes                         0x08002371   Thumb Code    32  svvis_cortex.o(i.USART_send_bytes)
    _mutex_acquire                           0x08002391   Thumb Code    22  rtx_lib.o(i._mutex_acquire)
    _mutex_free                              0x080023a7   Thumb Code    12  rtx_lib.o(i._mutex_free)
    _mutex_initialize                        0x080023b3   Thumb Code    34  rtx_lib.o(i._mutex_initialize)
    _mutex_release                           0x080023d5   Thumb Code    18  rtx_lib.o(i._mutex_release)
    _platform_post_stackheap_init            0x080023e7   Thumb Code     8  rtx_lib.o(i._platform_post_stackheap_init)
    chid2len                                 0x080023ef   Thumb Code    50  svvis_cortex_threads.o(i.chid2len)
    dil_led_blink                            0x08002421   Thumb Code    40  svvis_cortex_test.o(i.dil_led_blink)
    dil_led_init                             0x0800244d   Thumb Code    38  svvis_cortex_test.o(i.dil_led_init)
    init_usart                               0x08002479   Thumb Code   276  svvis_cortex.o(i.init_usart)
    main                                     0x080025a1   Thumb Code    42  svvis_cortex_test.o(i.main)
    main_thread_func                         0x080025d9   Thumb Code   160  svvis_cortex_test.o(i.main_thread_func)
    osRtxErrorNotify                         0x080026c5   Thumb Code    32  rtx_config.o(i.osRtxErrorNotify)
    osRtxIdleThread                          0x080026e5   Thumb Code     4  rtx_config.o(i.osRtxIdleThread)
    recv_thread                              0x08002709   Thumb Code   192  svvis_cortex_threads.o(i.recv_thread)
    send_thread                              0x080027c9   Thumb Code    46  svvis_cortex_threads.o(i.send_thread)
    usart_thread                             0x080027f7   Thumb Code    52  svvis_cortex_threads.o(i.usart_thread)
    __aeabi_ui2f                             0x0800282d   Thumb Code     0  fflt_clz.o(x$fpl$ffltu)
    _ffltu                                   0x0800282d   Thumb Code    38  fflt_clz.o(x$fpl$ffltu)
    __I$use$fp                               0x08002852   Number         0  usenofp.o(x$fpl$usenofp)
    osRtxUserSVC                             0x080028d8   Data           4  rtx_lib.o(.constdata)
    irqRtxLib                                0x080028dc   Data           1  irq_cm3.o(.constdata)
    osRtxConfig                              0x080028e0   Data         104  rtx_lib.o(.rodata)
    os_cb_sections                           0x08002948   Data          56  rtx_lib.o(.rodata)
    Region$$Table$$Base                      0x0800298c   Number         0  anon$$obj.o(Region$$Table)
    Region$$Table$$Limit                     0x080029ac   Number         0  anon$$obj.o(Region$$Table)
    .bss.os.msgqueue.cb$$Base                0x20001040   Number         0  rtx_lib.o(.bss.os.msgqueue.cb)
    .bss.os.msgqueue.cb$$Limit               0x20001074   Number         0  rtx_lib.o(.bss.os.msgqueue.cb)
    .bss.os.thread.cb$$Base                  0x200010c4   Number         0  rtx_lib.o(.bss.os.thread.cb)
    .bss.os.thread.cb$$Limit                 0x2000114c   Number         0  rtx_lib.o(.bss.os.thread.cb)
    main_thread_handle                       0x200012e0   Data           4  svvis_cortex_test.o(.data)
    led_blink_handle                         0x200012e4   Data           4  svvis_cortex_test.o(.data)
    irqRtxLibRef                             0x200012e8   Data           4  rtx_lib.o(.data)
    SystemCoreClock                          0x20001304   Data           4  system_stm32f10x.o(.data)
    AHBPrescTable                            0x20001308   Data          16  system_stm32f10x.o(.data)
    osRtxInfo                                0x20001318   Data         164  rtx_kernel.o(.data.os)
    __libspace_start                         0x200013bc   Data          96  libspace.o(.bss)
    __temporary_stack_top$libspace           0x2000141c   Data           0  libspace.o(.bss)



==============================================================================

Memory Map of the image

  Image Entry point : 0x080001d1

  Load Region LR_1 (Base: 0x08000000, Size: 0x00003d68, Max: 0xffffffff, ABSOLUTE, COMPRESSED[0x000029f8])

    Execution Region ER_RO (Exec base: 0x08000000, Load base: 0x08000000, Size: 0x000029ac, Max: 0xffffffff, ABSOLUTE)

    Exec Addr    Load Addr    Size         Type   Attr      Idx    E Section Name        Object

    0x08000000   0x08000000   0x000000ec   Data   RO          954    RESET               startup_stm32f10x_md.o
    0x080000ec   0x080000ec   0x00000008   Code   RO         1489  * !!!main             c_w.l(__main.o)
    0x080000f4   0x080000f4   0x00000034   Code   RO         1659    !!!scatter          c_w.l(__scatter.o)
    0x08000128   0x08000128   0x0000005a   Code   RO         1657    !!dczerorl2         c_w.l(__dczerorl2.o)
    0x08000182   0x08000182   0x00000002   PAD
    0x08000184   0x08000184   0x0000001c   Code   RO         1661    !!handler_zi        c_w.l(__scatter_zi.o)
    0x080001a0   0x080001a0   0x00000002   Code   RO         1527    .ARM.Collect$$libinit$$00000000  c_w.l(libinit.o)
    0x080001a2   0x080001a2   0x00000000   Code   RO         1534    .ARM.Collect$$libinit$$00000002  c_w.l(libinit2.o)
    0x080001a2   0x080001a2   0x00000000   Code   RO         1536    .ARM.Collect$$libinit$$00000004  c_w.l(libinit2.o)
    0x080001a2   0x080001a2   0x00000000   Code   RO         1539    .ARM.Collect$$libinit$$0000000A  c_w.l(libinit2.o)
    0x080001a2   0x080001a2   0x00000000   Code   RO         1541    .ARM.Collect$$libinit$$0000000C  c_w.l(libinit2.o)
    0x080001a2   0x080001a2   0x00000000   Code   RO         1543    .ARM.Collect$$libinit$$0000000E  c_w.l(libinit2.o)
    0x080001a2   0x080001a2   0x00000000   Code   RO         1546    .ARM.Collect$$libinit$$00000011  c_w.l(libinit2.o)
    0x080001a2   0x080001a2   0x00000000   Code   RO         1548    .ARM.Collect$$libinit$$00000013  c_w.l(libinit2.o)
    0x080001a2   0x080001a2   0x00000000   Code   RO         1550    .ARM.Collect$$libinit$$00000015  c_w.l(libinit2.o)
    0x080001a2   0x080001a2   0x00000000   Code   RO         1552    .ARM.Collect$$libinit$$00000017  c_w.l(libinit2.o)
    0x080001a2   0x080001a2   0x00000000   Code   RO         1554    .ARM.Collect$$libinit$$00000019  c_w.l(libinit2.o)
    0x080001a2   0x080001a2   0x00000000   Code   RO         1556    .ARM.Collect$$libinit$$0000001B  c_w.l(libinit2.o)
    0x080001a2   0x080001a2   0x00000000   Code   RO         1558    .ARM.Collect$$libinit$$0000001D  c_w.l(libinit2.o)
    0x080001a2   0x080001a2   0x00000000   Code   RO         1560    .ARM.Collect$$libinit$$0000001F  c_w.l(libinit2.o)
    0x080001a2   0x080001a2   0x00000000   Code   RO         1562    .ARM.Collect$$libinit$$00000021  c_w.l(libinit2.o)
    0x080001a2   0x080001a2   0x00000000   Code   RO         1564    .ARM.Collect$$libinit$$00000023  c_w.l(libinit2.o)
    0x080001a2   0x080001a2   0x00000000   Code   RO         1566    .ARM.Collect$$libinit$$00000025  c_w.l(libinit2.o)
    0x080001a2   0x080001a2   0x00000000   Code   RO         1570    .ARM.Collect$$libinit$$0000002C  c_w.l(libinit2.o)
    0x080001a2   0x080001a2   0x00000000   Code   RO         1572    .ARM.Collect$$libinit$$0000002E  c_w.l(libinit2.o)
    0x080001a2   0x080001a2   0x00000000   Code   RO         1574    .ARM.Collect$$libinit$$00000030  c_w.l(libinit2.o)
    0x080001a2   0x080001a2   0x00000000   Code   RO         1576    .ARM.Collect$$libinit$$00000032  c_w.l(libinit2.o)
    0x080001a2   0x080001a2   0x00000002   Code   RO         1577    .ARM.Collect$$libinit$$00000033  c_w.l(libinit2.o)
    0x080001a4   0x080001a4   0x00000002   Code   RO         1597    .ARM.Collect$$libshutdown$$00000000  c_w.l(libshutdown.o)
    0x080001a6   0x080001a6   0x00000000   Code   RO         1610    .ARM.Collect$$libshutdown$$00000002  c_w.l(libshutdown2.o)
    0x080001a6   0x080001a6   0x00000000   Code   RO         1612    .ARM.Collect$$libshutdown$$00000004  c_w.l(libshutdown2.o)
    0x080001a6   0x080001a6   0x00000000   Code   RO         1615    .ARM.Collect$$libshutdown$$00000007  c_w.l(libshutdown2.o)
    0x080001a6   0x080001a6   0x00000000   Code   RO         1618    .ARM.Collect$$libshutdown$$0000000A  c_w.l(libshutdown2.o)
    0x080001a6   0x080001a6   0x00000000   Code   RO         1620    .ARM.Collect$$libshutdown$$0000000C  c_w.l(libshutdown2.o)
    0x080001a6   0x080001a6   0x00000000   Code   RO         1623    .ARM.Collect$$libshutdown$$0000000F  c_w.l(libshutdown2.o)
    0x080001a6   0x080001a6   0x00000002   Code   RO         1624    .ARM.Collect$$libshutdown$$00000010  c_w.l(libshutdown2.o)
    0x080001a8   0x080001a8   0x00000000   Code   RO         1501    .ARM.Collect$$rtentry$$00000000  c_w.l(__rtentry.o)
    0x080001a8   0x080001a8   0x00000000   Code   RO         1506    .ARM.Collect$$rtentry$$00000002  c_w.l(__rtentry2.o)
    0x080001a8   0x080001a8   0x00000006   Code   RO         1518    .ARM.Collect$$rtentry$$00000004  c_w.l(__rtentry4.o)
    0x080001ae   0x080001ae   0x00000008   Code   RO         1507    .ARM.Collect$$rtentry$$00000008  c_w.l(__rtentry2.o)
    0x080001b6   0x080001b6   0x00000004   Code   RO         1509    .ARM.Collect$$rtentry$$0000000A  c_w.l(__rtentry2.o)
    0x080001ba   0x080001ba   0x00000000   Code   RO         1511    .ARM.Collect$$rtentry$$0000000C  c_w.l(__rtentry2.o)
    0x080001ba   0x080001ba   0x00000008   Code   RO         1512    .ARM.Collect$$rtentry$$0000000D  c_w.l(__rtentry2.o)
    0x080001c2   0x080001c2   0x00000002   Code   RO         1531    .ARM.Collect$$rtexit$$00000000  c_w.l(rtexit.o)
    0x080001c4   0x080001c4   0x00000000   Code   RO         1579    .ARM.Collect$$rtexit$$00000002  c_w.l(rtexit2.o)
    0x080001c4   0x080001c4   0x00000004   Code   RO         1580    .ARM.Collect$$rtexit$$00000003  c_w.l(rtexit2.o)
    0x080001c8   0x080001c8   0x00000006   Code   RO         1581    .ARM.Collect$$rtexit$$00000004  c_w.l(rtexit2.o)
    0x080001ce   0x080001ce   0x00000002   PAD
    0x080001d0   0x080001d0   0x00000040   Code   RO          955  * .text               startup_stm32f10x_md.o
    0x08000210   0x08000210   0x00000094   Code   RO         1317    .text               RTX_CM3.lib(irq_cm3.o)
    0x080002a4   0x080002a4   0x0000003e   Code   RO         1477    .text               c_w.l(strlen.o)
    0x080002e2   0x080002e2   0x0000008a   Code   RO         1479    .text               c_w.l(rt_memcpy_v6.o)
    0x0800036c   0x0800036c   0x00000064   Code   RO         1481    .text               c_w.l(rt_memcpy_w.o)
    0x080003d0   0x080003d0   0x00000044   Code   RO         1483    .text               c_w.l(rt_memclr.o)
    0x08000414   0x08000414   0x0000004e   Code   RO         1485    .text               c_w.l(rt_memclr_w.o)
    0x08000462   0x08000462   0x00000006   Code   RO         1487    .text               c_w.l(heapauxi.o)
    0x08000468   0x08000468   0x0000004a   Code   RO         1520    .text               c_w.l(sys_stackheap_outer.o)
    0x080004b2   0x080004b2   0x00000012   Code   RO         1522    .text               c_w.l(exit.o)
    0x080004c4   0x080004c4   0x00000008   Code   RO         1528    .text               c_w.l(libspace.o)
    0x080004cc   0x080004cc   0x0000000c   Code   RO         1589    .text               c_w.l(sys_exit.o)
    0x080004d8   0x080004d8   0x00000002   Code   RO         1600    .text               c_w.l(use_no_semi.o)
    0x080004da   0x080004da   0x00000000   Code   RO         1602    .text               c_w.l(indicate_semi.o)
    0x080004da   0x080004da   0x00000040   Code   RO         1300    .text.MessageQueueGet  RTX_CM3.lib(rtx_msgqueue.o)
    0x0800051a   0x0800051a   0x00000058   Code   RO         1294    .text.MessageQueuePut  RTX_CM3.lib(rtx_msgqueue.o)
    0x08000572   0x08000572   0x0000001c   Code   RO         1292    .text.MessageQueueRemove  RTX_CM3.lib(rtx_msgqueue.o)
    0x0800058e   0x0800058e   0x00000002   PAD
    0x08000590   0x08000590   0x0000000c   Code   RO         1452    .text.OS_Tick_AcknowledgeIRQ  RTX_CM3.lib(os_systick.o)
    0x0800059c   0x0800059c   0x0000002c   Code   RO         1448    .text.OS_Tick_Enable  RTX_CM3.lib(os_systick.o)
    0x080005c8   0x080005c8   0x00000006   Code   RO         1454    .text.OS_Tick_GetIRQn  RTX_CM3.lib(os_systick.o)
    0x080005ce   0x080005ce   0x00000002   PAD
    0x080005d0   0x080005d0   0x00000040   Code   RO         1446    .text.OS_Tick_Setup  RTX_CM3.lib(os_systick.o)
    0x08000610   0x08000610   0x0000006e   Code   RO         1153    .text.ThreadFlagsCheck  RTX_CM3.lib(rtx_thread.o)
    0x0800067e   0x0800067e   0x00000002   PAD
    0x08000680   0x08000680   0x00000048   Code   RO         1338    .text.TimerInsert   RTX_CM3.lib(rtx_timer.o)
    0x080006c8   0x080006c8   0x00000024   Code   RO         1206    .text.osDelay       RTX_CM3.lib(rtx_delay.o)
    0x080006ec   0x080006ec   0x00000030   Code   RO         1014    .text.osKernelGetState  RTX_CM3.lib(rtx_kernel.o)
    0x0800071c   0x0800071c   0x0000002c   Code   RO         1008    .text.osKernelInitialize  RTX_CM3.lib(rtx_kernel.o)
    0x08000748   0x08000748   0x00000024   Code   RO         1018    .text.osKernelStart  RTX_CM3.lib(rtx_kernel.o)
    0x0800076c   0x0800076c   0x0000006c   Code   RO         1266    .text.osMessageQueueGet  RTX_CM3.lib(rtx_msgqueue.o)
    0x080007d8   0x080007d8   0x00000024   Code   RO         1260    .text.osMessageQueueNew  RTX_CM3.lib(rtx_msgqueue.o)
    0x080007fc   0x080007fc   0x00000078   Code   RO         1264    .text.osMessageQueuePut  RTX_CM3.lib(rtx_msgqueue.o)
    0x08000874   0x08000874   0x00000024   Code   RO         1231    .text.osMutexAcquire  RTX_CM3.lib(rtx_mutex.o)
    0x08000898   0x08000898   0x00000024   Code   RO         1237    .text.osMutexDelete  RTX_CM3.lib(rtx_mutex.o)
    0x080008bc   0x080008bc   0x00000024   Code   RO         1227    .text.osMutexNew    RTX_CM3.lib(rtx_mutex.o)
    0x080008e0   0x080008e0   0x00000024   Code   RO         1233    .text.osMutexRelease  RTX_CM3.lib(rtx_mutex.o)
    0x08000904   0x08000904   0x00000002   Code   RO         1006    .text.osRtxKernelPreInit  RTX_CM3.lib(rtx_kernel.o)
    0x08000906   0x08000906   0x00000070   Code   RO         1365    .text.osRtxMemoryAlloc  RTX_CM3.lib(rtx_memory.o)
    0x08000976   0x08000976   0x00000046   Code   RO         1367    .text.osRtxMemoryFree  RTX_CM3.lib(rtx_memory.o)
    0x080009bc   0x080009bc   0x0000003c   Code   RO         1363    .text.osRtxMemoryInit  RTX_CM3.lib(rtx_memory.o)
    0x080009f8   0x080009f8   0x0000003a   Code   RO         1380    .text.osRtxMemoryPoolAlloc  RTX_CM3.lib(rtx_mempool.o)
    0x08000a32   0x08000a32   0x0000004a   Code   RO         1382    .text.osRtxMemoryPoolFree  RTX_CM3.lib(rtx_mempool.o)
    0x08000a7c   0x08000a7c   0x00000036   Code   RO         1378    .text.osRtxMemoryPoolInit  RTX_CM3.lib(rtx_mempool.o)
    0x08000ab2   0x08000ab2   0x000000ba   Code   RO         1290    .text.osRtxMessageQueuePostProcess  RTX_CM3.lib(rtx_msgqueue.o)
    0x08000b6c   0x08000b6c   0x00000048   Code   RO         1223    .text.osRtxMutexOwnerRelease  RTX_CM3.lib(rtx_mutex.o)
    0x08000bb4   0x08000bb4   0x00000042   Code   RO         1225    .text.osRtxMutexOwnerRestore  RTX_CM3.lib(rtx_mutex.o)
    0x08000bf6   0x08000bf6   0x00000002   PAD
    0x08000bf8   0x08000bf8   0x0000008c   Code   RO         1433    .text.osRtxPendSV_Handler  RTX_CM3.lib(rtx_system.o)
    0x08000c84   0x08000c84   0x00000074   Code   RO         1435    .text.osRtxPostProcess  RTX_CM3.lib(rtx_system.o)
    0x08000cf8   0x08000cf8   0x00000038   Code   RO         1093    .text.osRtxThreadBlock  RTX_CM3.lib(rtx_thread.o)
    0x08000d30   0x08000d30   0x00000074   Code   RO         1101    .text.osRtxThreadDelayInsert  RTX_CM3.lib(rtx_thread.o)
    0x08000da4   0x08000da4   0x0000003c   Code   RO         1097    .text.osRtxThreadDelayRemove  RTX_CM3.lib(rtx_thread.o)
    0x08000de0   0x08000de0   0x0000004c   Code   RO         1081    .text.osRtxThreadDelayTick  RTX_CM3.lib(rtx_thread.o)
    0x08000e2c   0x08000e2c   0x00000058   Code   RO         1091    .text.osRtxThreadDispatch  RTX_CM3.lib(rtx_thread.o)
    0x08000e84   0x08000e84   0x00000058   Code   RO         1177    .text.osRtxThreadFree  RTX_CM3.lib(rtx_thread.o)
    0x08000edc   0x08000edc   0x00000012   Code   RO         1073    .text.osRtxThreadListGet  RTX_CM3.lib(rtx_thread.o)
    0x08000eee   0x08000eee   0x0000002c   Code   RO         1071    .text.osRtxThreadListPut  RTX_CM3.lib(rtx_thread.o)
    0x08000f1a   0x08000f1a   0x00000014   Code   RO         1077    .text.osRtxThreadListRemove  RTX_CM3.lib(rtx_thread.o)
    0x08000f2e   0x08000f2e   0x0000000c   Code   RO         1083    .text.osRtxThreadListRoot  RTX_CM3.lib(rtx_thread.o)
    0x08000f3a   0x08000f3a   0x00000026   Code   RO         1075    .text.osRtxThreadListSort  RTX_CM3.lib(rtx_thread.o)
    0x08000f60   0x08000f60   0x00000028   Code   RO         1151    .text.osRtxThreadPostProcess  RTX_CM3.lib(rtx_thread.o)
    0x08000f88   0x08000f88   0x00000014   Code   RO         1079    .text.osRtxThreadReadyPut  RTX_CM3.lib(rtx_thread.o)
    0x08000f9c   0x08000f9c   0x00000006   Code   RO         1085    .text.osRtxThreadRegPtr  RTX_CM3.lib(rtx_thread.o)
    0x08000fa2   0x08000fa2   0x00000002   PAD
    0x08000fa4   0x08000fa4   0x00000028   Code   RO         1089    .text.osRtxThreadStackCheck  RTX_CM3.lib(rtx_thread.o)
    0x08000fcc   0x08000fcc   0x00000040   Code   RO         1103    .text.osRtxThreadStartup  RTX_CM3.lib(rtx_thread.o)
    0x0800100c   0x0800100c   0x00000010   Code   RO         1087    .text.osRtxThreadSwitch  RTX_CM3.lib(rtx_thread.o)
    0x0800101c   0x0800101c   0x00000038   Code   RO         1099    .text.osRtxThreadWaitEnter  RTX_CM3.lib(rtx_thread.o)
    0x08001054   0x08001054   0x00000024   Code   RO         1095    .text.osRtxThreadWaitExit  RTX_CM3.lib(rtx_thread.o)
    0x08001078   0x08001078   0x00000070   Code   RO         1431    .text.osRtxTick_Handler  RTX_CM3.lib(rtx_system.o)
    0x080010e8   0x080010e8   0x0000003c   Code   RO         1322    .text.osRtxTimerThread  RTX_CM3.lib(rtx_timer.o)
    0x08001124   0x08001124   0x00000054   Code   RO         1324    .text.osRtxTimerTick  RTX_CM3.lib(rtx_timer.o)
    0x08001178   0x08001178   0x0000000c   Code   RO         1135    .text.osThreadExit  RTX_CM3.lib(rtx_thread.o)
    0x08001184   0x08001184   0x00000024   Code   RO         1107    .text.osThreadNew   RTX_CM3.lib(rtx_thread.o)
    0x080011a8   0x080011a8   0x00000024   Code   RO         1125    .text.osThreadYield  RTX_CM3.lib(rtx_thread.o)
    0x080011cc   0x080011cc   0x00000014   Code   RO         1210    .text.svcRtxDelay   RTX_CM3.lib(rtx_delay.o)
    0x080011e0   0x080011e0   0x0000000c   Code   RO         1016    .text.svcRtxKernelGetState  RTX_CM3.lib(rtx_kernel.o)
    0x080011ec   0x080011ec   0x00000150   Code   RO         1046    .text.svcRtxKernelInitialize  RTX_CM3.lib(rtx_kernel.o)
    0x0800133c   0x0800133c   0x00000088   Code   RO         1048    .text.svcRtxKernelStart  RTX_CM3.lib(rtx_kernel.o)
    0x080013c4   0x080013c4   0x000000e0   Code   RO         1302    .text.svcRtxMessageQueueGet  RTX_CM3.lib(rtx_msgqueue.o)
    0x080014a4   0x080014a4   0x00000130   Code   RO         1288    .text.svcRtxMessageQueueNew  RTX_CM3.lib(rtx_msgqueue.o)
    0x080015d4   0x080015d4   0x000000c0   Code   RO         1298    .text.svcRtxMessageQueuePut  RTX_CM3.lib(rtx_msgqueue.o)
    0x08001694   0x08001694   0x00000094   Code   RO         1243    .text.svcRtxMutexAcquire  RTX_CM3.lib(rtx_mutex.o)
    0x08001728   0x08001728   0x000000b0   Code   RO         1249    .text.svcRtxMutexDelete  RTX_CM3.lib(rtx_mutex.o)
    0x080017d8   0x080017d8   0x00000068   Code   RO         1239    .text.svcRtxMutexNew  RTX_CM3.lib(rtx_mutex.o)
    0x08001840   0x08001840   0x000000b4   Code   RO         1245    .text.svcRtxMutexRelease  RTX_CM3.lib(rtx_mutex.o)
    0x080018f4   0x080018f4   0x00000068   Code   RO         1181    .text.svcRtxThreadExit  RTX_CM3.lib(rtx_thread.o)
    0x0800195c   0x0800195c   0x000001d0   Code   RO         1105    .text.svcRtxThreadNew  RTX_CM3.lib(rtx_thread.o)
    0x08001b2c   0x08001b2c   0x00000038   Code   RO         1167    .text.svcRtxThreadYield  RTX_CM3.lib(rtx_thread.o)
    0x08001b64   0x08001b64   0x00000116   Code   RO          431    i.GPIO_Init         stm32f10x_gpio.o
    0x08001c7a   0x08001c7a   0x0000000a   Code   RO          442    i.GPIO_WriteBit     stm32f10x_gpio.o
    0x08001c84   0x08001c84   0x00000020   Code   RO          553    i.RCC_APB1PeriphClockCmd  stm32f10x_rcc.o
    0x08001ca4   0x08001ca4   0x00000020   Code   RO          554    i.RCC_APB1PeriphResetCmd  stm32f10x_rcc.o
    0x08001cc4   0x08001cc4   0x00000020   Code   RO          555    i.RCC_APB2PeriphClockCmd  stm32f10x_rcc.o
    0x08001ce4   0x08001ce4   0x00000020   Code   RO          556    i.RCC_APB2PeriphResetCmd  stm32f10x_rcc.o
    0x08001d04   0x08001d04   0x000000d4   Code   RO          563    i.RCC_GetClocksFreq  stm32f10x_rcc.o
    0x08001dd8   0x08001dd8   0x00000008   Code   RO          962    i.SetSysClock       system_stm32f10x.o
    0x08001de0   0x08001de0   0x000000e0   Code   RO          963    i.SetSysClockTo72   system_stm32f10x.o
    0x08001ec0   0x08001ec0   0x00000068   Code   RO            5    i.SvVis3_init       svvis_cortex.o
    0x08001f28   0x08001f28   0x00000016   Code   RO            8    i.SvVis3_recv_message  svvis_cortex.o
    0x08001f3e   0x08001f3e   0x0000003a   Code   RO            9    i.SvVis3_send_I16   svvis_cortex.o
    0x08001f78   0x08001f78   0x00000036   Code   RO           10    i.SvVis3_send_I32   svvis_cortex.o
    0x08001fae   0x08001fae   0x00000038   Code   RO           11    i.SvVis3_send_float  svvis_cortex.o
    0x08001fe6   0x08001fe6   0x00000016   Code   RO           12    i.SvVis3_send_message  svvis_cortex.o
    0x08001ffc   0x08001ffc   0x00000070   Code   RO           13    i.SvVis3_send_string  svvis_cortex.o
    0x0800206c   0x0800206c   0x000000a4   Code   RO          964    i.SystemCoreClockUpdate  system_stm32f10x.o
    0x08002110   0x08002110   0x00000060   Code   RO          965    i.SystemInit        system_stm32f10x.o
    0x08002170   0x08002170   0x00000022   Code   RO          765    i.USART_ClockInit   stm32f10x_usart.o
    0x08002192   0x08002192   0x00000018   Code   RO          767    i.USART_Cmd         stm32f10x_usart.o
    0x080021aa   0x080021aa   0x00000002   PAD
    0x080021ac   0x080021ac   0x0000009c   Code   RO          769    i.USART_DeInit      stm32f10x_usart.o
    0x08002248   0x08002248   0x0000001a   Code   RO          770    i.USART_GetFlagStatus  stm32f10x_usart.o
    0x08002262   0x08002262   0x00000002   PAD
    0x08002264   0x08002264   0x000000d8   Code   RO          774    i.USART_Init        stm32f10x_usart.o
    0x0800233c   0x0800233c   0x0000000a   Code   RO          781    i.USART_ReceiveData  stm32f10x_usart.o
    0x08002346   0x08002346   0x00000008   Code   RO          784    i.USART_SendData    stm32f10x_usart.o
    0x0800234e   0x0800234e   0x00000022   Code   RO           14    i.USART_send_byte   svvis_cortex.o
    0x08002370   0x08002370   0x00000020   Code   RO           15    i.USART_send_bytes  svvis_cortex.o
    0x08002390   0x08002390   0x00000016   Code   RO          254    i._mutex_acquire    rtx_lib.o
    0x080023a6   0x080023a6   0x0000000c   Code   RO          255    i._mutex_free       rtx_lib.o
    0x080023b2   0x080023b2   0x00000022   Code   RO          256    i._mutex_initialize  rtx_lib.o
    0x080023d4   0x080023d4   0x00000012   Code   RO          257    i._mutex_release    rtx_lib.o
    0x080023e6   0x080023e6   0x00000008   Code   RO          258    i._platform_post_stackheap_init  rtx_lib.o
    0x080023ee   0x080023ee   0x00000032   Code   RO          211    i.chid2len          svvis_cortex_threads.o
    0x08002420   0x08002420   0x0000002c   Code   RO          163    i.dil_led_blink     svvis_cortex_test.o
    0x0800244c   0x0800244c   0x0000002c   Code   RO          164    i.dil_led_init      svvis_cortex_test.o
    0x08002478   0x08002478   0x00000128   Code   RO           16    i.init_usart        svvis_cortex.o
    0x080025a0   0x080025a0   0x00000038   Code   RO          165    i.main              svvis_cortex_test.o
    0x080025d8   0x080025d8   0x000000ec   Code   RO          166    i.main_thread_func  svvis_cortex_test.o
    0x080026c4   0x080026c4   0x00000020   Code   RO          343    i.osRtxErrorNotify  rtx_config.o
    0x080026e4   0x080026e4   0x00000004   Code   RO          344    i.osRtxIdleThread   rtx_config.o
    0x080026e8   0x080026e8   0x00000020   Code   RO          259    i.os_kernel_is_active  rtx_lib.o
    0x08002708   0x08002708   0x000000c0   Code   RO          212    i.recv_thread       svvis_cortex_threads.o
    0x080027c8   0x080027c8   0x0000002e   Code   RO          213    i.send_thread       svvis_cortex_threads.o
    0x080027f6   0x080027f6   0x00000034   Code   RO          214    i.usart_thread      svvis_cortex_threads.o
    0x0800282a   0x0800282a   0x00000002   PAD
    0x0800282c   0x0800282c   0x00000026   Code   RO         1495    x$fpl$ffltu         fz_ws.l(fflt_clz.o)
    0x08002852   0x08002852   0x00000000   Code   RO         1504    x$fpl$usenofp       fz_ws.l(usenofp.o)
    0x08002852   0x08002852   0x00000002   PAD
    0x08002854   0x08002854   0x00000024   Data   RO           17    .constdata          svvis_cortex.o
    0x08002878   0x08002878   0x00000064   Data   RO          266    .constdata          rtx_lib.o
    0x080028dc   0x080028dc   0x00000001   Data   RO         1316    .constdata          RTX_CM3.lib(irq_cm3.o)
    0x080028dd   0x080028dd   0x00000003   PAD
    0x080028e0   0x080028e0   0x000000a0   Data   RO          268    .rodata             rtx_lib.o
    0x08002980   0x08002980   0x0000000b   Data   RO         1060    .rodata.str1.4      RTX_CM3.lib(rtx_kernel.o)
    0x0800298b   0x0800298b   0x00000001   PAD
    0x0800298c   0x0800298c   0x00000020   Data   RO         1655    Region$$Table       anon$$obj.o


    Execution Region ER_RW (Exec base: 0x20000000, Load base: 0x080029ac, Size: 0x000013bc, Max: 0xffffffff, ABSOLUTE, COMPRESSED[0x0000004c])

    Exec Addr    Load Addr    Size         Type   Attr      Idx    E Section Name        Object

    0x20000000   COMPRESSED   0x00001040   Data   RW          260    .bss.os             rtx_lib.o
    0x20001040   COMPRESSED   0x00000034   Data   RW          262    .bss.os.msgqueue.cb  rtx_lib.o
    0x20001074   COMPRESSED   0x00000050   Data   RW          263    .bss.os.msgqueue.mem  rtx_lib.o
    0x200010c4   COMPRESSED   0x00000088   Data   RW          264    .bss.os.thread.cb   rtx_lib.o
    0x2000114c   COMPRESSED   0x00000004   PAD
    0x20001150   COMPRESSED   0x00000190   Data   RW          265    .bss.os.thread.stack  rtx_lib.o
    0x200012e0   COMPRESSED   0x00000008   Data   RW          167    .data               svvis_cortex_test.o
    0x200012e8   COMPRESSED   0x00000005   Data   RW          267    .data               rtx_lib.o
    0x200012ed   COMPRESSED   0x00000014   Data   RW          583    .data               stm32f10x_rcc.o
    0x20001301   COMPRESSED   0x00000003   PAD
    0x20001304   COMPRESSED   0x00000014   Data   RW          966    .data               system_stm32f10x.o
    0x20001318   COMPRESSED   0x000000a4   Data   RW         1061    .data.os            RTX_CM3.lib(rtx_kernel.o)


    Execution Region ER_ZI (Exec base: 0x200013bc, Load base: 0x080029f8, Size: 0x00000664, Max: 0xffffffff, ABSOLUTE)

    Exec Addr    Load Addr    Size         Type   Attr      Idx    E Section Name        Object

    0x200013bc        -       0x00000060   Zero   RW         1529    .bss                c_w.l(libspace.o)
    0x2000141c        -       0x00000001   Zero   RW         1464    .bss.PendST         RTX_CM3.lib(os_systick.o)
    0x2000141d   0x080029f8   0x00000003   PAD
    0x20001420        -       0x00000200   Zero   RW          953    HEAP                startup_stm32f10x_md.o
    0x20001620        -       0x00000400   Zero   RW          952    STACK               startup_stm32f10x_md.o


==============================================================================

Image component sizes


      Code (inc. data)   RO Data    RW Data    ZI Data      Debug   Object Name

        36          6          0          0          0        981   rtx_config.o
       126          4        260       4833          0      15902   rtx_lib.o
        64         26        236          0       1536        820   startup_stm32f10x_md.o
       288          0          0          0          0       2692   stm32f10x_gpio.o
       340         44          0         20          0       5816   stm32f10x_rcc.o
       474         28          0          0          0       6121   stm32f10x_usart.o
       790         42         36          0          0     242621   svvis_cortex.o
       380        100          0          8          0       3563   svvis_cortex_test.o
       340          0          0          0          0       2602   svvis_cortex_threads.o
       492         50          0         20          0       2917   system_stm32f10x.o

    ----------------------------------------------------------------------
      3336        300        564       4888       1536     284035   Object Totals
         0          0         32          0          0          0   (incl. Generated)
         6          0          0          7          0          0   (incl. Padding)

    ----------------------------------------------------------------------

      Code (inc. data)   RO Data    RW Data    ZI Data      Debug   Library Member Name

       148         10          1          0          0        488   irq_cm3.o
       126         32          0          0          1       3105   os_systick.o
        56          4          0          0          0       2854   rtx_delay.o
       614         48         11        164          0      17231   rtx_kernel.o
       242          0          0          0          0       2478   rtx_memory.o
       186          0          0          0          0      16576   rtx_mempool.o
      1350         28          0          0          0      18694   rtx_msgqueue.o
       890         32          0          0          0      10004   rtx_mutex.o
       368         26          0          0          0       5437   rtx_system.o
      1712        100          0          0          0      32739   rtx_thread.o
       216         20          0          0          0      10445   rtx_timer.o
        90          0          0          0          0          0   __dczerorl2.o
         8          0          0          0          0         68   __main.o
         0          0          0          0          0          0   __rtentry.o
        20          0          0          0          0          0   __rtentry2.o
         6          0          0          0          0          0   __rtentry4.o
        52          8          0          0          0          0   __scatter.o
        28          0          0          0          0          0   __scatter_zi.o
        18          0          0          0          0         80   exit.o
         6          0          0          0          0        152   heapauxi.o
         0          0          0          0          0          0   indicate_semi.o
         2          0          0          0          0          0   libinit.o
         2          0          0          0          0          0   libinit2.o
         2          0          0          0          0          0   libshutdown.o
         2          0          0          0          0          0   libshutdown2.o
         8          4          0          0         96         68   libspace.o
        68          0          0          0          0         68   rt_memclr.o
        78          0          0          0          0         80   rt_memclr_w.o
       138          0          0          0          0         68   rt_memcpy_v6.o
       100          0          0          0          0         80   rt_memcpy_w.o
         2          0          0          0          0          0   rtexit.o
        10          0          0          0          0          0   rtexit2.o
        62          0          0          0          0         76   strlen.o
        12          4          0          0          0         68   sys_exit.o
        74          0          0          0          0         80   sys_stackheap_outer.o
         2          0          0          0          0         68   use_no_semi.o
        38          0          0          0          0         68   fflt_clz.o
         0          0          0          0          0          0   usenofp.o

    ----------------------------------------------------------------------
      6752        316         16        164        100     121075   Library Totals
        16          0          4          0          3          0   (incl. Padding)

    ----------------------------------------------------------------------

      Code (inc. data)   RO Data    RW Data    ZI Data      Debug   Library Name

      5908        300         12        164          1     120051   RTX_CM3.lib
       790         16          0          0         96        956   c_w.l
        38          0          0          0          0         68   fz_ws.l

    ----------------------------------------------------------------------
      6752        316         16        164        100     121075   Library Totals

    ----------------------------------------------------------------------

==============================================================================


      Code (inc. data)   RO Data    RW Data    ZI Data      Debug   

     10088        616        580       5052       1636     402310   Grand Totals
     10088        616        580         76       1636     402310   ELF Image Totals (compressed)
     10088        616        580         76          0          0   ROM Totals

==============================================================================

    Total RO  Size (Code + RO Data)                10668 (  10.42kB)
    Total RW  Size (RW Data + ZI Data)              6688 (   6.53kB)
    Total ROM Size (Code + RO Data + RW Data)      10744 (  10.49kB)

==============================================================================

