Component: ARM Compiler 5.06 update 5 (build 528) Tool: armlink [4d35e2]

==============================================================================

Section Cross References

    svvis_cortex.o(i.SvVis3_apply_msg) refers to fflt_clz.o(x$fpl$fflt) for __aeabi_i2f
    svvis_cortex.o(i.SvVis3_apply_msg) refers to ffix.o(x$fpl$ffix) for __aeabi_f2iz
    svvis_cortex.o(i.SvVis3_init) refers to svvis_cortex.o(i.init_usart) for init_usart
    svvis_cortex.o(i.SvVis3_init) refers to rtx_msgqueue.o(.text.osMessageQueueNew) for osMessageQueueNew
    svvis_cortex.o(i.SvVis3_init) refers to rtx_thread.o(.text.osThreadNew) for osThreadNew
    svvis_cortex.o(i.SvVis3_init) refers to svvis_cortex_threads.o(i.usart_thread) for usart_thread
    svvis_cortex.o(i.SvVis3_init) refers to svvis_cortex_threads.o(i.recv_thread) for recv_thread
    svvis_cortex.o(i.SvVis3_init) refers to svvis_cortex_threads.o(i.send_thread) for send_thread
    svvis_cortex.o(i.SvVis3_message_extract_string) refers to strcpy.o(.text) for strcpy
    svvis_cortex.o(i.SvVis3_message_is_string) refers to strcpy.o(.text) for strcpy
    svvis_cortex.o(i.SvVis3_recv_message) refers to rtx_msgqueue.o(.text.osMessageQueueGet) for osMessageQueueGet
    svvis_cortex.o(i.SvVis3_send_I16) refers to rt_memclr_w.o(.text) for __aeabi_memclr4
    svvis_cortex.o(i.SvVis3_send_I16) refers to svvis_cortex.o(i.SvVis3_send_message) for SvVis3_send_message
    svvis_cortex.o(i.SvVis3_send_I32) refers to rt_memclr_w.o(.text) for __aeabi_memclr4
    svvis_cortex.o(i.SvVis3_send_I32) refers to svvis_cortex.o(i.SvVis3_send_message) for SvVis3_send_message
    svvis_cortex.o(i.SvVis3_send_float) refers to rt_memclr_w.o(.text) for __aeabi_memclr4
    svvis_cortex.o(i.SvVis3_send_float) refers to svvis_cortex.o(i.SvVis3_send_message) for SvVis3_send_message
    svvis_cortex.o(i.SvVis3_send_message) refers to rtx_thread.o(.text.osThreadYield) for osThreadYield
    svvis_cortex.o(i.SvVis3_send_message) refers to rtx_msgqueue.o(.text.osMessageQueueGetSpace) for osMessageQueueGetSpace
    svvis_cortex.o(i.SvVis3_send_message) refers to rtx_msgqueue.o(.text.osMessageQueuePut) for osMessageQueuePut
    svvis_cortex.o(i.SvVis3_send_string) refers to strlen.o(.text) for strlen
    svvis_cortex.o(i.SvVis3_send_string) refers to rt_memcpy_w.o(.text) for __aeabi_memcpy4
    svvis_cortex.o(i.SvVis3_send_string) refers to rt_memcpy_v6.o(.text) for __aeabi_memcpy
    svvis_cortex.o(i.SvVis3_send_string) refers to svvis_cortex.o(i.SvVis3_send_message) for SvVis3_send_message
    svvis_cortex.o(i.SvVis3_send_string) refers to svvis_cortex.o(.constdata) for .constdata
    svvis_cortex.o(i.USART_send_byte) refers to rtx_thread.o(.text.osThreadYield) for osThreadYield
    svvis_cortex.o(i.USART_send_byte) refers to stm32f10x_usart.o(i.USART_GetFlagStatus) for USART_GetFlagStatus
    svvis_cortex.o(i.USART_send_byte) refers to stm32f10x_usart.o(i.USART_SendData) for USART_SendData
    svvis_cortex.o(i.USART_send_bytes) refers to svvis_cortex.o(i.USART_send_byte) for USART_send_byte
    svvis_cortex.o(i.init_usart) refers to system_stm32f10x.o(i.SystemCoreClockUpdate) for SystemCoreClockUpdate
    svvis_cortex.o(i.init_usart) refers to stm32f10x_rcc.o(i.RCC_APB2PeriphClockCmd) for RCC_APB2PeriphClockCmd
    svvis_cortex.o(i.init_usart) refers to stm32f10x_gpio.o(i.GPIO_Init) for GPIO_Init
    svvis_cortex.o(i.init_usart) refers to stm32f10x_rcc.o(i.RCC_APB1PeriphClockCmd) for RCC_APB1PeriphClockCmd
    svvis_cortex.o(i.init_usart) refers to stm32f10x_usart.o(i.USART_DeInit) for USART_DeInit
    svvis_cortex.o(i.init_usart) refers to stm32f10x_usart.o(i.USART_ClockInit) for USART_ClockInit
    svvis_cortex.o(i.init_usart) refers to stm32f10x_usart.o(i.USART_Init) for USART_Init
    svvis_cortex.o(i.init_usart) refers to stm32f10x_usart.o(i.USART_Cmd) for USART_Cmd
    svvis_cortex_threads.o(i.recv_thread) refers to rtx_msgqueue.o(.text.osMessageQueueGet) for osMessageQueueGet
    svvis_cortex_threads.o(i.recv_thread) refers to svvis_cortex_threads.o(i.chid2len) for chid2len
    svvis_cortex_threads.o(i.recv_thread) refers to rtx_msgqueue.o(.text.osMessageQueuePut) for osMessageQueuePut
    svvis_cortex_threads.o(i.send_thread) refers to rtx_msgqueue.o(.text.osMessageQueueGet) for osMessageQueueGet
    svvis_cortex_threads.o(i.send_thread) refers to svvis_cortex.o(i.USART_send_byte) for USART_send_byte
    svvis_cortex_threads.o(i.send_thread) refers to svvis_cortex.o(i.USART_send_bytes) for USART_send_bytes
    svvis_cortex_threads.o(i.usart_thread) refers to rtx_thread.o(.text.osThreadYield) for osThreadYield
    svvis_cortex_threads.o(i.usart_thread) refers to stm32f10x_usart.o(i.USART_GetFlagStatus) for USART_GetFlagStatus
    svvis_cortex_threads.o(i.usart_thread) refers to stm32f10x_usart.o(i.USART_ReceiveData) for USART_ReceiveData
[...]
    Removing rtx_system.o(.ARM.exidx.text.osRtxPostProcess), (8 bytes).
    Removing rtx_system.o(.ARM.exidx.text.osRtxSysTimerSetup), (8 bytes).
    Removing rtx_system.o(.ARM.exidx.text.osRtxSysTimerEnable), (8 bytes).
    Removing rtx_system.o(.text.osRtxSysTimerDisable), (14 bytes).
    Removing rtx_system.o(.ARM.exidx.text.osRtxSysTimerDisable), (8 bytes).
    Removing rtx_system.o(.text.osRtxSysTimerGetCount), (58 bytes).
    Removing rtx_system.o(.ARM.exidx.text.osRtxSysTimerGetCount), (8 bytes).
    Removing rtx_system.o(.text.osRtxSysTimerGetFreq), (12 bytes).
    Removing rtx_system.o(.ARM.exidx.text.osRtxSysTimerGetFreq), (8 bytes).

407 unused section(s) (total 13534 bytes) removed from the image.

==============================================================================

Image Symbol Table

    Local Symbols

    Symbol Name                              Value     Ov Type        Size  Object(Section)

    ../../../Source/rtx_kernel.c             0x00000000   Number         0  rtx_kernel.o ABSOLUTE
    ../../../Source/rtx_memory.c             0x00000000   Number         0  rtx_memory.o ABSOLUTE
    ../../../Source/rtx_mempool.c            0x00000000   Number         0  rtx_mempool.o ABSOLUTE
    ../../../Source/rtx_msgqueue.c           0x00000000   Number         0  rtx_msgqueue.o ABSOLUTE
    ../../../Source/rtx_mutex.c              0x00000000   Number         0  rtx_mutex.o ABSOLUTE
    ../../../Source/rtx_system.c             0x00000000   Number         0  rtx_system.o ABSOLUTE
    ../../../Source/rtx_thread.c             0x00000000   Number         0  rtx_thread.o ABSOLUTE
    ../../../Source/rtx_timer.c              0x00000000   Number         0  rtx_timer.o ABSOLUTE
    ../clib/angel/boardlib.s                 0x00000000   Number         0  boardshut.o ABSOLUTE
    ../clib/angel/boardlib.s                 0x00000000   Number         0  boardinit3.o ABSOLUTE
    ../clib/angel/boardlib.s                 0x00000000   Number         0  boardinit1.o ABSOLUTE
    ../clib/angel/dczerorl2.s                0x00000000   Number         0  __dczerorl2.o ABSOLUTE
    ../clib/angel/handlers.s                 0x00000000   Number         0  __scatter_zi.o ABSOLUTE
    ../clib/angel/kernel.s                   0x00000000   Number         0  __rtentry4.o ABSOLUTE
    ../clib/angel/kernel.s                   0x00000000   Number         0  __rtentry2.o ABSOLUTE
    ../clib/angel/kernel.s                   0x00000000   Number         0  __rtentry.o ABSOLUTE
    ../clib/angel/kernel.s                   0x00000000   Number         0  rtexit2.o ABSOLUTE
    ../clib/angel/kernel.s                   0x00000000   Number         0  rtexit.o ABSOLUTE
    ../clib/angel/rt.s                       0x00000000   Number         0  rt_raise.o ABSOLUTE
    ../clib/angel/scatter.s                  0x00000000   Number         0  __scatter.o ABSOLUTE
    ../clib/angel/startup.s                  0x00000000   Number         0  __main.o ABSOLUTE
    ../clib/angel/sys.s                      0x00000000   Number         0  sys_stackheap_outer.o ABSOLUTE
    ../clib/angel/sys.s                      0x00000000   Number         0  indicate_semi.o ABSOLUTE
    ../clib/angel/sys.s                      0x00000000   Number         0  use_no_semi.o ABSOLUTE
    ../clib/angel/sys.s                      0x00000000   Number         0  libspace.o ABSOLUTE
    ../clib/angel/sysapp.c                   0x00000000   Number         0  sys_wrch.o ABSOLUTE
    ../clib/angel/sysapp.c                   0x00000000   Number         0  sys_exit.o ABSOLUTE
    ../clib/angel/sysapp.c                   0x00000000   Number         0  sys_command.o ABSOLUTE
    ../clib/armsys.c                         0x00000000   Number         0  no_argv.o ABSOLUTE
    ../clib/armsys.c                         0x00000000   Number         0  argv_veneer.o ABSOLUTE
    ../clib/armsys.c                         0x00000000   Number         0  _get_argv_nomalloc.o ABSOLUTE
    ../clib/armsys.c                         0x00000000   Number         0  argv_veneer.o ABSOLUTE
    ../clib/heapalloc.c                      0x00000000   Number         0  hrguard.o ABSOLUTE
    ../clib/heapaux.c                        0x00000000   Number         0  heapauxi.o ABSOLUTE
    ../clib/libinit.s                        0x00000000   Number         0  libshutdown.o ABSOLUTE
    ../clib/libinit.s                        0x00000000   Number         0  libinit.o ABSOLUTE
    ../clib/libinit.s                        0x00000000   Number         0  libshutdown2.o ABSOLUTE
    ../clib/libinit.s                        0x00000000   Number         0  libinit2.o ABSOLUTE
    ../clib/memcpset.s                       0x00000000   Number         0  rt_memclr_w.o ABSOLUTE
    ../clib/memcpset.s                       0x00000000   Number         0  rt_memclr.o ABSOLUTE
    ../clib/memcpset.s                       0x00000000   Number         0  rt_memcpy_w.o ABSOLUTE
    ../clib/memcpset.s                       0x00000000   Number         0  rt_memcpy_v6.o ABSOLUTE
    ../clib/memcpset.s                       0x00000000   Number         0  aeabi_memset4.o ABSOLUTE
    ../clib/memcpset.s                       0x00000000   Number         0  strcmpv7m.o ABSOLUTE
    ../clib/signal.c                         0x00000000   Number         0  defsig_rtmem_outer.o ABSOLUTE
    ../clib/signal.c                         0x00000000   Number         0  defsig_exit.o ABSOLUTE
    ../clib/signal.c                         0x00000000   Number         0  defsig_rtmem_inner.o ABSOLUTE
    ../clib/signal.c                         0x00000000   Number         0  defsig_general.o ABSOLUTE
    ../clib/signal.c                         0x00000000   Number         0  __raise.o ABSOLUTE
    ../clib/signal.c                         0x00000000   Number         0  defsig_rtmem_formal.o ABSOLUTE
    ../clib/signal.c                         0x00000000   Number         0  defsig_fpe_inner.o ABSOLUTE
    ../clib/signal.c                         0x00000000   Number         0  defsig_rtred_inner.o ABSOLUTE
    ../clib/signal.c                         0x00000000   Number         0  defsig_stak_inner.o ABSOLUTE
    ../clib/signal.c                         0x00000000   Number         0  defsig_pvfn_inner.o ABSOLUTE
    ../clib/signal.c                         0x00000000   Number         0  defsig_cppl_inner.o ABSOLUTE
    ../clib/signal.c                         0x00000000   Number         0  defsig_other.o ABSOLUTE
    ../clib/signal.c                         0x00000000   Number         0  defsig_segv_inner.o ABSOLUTE
    ../clib/signal.c                         0x00000000   Number         0  defsig_abrt_inner.o ABSOLUTE
    ../clib/signal.s                         0x00000000   Number         0  defsig.o ABSOLUTE
    ../clib/stdlib.c                         0x00000000   Number         0  exit.o ABSOLUTE
    ../clib/string.c                         0x00000000   Number         0  strcpy.o ABSOLUTE
    ../clib/string.c                         0x00000000   Number         0  strlen.o ABSOLUTE
    ../fplib/ffix.s                          0x00000000   Number         0  ffix.o ABSOLUTE
    ../fplib/fflt.s                          0x00000000   Number         0  fflt_clz.o ABSOLUTE
    ../fplib/fnaninf.s                       0x00000000   Number         0  fnaninf.o ABSOLUTE
    ../fplib/fpinit.s                        0x00000000   Number         0  fpinit.o ABSOLUTE
    ../fplib/usenofp.s                       0x00000000   Number         0  usenofp.o ABSOLUTE
    ..\..\..\Source\ARM\irq_cm3.s            0x00000000   Number         0  irq_cm3.o ABSOLUTE
    C:\Keil_v5\ARM\PACK\ARM\CMSIS\5.0.1\CMSIS\RTOS2\RTX\Source\rtx_lib.c 0x00000000   Number         0  rtx_lib.o ABSOLUTE
    C:\Keil_v5\ARM\PACK\Keil\STM32F1xx_DFP\2.3.0\Device\StdPeriph_Driver\src\misc.c 0x00000000   Number         0  misc.o ABSOLUTE
    C:\Keil_v5\ARM\PACK\Keil\STM32F1xx_DFP\2.3.0\Device\StdPeriph_Driver\src\stm32f10x_gpio.c 0x00000000   Number         0  stm32f10x_gpio.o ABSOLUTE
    C:\Keil_v5\ARM\PACK\Keil\STM32F1xx_DFP\2.3.0\Device\StdPeriph_Driver\src\stm32f10x_rcc.c 0x00000000   Number         0  stm32f10x_rcc.o ABSOLUTE
    C:\Keil_v5\ARM\PACK\Keil\STM32F1xx_DFP\2.3.0\Device\StdPeriph_Driver\src\stm32f10x_usart.c 0x00000000   Number         0  stm32f10x_usart.o ABSOLUTE
    C:\\Keil_v5\\ARM\\PACK\\ARM\\CMSIS\\5.0.1\\CMSIS\\RTOS2\\RTX\\Source\\rtx_lib.c 0x00000000   Number         0  rtx_lib.o ABSOLUTE
    C:\\Keil_v5\\ARM\\PACK\\Keil\\STM32F1xx_DFP\\2.3.0\\Device\\StdPeriph_Driver\\src\\misc.c 0x00000000   Number         0  misc.o ABSOLUTE
    C:\\Keil_v5\\ARM\\PACK\\Keil\\STM32F1xx_DFP\\2.3.0\\Device\\StdPeriph_Driver\\src\\stm32f10x_gpio.c 0x00000000   Number         0  stm32f10x_gpio.o ABSOLUTE
    C:\\Keil_v5\\ARM\\PACK\\Keil\\STM32F1xx_DFP\\2.3.0\\Device\\StdPeriph_Driver\\src\\stm32f10x_rcc.c 0x00000000   Number         0  stm32f10x_rcc.o ABSOLUTE
    C:\\Keil_v5\\ARM\\PACK\\Keil\\STM32F1xx_DFP\\2.3.0\\Device\\StdPeriph_Driver\\src\\stm32f10x_usart.c 0x00000000   Number         0  stm32f10x_usart.o ABSOLUTE
    RTE\CMSIS\RTX_Config.c                   0x00000000   Number         0  rtx_config.o ABSOLUTE
    RTE\Device\STM32F107RB\startup_stm32f10x_cl.s 0x00000000   Number         0  startup_stm32f10x_cl.o ABSOLUTE
    RTE\Device\STM32F107RB\system_stm32f10x.c 0x00000000   Number         0  system_stm32f10x.o ABSOLUTE
    RTE\\CMSIS\\RTX_Config.c                 0x00000000   Number         0  rtx_config.o ABSOLUTE
    RTE\\Device\\STM32F107RB\\system_stm32f10x.c 0x00000000   Number         0  system_stm32f10x.o ABSOLUTE
    SvVis_cortex.c                           0x00000000   Number         0  svvis_cortex.o ABSOLUTE
    SvVis_cortex.c                           0x00000000   Number         0  svvis_cortex.o ABSOLUTE
    SvVis_cortex_threads.c                   0x00000000   Number         0  svvis_cortex_threads.o ABSOLUTE
    SvVis_cortex_threads.c                   0x00000000   Number         0  svvis_cortex_threads.o ABSOLUTE
    dc.s                                     0x00000000   Number         0  dc.o ABSOLUTE
    main.c                                   0x00000000   Number         0  main.o ABSOLUTE
    main.c                                   0x00000000   Number         0  main.o ABSOLUTE
    motor_driver.c                           0x00000000   Number         0  motor_driver.o ABSOLUTE
    motor_driver.c                           0x00000000   Number         0  motor_driver.o ABSOLUTE
    RESET                                    0x08000000   Section      336  startup_stm32f10x_cl.o(RESET)
    !!!main                                  0x08000150   Section        8  __main.o(!!!main)
    !!!scatter                               0x08000158   Section       52  __scatter.o(!!!scatter)
    !!dczerorl2                              0x0800018c   Section       90  __dczerorl2.o(!!dczerorl2)
    !!handler_zi                             0x080001e8   Section       28  __scatter_zi.o(!!handler_zi)
    .ARM.Collect$$libinit$$00000000          0x08000204   Section        2  libinit.o(.ARM.Collect$$libinit$$00000000)
    .ARM.Collect$$libinit$$00000002          0x08000206   Section        0  libinit2.o(.ARM.Collect$$libinit$$00000002)
    .ARM.Collect$$libinit$$00000004          0x08000206   Section        0  libinit2.o(.ARM.Collect$$libinit$$00000004)
    .ARM.Collect$$libinit$$0000000A          0x08000206   Section        0  libinit2.o(.ARM.Collect$$libinit$$0000000A)
    .ARM.Collect$$libinit$$0000000C          0x08000206   Section        0  libinit2.o(.ARM.Collect$$libinit$$0000000C)
    .ARM.Collect$$libinit$$0000000E          0x08000206   Section        0  libinit2.o(.ARM.Collect$$libinit$$0000000E)
    .ARM.Collect$$libinit$$00000011          0x08000206   Section        0  libinit2.o(.ARM.Collect$$libinit$$00000011)
    .ARM.Collect$$libinit$$00000013          0x08000206   Section        0  libinit2.o(.ARM.Collect$$libinit$$00000013)
    .ARM.Collect$$libinit$$00000015          0x08000206   Section        0  libinit2.o(.ARM.Collect$$libinit$$00000015)
    .ARM.Collect$$libinit$$00000017          0x08000206   Section        0  libinit2.o(.ARM.Collect$$libinit$$00000017)
    .ARM.Collect$$libinit$$00000019          0x08000206   Section        0  libinit2.o(.ARM.Collect$$libinit$$00000019)
    .ARM.Collect$$libinit$$0000001B          0x08000206   Section        0  libinit2.o(.ARM.Collect$$libinit$$0000001B)
    .ARM.Collect$$libinit$$0000001D          0x08000206   Section        0  libinit2.o(.ARM.Collect$$libinit$$0000001D)
    .ARM.Collect$$libinit$$0000001F          0x08000206   Section        0  libinit2.o(.ARM.Collect$$libinit$$0000001F)
    .ARM.Collect$$libinit$$00000021          0x08000206   Section        0  libinit2.o(.ARM.Collect$$libinit$$00000021)
    .ARM.Collect$$libinit$$00000023          0x08000206   Section        0  libinit2.o(.ARM.Collect$$libinit$$00000023)
    .ARM.Collect$$libinit$$00000025          0x08000206   Section        0  libinit2.o(.ARM.Collect$$libinit$$00000025)
    .ARM.Collect$$libinit$$0000002C          0x08000206   Section        0  libinit2.o(.ARM.Collect$$libinit$$0000002C)
    .ARM.Collect$$libinit$$0000002E          0x08000206   Section        0  libinit2.o(.ARM.Collect$$libinit$$0000002E)
    .ARM.Collect$$libinit$$00000030          0x08000206   Section        0  libinit2.o(.ARM.Collect$$libinit$$00000030)
    .ARM.Collect$$libinit$$00000032          0x08000206   Section        0  libinit2.o(.ARM.Collect$$libinit$$00000032)
    .ARM.Collect$$libinit$$00000033          0x08000206   Section        2  libinit2.o(.ARM.Collect$$libinit$$00000033)
    .ARM.Collect$$libshutdown$$00000000      0x08000208   Section        2  libshutdown.o(.ARM.Collect$$libshutdown$$00000000)
    .ARM.Collect$$libshutdown$$00000002      0x0800020a   Section        0  libshutdown2.o(.ARM.Collect$$libshutdown$$00000002)
    .ARM.Collect$$libshutdown$$00000004      0x0800020a   Section        0  libshutdown2.o(.ARM.Collect$$libshutdown$$00000004)
    .ARM.Collect$$libshutdown$$00000007      0x0800020a   Section        0  libshutdown2.o(.ARM.Collect$$libshutdown$$00000007)
    .ARM.Collect$$libshutdown$$0000000A      0x0800020a   Section        0  libshutdown2.o(.ARM.Collect$$libshutdown$$0000000A)
    .ARM.Collect$$libshutdown$$0000000C      0x0800020a   Section        0  libshutdown2.o(.ARM.Collect$$libshutdown$$0000000C)
    .ARM.Collect$$libshutdown$$0000000F      0x0800020a   Section        0  libshutdown2.o(.ARM.Collect$$libshutdown$$0000000F)
    .ARM.Collect$$libshutdown$$00000010      0x0800020a   Section        2  libshutdown2.o(.ARM.Collect$$libshutdown$$00000010)
    .ARM.Collect$$rtentry$$00000000          0x0800020c   Section        0  __rtentry.o(.ARM.Collect$$rtentry$$00000000)
    .ARM.Collect$$rtentry$$00000002          0x0800020c   Section        0  __rtentry2.o(.ARM.Collect$$rtentry$$00000002)
    .ARM.Collect$$rtentry$$00000004          0x0800020c   Section        6  __rtentry4.o(.ARM.Collect$$rtentry$$00000004)
    .ARM.Collect$$rtentry$$00000008          0x08000212   Section        8  __rtentry2.o(.ARM.Collect$$rtentry$$00000008)
    .ARM.Collect$$rtentry$$0000000A          0x0800021a   Section        4  __rtentry2.o(.ARM.Collect$$rtentry$$0000000A)
    .ARM.Collect$$rtentry$$0000000C          0x0800021e   Section        0  __rtentry2.o(.ARM.Collect$$rtentry$$0000000C)
    .ARM.Collect$$rtentry$$0000000D          0x0800021e   Section        8  __rtentry2.o(.ARM.Collect$$rtentry$$0000000D)
    .ARM.Collect$$rtexit$$00000000           0x08000226   Section        2  rtexit.o(.ARM.Collect$$rtexit$$00000000)
    .ARM.Collect$$rtexit$$00000002           0x08000228   Section        0  rtexit2.o(.ARM.Collect$$rtexit$$00000002)
    .ARM.Collect$$rtexit$$00000003           0x08000228   Section        4  rtexit2.o(.ARM.Collect$$rtexit$$00000003)
    .ARM.Collect$$rtexit$$00000004           0x0800022c   Section        6  rtexit2.o(.ARM.Collect$$rtexit$$00000004)
    .text                                    0x08000234   Section       64  startup_stm32f10x_cl.o(.text)
    .text                                    0x08000274   Section      136  irq_cm3.o(.text)
    .text                                    0x080002fc   Section        0  strlen.o(.text)
    .text                                    0x0800033a   Section      138  rt_memcpy_v6.o(.text)
    .text                                    0x080003c4   Section      100  rt_memcpy_w.o(.text)
    .text                                    0x08000428   Section       16  aeabi_memset4.o(.text)
    .text                                    0x08000438   Section       68  rt_memclr.o(.text)
    .text                                    0x0800047c   Section       78  rt_memclr_w.o(.text)
    .text                                    0x080004cc   Section      128  strcmpv7m.o(.text)
    .text                                    0x0800054c   Section        0  heapauxi.o(.text)
    .text                                    0x08000552   Section       74  sys_stackheap_outer.o(.text)
    .text                                    0x0800059c   Section        0  exit.o(.text)
    .text                                    0x080005b0   Section        8  libspace.o(.text)
    .text                                    0x080005b8   Section        0  sys_exit.o(.text)
    .text                                    0x080005c4   Section        2  use_no_semi.o(.text)
    .text                                    0x080005c6   Section        0  indicate_semi.o(.text)
    [Anonymous Symbol]                       0x080005c8   Section        0  rtx_kernel.o(.text.osKernelGetState)
    [Anonymous Symbol]                       0x08000604   Section        0  rtx_kernel.o(.text.osKernelInitialize)
    [Anonymous Symbol]                       0x08000640   Section        0  rtx_kernel.o(.text.osKernelStart)
    [Anonymous Symbol]                       0x0800067c   Section        0  rtx_msgqueue.o(.text.osMessageQueueGet)
    [Anonymous Symbol]                       0x08000730   Section        0  rtx_msgqueue.o(.text.osMessageQueueGetSpace)
    [Anonymous Symbol]                       0x08000768   Section        0  rtx_msgqueue.o(.text.osMessageQueueNew)
    [Anonymous Symbol]                       0x080007a4   Section        0  rtx_msgqueue.o(.text.osMessageQueuePut)
    [Anonymous Symbol]                       0x08000828   Section        0  rtx_mutex.o(.text.osMutexAcquire)
    [Anonymous Symbol]                       0x0800084c   Section        0  rtx_mutex.o(.text.osMutexDelete)
    [Anonymous Symbol]                       0x08000870   Section        0  rtx_mutex.o(.text.osMutexNew)
    [Anonymous Symbol]                       0x080008ac   Section        0  rtx_mutex.o(.text.osMutexRelease)
    [Anonymous Symbol]                       0x080008d0   Section        0  rtx_memory.o(.text.osRtxMemoryAlloc)
    [Anonymous Symbol]                       0x08000940   Section        0  rtx_memory.o(.text.osRtxMemoryFree)
    [Anonymous Symbol]                       0x08000998   Section        0  rtx_memory.o(.text.osRtxMemoryInit)
    [Anonymous Symbol]                       0x080009c8   Section        0  rtx_mempool.o(.text.osRtxMemoryPoolAlloc)
    [Anonymous Symbol]                       0x08000a14   Section        0  rtx_mempool.o(.text.osRtxMemoryPoolFree)
    [Anonymous Symbol]                       0x08000a70   Section        0  rtx_mempool.o(.text.osRtxMemoryPoolInit)
    [Anonymous Symbol]                       0x08000ac0   Section        0  rtx_msgqueue.o(.text.osRtxMessageQueuePostProcess)
    [Anonymous Symbol]                       0x08000c80   Section        0  rtx_mutex.o(.text.osRtxMutexOwnerRelease)
    [Anonymous Symbol]                       0x08000ccc   Section        0  rtx_system.o(.text.osRtxPendSV_Handler)
    [Anonymous Symbol]                       0x08000d74   Section        0  rtx_system.o(.text.osRtxPostProcess)
    [Anonymous Symbol]                       0x08000dec   Section        0  rtx_system.o(.text.osRtxSysTimerAckIRQ)
    [Anonymous Symbol]                       0x08000df8   Section        0  rtx_system.o(.text.osRtxSysTimerEnable)
    [Anonymous Symbol]                       0x08000e08   Section        0  rtx_system.o(.text.osRtxSysTimerSetup)
    [Anonymous Symbol]                       0x08000e44   Section        0  rtx_thread.o(.text.osRtxThreadDelayTick)
    [Anonymous Symbol]                       0x08000ecc   Section        0  rtx_thread.o(.text.osRtxThreadDispatch)
    [Anonymous Symbol]                       0x08001024   Section        0  rtx_thread.o(.text.osRtxThreadListGet)
    [Anonymous Symbol]                       0x08001040   Section        0  rtx_thread.o(.text.osRtxThreadListPut)
    [Anonymous Symbol]                       0x08001078   Section        0  rtx_thread.o(.text.osRtxThreadListRemove)
    [Anonymous Symbol]                       0x08001094   Section        0  rtx_thread.o(.text.osRtxThreadListSort)
    [Anonymous Symbol]                       0x080010f4   Section        0  rtx_thread.o(.text.osRtxThreadPostProcess)
    [Anonymous Symbol]                       0x0800121c   Section        0  rtx_thread.o(.text.osRtxThreadReadyPut)
    [Anonymous Symbol]                       0x08001264   Section        0  rtx_thread.o(.text.osRtxThreadRegPtr)
    [Anonymous Symbol]                       0x0800126c   Section        0  rtx_thread.o(.text.osRtxThreadStackCheck)
    [Anonymous Symbol]                       0x0800129c   Section        0  rtx_thread.o(.text.osRtxThreadSwitch)
    [Anonymous Symbol]                       0x080012b0   Section        0  rtx_thread.o(.text.osRtxThreadWaitEnter)
    [Anonymous Symbol]                       0x08001394   Section        0  rtx_thread.o(.text.osRtxThreadWaitExit)
    [Anonymous Symbol]                       0x08001454   Section        0  rtx_system.o(.text.osRtxTick_Handler)
    [Anonymous Symbol]                       0x080014cc   Section        0  rtx_timer.o(.text.osRtxTimerTick)
    [Anonymous Symbol]                       0x08001578   Section        0  rtx_thread.o(.text.osThreadExit)
    [Anonymous Symbol]                       0x08001588   Section        0  rtx_thread.o(.text.osThreadNew)
    [Anonymous Symbol]                       0x080015c4   Section        0  rtx_thread.o(.text.osThreadYield)
    [Anonymous Symbol]                       0x080015e8   Section        0  rtx_kernel.o(.text.svcRtxKernelGetState)
    [Anonymous Symbol]                       0x080015f4   Section        0  rtx_kernel.o(.text.svcRtxKernelInitialize)
    [Anonymous Symbol]                       0x080017a0   Section        0  rtx_kernel.o(.text.svcRtxKernelStart)
    [Anonymous Symbol]                       0x08001838   Section        0  rtx_msgqueue.o(.text.svcRtxMessageQueueGet)
    [Anonymous Symbol]                       0x080019d4   Section        0  rtx_msgqueue.o(.text.svcRtxMessageQueueGetSpace)
    [Anonymous Symbol]                       0x080019f0   Section        0  rtx_msgqueue.o(.text.svcRtxMessageQueueNew)
    [Anonymous Symbol]                       0x08001b50   Section        0  rtx_msgqueue.o(.text.svcRtxMessageQueuePut)
    [Anonymous Symbol]                       0x08001c68   Section        0  rtx_mutex.o(.text.svcRtxMutexAcquire)
    [Anonymous Symbol]                       0x08001d08   Section        0  rtx_mutex.o(.text.svcRtxMutexDelete)
    [Anonymous Symbol]                       0x08001de0   Section        0  rtx_mutex.o(.text.svcRtxMutexNew)
    [Anonymous Symbol]                       0x08001e54   Section        0  rtx_mutex.o(.text.svcRtxMutexRelease)
    [Anonymous Symbol]                       0x08001f1c   Section        0  rtx_thread.o(.text.svcRtxThreadExit)
    [Anonymous Symbol]                       0x08002060   Section        0  rtx_thread.o(.text.svcRtxThreadNew)
    [Anonymous Symbol]                       0x080022a0   Section        0  rtx_thread.o(.text.svcRtxThreadYield)
    i.GPIO_Init                              0x0800232e   Section        0  stm32f10x_gpio.o(i.GPIO_Init)
    i.GPIO_ResetBits                         0x08002444   Section        0  stm32f10x_gpio.o(i.GPIO_ResetBits)
    i.GPIO_SetBits                           0x08002448   Section        0  stm32f10x_gpio.o(i.GPIO_SetBits)
    i.RCC_APB1PeriphClockCmd                 0x0800244c   Section        0  stm32f10x_rcc.o(i.RCC_APB1PeriphClockCmd)
    i.RCC_APB1PeriphResetCmd                 0x0800246c   Section        0  stm32f10x_rcc.o(i.RCC_APB1PeriphResetCmd)
    i.RCC_APB2PeriphClockCmd                 0x0800248c   Section        0  stm32f10x_rcc.o(i.RCC_APB2PeriphClockCmd)
    i.RCC_APB2PeriphResetCmd                 0x080024ac   Section        0  stm32f10x_rcc.o(i.RCC_APB2PeriphResetCmd)
    i.RCC_GetClocksFreq                      0x080024cc   Section        0  stm32f10x_rcc.o(i.RCC_GetClocksFreq)
    i.SetSysClock                            0x0800265c   Section        0  system_stm32f10x.o(i.SetSysClock)
    SetSysClock                              0x0800265d   Thumb Code     8  system_stm32f10x.o(i.SetSysClock)
    i.SetSysClockTo72                        0x08002664   Section        0  system_stm32f10x.o(i.SetSysClockTo72)
    SetSysClockTo72                          0x08002665   Thumb Code   264  system_stm32f10x.o(i.SetSysClockTo72)
    i.SvVis3_init                            0x0800277c   Section        0  svvis_cortex.o(i.SvVis3_init)
    i.SvVis3_recv_message                    0x080027e8   Section        0  svvis_cortex.o(i.SvVis3_recv_message)
    i.SvVis3_send_message                    0x080027fe   Section        0  svvis_cortex.o(i.SvVis3_send_message)
    i.SvVis3_send_string                     0x08002824   Section        0  svvis_cortex.o(i.SvVis3_send_string)
    i.SystemCoreClockUpdate                  0x08002878   Section        0  system_stm32f10x.o(i.SystemCoreClockUpdate)
    i.SystemInit                             0x08002978   Section        0  system_stm32f10x.o(i.SystemInit)
    i.USART_ClockInit                        0x080029e4   Section        0  stm32f10x_usart.o(i.USART_ClockInit)
    i.USART_Cmd                              0x08002a06   Section        0  stm32f10x_usart.o(i.USART_Cmd)
    i.USART_DeInit                           0x08002a20   Section        0  stm32f10x_usart.o(i.USART_DeInit)
    i.USART_GetFlagStatus                    0x08002abc   Section        0  stm32f10x_usart.o(i.USART_GetFlagStatus)
    i.USART_Init                             0x08002ad8   Section        0  stm32f10x_usart.o(i.USART_Init)
    i.USART_ReceiveData                      0x08002bb0   Section        0  stm32f10x_usart.o(i.USART_ReceiveData)
    i.USART_SendData                         0x08002bba   Section        0  stm32f10x_usart.o(i.USART_SendData)
    i.USART_send_byte                        0x08002bc2   Section        0  svvis_cortex.o(i.USART_send_byte)
    i.USART_send_bytes                       0x08002be4   Section        0  svvis_cortex.o(i.USART_send_bytes)
    i._mutex_acquire                         0x08002c04   Section        0  rtx_lib.o(i._mutex_acquire)
    __tagsym$$used                           0x08002c05   Number         0  rtx_lib.o(i._mutex_acquire)
    i._mutex_free                            0x08002c1a   Section        0  rtx_lib.o(i._mutex_free)
    __tagsym$$used                           0x08002c1b   Number         0  rtx_lib.o(i._mutex_free)
    i._mutex_initialize                      0x08002c26   Section        0  rtx_lib.o(i._mutex_initialize)
    __tagsym$$used                           0x08002c27   Number         0  rtx_lib.o(i._mutex_initialize)
    i._mutex_release                         0x08002c46   Section        0  rtx_lib.o(i._mutex_release)
    __tagsym$$used                           0x08002c47   Number         0  rtx_lib.o(i._mutex_release)
    i._platform_post_stackheap_init          0x08002c58   Section        0  rtx_lib.o(i._platform_post_stackheap_init)
    i.chid2len                               0x08002c60   Section        0  svvis_cortex_threads.o(i.chid2len)
    i.init_usart                             0x08002c94   Section        0  svvis_cortex.o(i.init_usart)
    i.main                                   0x08002dbc   Section        0  main.o(i.main)
    i.main_thread_func                       0x08002dfc   Section        0  main.o(i.main_thread_func)
    i.motor_cmd_bin                          0x08002ed8   Section        0  motor_driver.o(i.motor_cmd_bin)
    i.motor_cmd_str                          0x08002f84   Section        0  motor_driver.o(i.motor_cmd_str)
    i.motor_init                             0x08003004   Section        0  motor_driver.o(i.motor_init)
    i.osRtxErrorNotify                       0x08003078   Section        0  rtx_config.o(i.osRtxErrorNotify)
    i.osRtxIdleThread                        0x08003098   Section        0  rtx_config.o(i.osRtxIdleThread)
    i.os_kernel_is_active                    0x0800309c   Section        0  rtx_lib.o(i.os_kernel_is_active)
    os_kernel_is_active                      0x0800309d   Thumb Code    32  rtx_lib.o(i.os_kernel_is_active)
    i.recv_thread                            0x080030c0   Section        0  svvis_cortex_threads.o(i.recv_thread)
    i.send_thread                            0x0800317c   Section        0  svvis_cortex_threads.o(i.send_thread)
    i.usart_thread                           0x080031aa   Section        0  svvis_cortex_threads.o(i.usart_thread)
    .constdata                               0x080031e0   Section       36  svvis_cortex.o(.constdata)
    .constdata                               0x08003204   Section        4  motor_driver.o(.constdata)
    .constdata                               0x08003208   Section      100  rtx_lib.o(.constdata)
    os_idle_thread_attr                      0x08003208   Data          36  rtx_lib.o(.constdata)
    os_timer_thread_attr                     0x0800322c   Data          36  rtx_lib.o(.constdata)
    os_timer_mq_attr                         0x08003250   Data          24  rtx_lib.o(.constdata)
    .constdata                               0x0800326c   Section        1  irq_cm3.o(.constdata)
    .rodata                                  0x08003270   Section      104  rtx_lib.o(.rodata)
    __tagsym$$used                           0x08003270   Number         0  rtx_lib.o(.rodata)
    [Anonymous Symbol]                       0x080032d8   Section        0  rtx_kernel.o(.rodata.str1.4)
    .L.str                                   0x080032d8   Data          11  rtx_kernel.o(.rodata.str1.4)
    .bss.os                                  0x20000000   Section     4656  rtx_lib.o(.bss.os)
    os_mem                                   0x20000000   Data        4096  rtx_lib.o(.bss.os)
    os_isr_queue                             0x20001000   Data          64  rtx_lib.o(.bss.os)
    os_libspace                              0x20001040   Data         480  rtx_lib.o(.bss.os)
    os_libspace_id                           0x20001220   Data          16  rtx_lib.o(.bss.os)
    .bss.os.msgqueue.cb                      0x20001230   Section       52  rtx_lib.o(.bss.os.msgqueue.cb)
    os_timer_mq_cb                           0x20001230   Data          52  rtx_lib.o(.bss.os.msgqueue.cb)
    .bss.os.msgqueue.mem                     0x20001264   Section       80  rtx_lib.o(.bss.os.msgqueue.mem)
    os_timer_mq_data                         0x20001264   Data          80  rtx_lib.o(.bss.os.msgqueue.mem)
    .bss.os.thread.cb                        0x200012b4   Section      136  rtx_lib.o(.bss.os.thread.cb)
    os_idle_thread_cb                        0x200012b4   Data          68  rtx_lib.o(.bss.os.thread.cb)
    os_timer_thread_cb                       0x200012f8   Data          68  rtx_lib.o(.bss.os.thread.cb)
    .bss.os.thread.stack                     0x20001340   Section      400  rtx_lib.o(.bss.os.thread.stack)
    os_idle_thread_stack                     0x20001340   Data         200  rtx_lib.o(.bss.os.thread.stack)
    os_timer_thread_stack                    0x20001408   Data         200  rtx_lib.o(.bss.os.thread.stack)
    .data                                    0x200014d0   Section        4  main.o(.data)
    .data                                    0x200014d4   Section        5  rtx_lib.o(.data)
    os_kernel_active                         0x200014d8   Data           1  rtx_lib.o(.data)
    .data                                    0x200014d9   Section       20  stm32f10x_rcc.o(.data)
    APBAHBPrescTable                         0x200014d9   Data          16  stm32f10x_rcc.o(.data)
    ADCPrescTable                            0x200014e9   Data           4  stm32f10x_rcc.o(.data)
    .data                                    0x200014f0   Section       20  system_stm32f10x.o(.data)
    .bss                                     0x200015b0   Section       96  libspace.o(.bss)
    HEAP                                     0x20001610   Section      512  startup_stm32f10x_cl.o(HEAP)
    Heap_Mem                                 0x20001610   Data         512  startup_stm32f10x_cl.o(HEAP)
    STACK                                    0x20001810   Section     1024  startup_stm32f10x_cl.o(STACK)
    Stack_Mem                                0x20001810   Data        1024  startup_stm32f10x_cl.o(STACK)
    __initial_sp                             0x20001c10   Data           0  startup_stm32f10x_cl.o(STACK)

    Global Symbols

    Symbol Name                              Value     Ov Type        Size  Object(Section)

    BuildAttributes$$THM_ISAv4$P$D$K$B$S$PE$A:L22UL41UL21$X:L11$S22US41US21$IEEE1$IW$~IW$USESV6$~STKCKD$USESV7$~SHL$OTIME$ROPI$EBA8$UX$STANDARDLIB$REQ8$PRES8$EABIv2 0x00000000   Number         0  anon$$obj.o ABSOLUTE
    __ARM_use_no_argv                        0x00000000   Number         0  main.o ABSOLUTE
    __ARM_exceptions_init                     - Undefined Weak Reference
    __alloca_initialize                       - Undefined Weak Reference
    __arm_preinit_                            - Undefined Weak Reference
    __cpp_initialize__aeabi_                  - Undefined Weak Reference
    __cxa_finalize                            - Undefined Weak Reference
    __rt_locale                               - Undefined Weak Reference
    __sigvec_lookup                           - Undefined Weak Reference
    _atexit_init                              - Undefined Weak Reference
    _call_atexit_fns                          - Undefined Weak Reference
    _clock_init                               - Undefined Weak Reference
    _fp_trap_init                             - Undefined Weak Reference
    _fp_trap_shutdown                         - Undefined Weak Reference
    _get_lc_collate                           - Undefined Weak Reference
    _get_lc_ctype                             - Undefined Weak Reference
    _get_lc_monetary                          - Undefined Weak Reference
    _get_lc_numeric                           - Undefined Weak Reference
    _get_lc_time                              - Undefined Weak Reference
    _getenv_init                              - Undefined Weak Reference
    _handle_redirection                       - Undefined Weak Reference
    _init_alloc                               - Undefined Weak Reference
    _init_user_alloc                          - Undefined Weak Reference
    _initio                                   - Undefined Weak Reference
    _rand_init                                - Undefined Weak Reference
    _signal_finish                            - Undefined Weak Reference
    _signal_init                              - Undefined Weak Reference
    _terminate_alloc                          - Undefined Weak Reference
    _terminate_user_alloc                     - Undefined Weak Reference
    _terminateio                              - Undefined Weak Reference
    __Vectors_Size                           0x00000150   Number         0  startup_stm32f10x_cl.o ABSOLUTE
    __Vectors                                0x08000000   Data           4  startup_stm32f10x_cl.o(RESET)
    __Vectors_End                            0x08000150   Data           0  startup_stm32f10x_cl.o(RESET)
    __main                                   0x08000151   Thumb Code     8  __main.o(!!!main)
    __scatterload                            0x08000159   Thumb Code     0  __scatter.o(!!!scatter)
    __scatterload_rt2                        0x08000159   Thumb Code    44  __scatter.o(!!!scatter)
    __scatterload_rt2_thumb_only             0x08000159   Thumb Code     0  __scatter.o(!!!scatter)
    __scatterload_null                       0x08000167   Thumb Code     0  __scatter.o(!!!scatter)
    __decompress                             0x0800018d   Thumb Code    90  __dczerorl2.o(!!dczerorl2)
    __decompress1                            0x0800018d   Thumb Code     0  __dczerorl2.o(!!dczerorl2)
    __scatterload_zeroinit                   0x080001e9   Thumb Code    28  __scatter_zi.o(!!handler_zi)
    __rt_lib_init                            0x08000205   Thumb Code     0  libinit.o(.ARM.Collect$$libinit$$00000000)
    __rt_lib_init_alloca_1                   0x08000207   Thumb Code     0  libinit2.o(.ARM.Collect$$libinit$$0000002E)
    __rt_lib_init_argv_1                     0x08000207   Thumb Code     0  libinit2.o(.ARM.Collect$$libinit$$0000002C)
    __rt_lib_init_atexit_1                   0x08000207   Thumb Code     0  libinit2.o(.ARM.Collect$$libinit$$0000001B)
    __rt_lib_init_clock_1                    0x08000207   Thumb Code     0  libinit2.o(.ARM.Collect$$libinit$$00000021)
    __rt_lib_init_cpp_1                      0x08000207   Thumb Code     0  libinit2.o(.ARM.Collect$$libinit$$00000032)
    __rt_lib_init_exceptions_1               0x08000207   Thumb Code     0  libinit2.o(.ARM.Collect$$libinit$$00000030)
    __rt_lib_init_fp_1                       0x08000207   Thumb Code     0  libinit2.o(.ARM.Collect$$libinit$$00000002)
    __rt_lib_init_fp_trap_1                  0x08000207   Thumb Code     0  libinit2.o(.ARM.Collect$$libinit$$0000001F)
    __rt_lib_init_getenv_1                   0x08000207   Thumb Code     0  libinit2.o(.ARM.Collect$$libinit$$00000023)
    __rt_lib_init_heap_1                     0x08000207   Thumb Code     0  libinit2.o(.ARM.Collect$$libinit$$0000000A)
    __rt_lib_init_lc_collate_1               0x08000207   Thumb Code     0  libinit2.o(.ARM.Collect$$libinit$$00000011)
    __rt_lib_init_lc_ctype_1                 0x08000207   Thumb Code     0  libinit2.o(.ARM.Collect$$libinit$$00000013)
    __rt_lib_init_lc_monetary_1              0x08000207   Thumb Code     0  libinit2.o(.ARM.Collect$$libinit$$00000015)
    __rt_lib_init_lc_numeric_1               0x08000207   Thumb Code     0  libinit2.o(.ARM.Collect$$libinit$$00000017)
    __rt_lib_init_lc_time_1                  0x08000207   Thumb Code     0  libinit2.o(.ARM.Collect$$libinit$$00000019)
    __rt_lib_init_preinit_1                  0x08000207   Thumb Code     0  libinit2.o(.ARM.Collect$$libinit$$00000004)
    __rt_lib_init_rand_1                     0x08000207   Thumb Code     0  libinit2.o(.ARM.Collect$$libinit$$0000000E)
    __rt_lib_init_return                     0x08000207   Thumb Code     0  libinit2.o(.ARM.Collect$$libinit$$00000033)
    __rt_lib_init_signal_1                   0x08000207   Thumb Code     0  libinit2.o(.ARM.Collect$$libinit$$0000001D)
    __rt_lib_init_stdio_1                    0x08000207   Thumb Code     0  libinit2.o(.ARM.Collect$$libinit$$00000025)
    __rt_lib_init_user_alloc_1               0x08000207   Thumb Code     0  libinit2.o(.ARM.Collect$$libinit$$0000000C)
    __rt_lib_shutdown                        0x08000209   Thumb Code     0  libshutdown.o(.ARM.Collect$$libshutdown$$00000000)
    __rt_lib_shutdown_cpp_1                  0x0800020b   Thumb Code     0  libshutdown2.o(.ARM.Collect$$libshutdown$$00000002)
    __rt_lib_shutdown_fp_trap_1              0x0800020b   Thumb Code     0  libshutdown2.o(.ARM.Collect$$libshutdown$$00000007)
    __rt_lib_shutdown_heap_1                 0x0800020b   Thumb Code     0  libshutdown2.o(.ARM.Collect$$libshutdown$$0000000F)
    __rt_lib_shutdown_return                 0x0800020b   Thumb Code     0  libshutdown2.o(.ARM.Collect$$libshutdown$$00000010)
    __rt_lib_shutdown_signal_1               0x0800020b   Thumb Code     0  libshutdown2.o(.ARM.Collect$$libshutdown$$0000000A)
    __rt_lib_shutdown_stdio_1                0x0800020b   Thumb Code     0  libshutdown2.o(.ARM.Collect$$libshutdown$$00000004)
    __rt_lib_shutdown_user_alloc_1           0x0800020b   Thumb Code     0  libshutdown2.o(.ARM.Collect$$libshutdown$$0000000C)
    __rt_entry                               0x0800020d   Thumb Code     0  __rtentry.o(.ARM.Collect$$rtentry$$00000000)
    __rt_entry_presh_1                       0x0800020d   Thumb Code     0  __rtentry2.o(.ARM.Collect$$rtentry$$00000002)
    __rt_entry_sh                            0x0800020d   Thumb Code     0  __rtentry4.o(.ARM.Collect$$rtentry$$00000004)
    __rt_entry_postsh_1                      0x08000213   Thumb Code     0  __rtentry2.o(.ARM.Collect$$rtentry$$00000008)
    __rt_entry_li                            0x0800021b   Thumb Code     0  __rtentry2.o(.ARM.Collect$$rtentry$$0000000A)
    __rt_entry_main                          0x0800021f   Thumb Code     0  __rtentry2.o(.ARM.Collect$$rtentry$$0000000D)
    __rt_entry_postli_1                      0x0800021f   Thumb Code     0  __rtentry2.o(.ARM.Collect$$rtentry$$0000000C)
    __rt_exit                                0x08000227   Thumb Code     0  rtexit.o(.ARM.Collect$$rtexit$$00000000)
    __rt_exit_ls                             0x08000229   Thumb Code     0  rtexit2.o(.ARM.Collect$$rtexit$$00000003)
    __rt_exit_prels_1                        0x08000229   Thumb Code     0  rtexit2.o(.ARM.Collect$$rtexit$$00000002)
    __rt_exit_exit                           0x0800022d   Thumb Code     0  rtexit2.o(.ARM.Collect$$rtexit$$00000004)
    Reset_Handler                            0x08000235   Thumb Code     8  startup_stm32f10x_cl.o(.text)
    NMI_Handler                              0x0800023d   Thumb Code     2  startup_stm32f10x_cl.o(.text)
    HardFault_Handler                        0x0800023f   Thumb Code     2  startup_stm32f10x_cl.o(.text)
    MemManage_Handler                        0x08000241   Thumb Code     2  startup_stm32f10x_cl.o(.text)
    BusFault_Handler                         0x08000243   Thumb Code     2  startup_stm32f10x_cl.o(.text)
    UsageFault_Handler                       0x08000245   Thumb Code     2  startup_stm32f10x_cl.o(.text)
    DebugMon_Handler                         0x08000249   Thumb Code     2  startup_stm32f10x_cl.o(.text)
    ADC1_2_IRQHandler                        0x0800024f   Thumb Code     0  startup_stm32f10x_cl.o(.text)
    CAN1_RX0_IRQHandler                      0x0800024f   Thumb Code     0  startup_stm32f10x_cl.o(.text)
    CAN1_RX1_IRQHandler                      0x0800024f   Thumb Code     0  startup_stm32f10x_cl.o(.text)
    CAN1_SCE_IRQHandler                      0x0800024f   Thumb Code     0  startup_stm32f10x_cl.o(.text)
    CAN1_TX_IRQHandler                       0x0800024f   Thumb Code     0  startup_stm32f10x_cl.o(.text)
    CAN2_RX0_IRQHandler                      0x0800024f   Thumb Code     0  startup_stm32f10x_cl.o(.text)
    CAN2_RX1_IRQHandler                      0x0800024f   Thumb Code     0  startup_stm32f10x_cl.o(.text)
    CAN2_SCE_IRQHandler                      0x0800024f   Thumb Code     0  startup_stm32f10x_cl.o(.text)
    CAN2_TX_IRQHandler                       0x0800024f   Thumb Code     0  startup_stm32f10x_cl.o(.text)
    DMA1_Channel1_IRQHandler                 0x0800024f   Thumb Code     0  startup_stm32f10x_cl.o(.text)
    DMA1_Channel2_IRQHandler                 0x0800024f   Thumb Code     0  startup_stm32f10x_cl.o(.text)
    DMA1_Channel3_IRQHandler                 0x0800024f   Thumb Code     0  startup_stm32f10x_cl.o(.text)
    DMA1_Channel4_IRQHandler                 0x0800024f   Thumb Code     0  startup_stm32f10x_cl.o(.text)
    DMA1_Channel5_IRQHandler                 0x0800024f   Thumb Code     0  startup_stm32f10x_cl.o(.text)
    DMA1_Channel6_IRQHandler                 0x0800024f   Thumb Code     0  startup_stm32f10x_cl.o(.text)
    DMA1_Channel7_IRQHandler                 0x0800024f   Thumb Code     0  startup_stm32f10x_cl.o(.text)
    DMA2_Channel1_IRQHandler                 0x0800024f   Thumb Code     0  startup_stm32f10x_cl.o(.text)
    DMA2_Channel2_IRQHandler                 0x0800024f   Thumb Code     0  startup_stm32f10x_cl.o(.text)
    DMA2_Channel3_IRQHandler                 0x0800024f   Thumb Code     0  startup_stm32f10x_cl.o(.text)
    DMA2_Channel4_IRQHandler                 0x0800024f   Thumb Code     0  startup_stm32f10x_cl.o(.text)
    DMA2_Channel5_IRQHandler                 0x0800024f   Thumb Code     0  startup_stm32f10x_cl.o(.text)
    ETH_IRQHandler                           0x0800024f   Thumb Code     0  startup_stm32f10x_cl.o(.text)
    ETH_WKUP_IRQHandler                      0x0800024f   Thumb Code     0  startup_stm32f10x_cl.o(.text)
    EXTI0_IRQHandler                         0x0800024f   Thumb Code     0  startup_stm32f10x_cl.o(.text)
    EXTI15_10_IRQHandler                     0x0800024f   Thumb Code     0  startup_stm32f10x_cl.o(.text)
    EXTI1_IRQHandler                         0x0800024f   Thumb Code     0  startup_stm32f10x_cl.o(.text)
    EXTI2_IRQHandler                         0x0800024f   Thumb Code     0  startup_stm32f10x_cl.o(.text)
    EXTI3_IRQHandler                         0x0800024f   Thumb Code     0  startup_stm32f10x_cl.o(.text)
    EXTI4_IRQHandler                         0x0800024f   Thumb Code     0  startup_stm32f10x_cl.o(.text)
    EXTI9_5_IRQHandler                       0x0800024f   Thumb Code     0  startup_stm32f10x_cl.o(.text)
    FLASH_IRQHandler                         0x0800024f   Thumb Code     0  startup_stm32f10x_cl.o(.text)
    I2C1_ER_IRQHandler                       0x0800024f   Thumb Code     0  startup_stm32f10x_cl.o(.text)
    I2C1_EV_IRQHandler                       0x0800024f   Thumb Code     0  startup_stm32f10x_cl.o(.text)
    I2C2_ER_IRQHandler                       0x0800024f   Thumb Code     0  startup_stm32f10x_cl.o(.text)
    I2C2_EV_IRQHandler                       0x0800024f   Thumb Code     0  startup_stm32f10x_cl.o(.text)
    OTG_FS_IRQHandler                        0x0800024f   Thumb Code     0  startup_stm32f10x_cl.o(.text)
    OTG_FS_WKUP_IRQHandler                   0x0800024f   Thumb Code     0  startup_stm32f10x_cl.o(.text)
    PVD_IRQHandler                           0x0800024f   Thumb Code     0  startup_stm32f10x_cl.o(.text)
    RCC_IRQHandler                           0x0800024f   Thumb Code     0  startup_stm32f10x_cl.o(.text)
    RTCAlarm_IRQHandler                      0x0800024f   Thumb Code     0  startup_stm32f10x_cl.o(.text)
    RTC_IRQHandler                           0x0800024f   Thumb Code     0  startup_stm32f10x_cl.o(.text)
    SPI1_IRQHandler                          0x0800024f   Thumb Code     0  startup_stm32f10x_cl.o(.text)
    SPI2_IRQHandler                          0x0800024f   Thumb Code     0  startup_stm32f10x_cl.o(.text)
    SPI3_IRQHandler                          0x0800024f   Thumb Code     0  startup_stm32f10x_cl.o(.text)
    TAMPER_IRQHandler                        0x0800024f   Thumb Code     0  startup_stm32f10x_cl.o(.text)
    TIM1_BRK_IRQHandler                      0x0800024f   Thumb Code     0  startup_stm32f10x_cl.o(.text)
    TIM1_CC_IRQHandler                       0x0800024f   Thumb Code     0  startup_stm32f10x_cl.o(.text)
    TIM1_TRG_COM_IRQHandler                  0x0800024f   Thumb Code     0  startup_stm32f10x_cl.o(.text)
    TIM1_UP_IRQHandler                       0x0800024f   Thumb Code     0  startup_stm32f10x_cl.o(.text)
    TIM2_IRQHandler                          0x0800024f   Thumb Code     0  startup_stm32f10x_cl.o(.text)
    TIM3_IRQHandler                          0x0800024f   Thumb Code     0  startup_stm32f10x_cl.o(.text)
    TIM4_IRQHandler                          0x0800024f   Thumb Code     0  startup_stm32f10x_cl.o(.text)
    TIM5_IRQHandler                          0x0800024f   Thumb Code     0  startup_stm32f10x_cl.o(.text)
    TIM6_IRQHandler                          0x0800024f   Thumb Code     0  startup_stm32f10x_cl.o(.text)
    TIM7_IRQHandler                          0x0800024f   Thumb Code     0  startup_stm32f10x_cl.o(.text)
    UART4_IRQHandler                         0x0800024f   Thumb Code     0  startup_stm32f10x_cl.o(.text)
    UART5_IRQHandler                         0x0800024f   Thumb Code     0  startup_stm32f10x_cl.o(.text)
    USART1_IRQHandler                        0x0800024f   Thumb Code     0  startup_stm32f10x_cl.o(.text)
    USART2_IRQHandler                        0x0800024f   Thumb Code     0  startup_stm32f10x_cl.o(.text)
    USART3_IRQHandler                        0x0800024f   Thumb Code     0  startup_stm32f10x_cl.o(.text)
    WWDG_IRQHandler                          0x0800024f   Thumb Code     0  startup_stm32f10x_cl.o(.text)
    __user_initial_stackheap                 0x08000251   Thumb Code     0  startup_stm32f10x_cl.o(.text)
    SVC_Handler                              0x08000275   Thumb Code    96  irq_cm3.o(.text)
    PendSV_Handler                           0x080002d5   Thumb Code    16  irq_cm3.o(.text)
    SysTick_Handler                          0x080002e5   Thumb Code    16  irq_cm3.o(.text)
    strlen                                   0x080002fd   Thumb Code    62  strlen.o(.text)
    __aeabi_memcpy                           0x0800033b   Thumb Code     0  rt_memcpy_v6.o(.text)
    __rt_memcpy                              0x0800033b   Thumb Code   138  rt_memcpy_v6.o(.text)
    _memcpy_lastbytes                        0x080003a1   Thumb Code     0  rt_memcpy_v6.o(.text)
    __aeabi_memcpy4                          0x080003c5   Thumb Code     0  rt_memcpy_w.o(.text)
    __aeabi_memcpy8                          0x080003c5   Thumb Code     0  rt_memcpy_w.o(.text)
    __rt_memcpy_w                            0x080003c5   Thumb Code   100  rt_memcpy_w.o(.text)
    _memcpy_lastbytes_aligned                0x0800040d   Thumb Code     0  rt_memcpy_w.o(.text)
    __aeabi_memset4                          0x08000429   Thumb Code    16  aeabi_memset4.o(.text)
    __aeabi_memset8                          0x08000429   Thumb Code     0  aeabi_memset4.o(.text)
    __aeabi_memclr                           0x08000439   Thumb Code     0  rt_memclr.o(.text)
    __rt_memclr                              0x08000439   Thumb Code    68  rt_memclr.o(.text)
    _memset                                  0x0800043d   Thumb Code     0  rt_memclr.o(.text)
    __aeabi_memclr4                          0x0800047d   Thumb Code     0  rt_memclr_w.o(.text)
    __aeabi_memclr8                          0x0800047d   Thumb Code     0  rt_memclr_w.o(.text)
    __rt_memclr_w                            0x0800047d   Thumb Code    78  rt_memclr_w.o(.text)
    _memset_w                                0x08000481   Thumb Code     0  rt_memclr_w.o(.text)
    strcmp                                   0x080004cd   Thumb Code   128  strcmpv7m.o(.text)
    __use_two_region_memory                  0x0800054d   Thumb Code     2  heapauxi.o(.text)
    __rt_heap_escrow$2region                 0x0800054f   Thumb Code     2  heapauxi.o(.text)
    __rt_heap_expand$2region                 0x08000551   Thumb Code     2  heapauxi.o(.text)
    __user_setup_stackheap                   0x08000553   Thumb Code    74  sys_stackheap_outer.o(.text)
    exit                                     0x0800059d   Thumb Code    18  exit.o(.text)
    __user_libspace                          0x080005b1   Thumb Code     8  libspace.o(.text)
    __user_perproc_libspace                  0x080005b1   Thumb Code     0  libspace.o(.text)
    _sys_exit                                0x080005b9   Thumb Code     8  sys_exit.o(.text)
    __I$use$semihosting                      0x080005c5   Thumb Code     0  use_no_semi.o(.text)
    __use_no_semihosting_swi                 0x080005c5   Thumb Code     2  use_no_semi.o(.text)
    __semihosting_library_function           0x080005c7   Thumb Code     0  indicate_semi.o(.text)
    osKernelGetState                         0x080005c9   Thumb Code    58  rtx_kernel.o(.text.osKernelGetState)
    osKernelInitialize                       0x08000605   Thumb Code    60  rtx_kernel.o(.text.osKernelInitialize)
    osKernelStart                            0x08000641   Thumb Code    60  rtx_kernel.o(.text.osKernelStart)
    osMessageQueueGet                        0x0800067d   Thumb Code   180  rtx_msgqueue.o(.text.osMessageQueueGet)
    osMessageQueueGetSpace                   0x08000731   Thumb Code    56  rtx_msgqueue.o(.text.osMessageQueueGetSpace)
    osMessageQueueNew                        0x08000769   Thumb Code    58  rtx_msgqueue.o(.text.osMessageQueueNew)
    osMessageQueuePut                        0x080007a5   Thumb Code   132  rtx_msgqueue.o(.text.osMessageQueuePut)
    osMutexAcquire                           0x08000829   Thumb Code    36  rtx_mutex.o(.text.osMutexAcquire)
    osMutexDelete                            0x0800084d   Thumb Code    36  rtx_mutex.o(.text.osMutexDelete)
    osMutexNew                               0x08000871   Thumb Code    58  rtx_mutex.o(.text.osMutexNew)
    osMutexRelease                           0x080008ad   Thumb Code    36  rtx_mutex.o(.text.osMutexRelease)
    osRtxMemoryAlloc                         0x080008d1   Thumb Code   110  rtx_memory.o(.text.osRtxMemoryAlloc)
    osRtxMemoryFree                          0x08000941   Thumb Code    88  rtx_memory.o(.text.osRtxMemoryFree)
    osRtxMemoryInit                          0x08000999   Thumb Code    48  rtx_memory.o(.text.osRtxMemoryInit)
    osRtxMemoryPoolAlloc                     0x080009c9   Thumb Code    76  rtx_mempool.o(.text.osRtxMemoryPoolAlloc)
    osRtxMemoryPoolFree                      0x08000a15   Thumb Code    90  rtx_mempool.o(.text.osRtxMemoryPoolFree)
    osRtxMemoryPoolInit                      0x08000a71   Thumb Code    80  rtx_mempool.o(.text.osRtxMemoryPoolInit)
    osRtxMessageQueuePostProcess             0x08000ac1   Thumb Code   446  rtx_msgqueue.o(.text.osRtxMessageQueuePostProcess)
    osRtxMutexOwnerRelease                   0x08000c81   Thumb Code    76  rtx_mutex.o(.text.osRtxMutexOwnerRelease)
    osRtxPendSV_Handler                      0x08000ccd   Thumb Code   168  rtx_system.o(.text.osRtxPendSV_Handler)
    osRtxPostProcess                         0x08000d75   Thumb Code   120  rtx_system.o(.text.osRtxPostProcess)
    osRtxSysTimerAckIRQ                      0x08000ded   Thumb Code    12  rtx_system.o(.text.osRtxSysTimerAckIRQ)
    osRtxSysTimerEnable                      0x08000df9   Thumb Code    14  rtx_system.o(.text.osRtxSysTimerEnable)
    osRtxSysTimerSetup                       0x08000e09   Thumb Code    58  rtx_system.o(.text.osRtxSysTimerSetup)
    osRtxThreadDelayTick                     0x08000e45   Thumb Code   136  rtx_thread.o(.text.osRtxThreadDelayTick)
    osRtxThreadDispatch                      0x08000ecd   Thumb Code   344  rtx_thread.o(.text.osRtxThreadDispatch)
    osRtxThreadListGet                       0x08001025   Thumb Code    26  rtx_thread.o(.text.osRtxThreadListGet)
    osRtxThreadListPut                       0x08001041   Thumb Code    56  rtx_thread.o(.text.osRtxThreadListPut)
    osRtxThreadListRemove                    0x08001079   Thumb Code    26  rtx_thread.o(.text.osRtxThreadListRemove)
    osRtxThreadListSort                      0x08001095   Thumb Code    96  rtx_thread.o(.text.osRtxThreadListSort)
    osRtxThreadPostProcess                   0x080010f5   Thumb Code   296  rtx_thread.o(.text.osRtxThreadPostProcess)
    osRtxThreadReadyPut                      0x0800121d   Thumb Code    72  rtx_thread.o(.text.osRtxThreadReadyPut)
    osRtxThreadRegPtr                        0x08001265   Thumb Code     6  rtx_thread.o(.text.osRtxThreadRegPtr)
    osRtxThreadStackCheck                    0x0800126d   Thumb Code    46  rtx_thread.o(.text.osRtxThreadStackCheck)
    osRtxThreadSwitch                        0x0800129d   Thumb Code    18  rtx_thread.o(.text.osRtxThreadSwitch)
    osRtxThreadWaitEnter                     0x080012b1   Thumb Code   226  rtx_thread.o(.text.osRtxThreadWaitEnter)
    osRtxThreadWaitExit                      0x08001395   Thumb Code   190  rtx_thread.o(.text.osRtxThreadWaitExit)
    osRtxTick_Handler                        0x08001455   Thumb Code   120  rtx_system.o(.text.osRtxTick_Handler)
    osRtxTimerTick                           0x080014cd   Thumb Code   170  rtx_timer.o(.text.osRtxTimerTick)
    osThreadExit                             0x08001579   Thumb Code    14  rtx_thread.o(.text.osThreadExit)
    osThreadNew                              0x08001589   Thumb Code    58  rtx_thread.o(.text.osThreadNew)
    osThreadYield                            0x080015c5   Thumb Code    36  rtx_thread.o(.text.osThreadYield)
    svcRtxKernelGetState                     0x080015e9   Thumb Code    12  rtx_kernel.o(.text.svcRtxKernelGetState)
    svcRtxKernelInitialize                   0x080015f5   Thumb Code   428  rtx_kernel.o(.text.svcRtxKernelInitialize)
    svcRtxKernelStart                        0x080017a1   Thumb Code   150  rtx_kernel.o(.text.svcRtxKernelStart)
    svcRtxMessageQueueGet                    0x08001839   Thumb Code   410  rtx_msgqueue.o(.text.svcRtxMessageQueueGet)
    svcRtxMessageQueueGetSpace               0x080019d5   Thumb Code    26  rtx_msgqueue.o(.text.svcRtxMessageQueueGetSpace)
    svcRtxMessageQueueNew                    0x080019f1   Thumb Code   352  rtx_msgqueue.o(.text.svcRtxMessageQueueNew)
    svcRtxMessageQueuePut                    0x08001b51   Thumb Code   280  rtx_msgqueue.o(.text.svcRtxMessageQueuePut)
    svcRtxMutexAcquire                       0x08001c69   Thumb Code   158  rtx_mutex.o(.text.svcRtxMutexAcquire)
    svcRtxMutexDelete                        0x08001d09   Thumb Code   214  rtx_mutex.o(.text.svcRtxMutexDelete)
    svcRtxMutexNew                           0x08001de1   Thumb Code   114  rtx_mutex.o(.text.svcRtxMutexNew)
    svcRtxMutexRelease                       0x08001e55   Thumb Code   200  rtx_mutex.o(.text.svcRtxMutexRelease)
    svcRtxThreadExit                         0x08001f1d   Thumb Code   322  rtx_thread.o(.text.svcRtxThreadExit)
    svcRtxThreadNew                          0x08002061   Thumb Code   576  rtx_thread.o(.text.svcRtxThreadNew)
    svcRtxThreadYield                        0x080022a1   Thumb Code   142  rtx_thread.o(.text.svcRtxThreadYield)
    GPIO_Init                                0x0800232f   Thumb Code   278  stm32f10x_gpio.o(i.GPIO_Init)
    GPIO_ResetBits                           0x08002445   Thumb Code     4  stm32f10x_gpio.o(i.GPIO_ResetBits)
    GPIO_SetBits                             0x08002449   Thumb Code     4  stm32f10x_gpio.o(i.GPIO_SetBits)
    RCC_APB1PeriphClockCmd                   0x0800244d   Thumb Code    26  stm32f10x_rcc.o(i.RCC_APB1PeriphClockCmd)
    RCC_APB1PeriphResetCmd                   0x0800246d   Thumb Code    26  stm32f10x_rcc.o(i.RCC_APB1PeriphResetCmd)
    RCC_APB2PeriphClockCmd                   0x0800248d   Thumb Code    26  stm32f10x_rcc.o(i.RCC_APB2PeriphClockCmd)
    RCC_APB2PeriphResetCmd                   0x080024ad   Thumb Code    26  stm32f10x_rcc.o(i.RCC_APB2PeriphResetCmd)
    RCC_GetClocksFreq                        0x080024cd   Thumb Code   374  stm32f10x_rcc.o(i.RCC_GetClocksFreq)
    SvVis3_init                              0x0800277d   Thumb Code    94  svvis_cortex.o(i.SvVis3_init)
    SvVis3_recv_message                      0x080027e9   Thumb Code    22  svvis_cortex.o(i.SvVis3_recv_message)
    SvVis3_send_message                      0x080027ff   Thumb Code    38  svvis_cortex.o(i.SvVis3_send_message)
    SvVis3_send_string                       0x08002825   Thumb Code    78  svvis_cortex.o(i.SvVis3_send_string)
    SystemCoreClockUpdate                    0x08002879   Thumb Code   232  system_stm32f10x.o(i.SystemCoreClockUpdate)
    SystemInit                               0x08002979   Thumb Code    92  system_stm32f10x.o(i.SystemInit)
    USART_ClockInit                          0x080029e5   Thumb Code    34  stm32f10x_usart.o(i.USART_ClockInit)
    USART_Cmd                                0x08002a07   Thumb Code    24  stm32f10x_usart.o(i.USART_Cmd)
    USART_DeInit                             0x08002a21   Thumb Code   134  stm32f10x_usart.o(i.USART_DeInit)
    USART_GetFlagStatus                      0x08002abd   Thumb Code    26  stm32f10x_usart.o(i.USART_GetFlagStatus)
    USART_Init                               0x08002ad9   Thumb Code   210  stm32f10x_usart.o(i.USART_Init)
    USART_ReceiveData                        0x08002bb1   Thumb Code    10  stm32f10x_usart.o(i.USART_ReceiveData)
    USART_SendData                           0x08002bbb   Thumb Code     8  stm32f10x_usart.o(i.USART_SendData)
    USART_send_byte                          0x08002bc3   Thumb Code    34  svvis_cortex.o(i.USART_send_byte)
    USART_send_bytes                         0x08002be5   Thumb Code    32  svvis_cortex.o(i.USART_send_bytes)
    _mutex_acquire                           0x08002c05   Thumb Code    22  rtx_lib.o(i._mutex_acquire)
    _mutex_free                              0x08002c1b   Thumb Code    12  rtx_lib.o(i._mutex_free)
    _mutex_initialize                        0x08002c27   Thumb Code    32  rtx_lib.o(i._mutex_initialize)
    _mutex_release                           0x08002c47   Thumb Code    18  rtx_lib.o(i._mutex_release)
    _platform_post_stackheap_init            0x08002c59   Thumb Code     8  rtx_lib.o(i._platform_post_stackheap_init)
    chid2len                                 0x08002c61   Thumb Code    50  svvis_cortex_threads.o(i.chid2len)
    init_usart                               0x08002c95   Thumb Code   274  svvis_cortex.o(i.init_usart)
    main                                     0x08002dbd   Thumb Code    50  main.o(i.main)
    main_thread_func                         0x08002dfd   Thumb Code    92  main.o(i.main_thread_func)
    motor_cmd_bin                            0x08002ed9   Thumb Code   162  motor_driver.o(i.motor_cmd_bin)
    motor_cmd_str                            0x08002f85   Thumb Code   102  motor_driver.o(i.motor_cmd_str)
    motor_init                               0x08003005   Thumb Code   102  motor_driver.o(i.motor_init)
    osRtxErrorNotify                         0x08003079   Thumb Code    32  rtx_config.o(i.osRtxErrorNotify)
    osRtxIdleThread                          0x08003099   Thumb Code     4  rtx_config.o(i.osRtxIdleThread)
    recv_thread                              0x080030c1   Thumb Code   188  svvis_cortex_threads.o(i.recv_thread)
    send_thread                              0x0800317d   Thumb Code    46  svvis_cortex_threads.o(i.send_thread)
    usart_thread                             0x080031ab   Thumb Code    52  svvis_cortex_threads.o(i.usart_thread)
    osRtxUserSVC                             0x08003268   Data           4  rtx_lib.o(.constdata)
    irqRtxLib                                0x0800326c   Data           1  irq_cm3.o(.constdata)
    osRtxConfig                              0x08003270   Data         104  rtx_lib.o(.rodata)
    Region$$Table$$Base                      0x080032e4   Number         0  anon$$obj.o(Region$$Table)
    Region$$Table$$Limit                     0x08003304   Number         0  anon$$obj.o(Region$$Table)
    main_thread_handle                       0x200014d0   Data           4  main.o(.data)
    irqRtxLibRef                             0x200014d4   Data           4  rtx_lib.o(.data)
    SystemCoreClock                          0x200014f0   Data           4  system_stm32f10x.o(.data)
    AHBPrescTable                            0x200014f4   Data          16  system_stm32f10x.o(.data)
    osRtxInfo                                0x20001508   Data         168  rtx_kernel.o(.data.os)
    __libspace_start                         0x200015b0   Data          96  libspace.o(.bss)
    __temporary_stack_top$libspace           0x20001610   Data           0  libspace.o(.bss)



==============================================================================

Memory Map of the image

  Image Entry point : 0x08000235

  Load Region LR_1 (Base: 0x08000000, Size: 0x000048b4, Max: 0xffffffff, ABSOLUTE, COMPRESSED[0x00003354])

    Execution Region ER_RO (Exec base: 0x08000000, Load base: 0x08000000, Size: 0x00003304, Max: 0xffffffff, ABSOLUTE)

    Exec Addr    Load Addr    Size         Type   Attr      Idx    E Section Name        Object

    0x08000000   0x08000000   0x00000150   Data   RO         1032    RESET               startup_stm32f10x_cl.o
    0x08000150   0x08000150   0x00000008   Code   RO         1535  * !!!main             c_w.l(__main.o)
    0x08000158   0x08000158   0x00000034   Code   RO         1705    !!!scatter          c_w.l(__scatter.o)
    0x0800018c   0x0800018c   0x0000005a   Code   RO         1703    !!dczerorl2         c_w.l(__dczerorl2.o)
    0x080001e6   0x080001e6   0x00000002   PAD
    0x080001e8   0x080001e8   0x0000001c   Code   RO         1707    !!handler_zi        c_w.l(__scatter_zi.o)
    0x08000204   0x08000204   0x00000002   Code   RO         1573    .ARM.Collect$$libinit$$00000000  c_w.l(libinit.o)
    0x08000206   0x08000206   0x00000000   Code   RO         1580    .ARM.Collect$$libinit$$00000002  c_w.l(libinit2.o)
    0x08000206   0x08000206   0x00000000   Code   RO         1582    .ARM.Collect$$libinit$$00000004  c_w.l(libinit2.o)
    0x08000206   0x08000206   0x00000000   Code   RO         1585    .ARM.Collect$$libinit$$0000000A  c_w.l(libinit2.o)
    0x08000206   0x08000206   0x00000000   Code   RO         1587    .ARM.Collect$$libinit$$0000000C  c_w.l(libinit2.o)
    0x08000206   0x08000206   0x00000000   Code   RO         1589    .ARM.Collect$$libinit$$0000000E  c_w.l(libinit2.o)
    0x08000206   0x08000206   0x00000000   Code   RO         1592    .ARM.Collect$$libinit$$00000011  c_w.l(libinit2.o)
    0x08000206   0x08000206   0x00000000   Code   RO         1594    .ARM.Collect$$libinit$$00000013  c_w.l(libinit2.o)
    0x08000206   0x08000206   0x00000000   Code   RO         1596    .ARM.Collect$$libinit$$00000015  c_w.l(libinit2.o)
    0x08000206   0x08000206   0x00000000   Code   RO         1598    .ARM.Collect$$libinit$$00000017  c_w.l(libinit2.o)
    0x08000206   0x08000206   0x00000000   Code   RO         1600    .ARM.Collect$$libinit$$00000019  c_w.l(libinit2.o)
    0x08000206   0x08000206   0x00000000   Code   RO         1602    .ARM.Collect$$libinit$$0000001B  c_w.l(libinit2.o)
    0x08000206   0x08000206   0x00000000   Code   RO         1604    .ARM.Collect$$libinit$$0000001D  c_w.l(libinit2.o)
    0x08000206   0x08000206   0x00000000   Code   RO         1606    .ARM.Collect$$libinit$$0000001F  c_w.l(libinit2.o)
    0x08000206   0x08000206   0x00000000   Code   RO         1608    .ARM.Collect$$libinit$$00000021  c_w.l(libinit2.o)
    0x08000206   0x08000206   0x00000000   Code   RO         1610    .ARM.Collect$$libinit$$00000023  c_w.l(libinit2.o)
    0x08000206   0x08000206   0x00000000   Code   RO         1612    .ARM.Collect$$libinit$$00000025  c_w.l(libinit2.o)
    0x08000206   0x08000206   0x00000000   Code   RO         1616    .ARM.Collect$$libinit$$0000002C  c_w.l(libinit2.o)
    0x08000206   0x08000206   0x00000000   Code   RO         1618    .ARM.Collect$$libinit$$0000002E  c_w.l(libinit2.o)
    0x08000206   0x08000206   0x00000000   Code   RO         1620    .ARM.Collect$$libinit$$00000030  c_w.l(libinit2.o)
    0x08000206   0x08000206   0x00000000   Code   RO         1622    .ARM.Collect$$libinit$$00000032  c_w.l(libinit2.o)
    0x08000206   0x08000206   0x00000002   Code   RO         1623    .ARM.Collect$$libinit$$00000033  c_w.l(libinit2.o)
    0x08000208   0x08000208   0x00000002   Code   RO         1643    .ARM.Collect$$libshutdown$$00000000  c_w.l(libshutdown.o)
    0x0800020a   0x0800020a   0x00000000   Code   RO         1656    .ARM.Collect$$libshutdown$$00000002  c_w.l(libshutdown2.o)
    0x0800020a   0x0800020a   0x00000000   Code   RO         1658    .ARM.Collect$$libshutdown$$00000004  c_w.l(libshutdown2.o)
    0x0800020a   0x0800020a   0x00000000   Code   RO         1661    .ARM.Collect$$libshutdown$$00000007  c_w.l(libshutdown2.o)
    0x0800020a   0x0800020a   0x00000000   Code   RO         1664    .ARM.Collect$$libshutdown$$0000000A  c_w.l(libshutdown2.o)
    0x0800020a   0x0800020a   0x00000000   Code   RO         1666    .ARM.Collect$$libshutdown$$0000000C  c_w.l(libshutdown2.o)
    0x0800020a   0x0800020a   0x00000000   Code   RO         1669    .ARM.Collect$$libshutdown$$0000000F  c_w.l(libshutdown2.o)
    0x0800020a   0x0800020a   0x00000002   Code   RO         1670    .ARM.Collect$$libshutdown$$00000010  c_w.l(libshutdown2.o)
    0x0800020c   0x0800020c   0x00000000   Code   RO         1547    .ARM.Collect$$rtentry$$00000000  c_w.l(__rtentry.o)
    0x0800020c   0x0800020c   0x00000000   Code   RO         1552    .ARM.Collect$$rtentry$$00000002  c_w.l(__rtentry2.o)
    0x0800020c   0x0800020c   0x00000006   Code   RO         1564    .ARM.Collect$$rtentry$$00000004  c_w.l(__rtentry4.o)
    0x08000212   0x08000212   0x00000008   Code   RO         1553    .ARM.Collect$$rtentry$$00000008  c_w.l(__rtentry2.o)
    0x0800021a   0x0800021a   0x00000004   Code   RO         1555    .ARM.Collect$$rtentry$$0000000A  c_w.l(__rtentry2.o)
    0x0800021e   0x0800021e   0x00000000   Code   RO         1557    .ARM.Collect$$rtentry$$0000000C  c_w.l(__rtentry2.o)
    0x0800021e   0x0800021e   0x00000008   Code   RO         1558    .ARM.Collect$$rtentry$$0000000D  c_w.l(__rtentry2.o)
    0x08000226   0x08000226   0x00000002   Code   RO         1577    .ARM.Collect$$rtexit$$00000000  c_w.l(rtexit.o)
    0x08000228   0x08000228   0x00000000   Code   RO         1625    .ARM.Collect$$rtexit$$00000002  c_w.l(rtexit2.o)
    0x08000228   0x08000228   0x00000004   Code   RO         1626    .ARM.Collect$$rtexit$$00000003  c_w.l(rtexit2.o)
    0x0800022c   0x0800022c   0x00000006   Code   RO         1627    .ARM.Collect$$rtexit$$00000004  c_w.l(rtexit2.o)
    0x08000232   0x08000232   0x00000002   PAD
    0x08000234   0x08000234   0x00000040   Code   RO         1033  * .text               startup_stm32f10x_cl.o
    0x08000274   0x08000274   0x00000088   Code   RO         1371    .text               RTX_CM3.lib(irq_cm3.o)
    0x080002fc   0x080002fc   0x0000003e   Code   RO         1519    .text               c_w.l(strlen.o)
    0x0800033a   0x0800033a   0x0000008a   Code   RO         1521    .text               c_w.l(rt_memcpy_v6.o)
    0x080003c4   0x080003c4   0x00000064   Code   RO         1523    .text               c_w.l(rt_memcpy_w.o)
    0x08000428   0x08000428   0x00000010   Code   RO         1525    .text               c_w.l(aeabi_memset4.o)
    0x08000438   0x08000438   0x00000044   Code   RO         1527    .text               c_w.l(rt_memclr.o)
    0x0800047c   0x0800047c   0x0000004e   Code   RO         1529    .text               c_w.l(rt_memclr_w.o)
    0x080004ca   0x080004ca   0x00000002   PAD
    0x080004cc   0x080004cc   0x00000080   Code   RO         1531    .text               c_w.l(strcmpv7m.o)
    0x0800054c   0x0800054c   0x00000006   Code   RO         1533    .text               c_w.l(heapauxi.o)
    0x08000552   0x08000552   0x0000004a   Code   RO         1566    .text               c_w.l(sys_stackheap_outer.o)
    0x0800059c   0x0800059c   0x00000012   Code   RO         1568    .text               c_w.l(exit.o)
    0x080005ae   0x080005ae   0x00000002   PAD
    0x080005b0   0x080005b0   0x00000008   Code   RO         1574    .text               c_w.l(libspace.o)
    0x080005b8   0x080005b8   0x0000000c   Code   RO         1635    .text               c_w.l(sys_exit.o)
    0x080005c4   0x080005c4   0x00000002   Code   RO         1646    .text               c_w.l(use_no_semi.o)
    0x080005c6   0x080005c6   0x00000000   Code   RO         1648    .text               c_w.l(indicate_semi.o)
    0x080005c6   0x080005c6   0x00000002   PAD
    0x080005c8   0x080005c8   0x0000003a   Code   RO         1114    .text.osKernelGetState  RTX_CM3.lib(rtx_kernel.o)
    0x08000602   0x08000602   0x00000002   PAD
    0x08000604   0x08000604   0x0000003c   Code   RO         1110    .text.osKernelInitialize  RTX_CM3.lib(rtx_kernel.o)
    0x08000640   0x08000640   0x0000003c   Code   RO         1116    .text.osKernelStart  RTX_CM3.lib(rtx_kernel.o)
    0x0800067c   0x0800067c   0x000000b4   Code   RO         1346    .text.osMessageQueueGet  RTX_CM3.lib(rtx_msgqueue.o)
    0x08000730   0x08000730   0x00000038   Code   RO         1354    .text.osMessageQueueGetSpace  RTX_CM3.lib(rtx_msgqueue.o)
    0x08000768   0x08000768   0x0000003a   Code   RO         1340    .text.osMessageQueueNew  RTX_CM3.lib(rtx_msgqueue.o)
    0x080007a2   0x080007a2   0x00000002   PAD
    0x080007a4   0x080007a4   0x00000084   Code   RO         1344    .text.osMessageQueuePut  RTX_CM3.lib(rtx_msgqueue.o)
    0x08000828   0x08000828   0x00000024   Code   RO         1299    .text.osMutexAcquire  RTX_CM3.lib(rtx_mutex.o)
    0x0800084c   0x0800084c   0x00000024   Code   RO         1305    .text.osMutexDelete  RTX_CM3.lib(rtx_mutex.o)
    0x08000870   0x08000870   0x0000003a   Code   RO         1295    .text.osMutexNew    RTX_CM3.lib(rtx_mutex.o)
    0x080008aa   0x080008aa   0x00000002   PAD
    0x080008ac   0x080008ac   0x00000024   Code   RO         1301    .text.osMutexRelease  RTX_CM3.lib(rtx_mutex.o)
    0x080008d0   0x080008d0   0x0000006e   Code   RO         1417    .text.osRtxMemoryAlloc  RTX_CM3.lib(rtx_memory.o)
    0x0800093e   0x0800093e   0x00000002   PAD
    0x08000940   0x08000940   0x00000058   Code   RO         1419    .text.osRtxMemoryFree  RTX_CM3.lib(rtx_memory.o)
    0x08000998   0x08000998   0x00000030   Code   RO         1415    .text.osRtxMemoryInit  RTX_CM3.lib(rtx_memory.o)
    0x080009c8   0x080009c8   0x0000004c   Code   RO         1434    .text.osRtxMemoryPoolAlloc  RTX_CM3.lib(rtx_mempool.o)
    0x08000a14   0x08000a14   0x0000005a   Code   RO         1436    .text.osRtxMemoryPoolFree  RTX_CM3.lib(rtx_mempool.o)
    0x08000a6e   0x08000a6e   0x00000002   PAD
    0x08000a70   0x08000a70   0x00000050   Code   RO         1432    .text.osRtxMemoryPoolInit  RTX_CM3.lib(rtx_mempool.o)
    0x08000ac0   0x08000ac0   0x000001be   Code   RO         1318    .text.osRtxMessageQueuePostProcess  RTX_CM3.lib(rtx_msgqueue.o)
    0x08000c7e   0x08000c7e   0x00000002   PAD
    0x08000c80   0x08000c80   0x0000004c   Code   RO         1281    .text.osRtxMutexOwnerRelease  RTX_CM3.lib(rtx_mutex.o)
    0x08000ccc   0x08000ccc   0x000000a8   Code   RO         1491    .text.osRtxPendSV_Handler  RTX_CM3.lib(rtx_system.o)
    0x08000d74   0x08000d74   0x00000078   Code   RO         1493    .text.osRtxPostProcess  RTX_CM3.lib(rtx_system.o)
    0x08000dec   0x08000dec   0x0000000c   Code   RO         1489    .text.osRtxSysTimerAckIRQ  RTX_CM3.lib(rtx_system.o)
    0x08000df8   0x08000df8   0x0000000e   Code   RO         1497    .text.osRtxSysTimerEnable  RTX_CM3.lib(rtx_system.o)
    0x08000e06   0x08000e06   0x00000002   PAD
    0x08000e08   0x08000e08   0x0000003a   Code   RO         1495    .text.osRtxSysTimerSetup  RTX_CM3.lib(rtx_system.o)
    0x08000e42   0x08000e42   0x00000002   PAD
    0x08000e44   0x08000e44   0x00000088   Code   RO         1168    .text.osRtxThreadDelayTick  RTX_CM3.lib(rtx_thread.o)
    0x08000ecc   0x08000ecc   0x00000158   Code   RO         1178    .text.osRtxThreadDispatch  RTX_CM3.lib(rtx_thread.o)
    0x08001024   0x08001024   0x0000001a   Code   RO         1152    .text.osRtxThreadListGet  RTX_CM3.lib(rtx_thread.o)
    0x0800103e   0x0800103e   0x00000002   PAD
    0x08001040   0x08001040   0x00000038   Code   RO         1150    .text.osRtxThreadListPut  RTX_CM3.lib(rtx_thread.o)
    0x08001078   0x08001078   0x0000001a   Code   RO         1158    .text.osRtxThreadListRemove  RTX_CM3.lib(rtx_thread.o)
    0x08001092   0x08001092   0x00000002   PAD
    0x08001094   0x08001094   0x00000060   Code   RO         1156    .text.osRtxThreadListSort  RTX_CM3.lib(rtx_thread.o)
    0x080010f4   0x080010f4   0x00000128   Code   RO         1184    .text.osRtxThreadPostProcess  RTX_CM3.lib(rtx_thread.o)
    0x0800121c   0x0800121c   0x00000048   Code   RO         1162    .text.osRtxThreadReadyPut  RTX_CM3.lib(rtx_thread.o)
    0x08001264   0x08001264   0x00000006   Code   RO         1170    .text.osRtxThreadRegPtr  RTX_CM3.lib(rtx_thread.o)
    0x0800126a   0x0800126a   0x00000002   PAD
    0x0800126c   0x0800126c   0x0000002e   Code   RO         1176    .text.osRtxThreadStackCheck  RTX_CM3.lib(rtx_thread.o)
    0x0800129a   0x0800129a   0x00000002   PAD
    0x0800129c   0x0800129c   0x00000012   Code   RO         1174    .text.osRtxThreadSwitch  RTX_CM3.lib(rtx_thread.o)
    0x080012ae   0x080012ae   0x00000002   PAD
    0x080012b0   0x080012b0   0x000000e2   Code   RO         1182    .text.osRtxThreadWaitEnter  RTX_CM3.lib(rtx_thread.o)
    0x08001392   0x08001392   0x00000002   PAD
    0x08001394   0x08001394   0x000000be   Code   RO         1180    .text.osRtxThreadWaitExit  RTX_CM3.lib(rtx_thread.o)
    0x08001452   0x08001452   0x00000002   PAD
    0x08001454   0x08001454   0x00000078   Code   RO         1487    .text.osRtxTick_Handler  RTX_CM3.lib(rtx_system.o)
    0x080014cc   0x080014cc   0x000000aa   Code   RO         1376    .text.osRtxTimerTick  RTX_CM3.lib(rtx_timer.o)
    0x08001576   0x08001576   0x00000002   PAD
    0x08001578   0x08001578   0x0000000e   Code   RO         1188    .text.osThreadExit  RTX_CM3.lib(rtx_thread.o)
    0x08001586   0x08001586   0x00000002   PAD
    0x08001588   0x08001588   0x0000003a   Code   RO         1230    .text.osThreadNew   RTX_CM3.lib(rtx_thread.o)
    0x080015c2   0x080015c2   0x00000002   PAD
    0x080015c4   0x080015c4   0x00000024   Code   RO         1246    .text.osThreadYield  RTX_CM3.lib(rtx_thread.o)
    0x080015e8   0x080015e8   0x0000000c   Code   RO         1088    .text.svcRtxKernelGetState  RTX_CM3.lib(rtx_kernel.o)
    0x080015f4   0x080015f4   0x000001ac   Code   RO         1084    .text.svcRtxKernelInitialize  RTX_CM3.lib(rtx_kernel.o)
    0x080017a0   0x080017a0   0x00000096   Code   RO         1090    .text.svcRtxKernelStart  RTX_CM3.lib(rtx_kernel.o)
    0x08001836   0x08001836   0x00000002   PAD
    0x08001838   0x08001838   0x0000019a   Code   RO         1326    .text.svcRtxMessageQueueGet  RTX_CM3.lib(rtx_msgqueue.o)
    0x080019d2   0x080019d2   0x00000002   PAD
    0x080019d4   0x080019d4   0x0000001a   Code   RO         1334    .text.svcRtxMessageQueueGetSpace  RTX_CM3.lib(rtx_msgqueue.o)
    0x080019ee   0x080019ee   0x00000002   PAD
    0x080019f0   0x080019f0   0x00000160   Code   RO         1320    .text.svcRtxMessageQueueNew  RTX_CM3.lib(rtx_msgqueue.o)
    0x08001b50   0x08001b50   0x00000118   Code   RO         1324    .text.svcRtxMessageQueuePut  RTX_CM3.lib(rtx_msgqueue.o)
    0x08001c68   0x08001c68   0x0000009e   Code   RO         1287    .text.svcRtxMutexAcquire  RTX_CM3.lib(rtx_mutex.o)
    0x08001d06   0x08001d06   0x00000002   PAD
    0x08001d08   0x08001d08   0x000000d6   Code   RO         1293    .text.svcRtxMutexDelete  RTX_CM3.lib(rtx_mutex.o)
    0x08001dde   0x08001dde   0x00000002   PAD
    0x08001de0   0x08001de0   0x00000072   Code   RO         1283    .text.svcRtxMutexNew  RTX_CM3.lib(rtx_mutex.o)
    0x08001e52   0x08001e52   0x00000002   PAD
    0x08001e54   0x08001e54   0x000000c8   Code   RO         1289    .text.svcRtxMutexRelease  RTX_CM3.lib(rtx_mutex.o)
    0x08001f1c   0x08001f1c   0x00000142   Code   RO         1214    .text.svcRtxThreadExit  RTX_CM3.lib(rtx_thread.o)
    0x0800205e   0x0800205e   0x00000002   PAD
    0x08002060   0x08002060   0x00000240   Code   RO         1186    .text.svcRtxThreadNew  RTX_CM3.lib(rtx_thread.o)
    0x080022a0   0x080022a0   0x0000008e   Code   RO         1204    .text.svcRtxThreadYield  RTX_CM3.lib(rtx_thread.o)
    0x0800232e   0x0800232e   0x00000116   Code   RO          455    i.GPIO_Init         stm32f10x_gpio.o
    0x08002444   0x08002444   0x00000004   Code   RO          462    i.GPIO_ResetBits    stm32f10x_gpio.o
    0x08002448   0x08002448   0x00000004   Code   RO          463    i.GPIO_SetBits      stm32f10x_gpio.o
    0x0800244c   0x0800244c   0x00000020   Code   RO          578    i.RCC_APB1PeriphClockCmd  stm32f10x_rcc.o
    0x0800246c   0x0800246c   0x00000020   Code   RO          579    i.RCC_APB1PeriphResetCmd  stm32f10x_rcc.o
    0x0800248c   0x0800248c   0x00000020   Code   RO          580    i.RCC_APB2PeriphClockCmd  stm32f10x_rcc.o
    0x080024ac   0x080024ac   0x00000020   Code   RO          581    i.RCC_APB2PeriphResetCmd  stm32f10x_rcc.o
    0x080024cc   0x080024cc   0x00000190   Code   RO          588    i.RCC_GetClocksFreq  stm32f10x_rcc.o
    0x0800265c   0x0800265c   0x00000008   Code   RO         1040    i.SetSysClock       system_stm32f10x.o
    0x08002664   0x08002664   0x00000118   Code   RO         1041    i.SetSysClockTo72   system_stm32f10x.o
    0x0800277c   0x0800277c   0x0000006c   Code   RO            5    i.SvVis3_init       svvis_cortex.o
    0x080027e8   0x080027e8   0x00000016   Code   RO            8    i.SvVis3_recv_message  svvis_cortex.o
    0x080027fe   0x080027fe   0x00000026   Code   RO           12    i.SvVis3_send_message  svvis_cortex.o
    0x08002824   0x08002824   0x00000054   Code   RO           13    i.SvVis3_send_string  svvis_cortex.o
    0x08002878   0x08002878   0x00000100   Code   RO         1042    i.SystemCoreClockUpdate  system_stm32f10x.o
    0x08002978   0x08002978   0x0000006c   Code   RO         1043    i.SystemInit        system_stm32f10x.o
    0x080029e4   0x080029e4   0x00000022   Code   RO          843    i.USART_ClockInit   stm32f10x_usart.o
    0x08002a06   0x08002a06   0x00000018   Code   RO          845    i.USART_Cmd         stm32f10x_usart.o
    0x08002a1e   0x08002a1e   0x00000002   PAD
    0x08002a20   0x08002a20   0x0000009c   Code   RO          847    i.USART_DeInit      stm32f10x_usart.o
    0x08002abc   0x08002abc   0x0000001a   Code   RO          848    i.USART_GetFlagStatus  stm32f10x_usart.o
    0x08002ad6   0x08002ad6   0x00000002   PAD
    0x08002ad8   0x08002ad8   0x000000d8   Code   RO          852    i.USART_Init        stm32f10x_usart.o
    0x08002bb0   0x08002bb0   0x0000000a   Code   RO          859    i.USART_ReceiveData  stm32f10x_usart.o
    0x08002bba   0x08002bba   0x00000008   Code   RO          862    i.USART_SendData    stm32f10x_usart.o
    0x08002bc2   0x08002bc2   0x00000022   Code   RO           14    i.USART_send_byte   svvis_cortex.o
    0x08002be4   0x08002be4   0x00000020   Code   RO           15    i.USART_send_bytes  svvis_cortex.o
    0x08002c04   0x08002c04   0x00000016   Code   RO          288    i._mutex_acquire    rtx_lib.o
    0x08002c1a   0x08002c1a   0x0000000c   Code   RO          289    i._mutex_free       rtx_lib.o
    0x08002c26   0x08002c26   0x00000020   Code   RO          290    i._mutex_initialize  rtx_lib.o
    0x08002c46   0x08002c46   0x00000012   Code   RO          291    i._mutex_release    rtx_lib.o
    0x08002c58   0x08002c58   0x00000008   Code   RO          292    i._platform_post_stackheap_init  rtx_lib.o
    0x08002c60   0x08002c60   0x00000032   Code   RO          160    i.chid2len          svvis_cortex_threads.o
    0x08002c92   0x08002c92   0x00000002   PAD
    0x08002c94   0x08002c94   0x00000128   Code   RO           16    i.init_usart        svvis_cortex.o
    0x08002dbc   0x08002dbc   0x00000040   Code   RO          205    i.main              main.o
    0x08002dfc   0x08002dfc   0x000000dc   Code   RO          206    i.main_thread_func  main.o
    0x08002ed8   0x08002ed8   0x000000ac   Code   RO          241    i.motor_cmd_bin     motor_driver.o
    0x08002f84   0x08002f84   0x00000080   Code   RO          242    i.motor_cmd_str     motor_driver.o
    0x08003004   0x08003004   0x00000074   Code   RO          243    i.motor_init        motor_driver.o
    0x08003078   0x08003078   0x00000020   Code   RO          367    i.osRtxErrorNotify  rtx_config.o
    0x08003098   0x08003098   0x00000004   Code   RO          368    i.osRtxIdleThread   rtx_config.o
    0x0800309c   0x0800309c   0x00000024   Code   RO          293    i.os_kernel_is_active  rtx_lib.o
    0x080030c0   0x080030c0   0x000000bc   Code   RO          161    i.recv_thread       svvis_cortex_threads.o
    0x0800317c   0x0800317c   0x0000002e   Code   RO          162    i.send_thread       svvis_cortex_threads.o
    0x080031aa   0x080031aa   0x00000034   Code   RO          163    i.usart_thread      svvis_cortex_threads.o
    0x080031de   0x080031de   0x00000002   PAD
    0x080031e0   0x080031e0   0x00000024   Data   RO           17    .constdata          svvis_cortex.o
    0x08003204   0x08003204   0x00000004   Data   RO          244    .constdata          motor_driver.o
    0x08003208   0x08003208   0x00000064   Data   RO          299    .constdata          rtx_lib.o
    0x0800326c   0x0800326c   0x00000001   Data   RO         1370    .constdata          RTX_CM3.lib(irq_cm3.o)
    0x0800326d   0x0800326d   0x00000003   PAD
    0x08003270   0x08003270   0x00000068   Data   RO          301    .rodata             rtx_lib.o
    0x080032d8   0x080032d8   0x0000000b   Data   RO         1136    .rodata.str1.4      RTX_CM3.lib(rtx_kernel.o)
    0x080032e3   0x080032e3   0x00000001   PAD
    0x080032e4   0x080032e4   0x00000020   Data   RO         1701    Region$$Table       anon$$obj.o


    Execution Region ER_RW (Exec base: 0x20000000, Load base: 0x08003304, Size: 0x000015b0, Max: 0xffffffff, ABSOLUTE, COMPRESSED[0x00000050])

    Exec Addr    Load Addr    Size         Type   Attr      Idx    E Section Name        Object

    0x20000000   COMPRESSED   0x00001230   Data   RW          294    .bss.os             rtx_lib.o
    0x20001230   COMPRESSED   0x00000034   Data   RW          295    .bss.os.msgqueue.cb  rtx_lib.o
    0x20001264   COMPRESSED   0x00000050   Data   RW          296    .bss.os.msgqueue.mem  rtx_lib.o
    0x200012b4   COMPRESSED   0x00000088   Data   RW          297    .bss.os.thread.cb   rtx_lib.o
    0x2000133c   COMPRESSED   0x00000004   PAD
    0x20001340   COMPRESSED   0x00000190   Data   RW          298    .bss.os.thread.stack  rtx_lib.o
    0x200014d0   COMPRESSED   0x00000004   Data   RW          207    .data               main.o
    0x200014d4   COMPRESSED   0x00000005   Data   RW          300    .data               rtx_lib.o
    0x200014d9   COMPRESSED   0x00000014   Data   RW          616    .data               stm32f10x_rcc.o
    0x200014ed   COMPRESSED   0x00000003   PAD
    0x200014f0   COMPRESSED   0x00000014   Data   RW         1044    .data               system_stm32f10x.o
    0x20001504   COMPRESSED   0x00000004   PAD
    0x20001508   COMPRESSED   0x000000a8   Data   RW         1137    .data.os            RTX_CM3.lib(rtx_kernel.o)


    Execution Region ER_ZI (Exec base: 0x200015b0, Load base: 0x08003354, Size: 0x00000660, Max: 0xffffffff, ABSOLUTE)

    Exec Addr    Load Addr    Size         Type   Attr      Idx    E Section Name        Object

    0x200015b0        -       0x00000060   Zero   RW         1575    .bss                c_w.l(libspace.o)
    0x20001610        -       0x00000200   Zero   RW         1031    HEAP                startup_stm32f10x_cl.o
    0x20001810        -       0x00000400   Zero   RW         1030    STACK               startup_stm32f10x_cl.o


==============================================================================

Image component sizes


      Code (inc. data)   RO Data    RW Data    ZI Data      Debug   Object Name

       284        142          0          4          0       2091   main.o
       416         56          4          0          0       5201   motor_driver.o
        36          6          0          0          0        965   rtx_config.o
       128          4        204       5329          0      11336   rtx_lib.o
        64         26        336          0       1536        812   startup_stm32f10x_cl.o
       286          0          0          0          0       3216   stm32f10x_gpio.o
       528         50          0         20          0       6612   stm32f10x_rcc.o
       474         28          0          0          0       6121   stm32f10x_usart.o
       614         42         36          0          0     262169   svvis_cortex.o
       336          0          0          0          0       3582   svvis_cortex_threads.o
       652         56          0         20          0       3037   system_stm32f10x.o

    ----------------------------------------------------------------------
      3826        410        612       5384       1536     305142   Object Totals
         0          0         32          0          0          0   (incl. Generated)
         8          0          0         11          0          0   (incl. Padding)

    ----------------------------------------------------------------------

      Code (inc. data)   RO Data    RW Data    ZI Data      Debug   Library Member Name

       136         10          1          0          0        480   irq_cm3.o
       768          0         11        168          0      17856   rtx_kernel.o
       246          0          0          0          0       1937   rtx_memory.o
       246          0          0          0          0      17021   rtx_mempool.o
      1940          0          0          0          0      18585   rtx_msgqueue.o
       928          0          0          0          0       8779   rtx_mutex.o
       492          8          0          0          0       8155   rtx_system.o
      2686          0          0          0          0      40733   rtx_thread.o
       170          0          0          0          0       8770   rtx_timer.o
        90          0          0          0          0          0   __dczerorl2.o
         8          0          0          0          0         68   __main.o
         0          0          0          0          0          0   __rtentry.o
        20          0          0          0          0          0   __rtentry2.o
         6          0          0          0          0          0   __rtentry4.o
        52          8          0          0          0          0   __scatter.o
        28          0          0          0          0          0   __scatter_zi.o
        16          0          0          0          0         68   aeabi_memset4.o
        18          0          0          0          0         80   exit.o
         6          0          0          0          0        152   heapauxi.o
         0          0          0          0          0          0   indicate_semi.o
         2          0          0          0          0          0   libinit.o
         2          0          0          0          0          0   libinit2.o
         2          0          0          0          0          0   libshutdown.o
         2          0          0          0          0          0   libshutdown2.o
         8          4          0          0         96         68   libspace.o
        68          0          0          0          0         68   rt_memclr.o
        78          0          0          0          0         80   rt_memclr_w.o
       138          0          0          0          0         68   rt_memcpy_v6.o
       100          0          0          0          0         80   rt_memcpy_w.o
         2          0          0          0          0          0   rtexit.o
        10          0          0          0          0          0   rtexit2.o
       128          0          0          0          0         68   strcmpv7m.o
        62          0          0          0          0         76   strlen.o
        12          4          0          0          0         68   sys_exit.o
        74          0          0          0          0         80   sys_stackheap_outer.o
         2          0          0          0          0         68   use_no_semi.o

    ----------------------------------------------------------------------
      8606         34         16        168         96     123408   Library Totals
        60          0          4          0          0          0   (incl. Padding)

    ----------------------------------------------------------------------

      Code (inc. data)   RO Data    RW Data    ZI Data      Debug   Library Name

      7612         18         12        168          0     122316   RTX_CM3.lib
       934         16          0          0         96       1092   c_w.l

    ----------------------------------------------------------------------
      8606         34         16        168         96     123408   Library Totals

    ----------------------------------------------------------------------

==============================================================================


      Code (inc. data)   RO Data    RW Data    ZI Data      Debug   

     12432        444        628       5552       1632     425782   Grand Totals
     12432        444        628         80       1632     425782   ELF Image Totals (compressed)
     12432        444        628         80          0          0   ROM Totals

==============================================================================

    Total RO  Size (Code + RO Data)                13060 (  12.75kB)
    Total RW  Size (RW Data + ZI Data)              7184 (   7.02kB)
    Total ROM Size (Code + RO Data + RW Data)      13140 (  12.83kB)

==============================================================================

