Component: ARM Compiler 5.06 update 5 (build 528) Tool: armlink [4d35e2]

==============================================================================

Section Cross References

    svvis_cortex.o(i._ZN13SvVis3_data_t9apply_msgER15SvVis_message_t) refers to fflt_clz.o(x$fpl$fflt) for __aeabi_i2f
    svvis_cortex.o(i._ZN13SvVis3_data_t9apply_msgER15SvVis_message_t) refers to ffix.o(x$fpl$ffix) for __aeabi_f2iz
    svvis_cortex.o(i._ZN7SvVis_t10send_floatEhf) refers to svvis_cortex.o(i._ZN7SvVis_t8send_msgER15SvVis_message_t) for SvVis_t::send_msg(SvVis_message_t&)
    svvis_cortex.o(i._ZN7SvVis_t4initEP13USART_TypeDefj) refers to usart_driver.o(i.init_usart) for init_usart
    svvis_cortex.o(i._ZN7SvVis_t4initEP13USART_TypeDefj) refers to rtx_msgqueue.o(.text.osMessageQueueNew) for osMessageQueueNew
    svvis_cortex.o(i._ZN7SvVis_t4initEP13USART_TypeDefj) refers to rtx_thread.o(.text.osThreadNew) for osThreadNew
    svvis_cortex.o(i._ZN7SvVis_t4initEP13USART_TypeDefj) refers to svvis_cortex.o(.data) for _usart1_handler
    svvis_cortex.o(i._ZN7SvVis_t4initEP13USART_TypeDefj) refers to svvis_cortex_threads.o(i._Z11recv_threadPv) for recv_thread(void*)
    svvis_cortex.o(i._ZN7SvVis_t4initEP13USART_TypeDefj) refers to svvis_cortex_threads.o(i._Z11send_threadPv) for send_thread(void*)
    svvis_cortex.o(i._ZN7SvVis_t8recv_msgER15SvVis_message_t) refers to rtx_msgqueue.o(.text.osMessageQueueGet) for osMessageQueueGet
    svvis_cortex.o(i._ZN7SvVis_t8send_i16Ehs) refers to svvis_cortex.o(i._ZN7SvVis_t8send_msgER15SvVis_message_t) for SvVis_t::send_msg(SvVis_message_t&)
    svvis_cortex.o(i._ZN7SvVis_t8send_i32Ehi) refers to svvis_cortex.o(i._ZN7SvVis_t8send_msgER15SvVis_message_t) for SvVis_t::send_msg(SvVis_message_t&)
    svvis_cortex.o(i._ZN7SvVis_t8send_msgER15SvVis_message_t) refers to rtx_thread.o(.text.osThreadYield) for osThreadYield
    svvis_cortex.o(i._ZN7SvVis_t8send_msgER15SvVis_message_t) refers to rtx_msgqueue.o(.text.osMessageQueueGetSpace) for osMessageQueueGetSpace
    svvis_cortex.o(i._ZN7SvVis_t8send_msgER15SvVis_message_t) refers to rtx_msgqueue.o(.text.osMessageQueuePut) for osMessageQueuePut
    svvis_cortex.o(i._ZN7SvVis_t8send_strEPKc) refers to strlen.o(.text) for strlen
    svvis_cortex.o(i._ZN7SvVis_t8send_strEPKc) refers to rt_memcpy_v6.o(.text) for __aeabi_memcpy
    svvis_cortex.o(i._ZN7SvVis_t8send_strEPKc) refers to svvis_cortex.o(i._ZN7SvVis_t8send_msgER15SvVis_message_t) for SvVis_t::send_msg(SvVis_message_t&)
    svvis_cortex.o(i._ZN7SvVis_t9availableEv) refers to rtx_msgqueue.o(.text.osMessageQueueGetCount) for osMessageQueueGetCount
    svvis_cortex.o(.ARM.exidx) refers to svvis_cortex.o(i._ZN13SvVis3_data_t9apply_msgER15SvVis_message_t) for i._ZN13SvVis3_data_t9apply_msgER15SvVis_message_t
    svvis_cortex.o(.ARM.exidx) refers to svvis_cortex.o(i._ZN7SvVis_t4initEP13USART_TypeDefj) for i._ZN7SvVis_t4initEP13USART_TypeDefj
    svvis_cortex.o(.ARM.exidx) refers to svvis_cortex.o(i._ZN7SvVis_t8send_msgER15SvVis_message_t) for i._ZN7SvVis_t8send_msgER15SvVis_message_t
    svvis_cortex.o(.ARM.exidx) refers to svvis_cortex.o(i._ZN7SvVis_t8send_strEPKc) for i._ZN7SvVis_t8send_strEPKc
    svvis_cortex.o(.ARM.exidx) refers to svvis_cortex.o(i._ZN7SvVis_t8send_i16Ehs) for i._ZN7SvVis_t8send_i16Ehs
    svvis_cortex.o(.ARM.exidx) refers to svvis_cortex.o(i._ZN7SvVis_t8send_i32Ehi) for i._ZN7SvVis_t8send_i32Ehi
    svvis_cortex.o(.ARM.exidx) refers to svvis_cortex.o(i._ZN7SvVis_t10send_floatEhf) for i._ZN7SvVis_t10send_floatEhf
    svvis_cortex.o(.ARM.exidx) refers to svvis_cortex.o(i._ZN7SvVis_t9availableEv) for i._ZN7SvVis_t9availableEv
    svvis_cortex.o(.ARM.exidx) refers to svvis_cortex.o(i._ZN7SvVis_t8recv_msgER15SvVis_message_t) for i._ZN7SvVis_t8recv_msgER15SvVis_message_t
    main.o(i._Z16main_thread_funcPv) refers to motor_driver.o(i.motor_init) for motor_init
    main.o(i._Z16main_thread_funcPv) refers to led_driver.o(i.LED_init) for LED_init
    main.o(i._Z16main_thread_funcPv) refers to led_driver.o(i.LED_triangle_l) for LED_triangle_l
    main.o(i._Z16main_thread_funcPv) refers to rtx_delay.o(.text.osDelay) for osDelay
    main.o(i._Z16main_thread_funcPv) refers to svvis_cortex.o(i._ZN7SvVis_t9availableEv) for SvVis_t::available()
    main.o(i._Z16main_thread_funcPv) refers to rtx_thread.o(.text.osThreadYield) for osThreadYield
    main.o(i._Z16main_thread_funcPv) refers to svvis_cortex.o(i._ZN7SvVis_t8recv_msgER15SvVis_message_t) for SvVis_t::recv_msg(SvVis_message_t&)
    main.o(i._Z16main_thread_funcPv) refers to svvis_cortex.o(i._ZN7SvVis_t8send_strEPKc) for SvVis_t::send_str(const char*)
    main.o(i._Z16main_thread_funcPv) refers to svvis_cortex.o(i._ZN7SvVis_t8send_msgER15SvVis_message_t) for SvVis_t::send_msg(SvVis_message_t&)
    main.o(i._Z16main_thread_funcPv) refers to strcmpv7m.o(.text) for strcmp
    main.o(i._Z16main_thread_funcPv) refers to motor_driver.o(i.motor_cmd_str) for motor_cmd_str
[...]
    .text                                    0x08000728   Section       10  rt_locale_twolibspace.o(.text)
    .text                                    0x08000732   Section        0  _chval.o(.text)
    .text                                    0x0800074e   Section       74  sys_stackheap_outer.o(.text)
    .text                                    0x08000798   Section        0  exit.o(.text)
    .text                                    0x080007ac   Section        0  sys_exit.o(.text)
    .text                                    0x080007b8   Section        2  use_no_semi.o(.text)
    .text                                    0x080007ba   Section        0  indicate_semi.o(.text)
    [Anonymous Symbol]                       0x080007bc   Section        0  rtx_delay.o(.text.osDelay)
    [Anonymous Symbol]                       0x080007e0   Section        0  rtx_kernel.o(.text.osKernelGetState)
    [Anonymous Symbol]                       0x0800081c   Section        0  rtx_kernel.o(.text.osKernelInitialize)
    [Anonymous Symbol]                       0x08000858   Section        0  rtx_kernel.o(.text.osKernelStart)
    [Anonymous Symbol]                       0x08000894   Section        0  rtx_msgqueue.o(.text.osMessageQueueGet)
    [Anonymous Symbol]                       0x08000948   Section        0  rtx_msgqueue.o(.text.osMessageQueueGetCount)
    [Anonymous Symbol]                       0x0800097c   Section        0  rtx_msgqueue.o(.text.osMessageQueueGetSpace)
    [Anonymous Symbol]                       0x080009b4   Section        0  rtx_msgqueue.o(.text.osMessageQueueNew)
    [Anonymous Symbol]                       0x080009f0   Section        0  rtx_msgqueue.o(.text.osMessageQueuePut)
    [Anonymous Symbol]                       0x08000a74   Section        0  rtx_mutex.o(.text.osMutexAcquire)
    [Anonymous Symbol]                       0x08000a98   Section        0  rtx_mutex.o(.text.osMutexDelete)
    [Anonymous Symbol]                       0x08000abc   Section        0  rtx_mutex.o(.text.osMutexNew)
    [Anonymous Symbol]                       0x08000af8   Section        0  rtx_mutex.o(.text.osMutexRelease)
    [Anonymous Symbol]                       0x08000b1c   Section        0  rtx_memory.o(.text.osRtxMemoryAlloc)
    [Anonymous Symbol]                       0x08000b8c   Section        0  rtx_memory.o(.text.osRtxMemoryFree)
    [Anonymous Symbol]                       0x08000be4   Section        0  rtx_memory.o(.text.osRtxMemoryInit)
    [Anonymous Symbol]                       0x08000c14   Section        0  rtx_mempool.o(.text.osRtxMemoryPoolAlloc)
    [Anonymous Symbol]                       0x08000c60   Section        0  rtx_mempool.o(.text.osRtxMemoryPoolFree)
    [Anonymous Symbol]                       0x08000cbc   Section        0  rtx_mempool.o(.text.osRtxMemoryPoolInit)
    [Anonymous Symbol]                       0x08000d0c   Section        0  rtx_msgqueue.o(.text.osRtxMessageQueuePostProcess)
    [Anonymous Symbol]                       0x08000ecc   Section        0  rtx_mutex.o(.text.osRtxMutexOwnerRelease)
    [Anonymous Symbol]                       0x08000f18   Section        0  rtx_system.o(.text.osRtxPendSV_Handler)
    [Anonymous Symbol]                       0x08000fc0   Section        0  rtx_system.o(.text.osRtxPostProcess)
    [Anonymous Symbol]                       0x08001038   Section        0  rtx_system.o(.text.osRtxSysTimerAckIRQ)
    [Anonymous Symbol]                       0x08001044   Section        0  rtx_system.o(.text.osRtxSysTimerEnable)
    [Anonymous Symbol]                       0x08001054   Section        0  rtx_system.o(.text.osRtxSysTimerSetup)
    [Anonymous Symbol]                       0x08001090   Section        0  rtx_thread.o(.text.osRtxThreadDelayTick)
    [Anonymous Symbol]                       0x08001118   Section        0  rtx_thread.o(.text.osRtxThreadDispatch)
    [Anonymous Symbol]                       0x08001270   Section        0  rtx_thread.o(.text.osRtxThreadListGet)
    [Anonymous Symbol]                       0x0800128c   Section        0  rtx_thread.o(.text.osRtxThreadListPut)
    [Anonymous Symbol]                       0x080012c4   Section        0  rtx_thread.o(.text.osRtxThreadListRemove)
    [Anonymous Symbol]                       0x080012e0   Section        0  rtx_thread.o(.text.osRtxThreadListSort)
    [Anonymous Symbol]                       0x08001340   Section        0  rtx_thread.o(.text.osRtxThreadPostProcess)
    [Anonymous Symbol]                       0x08001468   Section        0  rtx_thread.o(.text.osRtxThreadReadyPut)
    [Anonymous Symbol]                       0x080014b0   Section        0  rtx_thread.o(.text.osRtxThreadRegPtr)
    [Anonymous Symbol]                       0x080014b8   Section        0  rtx_thread.o(.text.osRtxThreadStackCheck)
    [Anonymous Symbol]                       0x080014e8   Section        0  rtx_thread.o(.text.osRtxThreadSwitch)
    [Anonymous Symbol]                       0x080014fc   Section        0  rtx_thread.o(.text.osRtxThreadWaitEnter)
    [Anonymous Symbol]                       0x080015e0   Section        0  rtx_thread.o(.text.osRtxThreadWaitExit)
    [Anonymous Symbol]                       0x080016a0   Section        0  rtx_system.o(.text.osRtxTick_Handler)
    [Anonymous Symbol]                       0x08001718   Section        0  rtx_timer.o(.text.osRtxTimerThread)
    [Anonymous Symbol]                       0x08001744   Section        0  rtx_timer.o(.text.osRtxTimerTick)
    [Anonymous Symbol]                       0x080017f0   Section        0  rtx_thread.o(.text.osThreadExit)
    [Anonymous Symbol]                       0x08001800   Section        0  rtx_thread.o(.text.osThreadGetId)
    [Anonymous Symbol]                       0x08001824   Section        0  rtx_thread.o(.text.osThreadNew)
    [Anonymous Symbol]                       0x08001860   Section        0  rtx_thread.o(.text.osThreadYield)
    [Anonymous Symbol]                       0x08001884   Section        0  rtx_timer.o(.text.osTimerNew)
    [Anonymous Symbol]                       0x080018cc   Section        0  rtx_timer.o(.text.osTimerStart)
    [Anonymous Symbol]                       0x080018f0   Section        0  rtx_delay.o(.text.svcRtxDelay)
    [Anonymous Symbol]                       0x08001904   Section        0  rtx_kernel.o(.text.svcRtxKernelGetState)
    [Anonymous Symbol]                       0x08001910   Section        0  rtx_kernel.o(.text.svcRtxKernelInitialize)
    [Anonymous Symbol]                       0x08001abc   Section        0  rtx_kernel.o(.text.svcRtxKernelStart)
    [Anonymous Symbol]                       0x08001b54   Section        0  rtx_msgqueue.o(.text.svcRtxMessageQueueGet)
    [Anonymous Symbol]                       0x08001cf0   Section        0  rtx_msgqueue.o(.text.svcRtxMessageQueueGetCount)
    [Anonymous Symbol]                       0x08001d08   Section        0  rtx_msgqueue.o(.text.svcRtxMessageQueueGetSpace)
    [Anonymous Symbol]                       0x08001d24   Section        0  rtx_msgqueue.o(.text.svcRtxMessageQueueNew)
    [Anonymous Symbol]                       0x08001e84   Section        0  rtx_msgqueue.o(.text.svcRtxMessageQueuePut)
    [Anonymous Symbol]                       0x08001f9c   Section        0  rtx_mutex.o(.text.svcRtxMutexAcquire)
    [Anonymous Symbol]                       0x0800203c   Section        0  rtx_mutex.o(.text.svcRtxMutexDelete)
    [Anonymous Symbol]                       0x08002114   Section        0  rtx_mutex.o(.text.svcRtxMutexNew)
    [Anonymous Symbol]                       0x08002188   Section        0  rtx_mutex.o(.text.svcRtxMutexRelease)
    [Anonymous Symbol]                       0x08002250   Section        0  rtx_thread.o(.text.svcRtxThreadExit)
    [Anonymous Symbol]                       0x08002394   Section        0  rtx_thread.o(.text.svcRtxThreadGetId)
    [Anonymous Symbol]                       0x080023a0   Section        0  rtx_thread.o(.text.svcRtxThreadNew)
    [Anonymous Symbol]                       0x080025e0   Section        0  rtx_thread.o(.text.svcRtxThreadYield)
    [Anonymous Symbol]                       0x08002670   Section        0  rtx_timer.o(.text.svcRtxTimerNew)
    [Anonymous Symbol]                       0x08002748   Section        0  rtx_timer.o(.text.svcRtxTimerStart)
    i.GPIO_Init                              0x08002800   Section        0  stm32f10x_gpio.o(i.GPIO_Init)
    i.GPIO_ResetBits                         0x08002916   Section        0  stm32f10x_gpio.o(i.GPIO_ResetBits)
    i.GPIO_SetBits                           0x0800291a   Section        0  stm32f10x_gpio.o(i.GPIO_SetBits)
    i.GPIO_WriteBit                          0x0800291e   Section        0  stm32f10x_gpio.o(i.GPIO_WriteBit)
    i.LED_heartbeat                          0x08002928   Section        0  led_driver.o(i.LED_heartbeat)
    i.LED_init                               0x0800293c   Section        0  led_driver.o(i.LED_init)
    i.LED_triangle_l                         0x080029a8   Section        0  led_driver.o(i.LED_triangle_l)
    i.NVIC_Init                              0x080029d4   Section        0  misc.o(i.NVIC_Init)
    i.RCC_APB1PeriphClockCmd                 0x08002a44   Section        0  stm32f10x_rcc.o(i.RCC_APB1PeriphClockCmd)
    i.RCC_APB1PeriphResetCmd                 0x08002a64   Section        0  stm32f10x_rcc.o(i.RCC_APB1PeriphResetCmd)
    i.RCC_APB2PeriphClockCmd                 0x08002a84   Section        0  stm32f10x_rcc.o(i.RCC_APB2PeriphClockCmd)
    i.RCC_APB2PeriphResetCmd                 0x08002aa4   Section        0  stm32f10x_rcc.o(i.RCC_APB2PeriphResetCmd)
    i.RCC_GetClocksFreq                      0x08002ac4   Section        0  stm32f10x_rcc.o(i.RCC_GetClocksFreq)
    i.SetSysClock                            0x08002c54   Section        0  system_stm32f10x.o(i.SetSysClock)
    SetSysClock                              0x08002c55   Thumb Code     8  system_stm32f10x.o(i.SetSysClock)
    i.SetSysClockTo72                        0x08002c5c   Section        0  system_stm32f10x.o(i.SetSysClockTo72)
    SetSysClockTo72                          0x08002c5d   Thumb Code   264  system_stm32f10x.o(i.SetSysClockTo72)
    i.SystemCoreClockUpdate                  0x08002d74   Section        0  system_stm32f10x.o(i.SystemCoreClockUpdate)
    i.SystemInit                             0x08002e74   Section        0  system_stm32f10x.o(i.SystemInit)
    i.TIM3_IRQHandler                        0x08002ee0   Section        0  motor_driver.o(i.TIM3_IRQHandler)
    i.TIM_ClearITPendingBit                  0x08002ef0   Section        0  stm32f10x_tim.o(i.TIM_ClearITPendingBit)
    i.TIM_Cmd                                0x08002ef6   Section        0  stm32f10x_tim.o(i.TIM_Cmd)
    i.TIM_ITConfig                           0x08002f0e   Section        0  stm32f10x_tim.o(i.TIM_ITConfig)
    i.TIM_OC3Init                            0x08002f20   Section        0  stm32f10x_tim.o(i.TIM_OC3Init)
    i.TIM_OC4Init                            0x08002fc0   Section        0  stm32f10x_tim.o(i.TIM_OC4Init)
    i.TIM_TimeBaseInit                       0x0800303c   Section        0  stm32f10x_tim.o(i.TIM_TimeBaseInit)
    i.USART1_IRQHandler                      0x080030e0   Section        0  usart_driver.o(i.USART1_IRQHandler)
    i.USART2_IRQHandler                      0x08003108   Section        0  usart_driver.o(i.USART2_IRQHandler)
    i.USART3_IRQHandler                      0x08003130   Section        0  usart_driver.o(i.USART3_IRQHandler)
    i.USART_ClockInit                        0x08003158   Section        0  stm32f10x_usart.o(i.USART_ClockInit)
    i.USART_Cmd                              0x0800317a   Section        0  stm32f10x_usart.o(i.USART_Cmd)
    i.USART_DeInit                           0x08003194   Section        0  stm32f10x_usart.o(i.USART_DeInit)
    i.USART_GetFlagStatus                    0x08003230   Section        0  stm32f10x_usart.o(i.USART_GetFlagStatus)
    i.USART_ITConfig                         0x0800324a   Section        0  stm32f10x_usart.o(i.USART_ITConfig)
    i.USART_Init                             0x08003294   Section        0  stm32f10x_usart.o(i.USART_Init)
    i.USART_ReceiveData                      0x0800336c   Section        0  stm32f10x_usart.o(i.USART_ReceiveData)
    i.USART_SendData                         0x08003376   Section        0  stm32f10x_usart.o(i.USART_SendData)
    i.USART_send_byte                        0x0800337e   Section        0  usart_driver.o(i.USART_send_byte)
    i.USART_send_bytes                       0x080033a0   Section        0  usart_driver.o(i.USART_send_bytes)
    i._Z11recv_threadPv                      0x080033c0   Section        0  svvis_cortex_threads.o(i._Z11recv_threadPv)
    i._Z11send_threadPv                      0x0800347c   Section        0  svvis_cortex_threads.o(i._Z11send_threadPv)
    i._Z16main_thread_funcPv                 0x080034ac   Section        0  main.o(i._Z16main_thread_funcPv)
    i._Z8chid2lenh                           0x080036b4   Section        0  svvis_cortex_threads.o(i._Z8chid2lenh)
    i._ZN7SvVis_t4initEP13USART_TypeDefj     0x080036e8   Section        0  svvis_cortex.o(i._ZN7SvVis_t4initEP13USART_TypeDefj)
    i._ZN7SvVis_t8recv_msgER15SvVis_message_t 0x0800379c   Section        0  svvis_cortex.o(i._ZN7SvVis_t8recv_msgER15SvVis_message_t)
    i._ZN7SvVis_t8send_msgER15SvVis_message_t 0x080037b2   Section        0  svvis_cortex.o(i._ZN7SvVis_t8send_msgER15SvVis_message_t)
    i._ZN7SvVis_t8send_strEPKc               0x080037d8   Section        0  svvis_cortex.o(i._ZN7SvVis_t8send_strEPKc)
    i._ZN7SvVis_t9availableEv                0x08003822   Section        0  svvis_cortex.o(i._ZN7SvVis_t9availableEv)
    i.__LED_heartbeat_function               0x0800382e   Section        0  led_driver.o(i.__LED_heartbeat_function)
    i.__user_perthread_libspace              0x0800384c   Section        0  rtx_lib.o(i.__user_perthread_libspace)
    i._mutex_acquire                         0x080038bc   Section        0  rtx_lib.o(i._mutex_acquire)
    __tagsym$$used                           0x080038bd   Number         0  rtx_lib.o(i._mutex_acquire)
    i._mutex_free                            0x080038d2   Section        0  rtx_lib.o(i._mutex_free)
    __tagsym$$used                           0x080038d3   Number         0  rtx_lib.o(i._mutex_free)
    i._mutex_initialize                      0x080038de   Section        0  rtx_lib.o(i._mutex_initialize)
    __tagsym$$used                           0x080038df   Number         0  rtx_lib.o(i._mutex_initialize)
    i._mutex_release                         0x080038fe   Section        0  rtx_lib.o(i._mutex_release)
    __tagsym$$used                           0x080038ff   Number         0  rtx_lib.o(i._mutex_release)
    i._platform_post_stackheap_init          0x08003910   Section        0  rtx_lib.o(i._platform_post_stackheap_init)
    i.init_usart                             0x08003918   Section        0  usart_driver.o(i.init_usart)
    i.main                                   0x08003a80   Section        0  main.o(i.main)
    i.motor_cmd_bin                          0x08003adc   Section        0  motor_driver.o(i.motor_cmd_bin)
    i.motor_cmd_str                          0x08003b64   Section        0  motor_driver.o(i.motor_cmd_str)
    i.motor_init                             0x08003c40   Section        0  motor_driver.o(i.motor_init)
    i.motor_stop                             0x08003cc4   Section        0  motor_driver.o(i.motor_stop)
    i.osRtxErrorNotify                       0x08003cd8   Section        0  rtx_config.o(i.osRtxErrorNotify)
    i.osRtxIdleThread                        0x08003cf8   Section        0  rtx_config.o(i.osRtxIdleThread)
    i.os_kernel_is_active                    0x08003cfc   Section        0  rtx_lib.o(i.os_kernel_is_active)
    os_kernel_is_active                      0x08003cfd   Thumb Code    32  rtx_lib.o(i.os_kernel_is_active)
    i.timer_init                             0x08003d20   Section        0  motor_driver.o(i.timer_init)
    locale$$code                             0x08003e24   Section       44  lc_ctype_c.o(locale$$code)
    x$fpl$dfixu                              0x08003e50   Section       90  dfixu.o(x$fpl$dfixu)
    x$fpl$dfltu                              0x08003eaa   Section       38  dflt_clz.o(x$fpl$dfltu)
    x$fpl$dmul                               0x08003ed0   Section      340  dmul.o(x$fpl$dmul)
    x$fpl$dnaninf                            0x08004024   Section      156  dnaninf.o(x$fpl$dnaninf)
    x$fpl$dretinf                            0x080040c0   Section       12  dretinf.o(x$fpl$dretinf)
    .constdata                               0x080040cc   Section      100  rtx_lib.o(.constdata)
    x$fpl$usenofp                            0x080040cc   Section        0  usenofp.o(x$fpl$usenofp)
    os_idle_thread_attr                      0x080040cc   Data          36  rtx_lib.o(.constdata)
    os_timer_thread_attr                     0x080040f0   Data          36  rtx_lib.o(.constdata)
    os_timer_mq_attr                         0x08004114   Data          24  rtx_lib.o(.constdata)
    .constdata                               0x08004130   Section        1  irq_cm3.o(.constdata)
    .rodata                                  0x08004134   Section      104  rtx_lib.o(.rodata)
    __tagsym$$used                           0x08004134   Number         0  rtx_lib.o(.rodata)
    [Anonymous Symbol]                       0x0800419c   Section        0  rtx_kernel.o(.rodata.str1.4)
    .L.str                                   0x0800419c   Data          11  rtx_kernel.o(.rodata.str1.4)
    locale$$data                             0x080041c8   Section      272  lc_ctype_c.o(locale$$data)
    __lcctype_c_name                         0x080041cc   Data           2  lc_ctype_c.o(locale$$data)
    __lcctype_c_start                        0x080041d4   Data           0  lc_ctype_c.o(locale$$data)
    __lcctype_c_end                          0x080042d8   Data           0  lc_ctype_c.o(locale$$data)
    .bss.os                                  0x20000000   Section     4656  rtx_lib.o(.bss.os)
    os_mem                                   0x20000000   Data        4096  rtx_lib.o(.bss.os)
    os_isr_queue                             0x20001000   Data          64  rtx_lib.o(.bss.os)
    os_libspace                              0x20001040   Data         480  rtx_lib.o(.bss.os)
    os_libspace_id                           0x20001220   Data          16  rtx_lib.o(.bss.os)
    .bss.os.msgqueue.cb                      0x20001230   Section       52  rtx_lib.o(.bss.os.msgqueue.cb)
    os_timer_mq_cb                           0x20001230   Data          52  rtx_lib.o(.bss.os.msgqueue.cb)
    .bss.os.msgqueue.mem                     0x20001264   Section       80  rtx_lib.o(.bss.os.msgqueue.mem)
    os_timer_mq_data                         0x20001264   Data          80  rtx_lib.o(.bss.os.msgqueue.mem)
    .bss.os.thread.cb                        0x200012b4   Section      136  rtx_lib.o(.bss.os.thread.cb)
    os_idle_thread_cb                        0x200012b4   Data          68  rtx_lib.o(.bss.os.thread.cb)
    os_timer_thread_cb                       0x200012f8   Data          68  rtx_lib.o(.bss.os.thread.cb)
    .bss.os.thread.stack                     0x20001340   Section      400  rtx_lib.o(.bss.os.thread.stack)
    os_idle_thread_stack                     0x20001340   Data         200  rtx_lib.o(.bss.os.thread.stack)
    os_timer_thread_stack                    0x20001408   Data         200  rtx_lib.o(.bss.os.thread.stack)
    .data                                    0x200014d0   Section       12  svvis_cortex.o(.data)
    .data                                    0x200014dc   Section        4  main.o(.data)
    .data                                    0x200014e0   Section        4  led_driver.o(.data)
    .data                                    0x200014e8   Section       20  motor_driver.o(.data)
    .data                                    0x200014fc   Section        5  rtx_lib.o(.data)
    os_kernel_active                         0x20001500   Data           1  rtx_lib.o(.data)
    .data                                    0x20001501   Section       20  stm32f10x_rcc.o(.data)
    APBAHBPrescTable                         0x20001501   Data          16  stm32f10x_rcc.o(.data)
    ADCPrescTable                            0x20001511   Data           4  stm32f10x_rcc.o(.data)
    .data                                    0x20001518   Section       20  system_stm32f10x.o(.data)
    .bss                                     0x200015d8   Section       96  libspace.o(.bss)
    HEAP                                     0x20001638   Section      512  startup_stm32f10x_cl.o(HEAP)
    Heap_Mem                                 0x20001638   Data         512  startup_stm32f10x_cl.o(HEAP)
    STACK                                    0x20001838   Section     1024  startup_stm32f10x_cl.o(STACK)
    Stack_Mem                                0x20001838   Data        1024  startup_stm32f10x_cl.o(STACK)
    __initial_sp                             0x20001c38   Data           0  startup_stm32f10x_cl.o(STACK)

    Global Symbols

    Symbol Name                              Value     Ov Type        Size  Object(Section)

    BuildAttributes$$THM_ISAv4$P$D$K$B$S$PE$A:L22UL41UL21$X:L11$S22US41US21$IEEE1$IW$~IW$USESV6$~STKCKD$USESV7$~SHL$OTIME$ROPI$EBA8$UX$STANDARDLIB$REQ8$PRES8$EABIv2 0x00000000   Number         0  anon$$obj.o ABSOLUTE
    __ARM_use_no_argv                        0x00000000   Number         0  main.o ABSOLUTE
    __ARM_exceptions_init                     - Undefined Weak Reference
    __alloca_initialize                       - Undefined Weak Reference
    __arm_preinit_                            - Undefined Weak Reference
    __cpp_initialize__aeabi_                  - Undefined Weak Reference
    __cxa_finalize                            - Undefined Weak Reference
    __sigvec_lookup                           - Undefined Weak Reference
    _atexit_init                              - Undefined Weak Reference
    _call_atexit_fns                          - Undefined Weak Reference
    _clock_init                               - Undefined Weak Reference
    _fp_trap_init                             - Undefined Weak Reference
    _fp_trap_shutdown                         - Undefined Weak Reference
    _get_lc_collate                           - Undefined Weak Reference
    _get_lc_monetary                          - Undefined Weak Reference
    _get_lc_numeric                           - Undefined Weak Reference
    _get_lc_time                              - Undefined Weak Reference
    _getenv_init                              - Undefined Weak Reference
    _handle_redirection                       - Undefined Weak Reference
    _init_alloc                               - Undefined Weak Reference
    _init_user_alloc                          - Undefined Weak Reference
    _initio                                   - Undefined Weak Reference
    _rand_init                                - Undefined Weak Reference
    _signal_finish                            - Undefined Weak Reference
    _signal_init                              - Undefined Weak Reference
    _terminate_alloc                          - Undefined Weak Reference
    _terminate_user_alloc                     - Undefined Weak Reference
    _terminateio                              - Undefined Weak Reference
    __Vectors_Size                           0x00000150   Number         0  startup_stm32f10x_cl.o ABSOLUTE
    __Vectors                                0x08000000   Data           4  startup_stm32f10x_cl.o(RESET)
    __Vectors_End                            0x08000150   Data           0  startup_stm32f10x_cl.o(RESET)
    __main                                   0x08000151   Thumb Code     8  __main.o(!!!main)
    __scatterload                            0x08000159   Thumb Code     0  __scatter.o(!!!scatter)
    __scatterload_rt2                        0x08000159   Thumb Code    44  __scatter.o(!!!scatter)
    __scatterload_rt2_thumb_only             0x08000159   Thumb Code     0  __scatter.o(!!!scatter)
    __scatterload_null                       0x08000167   Thumb Code     0  __scatter.o(!!!scatter)
    __decompress                             0x0800018d   Thumb Code    90  __dczerorl2.o(!!dczerorl2)
    __decompress1                            0x0800018d   Thumb Code     0  __dczerorl2.o(!!dczerorl2)
    __scatterload_zeroinit                   0x080001e9   Thumb Code    28  __scatter_zi.o(!!handler_zi)
    __rt_lib_init                            0x08000205   Thumb Code     0  libinit.o(.ARM.Collect$$libinit$$00000000)
    __rt_lib_init_fp_1                       0x08000207   Thumb Code     0  libinit2.o(.ARM.Collect$$libinit$$00000002)
    __rt_lib_init_heap_1                     0x08000207   Thumb Code     0  libinit2.o(.ARM.Collect$$libinit$$0000000A)
    __rt_lib_init_lc_common                  0x08000207   Thumb Code     0  libinit2.o(.ARM.Collect$$libinit$$0000000F)
    __rt_lib_init_preinit_1                  0x08000207   Thumb Code     0  libinit2.o(.ARM.Collect$$libinit$$00000004)
    __rt_lib_init_rand_1                     0x08000207   Thumb Code     0  libinit2.o(.ARM.Collect$$libinit$$0000000E)
    __rt_lib_init_user_alloc_1               0x08000207   Thumb Code     0  libinit2.o(.ARM.Collect$$libinit$$0000000C)
    __rt_lib_init_lc_collate_1               0x0800020d   Thumb Code     0  libinit2.o(.ARM.Collect$$libinit$$00000011)
    __rt_lib_init_lc_ctype_2                 0x0800020d   Thumb Code     0  libinit2.o(.ARM.Collect$$libinit$$00000012)
    __rt_lib_init_alloca_1                   0x08000219   Thumb Code     0  libinit2.o(.ARM.Collect$$libinit$$0000002E)
    __rt_lib_init_argv_1                     0x08000219   Thumb Code     0  libinit2.o(.ARM.Collect$$libinit$$0000002C)
    __rt_lib_init_atexit_1                   0x08000219   Thumb Code     0  libinit2.o(.ARM.Collect$$libinit$$0000001B)
    __rt_lib_init_clock_1                    0x08000219   Thumb Code     0  libinit2.o(.ARM.Collect$$libinit$$00000021)
    __rt_lib_init_cpp_1                      0x08000219   Thumb Code     0  libinit2.o(.ARM.Collect$$libinit$$00000032)
    __rt_lib_init_exceptions_1               0x08000219   Thumb Code     0  libinit2.o(.ARM.Collect$$libinit$$00000030)
    __rt_lib_init_fp_trap_1                  0x08000219   Thumb Code     0  libinit2.o(.ARM.Collect$$libinit$$0000001F)
    __rt_lib_init_getenv_1                   0x08000219   Thumb Code     0  libinit2.o(.ARM.Collect$$libinit$$00000023)
    __rt_lib_init_lc_ctype_1                 0x08000219   Thumb Code     0  libinit2.o(.ARM.Collect$$libinit$$00000013)
    __rt_lib_init_lc_monetary_1              0x08000219   Thumb Code     0  libinit2.o(.ARM.Collect$$libinit$$00000015)
    __rt_lib_init_lc_numeric_1               0x08000219   Thumb Code     0  libinit2.o(.ARM.Collect$$libinit$$00000017)
    __rt_lib_init_lc_time_1                  0x08000219   Thumb Code     0  libinit2.o(.ARM.Collect$$libinit$$00000019)
    __rt_lib_init_return                     0x08000219   Thumb Code     0  libinit2.o(.ARM.Collect$$libinit$$00000033)
    __rt_lib_init_signal_1                   0x08000219   Thumb Code     0  libinit2.o(.ARM.Collect$$libinit$$0000001D)
    __rt_lib_init_stdio_1                    0x08000219   Thumb Code     0  libinit2.o(.ARM.Collect$$libinit$$00000025)
    __rt_lib_shutdown                        0x0800021b   Thumb Code     0  libshutdown.o(.ARM.Collect$$libshutdown$$00000000)
    __rt_lib_shutdown_cpp_1                  0x0800021d   Thumb Code     0  libshutdown2.o(.ARM.Collect$$libshutdown$$00000002)
    __rt_lib_shutdown_fp_trap_1              0x0800021d   Thumb Code     0  libshutdown2.o(.ARM.Collect$$libshutdown$$00000007)
    __rt_lib_shutdown_heap_1                 0x0800021d   Thumb Code     0  libshutdown2.o(.ARM.Collect$$libshutdown$$0000000F)
    __rt_lib_shutdown_return                 0x0800021d   Thumb Code     0  libshutdown2.o(.ARM.Collect$$libshutdown$$00000010)
    __rt_lib_shutdown_signal_1               0x0800021d   Thumb Code     0  libshutdown2.o(.ARM.Collect$$libshutdown$$0000000A)
    __rt_lib_shutdown_stdio_1                0x0800021d   Thumb Code     0  libshutdown2.o(.ARM.Collect$$libshutdown$$00000004)
    __rt_lib_shutdown_user_alloc_1           0x0800021d   Thumb Code     0  libshutdown2.o(.ARM.Collect$$libshutdown$$0000000C)
    __rt_entry                               0x0800021f   Thumb Code     0  __rtentry.o(.ARM.Collect$$rtentry$$00000000)
    __rt_entry_presh_1                       0x0800021f   Thumb Code     0  __rtentry2.o(.ARM.Collect$$rtentry$$00000002)
    __rt_entry_sh                            0x0800021f   Thumb Code     0  __rtentry4.o(.ARM.Collect$$rtentry$$00000004)
    __rt_entry_postsh_1                      0x08000225   Thumb Code     0  __rtentry2.o(.ARM.Collect$$rtentry$$00000008)
    __rt_entry_li                            0x0800022d   Thumb Code     0  __rtentry2.o(.ARM.Collect$$rtentry$$0000000A)
    __rt_entry_main                          0x08000231   Thumb Code     0  __rtentry2.o(.ARM.Collect$$rtentry$$0000000D)
    __rt_entry_postli_1                      0x08000231   Thumb Code     0  __rtentry2.o(.ARM.Collect$$rtentry$$0000000C)
    __rt_exit                                0x08000239   Thumb Code     0  rtexit.o(.ARM.Collect$$rtexit$$00000000)
    __rt_exit_ls                             0x0800023b   Thumb Code     0  rtexit2.o(.ARM.Collect$$rtexit$$00000003)
    __rt_exit_prels_1                        0x0800023b   Thumb Code     0  rtexit2.o(.ARM.Collect$$rtexit$$00000002)
    __rt_exit_exit                           0x0800023f   Thumb Code     0  rtexit2.o(.ARM.Collect$$rtexit$$00000004)
    Reset_Handler                            0x08000245   Thumb Code     8  startup_stm32f10x_cl.o(.text)
    NMI_Handler                              0x0800024d   Thumb Code     2  startup_stm32f10x_cl.o(.text)
    HardFault_Handler                        0x0800024f   Thumb Code     2  startup_stm32f10x_cl.o(.text)
    MemManage_Handler                        0x08000251   Thumb Code     2  startup_stm32f10x_cl.o(.text)
    BusFault_Handler                         0x08000253   Thumb Code     2  startup_stm32f10x_cl.o(.text)
    UsageFault_Handler                       0x08000255   Thumb Code     2  startup_stm32f10x_cl.o(.text)
    DebugMon_Handler                         0x08000259   Thumb Code     2  startup_stm32f10x_cl.o(.text)
    ADC1_2_IRQHandler                        0x0800025f   Thumb Code     0  startup_stm32f10x_cl.o(.text)
    CAN1_RX0_IRQHandler                      0x0800025f   Thumb Code     0  startup_stm32f10x_cl.o(.text)
    CAN1_RX1_IRQHandler                      0x0800025f   Thumb Code     0  startup_stm32f10x_cl.o(.text)
    CAN1_SCE_IRQHandler                      0x0800025f   Thumb Code     0  startup_stm32f10x_cl.o(.text)
    CAN1_TX_IRQHandler                       0x0800025f   Thumb Code     0  startup_stm32f10x_cl.o(.text)
    CAN2_RX0_IRQHandler                      0x0800025f   Thumb Code     0  startup_stm32f10x_cl.o(.text)
    CAN2_RX1_IRQHandler                      0x0800025f   Thumb Code     0  startup_stm32f10x_cl.o(.text)
    CAN2_SCE_IRQHandler                      0x0800025f   Thumb Code     0  startup_stm32f10x_cl.o(.text)
    CAN2_TX_IRQHandler                       0x0800025f   Thumb Code     0  startup_stm32f10x_cl.o(.text)
    DMA1_Channel1_IRQHandler                 0x0800025f   Thumb Code     0  startup_stm32f10x_cl.o(.text)
    DMA1_Channel2_IRQHandler                 0x0800025f   Thumb Code     0  startup_stm32f10x_cl.o(.text)
    DMA1_Channel3_IRQHandler                 0x0800025f   Thumb Code     0  startup_stm32f10x_cl.o(.text)
    DMA1_Channel4_IRQHandler                 0x0800025f   Thumb Code     0  startup_stm32f10x_cl.o(.text)
    DMA1_Channel5_IRQHandler                 0x0800025f   Thumb Code     0  startup_stm32f10x_cl.o(.text)
    DMA1_Channel6_IRQHandler                 0x0800025f   Thumb Code     0  startup_stm32f10x_cl.o(.text)
    DMA1_Channel7_IRQHandler                 0x0800025f   Thumb Code     0  startup_stm32f10x_cl.o(.text)
    DMA2_Channel1_IRQHandler                 0x0800025f   Thumb Code     0  startup_stm32f10x_cl.o(.text)
    DMA2_Channel2_IRQHandler                 0x0800025f   Thumb Code     0  startup_stm32f10x_cl.o(.text)
    DMA2_Channel3_IRQHandler                 0x0800025f   Thumb Code     0  startup_stm32f10x_cl.o(.text)
    DMA2_Channel4_IRQHandler                 0x0800025f   Thumb Code     0  startup_stm32f10x_cl.o(.text)
    DMA2_Channel5_IRQHandler                 0x0800025f   Thumb Code     0  startup_stm32f10x_cl.o(.text)
    ETH_IRQHandler                           0x0800025f   Thumb Code     0  startup_stm32f10x_cl.o(.text)
    ETH_WKUP_IRQHandler                      0x0800025f   Thumb Code     0  startup_stm32f10x_cl.o(.text)
    EXTI0_IRQHandler                         0x0800025f   Thumb Code     0  startup_stm32f10x_cl.o(.text)
    EXTI15_10_IRQHandler                     0x0800025f   Thumb Code     0  startup_stm32f10x_cl.o(.text)
    EXTI1_IRQHandler                         0x0800025f   Thumb Code     0  startup_stm32f10x_cl.o(.text)
    EXTI2_IRQHandler                         0x0800025f   Thumb Code     0  startup_stm32f10x_cl.o(.text)
    EXTI3_IRQHandler                         0x0800025f   Thumb Code     0  startup_stm32f10x_cl.o(.text)
    EXTI4_IRQHandler                         0x0800025f   Thumb Code     0  startup_stm32f10x_cl.o(.text)
    EXTI9_5_IRQHandler                       0x0800025f   Thumb Code     0  startup_stm32f10x_cl.o(.text)
    FLASH_IRQHandler                         0x0800025f   Thumb Code     0  startup_stm32f10x_cl.o(.text)
    I2C1_ER_IRQHandler                       0x0800025f   Thumb Code     0  startup_stm32f10x_cl.o(.text)
    I2C1_EV_IRQHandler                       0x0800025f   Thumb Code     0  startup_stm32f10x_cl.o(.text)
    I2C2_ER_IRQHandler                       0x0800025f   Thumb Code     0  startup_stm32f10x_cl.o(.text)
    I2C2_EV_IRQHandler                       0x0800025f   Thumb Code     0  startup_stm32f10x_cl.o(.text)
    OTG_FS_IRQHandler                        0x0800025f   Thumb Code     0  startup_stm32f10x_cl.o(.text)
    OTG_FS_WKUP_IRQHandler                   0x0800025f   Thumb Code     0  startup_stm32f10x_cl.o(.text)
    PVD_IRQHandler                           0x0800025f   Thumb Code     0  startup_stm32f10x_cl.o(.text)
    RCC_IRQHandler                           0x0800025f   Thumb Code     0  startup_stm32f10x_cl.o(.text)
    RTCAlarm_IRQHandler                      0x0800025f   Thumb Code     0  startup_stm32f10x_cl.o(.text)
    RTC_IRQHandler                           0x0800025f   Thumb Code     0  startup_stm32f10x_cl.o(.text)
    SPI1_IRQHandler                          0x0800025f   Thumb Code     0  startup_stm32f10x_cl.o(.text)
    SPI2_IRQHandler                          0x0800025f   Thumb Code     0  startup_stm32f10x_cl.o(.text)
    SPI3_IRQHandler                          0x0800025f   Thumb Code     0  startup_stm32f10x_cl.o(.text)
    TAMPER_IRQHandler                        0x0800025f   Thumb Code     0  startup_stm32f10x_cl.o(.text)
    TIM1_BRK_IRQHandler                      0x0800025f   Thumb Code     0  startup_stm32f10x_cl.o(.text)
    TIM1_CC_IRQHandler                       0x0800025f   Thumb Code     0  startup_stm32f10x_cl.o(.text)
    TIM1_TRG_COM_IRQHandler                  0x0800025f   Thumb Code     0  startup_stm32f10x_cl.o(.text)
    TIM1_UP_IRQHandler                       0x0800025f   Thumb Code     0  startup_stm32f10x_cl.o(.text)
    TIM2_IRQHandler                          0x0800025f   Thumb Code     0  startup_stm32f10x_cl.o(.text)
    TIM4_IRQHandler                          0x0800025f   Thumb Code     0  startup_stm32f10x_cl.o(.text)
    TIM5_IRQHandler                          0x0800025f   Thumb Code     0  startup_stm32f10x_cl.o(.text)
    TIM6_IRQHandler                          0x0800025f   Thumb Code     0  startup_stm32f10x_cl.o(.text)
    TIM7_IRQHandler                          0x0800025f   Thumb Code     0  startup_stm32f10x_cl.o(.text)
    UART4_IRQHandler                         0x0800025f   Thumb Code     0  startup_stm32f10x_cl.o(.text)
    UART5_IRQHandler                         0x0800025f   Thumb Code     0  startup_stm32f10x_cl.o(.text)
    WWDG_IRQHandler                          0x0800025f   Thumb Code     0  startup_stm32f10x_cl.o(.text)
    __user_initial_stackheap                 0x08000261   Thumb Code     0  startup_stm32f10x_cl.o(.text)
    SVC_Handler                              0x08000285   Thumb Code    96  irq_cm3.o(.text)
    PendSV_Handler                           0x080002e5   Thumb Code    16  irq_cm3.o(.text)
    SysTick_Handler                          0x080002f5   Thumb Code    16  irq_cm3.o(.text)
    strtoul                                  0x0800030d   Thumb Code   114  strtoul.o(.text)
    strlen                                   0x0800037f   Thumb Code    62  strlen.o(.text)
    strncmp                                  0x080003bd   Thumb Code   150  strncmp.o(.text)
    __aeabi_memcpy                           0x08000453   Thumb Code     0  rt_memcpy_v6.o(.text)
    __rt_memcpy                              0x08000453   Thumb Code   138  rt_memcpy_v6.o(.text)
    _memcpy_lastbytes                        0x080004b9   Thumb Code     0  rt_memcpy_v6.o(.text)
    __aeabi_memset4                          0x080004dd   Thumb Code    16  aeabi_memset4.o(.text)
    __aeabi_memset8                          0x080004dd   Thumb Code     0  aeabi_memset4.o(.text)
    __aeabi_memclr                           0x080004ed   Thumb Code     0  rt_memclr.o(.text)
    __rt_memclr                              0x080004ed   Thumb Code    68  rt_memclr.o(.text)
    _memset                                  0x080004f1   Thumb Code     0  rt_memclr.o(.text)
    __aeabi_memclr4                          0x08000531   Thumb Code     0  rt_memclr_w.o(.text)
    __aeabi_memclr8                          0x08000531   Thumb Code     0  rt_memclr_w.o(.text)
    __rt_memclr_w                            0x08000531   Thumb Code    78  rt_memclr_w.o(.text)
    _memset_w                                0x08000535   Thumb Code     0  rt_memclr_w.o(.text)
    strcmp                                   0x08000581   Thumb Code   128  strcmpv7m.o(.text)
    __use_two_region_memory                  0x08000601   Thumb Code     2  heapauxi.o(.text)
    __rt_heap_escrow$2region                 0x08000603   Thumb Code     2  heapauxi.o(.text)
    __rt_heap_expand$2region                 0x08000605   Thumb Code     2  heapauxi.o(.text)
    __rt_ctype_table                         0x08000609   Thumb Code    16  rt_ctype_table.o(.text)
    __aeabi_errno_addr                       0x08000619   Thumb Code     4  rt_errno_addr_twolibspace.o(.text)
    __errno$twolibspace                      0x08000619   Thumb Code     0  rt_errno_addr_twolibspace.o(.text)
    __rt_errno_addr$twolibspace              0x08000619   Thumb Code     0  rt_errno_addr_twolibspace.o(.text)
    _strtoul                                 0x0800061d   Thumb Code   158  _strtoul.o(.text)
    __aeabi_memcpy4                          0x080006bb   Thumb Code     0  rt_memcpy_w.o(.text)
    __aeabi_memcpy8                          0x080006bb   Thumb Code     0  rt_memcpy_w.o(.text)
    __rt_memcpy_w                            0x080006bb   Thumb Code   100  rt_memcpy_w.o(.text)
    _memcpy_lastbytes_aligned                0x08000703   Thumb Code     0  rt_memcpy_w.o(.text)
    __user_libspace                          0x08000721   Thumb Code     8  libspace.o(.text)
    __user_perproc_libspace                  0x08000721   Thumb Code     0  libspace.o(.text)
    __rt_locale                              0x08000729   Thumb Code    10  rt_locale_twolibspace.o(.text)
    _chval                                   0x08000733   Thumb Code    28  _chval.o(.text)
    __user_setup_stackheap                   0x0800074f   Thumb Code    74  sys_stackheap_outer.o(.text)
    exit                                     0x08000799   Thumb Code    18  exit.o(.text)
    _sys_exit                                0x080007ad   Thumb Code     8  sys_exit.o(.text)
    __I$use$semihosting                      0x080007b9   Thumb Code     0  use_no_semi.o(.text)
    __use_no_semihosting_swi                 0x080007b9   Thumb Code     2  use_no_semi.o(.text)
    __semihosting_library_function           0x080007bb   Thumb Code     0  indicate_semi.o(.text)
    osDelay                                  0x080007bd   Thumb Code    36  rtx_delay.o(.text.osDelay)
    osKernelGetState                         0x080007e1   Thumb Code    58  rtx_kernel.o(.text.osKernelGetState)
    osKernelInitialize                       0x0800081d   Thumb Code    60  rtx_kernel.o(.text.osKernelInitialize)
    osKernelStart                            0x08000859   Thumb Code    60  rtx_kernel.o(.text.osKernelStart)
    osMessageQueueGet                        0x08000895   Thumb Code   180  rtx_msgqueue.o(.text.osMessageQueueGet)
    osMessageQueueGetCount                   0x08000949   Thumb Code    52  rtx_msgqueue.o(.text.osMessageQueueGetCount)
    osMessageQueueGetSpace                   0x0800097d   Thumb Code    56  rtx_msgqueue.o(.text.osMessageQueueGetSpace)
    osMessageQueueNew                        0x080009b5   Thumb Code    58  rtx_msgqueue.o(.text.osMessageQueueNew)
    osMessageQueuePut                        0x080009f1   Thumb Code   132  rtx_msgqueue.o(.text.osMessageQueuePut)
    osMutexAcquire                           0x08000a75   Thumb Code    36  rtx_mutex.o(.text.osMutexAcquire)
    osMutexDelete                            0x08000a99   Thumb Code    36  rtx_mutex.o(.text.osMutexDelete)
    osMutexNew                               0x08000abd   Thumb Code    58  rtx_mutex.o(.text.osMutexNew)
    osMutexRelease                           0x08000af9   Thumb Code    36  rtx_mutex.o(.text.osMutexRelease)
    osRtxMemoryAlloc                         0x08000b1d   Thumb Code   110  rtx_memory.o(.text.osRtxMemoryAlloc)
    osRtxMemoryFree                          0x08000b8d   Thumb Code    88  rtx_memory.o(.text.osRtxMemoryFree)
    osRtxMemoryInit                          0x08000be5   Thumb Code    48  rtx_memory.o(.text.osRtxMemoryInit)
    osRtxMemoryPoolAlloc                     0x08000c15   Thumb Code    76  rtx_mempool.o(.text.osRtxMemoryPoolAlloc)
    osRtxMemoryPoolFree                      0x08000c61   Thumb Code    90  rtx_mempool.o(.text.osRtxMemoryPoolFree)
    osRtxMemoryPoolInit                      0x08000cbd   Thumb Code    80  rtx_mempool.o(.text.osRtxMemoryPoolInit)
    osRtxMessageQueuePostProcess             0x08000d0d   Thumb Code   446  rtx_msgqueue.o(.text.osRtxMessageQueuePostProcess)
    osRtxMutexOwnerRelease                   0x08000ecd   Thumb Code    76  rtx_mutex.o(.text.osRtxMutexOwnerRelease)
    osRtxPendSV_Handler                      0x08000f19   Thumb Code   168  rtx_system.o(.text.osRtxPendSV_Handler)
    osRtxPostProcess                         0x08000fc1   Thumb Code   120  rtx_system.o(.text.osRtxPostProcess)
    osRtxSysTimerAckIRQ                      0x08001039   Thumb Code    12  rtx_system.o(.text.osRtxSysTimerAckIRQ)
    osRtxSysTimerEnable                      0x08001045   Thumb Code    14  rtx_system.o(.text.osRtxSysTimerEnable)
    osRtxSysTimerSetup                       0x08001055   Thumb Code    58  rtx_system.o(.text.osRtxSysTimerSetup)
    osRtxThreadDelayTick                     0x08001091   Thumb Code   136  rtx_thread.o(.text.osRtxThreadDelayTick)
    osRtxThreadDispatch                      0x08001119   Thumb Code   344  rtx_thread.o(.text.osRtxThreadDispatch)
    osRtxThreadListGet                       0x08001271   Thumb Code    26  rtx_thread.o(.text.osRtxThreadListGet)
    osRtxThreadListPut                       0x0800128d   Thumb Code    56  rtx_thread.o(.text.osRtxThreadListPut)
    osRtxThreadListRemove                    0x080012c5   Thumb Code    26  rtx_thread.o(.text.osRtxThreadListRemove)
    osRtxThreadListSort                      0x080012e1   Thumb Code    96  rtx_thread.o(.text.osRtxThreadListSort)
    osRtxThreadPostProcess                   0x08001341   Thumb Code   296  rtx_thread.o(.text.osRtxThreadPostProcess)
    osRtxThreadReadyPut                      0x08001469   Thumb Code    72  rtx_thread.o(.text.osRtxThreadReadyPut)
    osRtxThreadRegPtr                        0x080014b1   Thumb Code     6  rtx_thread.o(.text.osRtxThreadRegPtr)
    osRtxThreadStackCheck                    0x080014b9   Thumb Code    46  rtx_thread.o(.text.osRtxThreadStackCheck)
    osRtxThreadSwitch                        0x080014e9   Thumb Code    18  rtx_thread.o(.text.osRtxThreadSwitch)
    osRtxThreadWaitEnter                     0x080014fd   Thumb Code   226  rtx_thread.o(.text.osRtxThreadWaitEnter)
    osRtxThreadWaitExit                      0x080015e1   Thumb Code   190  rtx_thread.o(.text.osRtxThreadWaitExit)
    osRtxTick_Handler                        0x080016a1   Thumb Code   120  rtx_system.o(.text.osRtxTick_Handler)
    osRtxTimerThread                         0x08001719   Thumb Code    42  rtx_timer.o(.text.osRtxTimerThread)
    osRtxTimerTick                           0x08001745   Thumb Code   170  rtx_timer.o(.text.osRtxTimerTick)
    osThreadExit                             0x080017f1   Thumb Code    14  rtx_thread.o(.text.osThreadExit)
    osThreadGetId                            0x08001801   Thumb Code    34  rtx_thread.o(.text.osThreadGetId)
    osThreadNew                              0x08001825   Thumb Code    58  rtx_thread.o(.text.osThreadNew)
    osThreadYield                            0x08001861   Thumb Code    36  rtx_thread.o(.text.osThreadYield)
    osTimerNew                               0x08001885   Thumb Code    72  rtx_timer.o(.text.osTimerNew)
    osTimerStart                             0x080018cd   Thumb Code    36  rtx_timer.o(.text.osTimerStart)
    svcRtxDelay                              0x080018f1   Thumb Code    20  rtx_delay.o(.text.svcRtxDelay)
    svcRtxKernelGetState                     0x08001905   Thumb Code    12  rtx_kernel.o(.text.svcRtxKernelGetState)
    svcRtxKernelInitialize                   0x08001911   Thumb Code   428  rtx_kernel.o(.text.svcRtxKernelInitialize)
    svcRtxKernelStart                        0x08001abd   Thumb Code   150  rtx_kernel.o(.text.svcRtxKernelStart)
    svcRtxMessageQueueGet                    0x08001b55   Thumb Code   410  rtx_msgqueue.o(.text.svcRtxMessageQueueGet)
    svcRtxMessageQueueGetCount               0x08001cf1   Thumb Code    22  rtx_msgqueue.o(.text.svcRtxMessageQueueGetCount)
    svcRtxMessageQueueGetSpace               0x08001d09   Thumb Code    26  rtx_msgqueue.o(.text.svcRtxMessageQueueGetSpace)
    svcRtxMessageQueueNew                    0x08001d25   Thumb Code   352  rtx_msgqueue.o(.text.svcRtxMessageQueueNew)
    svcRtxMessageQueuePut                    0x08001e85   Thumb Code   280  rtx_msgqueue.o(.text.svcRtxMessageQueuePut)
    svcRtxMutexAcquire                       0x08001f9d   Thumb Code   158  rtx_mutex.o(.text.svcRtxMutexAcquire)
    svcRtxMutexDelete                        0x0800203d   Thumb Code   214  rtx_mutex.o(.text.svcRtxMutexDelete)
    svcRtxMutexNew                           0x08002115   Thumb Code   114  rtx_mutex.o(.text.svcRtxMutexNew)
    svcRtxMutexRelease                       0x08002189   Thumb Code   200  rtx_mutex.o(.text.svcRtxMutexRelease)
    svcRtxThreadExit                         0x08002251   Thumb Code   322  rtx_thread.o(.text.svcRtxThreadExit)
    svcRtxThreadGetId                        0x08002395   Thumb Code    12  rtx_thread.o(.text.svcRtxThreadGetId)
    svcRtxThreadNew                          0x080023a1   Thumb Code   576  rtx_thread.o(.text.svcRtxThreadNew)
    svcRtxThreadYield                        0x080025e1   Thumb Code   142  rtx_thread.o(.text.svcRtxThreadYield)
    svcRtxTimerNew                           0x08002671   Thumb Code   216  rtx_timer.o(.text.svcRtxTimerNew)
    svcRtxTimerStart                         0x08002749   Thumb Code   184  rtx_timer.o(.text.svcRtxTimerStart)
    GPIO_Init                                0x08002801   Thumb Code   278  stm32f10x_gpio.o(i.GPIO_Init)
    GPIO_ResetBits                           0x08002917   Thumb Code     4  stm32f10x_gpio.o(i.GPIO_ResetBits)
    GPIO_SetBits                             0x0800291b   Thumb Code     4  stm32f10x_gpio.o(i.GPIO_SetBits)
    GPIO_WriteBit                            0x0800291f   Thumb Code    10  stm32f10x_gpio.o(i.GPIO_WriteBit)
    LED_heartbeat                            0x08002929   Thumb Code    16  led_driver.o(i.LED_heartbeat)
    LED_init                                 0x0800293d   Thumb Code    94  led_driver.o(i.LED_init)
    LED_triangle_l                           0x080029a9   Thumb Code    40  led_driver.o(i.LED_triangle_l)
    NVIC_Init                                0x080029d5   Thumb Code   100  misc.o(i.NVIC_Init)
    RCC_APB1PeriphClockCmd                   0x08002a45   Thumb Code    26  stm32f10x_rcc.o(i.RCC_APB1PeriphClockCmd)
    RCC_APB1PeriphResetCmd                   0x08002a65   Thumb Code    26  stm32f10x_rcc.o(i.RCC_APB1PeriphResetCmd)
    RCC_APB2PeriphClockCmd                   0x08002a85   Thumb Code    26  stm32f10x_rcc.o(i.RCC_APB2PeriphClockCmd)
    RCC_APB2PeriphResetCmd                   0x08002aa5   Thumb Code    26  stm32f10x_rcc.o(i.RCC_APB2PeriphResetCmd)
    RCC_GetClocksFreq                        0x08002ac5   Thumb Code   374  stm32f10x_rcc.o(i.RCC_GetClocksFreq)
    SystemCoreClockUpdate                    0x08002d75   Thumb Code   232  system_stm32f10x.o(i.SystemCoreClockUpdate)
    SystemInit                               0x08002e75   Thumb Code    92  system_stm32f10x.o(i.SystemInit)
    TIM3_IRQHandler                          0x08002ee1   Thumb Code    12  motor_driver.o(i.TIM3_IRQHandler)
    TIM_ClearITPendingBit                    0x08002ef1   Thumb Code     6  stm32f10x_tim.o(i.TIM_ClearITPendingBit)
    TIM_Cmd                                  0x08002ef7   Thumb Code    24  stm32f10x_tim.o(i.TIM_Cmd)
    TIM_ITConfig                             0x08002f0f   Thumb Code    18  stm32f10x_tim.o(i.TIM_ITConfig)
    TIM_OC3Init                              0x08002f21   Thumb Code   150  stm32f10x_tim.o(i.TIM_OC3Init)
    TIM_OC4Init                              0x08002fc1   Thumb Code   114  stm32f10x_tim.o(i.TIM_OC4Init)
    TIM_TimeBaseInit                         0x0800303d   Thumb Code   122  stm32f10x_tim.o(i.TIM_TimeBaseInit)
    USART1_IRQHandler                        0x080030e1   Thumb Code    30  usart_driver.o(i.USART1_IRQHandler)
    USART2_IRQHandler                        0x08003109   Thumb Code    30  usart_driver.o(i.USART2_IRQHandler)
    USART3_IRQHandler                        0x08003131   Thumb Code    30  usart_driver.o(i.USART3_IRQHandler)
    USART_ClockInit                          0x08003159   Thumb Code    34  stm32f10x_usart.o(i.USART_ClockInit)
    USART_Cmd                                0x0800317b   Thumb Code    24  stm32f10x_usart.o(i.USART_Cmd)
    USART_DeInit                             0x08003195   Thumb Code   134  stm32f10x_usart.o(i.USART_DeInit)
    USART_GetFlagStatus                      0x08003231   Thumb Code    26  stm32f10x_usart.o(i.USART_GetFlagStatus)
    USART_ITConfig                           0x0800324b   Thumb Code    74  stm32f10x_usart.o(i.USART_ITConfig)
    USART_Init                               0x08003295   Thumb Code   210  stm32f10x_usart.o(i.USART_Init)
    USART_ReceiveData                        0x0800336d   Thumb Code    10  stm32f10x_usart.o(i.USART_ReceiveData)
    USART_SendData                           0x08003377   Thumb Code     8  stm32f10x_usart.o(i.USART_SendData)
    USART_send_byte                          0x0800337f   Thumb Code    34  usart_driver.o(i.USART_send_byte)
    USART_send_bytes                         0x080033a1   Thumb Code    32  usart_driver.o(i.USART_send_bytes)
    recv_thread(void*)                       0x080033c1   Thumb Code   188  svvis_cortex_threads.o(i._Z11recv_threadPv)
    send_thread(void*)                       0x0800347d   Thumb Code    46  svvis_cortex_threads.o(i._Z11send_threadPv)
    main_thread_func(void*)                  0x080034ad   Thumb Code   280  main.o(i._Z16main_thread_funcPv)
    chid2len(unsigned char)                  0x080036b5   Thumb Code    50  svvis_cortex_threads.o(i._Z8chid2lenh)
    SvVis_t::init(USART_TypeDef*, unsigned)  0x080036e9   Thumb Code   146  svvis_cortex.o(i._ZN7SvVis_t4initEP13USART_TypeDefj)
    SvVis_t::recv_msg(SvVis_message_t&)      0x0800379d   Thumb Code    22  svvis_cortex.o(i._ZN7SvVis_t8recv_msgER15SvVis_message_t)
    SvVis_t::send_msg(SvVis_message_t&)      0x080037b3   Thumb Code    38  svvis_cortex.o(i._ZN7SvVis_t8send_msgER15SvVis_message_t)
    SvVis_t::send_str(const char*)           0x080037d9   Thumb Code    74  svvis_cortex.o(i._ZN7SvVis_t8send_strEPKc)
    SvVis_t::available()                     0x08003823   Thumb Code    12  svvis_cortex.o(i._ZN7SvVis_t9availableEv)
    __LED_heartbeat_function                 0x0800382f   Thumb Code    28  led_driver.o(i.__LED_heartbeat_function)
    __user_perthread_libspace                0x0800384d   Thumb Code    98  rtx_lib.o(i.__user_perthread_libspace)
    _mutex_acquire                           0x080038bd   Thumb Code    22  rtx_lib.o(i._mutex_acquire)
    _mutex_free                              0x080038d3   Thumb Code    12  rtx_lib.o(i._mutex_free)
    _mutex_initialize                        0x080038df   Thumb Code    32  rtx_lib.o(i._mutex_initialize)
    _mutex_release                           0x080038ff   Thumb Code    18  rtx_lib.o(i._mutex_release)
    _platform_post_stackheap_init            0x08003911   Thumb Code     8  rtx_lib.o(i._platform_post_stackheap_init)
    init_usart                               0x08003919   Thumb Code   338  usart_driver.o(i.init_usart)
    main                                     0x08003a81   Thumb Code    70  main.o(i.main)
    motor_cmd_bin                            0x08003add   Thumb Code   126  motor_driver.o(i.motor_cmd_bin)
    motor_cmd_str                            0x08003b65   Thumb Code   196  motor_driver.o(i.motor_cmd_str)
    motor_init                               0x08003c41   Thumb Code   120  motor_driver.o(i.motor_init)
    motor_stop                               0x08003cc5   Thumb Code    14  motor_driver.o(i.motor_stop)
    osRtxErrorNotify                         0x08003cd9   Thumb Code    32  rtx_config.o(i.osRtxErrorNotify)
    osRtxIdleThread                          0x08003cf9   Thumb Code     4  rtx_config.o(i.osRtxIdleThread)
    timer_init                               0x08003d21   Thumb Code   242  motor_driver.o(i.timer_init)
    _get_lc_ctype                            0x08003e25   Thumb Code    44  lc_ctype_c.o(locale$$code)
    __aeabi_d2uiz                            0x08003e51   Thumb Code     0  dfixu.o(x$fpl$dfixu)
    _dfixu                                   0x08003e51   Thumb Code    90  dfixu.o(x$fpl$dfixu)
    __aeabi_ui2d                             0x08003eab   Thumb Code     0  dflt_clz.o(x$fpl$dfltu)
    _dfltu                                   0x08003eab   Thumb Code    38  dflt_clz.o(x$fpl$dfltu)
    __aeabi_dmul                             0x08003ed1   Thumb Code     0  dmul.o(x$fpl$dmul)
    _dmul                                    0x08003ed1   Thumb Code   332  dmul.o(x$fpl$dmul)
    __fpl_dnaninf                            0x08004025   Thumb Code   156  dnaninf.o(x$fpl$dnaninf)
    __fpl_dretinf                            0x080040c1   Thumb Code    12  dretinf.o(x$fpl$dretinf)
    __I$use$fp                               0x080040cc   Number         0  usenofp.o(x$fpl$usenofp)
    osRtxUserSVC                             0x0800412c   Data           4  rtx_lib.o(.constdata)
    irqRtxLib                                0x08004130   Data           1  irq_cm3.o(.constdata)
    osRtxConfig                              0x08004134   Data         104  rtx_lib.o(.rodata)
    Region$$Table$$Base                      0x080041a8   Number         0  anon$$obj.o(Region$$Table)
    Region$$Table$$Limit                     0x080041c8   Number         0  anon$$obj.o(Region$$Table)
    __ctype                                  0x080041d5   Data           0  lc_ctype_c.o(locale$$data)
    _usart1_handler                          0x200014d0   Data           4  svvis_cortex.o(.data)
    _usart2_handler                          0x200014d4   Data           4  svvis_cortex.o(.data)
    _usart3_handler                          0x200014d8   Data           4  svvis_cortex.o(.data)
    main_thread_handle                       0x200014dc   Data           4  main.o(.data)
    __LED_heartbeat_handle                   0x200014e0   Data           4  led_driver.o(.data)
    duty_cycle_left                          0x200014e8   Data           8  motor_driver.o(.data)
    duty_cycle_right                         0x200014f0   Data           8  motor_driver.o(.data)
    os_timer_stop                            0x200014f8   Data           4  motor_driver.o(.data)
    irqRtxLibRef                             0x200014fc   Data           4  rtx_lib.o(.data)
    SystemCoreClock                          0x20001518   Data           4  system_stm32f10x.o(.data)
    AHBPrescTable                            0x2000151c   Data          16  system_stm32f10x.o(.data)
    osRtxInfo                                0x20001530   Data         168  rtx_kernel.o(.data.os)
    __libspace_start                         0x200015d8   Data          96  libspace.o(.bss)
    __temporary_stack_top$libspace           0x20001638   Data           0  libspace.o(.bss)



==============================================================================

Memory Map of the image

  Image Entry point : 0x08000245

  Load Region LR_1 (Base: 0x08000000, Size: 0x000058b0, Max: 0xffffffff, ABSOLUTE, COMPRESSED[0x00004330])

    Execution Region ER_RO (Exec base: 0x08000000, Load base: 0x08000000, Size: 0x000042d8, Max: 0xffffffff, ABSOLUTE)

    Exec Addr    Load Addr    Size         Type   Attr      Idx    E Section Name        Object

    0x08000000   0x08000000   0x00000150   Data   RO         1825    RESET               startup_stm32f10x_cl.o
    0x08000150   0x08000150   0x00000008   Code   RO         2347  * !!!main             c_w.l(__main.o)
    0x08000158   0x08000158   0x00000034   Code   RO         2558    !!!scatter          c_w.l(__scatter.o)
    0x0800018c   0x0800018c   0x0000005a   Code   RO         2556    !!dczerorl2         c_w.l(__dczerorl2.o)
    0x080001e6   0x080001e6   0x00000002   PAD
    0x080001e8   0x080001e8   0x0000001c   Code   RO         2560    !!handler_zi        c_w.l(__scatter_zi.o)
    0x08000204   0x08000204   0x00000002   Code   RO         2429    .ARM.Collect$$libinit$$00000000  c_w.l(libinit.o)
    0x08000206   0x08000206   0x00000000   Code   RO         2431    .ARM.Collect$$libinit$$00000002  c_w.l(libinit2.o)
    0x08000206   0x08000206   0x00000000   Code   RO         2433    .ARM.Collect$$libinit$$00000004  c_w.l(libinit2.o)
    0x08000206   0x08000206   0x00000000   Code   RO         2436    .ARM.Collect$$libinit$$0000000A  c_w.l(libinit2.o)
    0x08000206   0x08000206   0x00000000   Code   RO         2438    .ARM.Collect$$libinit$$0000000C  c_w.l(libinit2.o)
    0x08000206   0x08000206   0x00000000   Code   RO         2440    .ARM.Collect$$libinit$$0000000E  c_w.l(libinit2.o)
    0x08000206   0x08000206   0x00000006   Code   RO         2441    .ARM.Collect$$libinit$$0000000F  c_w.l(libinit2.o)
    0x0800020c   0x0800020c   0x00000000   Code   RO         2443    .ARM.Collect$$libinit$$00000011  c_w.l(libinit2.o)
    0x0800020c   0x0800020c   0x0000000c   Code   RO         2444    .ARM.Collect$$libinit$$00000012  c_w.l(libinit2.o)
    0x08000218   0x08000218   0x00000000   Code   RO         2445    .ARM.Collect$$libinit$$00000013  c_w.l(libinit2.o)
    0x08000218   0x08000218   0x00000000   Code   RO         2447    .ARM.Collect$$libinit$$00000015  c_w.l(libinit2.o)
    0x08000218   0x08000218   0x00000000   Code   RO         2449    .ARM.Collect$$libinit$$00000017  c_w.l(libinit2.o)
    0x08000218   0x08000218   0x00000000   Code   RO         2451    .ARM.Collect$$libinit$$00000019  c_w.l(libinit2.o)
    0x08000218   0x08000218   0x00000000   Code   RO         2453    .ARM.Collect$$libinit$$0000001B  c_w.l(libinit2.o)
    0x08000218   0x08000218   0x00000000   Code   RO         2455    .ARM.Collect$$libinit$$0000001D  c_w.l(libinit2.o)
    0x08000218   0x08000218   0x00000000   Code   RO         2457    .ARM.Collect$$libinit$$0000001F  c_w.l(libinit2.o)
    0x08000218   0x08000218   0x00000000   Code   RO         2459    .ARM.Collect$$libinit$$00000021  c_w.l(libinit2.o)
    0x08000218   0x08000218   0x00000000   Code   RO         2461    .ARM.Collect$$libinit$$00000023  c_w.l(libinit2.o)
    0x08000218   0x08000218   0x00000000   Code   RO         2463    .ARM.Collect$$libinit$$00000025  c_w.l(libinit2.o)
    0x08000218   0x08000218   0x00000000   Code   RO         2467    .ARM.Collect$$libinit$$0000002C  c_w.l(libinit2.o)
    0x08000218   0x08000218   0x00000000   Code   RO         2469    .ARM.Collect$$libinit$$0000002E  c_w.l(libinit2.o)
    0x08000218   0x08000218   0x00000000   Code   RO         2471    .ARM.Collect$$libinit$$00000030  c_w.l(libinit2.o)
    0x08000218   0x08000218   0x00000000   Code   RO         2473    .ARM.Collect$$libinit$$00000032  c_w.l(libinit2.o)
    0x08000218   0x08000218   0x00000002   Code   RO         2474    .ARM.Collect$$libinit$$00000033  c_w.l(libinit2.o)
    0x0800021a   0x0800021a   0x00000002   Code   RO         2504    .ARM.Collect$$libshutdown$$00000000  c_w.l(libshutdown.o)
    0x0800021c   0x0800021c   0x00000000   Code   RO         2515    .ARM.Collect$$libshutdown$$00000002  c_w.l(libshutdown2.o)
    0x0800021c   0x0800021c   0x00000000   Code   RO         2517    .ARM.Collect$$libshutdown$$00000004  c_w.l(libshutdown2.o)
    0x0800021c   0x0800021c   0x00000000   Code   RO         2520    .ARM.Collect$$libshutdown$$00000007  c_w.l(libshutdown2.o)
    0x0800021c   0x0800021c   0x00000000   Code   RO         2523    .ARM.Collect$$libshutdown$$0000000A  c_w.l(libshutdown2.o)
    0x0800021c   0x0800021c   0x00000000   Code   RO         2525    .ARM.Collect$$libshutdown$$0000000C  c_w.l(libshutdown2.o)
    0x0800021c   0x0800021c   0x00000000   Code   RO         2528    .ARM.Collect$$libshutdown$$0000000F  c_w.l(libshutdown2.o)
    0x0800021c   0x0800021c   0x00000002   Code   RO         2529    .ARM.Collect$$libshutdown$$00000010  c_w.l(libshutdown2.o)
    0x0800021e   0x0800021e   0x00000000   Code   RO         2371    .ARM.Collect$$rtentry$$00000000  c_w.l(__rtentry.o)
    0x0800021e   0x0800021e   0x00000000   Code   RO         2396    .ARM.Collect$$rtentry$$00000002  c_w.l(__rtentry2.o)
    0x0800021e   0x0800021e   0x00000006   Code   RO         2408    .ARM.Collect$$rtentry$$00000004  c_w.l(__rtentry4.o)
    0x08000224   0x08000224   0x00000008   Code   RO         2397    .ARM.Collect$$rtentry$$00000008  c_w.l(__rtentry2.o)
    0x0800022c   0x0800022c   0x00000004   Code   RO         2399    .ARM.Collect$$rtentry$$0000000A  c_w.l(__rtentry2.o)
    0x08000230   0x08000230   0x00000000   Code   RO         2401    .ARM.Collect$$rtentry$$0000000C  c_w.l(__rtentry2.o)
    0x08000230   0x08000230   0x00000008   Code   RO         2402    .ARM.Collect$$rtentry$$0000000D  c_w.l(__rtentry2.o)
    0x08000238   0x08000238   0x00000002   Code   RO         2475    .ARM.Collect$$rtexit$$00000000  c_w.l(rtexit.o)
    0x0800023a   0x0800023a   0x00000000   Code   RO         2482    .ARM.Collect$$rtexit$$00000002  c_w.l(rtexit2.o)
    0x0800023a   0x0800023a   0x00000004   Code   RO         2483    .ARM.Collect$$rtexit$$00000003  c_w.l(rtexit2.o)
    0x0800023e   0x0800023e   0x00000006   Code   RO         2484    .ARM.Collect$$rtexit$$00000004  c_w.l(rtexit2.o)
    0x08000244   0x08000244   0x00000040   Code   RO         1826  * .text               startup_stm32f10x_cl.o
    0x08000284   0x08000284   0x00000088   Code   RO         2222    .text               RTX_CM3.lib(irq_cm3.o)
    0x0800030c   0x0800030c   0x00000072   Code   RO         2329    .text               c_w.l(strtoul.o)
    0x0800037e   0x0800037e   0x0000003e   Code   RO         2331    .text               c_w.l(strlen.o)
    0x080003bc   0x080003bc   0x00000096   Code   RO         2333    .text               c_w.l(strncmp.o)
    0x08000452   0x08000452   0x0000008a   Code   RO         2335    .text               c_w.l(rt_memcpy_v6.o)
    0x080004dc   0x080004dc   0x00000010   Code   RO         2337    .text               c_w.l(aeabi_memset4.o)
    0x080004ec   0x080004ec   0x00000044   Code   RO         2339    .text               c_w.l(rt_memclr.o)
    0x08000530   0x08000530   0x0000004e   Code   RO         2341    .text               c_w.l(rt_memclr_w.o)
    0x0800057e   0x0800057e   0x00000002   PAD
    0x08000580   0x08000580   0x00000080   Code   RO         2343    .text               c_w.l(strcmpv7m.o)
    0x08000600   0x08000600   0x00000006   Code   RO         2345    .text               c_w.l(heapauxi.o)
    0x08000606   0x08000606   0x00000002   PAD
    0x08000608   0x08000608   0x00000010   Code   RO         2372    .text               c_w.l(rt_ctype_table.o)
    0x08000618   0x08000618   0x00000004   Code   RO         2379    .text               c_w.l(rt_errno_addr_twolibspace.o)
    0x0800061c   0x0800061c   0x0000009e   Code   RO         2381    .text               c_w.l(_strtoul.o)
    0x080006ba   0x080006ba   0x00000064   Code   RO         2383    .text               c_w.l(rt_memcpy_w.o)
    0x0800071e   0x0800071e   0x00000002   PAD
    0x08000720   0x08000720   0x00000008   Code   RO         2392    .text               c_w.l(libspace.o)
    0x08000728   0x08000728   0x0000000a   Code   RO         2415    .text               c_w.l(rt_locale_twolibspace.o)
    0x08000732   0x08000732   0x0000001c   Code   RO         2417    .text               c_w.l(_chval.o)
    0x0800074e   0x0800074e   0x0000004a   Code   RO         2422    .text               c_w.l(sys_stackheap_outer.o)
    0x08000798   0x08000798   0x00000012   Code   RO         2424    .text               c_w.l(exit.o)
    0x080007aa   0x080007aa   0x00000002   PAD
    0x080007ac   0x080007ac   0x0000000c   Code   RO         2494    .text               c_w.l(sys_exit.o)
    0x080007b8   0x080007b8   0x00000002   Code   RO         2505    .text               c_w.l(use_no_semi.o)
    0x080007ba   0x080007ba   0x00000000   Code   RO         2507    .text               c_w.l(indicate_semi.o)
    0x080007ba   0x080007ba   0x00000002   PAD
    0x080007bc   0x080007bc   0x00000024   Code   RO         2078    .text.osDelay       RTX_CM3.lib(rtx_delay.o)
    0x080007e0   0x080007e0   0x0000003a   Code   RO         1907    .text.osKernelGetState  RTX_CM3.lib(rtx_kernel.o)
    0x0800081a   0x0800081a   0x00000002   PAD
    0x0800081c   0x0800081c   0x0000003c   Code   RO         1903    .text.osKernelInitialize  RTX_CM3.lib(rtx_kernel.o)
    0x08000858   0x08000858   0x0000003c   Code   RO         1909    .text.osKernelStart  RTX_CM3.lib(rtx_kernel.o)
    0x08000894   0x08000894   0x000000b4   Code   RO         2197    .text.osMessageQueueGet  RTX_CM3.lib(rtx_msgqueue.o)
    0x08000948   0x08000948   0x00000034   Code   RO         2203    .text.osMessageQueueGetCount  RTX_CM3.lib(rtx_msgqueue.o)
    0x0800097c   0x0800097c   0x00000038   Code   RO         2205    .text.osMessageQueueGetSpace  RTX_CM3.lib(rtx_msgqueue.o)
    0x080009b4   0x080009b4   0x0000003a   Code   RO         2191    .text.osMessageQueueNew  RTX_CM3.lib(rtx_msgqueue.o)
    0x080009ee   0x080009ee   0x00000002   PAD
    0x080009f0   0x080009f0   0x00000084   Code   RO         2195    .text.osMessageQueuePut  RTX_CM3.lib(rtx_msgqueue.o)
    0x08000a74   0x08000a74   0x00000024   Code   RO         2150    .text.osMutexAcquire  RTX_CM3.lib(rtx_mutex.o)
    0x08000a98   0x08000a98   0x00000024   Code   RO         2156    .text.osMutexDelete  RTX_CM3.lib(rtx_mutex.o)
    0x08000abc   0x08000abc   0x0000003a   Code   RO         2146    .text.osMutexNew    RTX_CM3.lib(rtx_mutex.o)
    0x08000af6   0x08000af6   0x00000002   PAD
    0x08000af8   0x08000af8   0x00000024   Code   RO         2152    .text.osMutexRelease  RTX_CM3.lib(rtx_mutex.o)
    0x08000b1c   0x08000b1c   0x0000006e   Code   RO         2229    .text.osRtxMemoryAlloc  RTX_CM3.lib(rtx_memory.o)
    0x08000b8a   0x08000b8a   0x00000002   PAD
    0x08000b8c   0x08000b8c   0x00000058   Code   RO         2231    .text.osRtxMemoryFree  RTX_CM3.lib(rtx_memory.o)
    0x08000be4   0x08000be4   0x00000030   Code   RO         2227    .text.osRtxMemoryInit  RTX_CM3.lib(rtx_memory.o)
    0x08000c14   0x08000c14   0x0000004c   Code   RO         2246    .text.osRtxMemoryPoolAlloc  RTX_CM3.lib(rtx_mempool.o)
    0x08000c60   0x08000c60   0x0000005a   Code   RO         2248    .text.osRtxMemoryPoolFree  RTX_CM3.lib(rtx_mempool.o)
    0x08000cba   0x08000cba   0x00000002   PAD
    0x08000cbc   0x08000cbc   0x00000050   Code   RO         2244    .text.osRtxMemoryPoolInit  RTX_CM3.lib(rtx_mempool.o)
    0x08000d0c   0x08000d0c   0x000001be   Code   RO         2169    .text.osRtxMessageQueuePostProcess  RTX_CM3.lib(rtx_msgqueue.o)
    0x08000eca   0x08000eca   0x00000002   PAD
    0x08000ecc   0x08000ecc   0x0000004c   Code   RO         2132    .text.osRtxMutexOwnerRelease  RTX_CM3.lib(rtx_mutex.o)
    0x08000f18   0x08000f18   0x000000a8   Code   RO         2303    .text.osRtxPendSV_Handler  RTX_CM3.lib(rtx_system.o)
    0x08000fc0   0x08000fc0   0x00000078   Code   RO         2305    .text.osRtxPostProcess  RTX_CM3.lib(rtx_system.o)
    0x08001038   0x08001038   0x0000000c   Code   RO         2301    .text.osRtxSysTimerAckIRQ  RTX_CM3.lib(rtx_system.o)
    0x08001044   0x08001044   0x0000000e   Code   RO         2309    .text.osRtxSysTimerEnable  RTX_CM3.lib(rtx_system.o)
    0x08001052   0x08001052   0x00000002   PAD
    0x08001054   0x08001054   0x0000003a   Code   RO         2307    .text.osRtxSysTimerSetup  RTX_CM3.lib(rtx_system.o)
    0x0800108e   0x0800108e   0x00000002   PAD
    0x08001090   0x08001090   0x00000088   Code   RO         1961    .text.osRtxThreadDelayTick  RTX_CM3.lib(rtx_thread.o)
    0x08001118   0x08001118   0x00000158   Code   RO         1971    .text.osRtxThreadDispatch  RTX_CM3.lib(rtx_thread.o)
    0x08001270   0x08001270   0x0000001a   Code   RO         1945    .text.osRtxThreadListGet  RTX_CM3.lib(rtx_thread.o)
    0x0800128a   0x0800128a   0x00000002   PAD
    0x0800128c   0x0800128c   0x00000038   Code   RO         1943    .text.osRtxThreadListPut  RTX_CM3.lib(rtx_thread.o)
    0x080012c4   0x080012c4   0x0000001a   Code   RO         1951    .text.osRtxThreadListRemove  RTX_CM3.lib(rtx_thread.o)
    0x080012de   0x080012de   0x00000002   PAD
    0x080012e0   0x080012e0   0x00000060   Code   RO         1949    .text.osRtxThreadListSort  RTX_CM3.lib(rtx_thread.o)
    0x08001340   0x08001340   0x00000128   Code   RO         1977    .text.osRtxThreadPostProcess  RTX_CM3.lib(rtx_thread.o)
    0x08001468   0x08001468   0x00000048   Code   RO         1955    .text.osRtxThreadReadyPut  RTX_CM3.lib(rtx_thread.o)
    0x080014b0   0x080014b0   0x00000006   Code   RO         1963    .text.osRtxThreadRegPtr  RTX_CM3.lib(rtx_thread.o)
    0x080014b6   0x080014b6   0x00000002   PAD
    0x080014b8   0x080014b8   0x0000002e   Code   RO         1969    .text.osRtxThreadStackCheck  RTX_CM3.lib(rtx_thread.o)
    0x080014e6   0x080014e6   0x00000002   PAD
    0x080014e8   0x080014e8   0x00000012   Code   RO         1967    .text.osRtxThreadSwitch  RTX_CM3.lib(rtx_thread.o)
    0x080014fa   0x080014fa   0x00000002   PAD
    0x080014fc   0x080014fc   0x000000e2   Code   RO         1975    .text.osRtxThreadWaitEnter  RTX_CM3.lib(rtx_thread.o)
    0x080015de   0x080015de   0x00000002   PAD
    0x080015e0   0x080015e0   0x000000be   Code   RO         1973    .text.osRtxThreadWaitExit  RTX_CM3.lib(rtx_thread.o)
    0x0800169e   0x0800169e   0x00000002   PAD
    0x080016a0   0x080016a0   0x00000078   Code   RO         2299    .text.osRtxTick_Handler  RTX_CM3.lib(rtx_system.o)
    0x08001718   0x08001718   0x0000002a   Code   RO         2095    .text.osRtxTimerThread  RTX_CM3.lib(rtx_timer.o)
    0x08001742   0x08001742   0x00000002   PAD
    0x08001744   0x08001744   0x000000aa   Code   RO         2093    .text.osRtxTimerTick  RTX_CM3.lib(rtx_timer.o)
    0x080017ee   0x080017ee   0x00000002   PAD
    0x080017f0   0x080017f0   0x0000000e   Code   RO         1981    .text.osThreadExit  RTX_CM3.lib(rtx_thread.o)
    0x080017fe   0x080017fe   0x00000002   PAD
    0x08001800   0x08001800   0x00000022   Code   RO         2027    .text.osThreadGetId  RTX_CM3.lib(rtx_thread.o)
    0x08001822   0x08001822   0x00000002   PAD
    0x08001824   0x08001824   0x0000003a   Code   RO         2023    .text.osThreadNew   RTX_CM3.lib(rtx_thread.o)
    0x0800185e   0x0800185e   0x00000002   PAD
    0x08001860   0x08001860   0x00000024   Code   RO         2039    .text.osThreadYield  RTX_CM3.lib(rtx_thread.o)
    0x08001884   0x08001884   0x00000048   Code   RO         2109    .text.osTimerNew    RTX_CM3.lib(rtx_timer.o)
    0x080018cc   0x080018cc   0x00000024   Code   RO         2113    .text.osTimerStart  RTX_CM3.lib(rtx_timer.o)
    0x080018f0   0x080018f0   0x00000014   Code   RO         2074    .text.svcRtxDelay   RTX_CM3.lib(rtx_delay.o)
    0x08001904   0x08001904   0x0000000c   Code   RO         1881    .text.svcRtxKernelGetState  RTX_CM3.lib(rtx_kernel.o)
    0x08001910   0x08001910   0x000001ac   Code   RO         1877    .text.svcRtxKernelInitialize  RTX_CM3.lib(rtx_kernel.o)
    0x08001abc   0x08001abc   0x00000096   Code   RO         1883    .text.svcRtxKernelStart  RTX_CM3.lib(rtx_kernel.o)
    0x08001b52   0x08001b52   0x00000002   PAD
    0x08001b54   0x08001b54   0x0000019a   Code   RO         2177    .text.svcRtxMessageQueueGet  RTX_CM3.lib(rtx_msgqueue.o)
    0x08001cee   0x08001cee   0x00000002   PAD
    0x08001cf0   0x08001cf0   0x00000016   Code   RO         2183    .text.svcRtxMessageQueueGetCount  RTX_CM3.lib(rtx_msgqueue.o)
    0x08001d06   0x08001d06   0x00000002   PAD
    0x08001d08   0x08001d08   0x0000001a   Code   RO         2185    .text.svcRtxMessageQueueGetSpace  RTX_CM3.lib(rtx_msgqueue.o)
    0x08001d22   0x08001d22   0x00000002   PAD
    0x08001d24   0x08001d24   0x00000160   Code   RO         2171    .text.svcRtxMessageQueueNew  RTX_CM3.lib(rtx_msgqueue.o)
    0x08001e84   0x08001e84   0x00000118   Code   RO         2175    .text.svcRtxMessageQueuePut  RTX_CM3.lib(rtx_msgqueue.o)
    0x08001f9c   0x08001f9c   0x0000009e   Code   RO         2138    .text.svcRtxMutexAcquire  RTX_CM3.lib(rtx_mutex.o)
    0x0800203a   0x0800203a   0x00000002   PAD
    0x0800203c   0x0800203c   0x000000d6   Code   RO         2144    .text.svcRtxMutexDelete  RTX_CM3.lib(rtx_mutex.o)
    0x08002112   0x08002112   0x00000002   PAD
    0x08002114   0x08002114   0x00000072   Code   RO         2134    .text.svcRtxMutexNew  RTX_CM3.lib(rtx_mutex.o)
    0x08002186   0x08002186   0x00000002   PAD
    0x08002188   0x08002188   0x000000c8   Code   RO         2140    .text.svcRtxMutexRelease  RTX_CM3.lib(rtx_mutex.o)
    0x08002250   0x08002250   0x00000142   Code   RO         2007    .text.svcRtxThreadExit  RTX_CM3.lib(rtx_thread.o)
    0x08002392   0x08002392   0x00000002   PAD
    0x08002394   0x08002394   0x0000000c   Code   RO         1985    .text.svcRtxThreadGetId  RTX_CM3.lib(rtx_thread.o)
    0x080023a0   0x080023a0   0x00000240   Code   RO         1979    .text.svcRtxThreadNew  RTX_CM3.lib(rtx_thread.o)
    0x080025e0   0x080025e0   0x0000008e   Code   RO         1997    .text.svcRtxThreadYield  RTX_CM3.lib(rtx_thread.o)
    0x0800266e   0x0800266e   0x00000002   PAD
    0x08002670   0x08002670   0x000000d8   Code   RO         2097    .text.svcRtxTimerNew  RTX_CM3.lib(rtx_timer.o)
    0x08002748   0x08002748   0x000000b8   Code   RO         2101    .text.svcRtxTimerStart  RTX_CM3.lib(rtx_timer.o)
    0x08002800   0x08002800   0x00000116   Code   RO          688    i.GPIO_Init         stm32f10x_gpio.o
    0x08002916   0x08002916   0x00000004   Code   RO          695    i.GPIO_ResetBits    stm32f10x_gpio.o
    0x0800291a   0x0800291a   0x00000004   Code   RO          696    i.GPIO_SetBits      stm32f10x_gpio.o
    0x0800291e   0x0800291e   0x0000000a   Code   RO          699    i.GPIO_WriteBit     stm32f10x_gpio.o
    0x08002928   0x08002928   0x00000014   Code   RO          242    i.LED_heartbeat     led_driver.o
    0x0800293c   0x0800293c   0x0000006c   Code   RO          243    i.LED_init          led_driver.o
    0x080029a8   0x080029a8   0x0000002c   Code   RO          244    i.LED_triangle_l    led_driver.o
    0x080029d4   0x080029d4   0x00000070   Code   RO          634    i.NVIC_Init         misc.o
    0x08002a44   0x08002a44   0x00000020   Code   RO          811    i.RCC_APB1PeriphClockCmd  stm32f10x_rcc.o
    0x08002a64   0x08002a64   0x00000020   Code   RO          812    i.RCC_APB1PeriphResetCmd  stm32f10x_rcc.o
    0x08002a84   0x08002a84   0x00000020   Code   RO          813    i.RCC_APB2PeriphClockCmd  stm32f10x_rcc.o
    0x08002aa4   0x08002aa4   0x00000020   Code   RO          814    i.RCC_APB2PeriphResetCmd  stm32f10x_rcc.o
    0x08002ac4   0x08002ac4   0x00000190   Code   RO          821    i.RCC_GetClocksFreq  stm32f10x_rcc.o
    0x08002c54   0x08002c54   0x00000008   Code   RO         1833    i.SetSysClock       system_stm32f10x.o
    0x08002c5c   0x08002c5c   0x00000118   Code   RO         1834    i.SetSysClockTo72   system_stm32f10x.o
    0x08002d74   0x08002d74   0x00000100   Code   RO         1835    i.SystemCoreClockUpdate  system_stm32f10x.o
    0x08002e74   0x08002e74   0x0000006c   Code   RO         1836    i.SystemInit        system_stm32f10x.o
    0x08002ee0   0x08002ee0   0x00000010   Code   RO          341    i.TIM3_IRQHandler   motor_driver.o
    0x08002ef0   0x08002ef0   0x00000006   Code   RO         1085    i.TIM_ClearITPendingBit  stm32f10x_tim.o
    0x08002ef6   0x08002ef6   0x00000018   Code   RO         1090    i.TIM_Cmd           stm32f10x_tim.o
    0x08002f0e   0x08002f0e   0x00000012   Code   RO         1115    i.TIM_ITConfig      stm32f10x_tim.o
    0x08002f20   0x08002f20   0x000000a0   Code   RO         1129    i.TIM_OC3Init       stm32f10x_tim.o
    0x08002fc0   0x08002fc0   0x0000007c   Code   RO         1134    i.TIM_OC4Init       stm32f10x_tim.o
    0x0800303c   0x0800303c   0x000000a4   Code   RO         1161    i.TIM_TimeBaseInit  stm32f10x_tim.o
    0x080030e0   0x080030e0   0x00000028   Code   RO          411    i.USART1_IRQHandler  usart_driver.o
    0x08003108   0x08003108   0x00000028   Code   RO          412    i.USART2_IRQHandler  usart_driver.o
    0x08003130   0x08003130   0x00000028   Code   RO          413    i.USART3_IRQHandler  usart_driver.o
    0x08003158   0x08003158   0x00000022   Code   RO         1636    i.USART_ClockInit   stm32f10x_usart.o
    0x0800317a   0x0800317a   0x00000018   Code   RO         1638    i.USART_Cmd         stm32f10x_usart.o
    0x08003192   0x08003192   0x00000002   PAD
    0x08003194   0x08003194   0x0000009c   Code   RO         1640    i.USART_DeInit      stm32f10x_usart.o
    0x08003230   0x08003230   0x0000001a   Code   RO         1641    i.USART_GetFlagStatus  stm32f10x_usart.o
    0x0800324a   0x0800324a   0x0000004a   Code   RO         1644    i.USART_ITConfig    stm32f10x_usart.o
    0x08003294   0x08003294   0x000000d8   Code   RO         1645    i.USART_Init        stm32f10x_usart.o
    0x0800336c   0x0800336c   0x0000000a   Code   RO         1652    i.USART_ReceiveData  stm32f10x_usart.o
    0x08003376   0x08003376   0x00000008   Code   RO         1655    i.USART_SendData    stm32f10x_usart.o
    0x0800337e   0x0800337e   0x00000022   Code   RO          414    i.USART_send_byte   usart_driver.o
    0x080033a0   0x080033a0   0x00000020   Code   RO          415    i.USART_send_bytes  usart_driver.o
    0x080033c0   0x080033c0   0x000000bc   Code   RO          203    i._Z11recv_threadPv  svvis_cortex_threads.o
    0x0800347c   0x0800347c   0x0000002e   Code   RO          204    i._Z11send_threadPv  svvis_cortex_threads.o
    0x080034aa   0x080034aa   0x00000002   PAD
    0x080034ac   0x080034ac   0x00000208   Code   RO          148    i._Z16main_thread_funcPv  main.o
    0x080036b4   0x080036b4   0x00000032   Code   RO          205    i._Z8chid2lenh      svvis_cortex_threads.o
    0x080036e6   0x080036e6   0x00000002   PAD
    0x080036e8   0x080036e8   0x000000b4   Code   RO            6    i._ZN7SvVis_t4initEP13USART_TypeDefj  svvis_cortex.o
    0x0800379c   0x0800379c   0x00000016   Code   RO            7    i._ZN7SvVis_t8recv_msgER15SvVis_message_t  svvis_cortex.o
    0x080037b2   0x080037b2   0x00000026   Code   RO           10    i._ZN7SvVis_t8send_msgER15SvVis_message_t  svvis_cortex.o
    0x080037d8   0x080037d8   0x0000004a   Code   RO           11    i._ZN7SvVis_t8send_strEPKc  svvis_cortex.o
    0x08003822   0x08003822   0x0000000c   Code   RO           12    i._ZN7SvVis_t9availableEv  svvis_cortex.o
    0x0800382e   0x0800382e   0x0000001c   Code   RO          245    i.__LED_heartbeat_function  led_driver.o
    0x0800384a   0x0800384a   0x00000002   PAD
    0x0800384c   0x0800384c   0x00000070   Code   RO          523    i.__user_perthread_libspace  rtx_lib.o
    0x080038bc   0x080038bc   0x00000016   Code   RO          524    i._mutex_acquire    rtx_lib.o
    0x080038d2   0x080038d2   0x0000000c   Code   RO          525    i._mutex_free       rtx_lib.o
    0x080038de   0x080038de   0x00000020   Code   RO          526    i._mutex_initialize  rtx_lib.o
    0x080038fe   0x080038fe   0x00000012   Code   RO          527    i._mutex_release    rtx_lib.o
    0x08003910   0x08003910   0x00000008   Code   RO          528    i._platform_post_stackheap_init  rtx_lib.o
    0x08003918   0x08003918   0x00000168   Code   RO          416    i.init_usart        usart_driver.o
    0x08003a80   0x08003a80   0x0000005c   Code   RO          149    i.main              main.o
    0x08003adc   0x08003adc   0x00000088   Code   RO          342    i.motor_cmd_bin     motor_driver.o
    0x08003b64   0x08003b64   0x000000dc   Code   RO          343    i.motor_cmd_str     motor_driver.o
    0x08003c40   0x08003c40   0x00000084   Code   RO          344    i.motor_init        motor_driver.o
    0x08003cc4   0x08003cc4   0x00000014   Code   RO          345    i.motor_stop        motor_driver.o
    0x08003cd8   0x08003cd8   0x00000020   Code   RO          600    i.osRtxErrorNotify  rtx_config.o
    0x08003cf8   0x08003cf8   0x00000004   Code   RO          601    i.osRtxIdleThread   rtx_config.o
    0x08003cfc   0x08003cfc   0x00000024   Code   RO          529    i.os_kernel_is_active  rtx_lib.o
    0x08003d20   0x08003d20   0x00000104   Code   RO          346    i.timer_init        motor_driver.o
    0x08003e24   0x08003e24   0x0000002c   Code   RO         2420    locale$$code        c_w.l(lc_ctype_c.o)
    0x08003e50   0x08003e50   0x0000005a   Code   RO         2349    x$fpl$dfixu         fz_ws.l(dfixu.o)
    0x08003eaa   0x08003eaa   0x00000026   Code   RO         2353    x$fpl$dfltu         fz_ws.l(dflt_clz.o)
    0x08003ed0   0x08003ed0   0x00000154   Code   RO         2359    x$fpl$dmul          fz_ws.l(dmul.o)
    0x08004024   0x08004024   0x0000009c   Code   RO         2385    x$fpl$dnaninf       fz_ws.l(dnaninf.o)
    0x080040c0   0x080040c0   0x0000000c   Code   RO         2387    x$fpl$dretinf       fz_ws.l(dretinf.o)
    0x080040cc   0x080040cc   0x00000000   Code   RO         2391    x$fpl$usenofp       fz_ws.l(usenofp.o)
    0x080040cc   0x080040cc   0x00000064   Data   RO          535    .constdata          rtx_lib.o
    0x08004130   0x08004130   0x00000001   Data   RO         2221    .constdata          RTX_CM3.lib(irq_cm3.o)
    0x08004131   0x08004131   0x00000003   PAD
    0x08004134   0x08004134   0x00000068   Data   RO          537    .rodata             rtx_lib.o
    0x0800419c   0x0800419c   0x0000000b   Data   RO         1929    .rodata.str1.4      RTX_CM3.lib(rtx_kernel.o)
    0x080041a7   0x080041a7   0x00000001   PAD
    0x080041a8   0x080041a8   0x00000020   Data   RO         2554    Region$$Table       anon$$obj.o
    0x080041c8   0x080041c8   0x00000110   Data   RO         2419    locale$$data        c_w.l(lc_ctype_c.o)


    Execution Region ER_RW (Exec base: 0x20000000, Load base: 0x080042d8, Size: 0x000015d8, Max: 0xffffffff, ABSOLUTE, COMPRESSED[0x00000058])

    Exec Addr    Load Addr    Size         Type   Attr      Idx    E Section Name        Object

    0x20000000   COMPRESSED   0x00001230   Data   RW          530    .bss.os             rtx_lib.o
    0x20001230   COMPRESSED   0x00000034   Data   RW          531    .bss.os.msgqueue.cb  rtx_lib.o
    0x20001264   COMPRESSED   0x00000050   Data   RW          532    .bss.os.msgqueue.mem  rtx_lib.o
    0x200012b4   COMPRESSED   0x00000088   Data   RW          533    .bss.os.thread.cb   rtx_lib.o
    0x2000133c   COMPRESSED   0x00000004   PAD
    0x20001340   COMPRESSED   0x00000190   Data   RW          534    .bss.os.thread.stack  rtx_lib.o
    0x200014d0   COMPRESSED   0x0000000c   Data   RW           22    .data               svvis_cortex.o
    0x200014dc   COMPRESSED   0x00000004   Data   RW          152    .data               main.o
    0x200014e0   COMPRESSED   0x00000004   Data   RW          246    .data               led_driver.o
    0x200014e4   COMPRESSED   0x00000004   PAD
    0x200014e8   COMPRESSED   0x00000014   Data   RW          347    .data               motor_driver.o
    0x200014fc   COMPRESSED   0x00000005   Data   RW          536    .data               rtx_lib.o
    0x20001501   COMPRESSED   0x00000014   Data   RW          849    .data               stm32f10x_rcc.o
    0x20001515   COMPRESSED   0x00000003   PAD
    0x20001518   COMPRESSED   0x00000014   Data   RW         1837    .data               system_stm32f10x.o
    0x2000152c   COMPRESSED   0x00000004   PAD
    0x20001530   COMPRESSED   0x000000a8   Data   RW         1930    .data.os            RTX_CM3.lib(rtx_kernel.o)


    Execution Region ER_ZI (Exec base: 0x200015d8, Load base: 0x08004330, Size: 0x00000660, Max: 0xffffffff, ABSOLUTE)

    Exec Addr    Load Addr    Size         Type   Attr      Idx    E Section Name        Object

    0x200015d8        -       0x00000060   Zero   RW         2393    .bss                c_w.l(libspace.o)
    0x20001638        -       0x00000200   Zero   RW         1824    HEAP                startup_stm32f10x_cl.o
    0x20001838        -       0x00000400   Zero   RW         1823    STACK               startup_stm32f10x_cl.o


==============================================================================

Image component sizes


      Code (inc. data)   RO Data    RW Data    ZI Data      Debug   Object Name

       200         22          0          4          0     280292   led_driver.o
       612        262          0          4          0       2869   main.o
       112         12          0          0          0       1140   misc.o
       784         80          0         20          0       4370   motor_driver.o
        36          6          0          0          0        965   rtx_config.o
       240         18        204       5329          0      12032   rtx_lib.o
        64         26        336          0       1536        812   startup_stm32f10x_cl.o
       296          0          0          0          0       3828   stm32f10x_gpio.o
       528         50          0         20          0       6612   stm32f10x_rcc.o
       496         62          0          0          0       4560   stm32f10x_tim.o
       548         28          0          0          0       6998   stm32f10x_usart.o
       326         34          0         12          0     233779   svvis_cortex.o
       284          0          0          0          0       1759   svvis_cortex_threads.o
       652         56          0         20          0       3045   system_stm32f10x.o
       546         52          0          0          0     241530   usart_driver.o

    ----------------------------------------------------------------------
      5732        708        572       5424       1536     804591   Object Totals
         0          0         32          0          0          0   (incl. Generated)
         8          0          0         15          0          0   (incl. Padding)

    ----------------------------------------------------------------------

      Code (inc. data)   RO Data    RW Data    ZI Data      Debug   Library Member Name

       136         10          1          0          0        480   irq_cm3.o
        56          0          0          0          0       2892   rtx_delay.o
       768          0         11        168          0      17856   rtx_kernel.o
       246          0          0          0          0       1937   rtx_memory.o
       246          0          0          0          0      17021   rtx_mempool.o
      2014          0          0          0          0      18585   rtx_msgqueue.o
       928          0          0          0          0       8779   rtx_mutex.o
       492          8          0          0          0       8155   rtx_system.o
      2732          0          0          0          0      40733   rtx_thread.o
       720          0          0          0          0       8770   rtx_timer.o
        90          0          0          0          0          0   __dczerorl2.o
         8          0          0          0          0         68   __main.o
         0          0          0          0          0          0   __rtentry.o
        20          0          0          0          0          0   __rtentry2.o
         6          0          0          0          0          0   __rtentry4.o
        52          8          0          0          0          0   __scatter.o
        28          0          0          0          0          0   __scatter_zi.o
        28          0          0          0          0         68   _chval.o
       158          0          0          0          0         92   _strtoul.o
        16          0          0          0          0         68   aeabi_memset4.o
        18          0          0          0          0         80   exit.o
         6          0          0          0          0        152   heapauxi.o
         0          0          0          0          0          0   indicate_semi.o
        44         10        272          0          0         76   lc_ctype_c.o
         2          0          0          0          0          0   libinit.o
        20          0          0          0          0          0   libinit2.o
         2          0          0          0          0          0   libshutdown.o
         2          0          0          0          0          0   libshutdown2.o
         8          4          0          0         96         68   libspace.o
        16          4          0          0          0         76   rt_ctype_table.o
         4          0          0          0          0         68   rt_errno_addr_twolibspace.o
        10          0          0          0          0         76   rt_locale_twolibspace.o
        68          0          0          0          0         68   rt_memclr.o
        78          0          0          0          0         80   rt_memclr_w.o
       138          0          0          0          0         68   rt_memcpy_v6.o
       100          0          0          0          0         80   rt_memcpy_w.o
         2          0          0          0          0          0   rtexit.o
        10          0          0          0          0          0   rtexit2.o
       128          0          0          0          0         68   strcmpv7m.o
        62          0          0          0          0         76   strlen.o
       150          0          0          0          0         80   strncmp.o
       114          0          0          0          0         92   strtoul.o
        12          4          0          0          0         68   sys_exit.o
        74          0          0          0          0         80   sys_stackheap_outer.o
         2          0          0          0          0         68   use_no_semi.o
        90          4          0          0          0         92   dfixu.o
        38          0          0          0          0         68   dflt_clz.o
       340         12          0          0          0        104   dmul.o
       156          4          0          0          0         92   dnaninf.o
        12          0          0          0          0         68   dretinf.o
         0          0          0          0          0          0   usenofp.o

    ----------------------------------------------------------------------
     10520         68        288        168         96     127352   Library Totals
        70          0          4          0          0          0   (incl. Padding)

    ----------------------------------------------------------------------

      Code (inc. data)   RO Data    RW Data    ZI Data      Debug   Library Name

      8338         18         12        168          0     125208   RTX_CM3.lib
      1476         30        272          0         96       1720   c_w.l
       636         20          0          0          0        424   fz_ws.l

    ----------------------------------------------------------------------
     10520         68        288        168         96     127352   Library Totals

    ----------------------------------------------------------------------

==============================================================================


      Code (inc. data)   RO Data    RW Data    ZI Data      Debug   

     16252        776        860       5592       1632     927443   Grand Totals
     16252        776        860         88       1632     927443   ELF Image Totals (compressed)
     16252        776        860         88          0          0   ROM Totals

==============================================================================

    Total RO  Size (Code + RO Data)                17112 (  16.71kB)
    Total RW  Size (RW Data + ZI Data)              7224 (   7.05kB)
    Total ROM Size (Code + RO Data + RW Data)      17200 (  16.80kB)

==============================================================================

