Component: ARM Compiler 5.06 update 5 (build 528) Tool: armlink [4d35e2]

==============================================================================

Section Cross References

    svvis_cortex.o(i._Z10init_usartP13USART_TypeDefj) refers to system_stm32f10x.o(i.SystemCoreClockUpdate) for SystemCoreClockUpdate
    svvis_cortex.o(i._Z10init_usartP13USART_TypeDefj) refers to stm32f10x_rcc.o(i.RCC_APB2PeriphClockCmd) for RCC_APB2PeriphClockCmd
    svvis_cortex.o(i._Z10init_usartP13USART_TypeDefj) refers to stm32f10x_gpio.o(i.GPIO_Init) for GPIO_Init
    svvis_cortex.o(i._Z10init_usartP13USART_TypeDefj) refers to stm32f10x_rcc.o(i.RCC_APB1PeriphClockCmd) for RCC_APB1PeriphClockCmd
    svvis_cortex.o(i._Z10init_usartP13USART_TypeDefj) refers to stm32f10x_usart.o(i.USART_DeInit) for USART_DeInit
    svvis_cortex.o(i._Z10init_usartP13USART_TypeDefj) refers to stm32f10x_usart.o(i.USART_ClockInit) for USART_ClockInit
    svvis_cortex.o(i._Z10init_usartP13USART_TypeDefj) refers to stm32f10x_usart.o(i.USART_Init) for USART_Init
    svvis_cortex.o(i._Z10init_usartP13USART_TypeDefj) refers to misc.o(i.NVIC_Init) for NVIC_Init
    svvis_cortex.o(i._Z10init_usartP13USART_TypeDefj) refers to stm32f10x_usart.o(i.USART_ITConfig) for USART_ITConfig
    svvis_cortex.o(i._Z10init_usartP13USART_TypeDefj) refers to stm32f10x_usart.o(i.USART_Cmd) for USART_Cmd
    svvis_cortex.o(i._Z15USART_send_byteP13USART_TypeDefh) refers to rtx_thread.o(.text.osThreadYield) for osThreadYield
    svvis_cortex.o(i._Z15USART_send_byteP13USART_TypeDefh) refers to stm32f10x_usart.o(i.USART_GetFlagStatus) for USART_GetFlagStatus
    svvis_cortex.o(i._Z15USART_send_byteP13USART_TypeDefh) refers to stm32f10x_usart.o(i.USART_SendData) for USART_SendData
    svvis_cortex.o(i._Z16USART_send_bytesP13USART_TypeDefPvj) refers to svvis_cortex.o(i._Z15USART_send_byteP13USART_TypeDefh) for USART_send_byte(USART_TypeDef*, unsigned char)
    svvis_cortex.o(i._ZN13SvVis3_data_t9apply_msgER16SvVis3_message_t) refers to fflt_clz.o(x$fpl$fflt) for __aeabi_i2f
    svvis_cortex.o(i._ZN13SvVis3_data_t9apply_msgER16SvVis3_message_t) refers to ffix.o(x$fpl$ffix) for __aeabi_f2iz
    svvis_cortex.o(i._ZN8SvVis3_t10send_floatEhf) refers to svvis_cortex.o(i._ZN8SvVis3_t8send_msgER16SvVis3_message_t) for SvVis3_t::send_msg(SvVis3_message_t&)
    svvis_cortex.o(i._ZN8SvVis3_t4initEP13USART_TypeDefj) refers to svvis_cortex.o(i._Z10init_usartP13USART_TypeDefj) for init_usart(USART_TypeDef*, unsigned)
    svvis_cortex.o(i._ZN8SvVis3_t4initEP13USART_TypeDefj) refers to rtx_msgqueue.o(.text.osMessageQueueNew) for osMessageQueueNew
    svvis_cortex.o(i._ZN8SvVis3_t4initEP13USART_TypeDefj) refers to rtx_thread.o(.text.osThreadNew) for osThreadNew
    svvis_cortex.o(i._ZN8SvVis3_t4initEP13USART_TypeDefj) refers to svvis_cortex.o(.data) for _usart1_handler
    svvis_cortex.o(i._ZN8SvVis3_t4initEP13USART_TypeDefj) refers to svvis_cortex_threads.o(i._Z11recv_threadPv) for recv_thread(void*)
    svvis_cortex.o(i._ZN8SvVis3_t4initEP13USART_TypeDefj) refers to svvis_cortex_threads.o(i._Z11send_threadPv) for send_thread(void*)
    svvis_cortex.o(i._ZN8SvVis3_t8recv_msgER16SvVis3_message_t) refers to rtx_msgqueue.o(.text.osMessageQueueGet) for osMessageQueueGet
    svvis_cortex.o(i._ZN8SvVis3_t8send_i16Ehs) refers to svvis_cortex.o(i._ZN8SvVis3_t8send_msgER16SvVis3_message_t) for SvVis3_t::send_msg(SvVis3_message_t&)
    svvis_cortex.o(i._ZN8SvVis3_t8send_i32Ehi) refers to svvis_cortex.o(i._ZN8SvVis3_t8send_msgER16SvVis3_message_t) for SvVis3_t::send_msg(SvVis3_message_t&)
    svvis_cortex.o(i._ZN8SvVis3_t8send_msgER16SvVis3_message_t) refers to rtx_thread.o(.text.osThreadYield) for osThreadYield
    svvis_cortex.o(i._ZN8SvVis3_t8send_msgER16SvVis3_message_t) refers to rtx_msgqueue.o(.text.osMessageQueueGetSpace) for osMessageQueueGetSpace
    svvis_cortex.o(i._ZN8SvVis3_t8send_msgER16SvVis3_message_t) refers to rtx_msgqueue.o(.text.osMessageQueuePut) for osMessageQueuePut
    svvis_cortex.o(i._ZN8SvVis3_t8send_strEPKc) refers to strlen.o(.text) for strlen
    svvis_cortex.o(i._ZN8SvVis3_t8send_strEPKc) refers to rt_memcpy_v6.o(.text) for __aeabi_memcpy
    svvis_cortex.o(i._ZN8SvVis3_t8send_strEPKc) refers to svvis_cortex.o(i._ZN8SvVis3_t8send_msgER16SvVis3_message_t) for SvVis3_t::send_msg(SvVis3_message_t&)
    svvis_cortex.o(.ARM.exidx) refers to svvis_cortex.o(i._Z10init_usartP13USART_TypeDefj) for i._Z10init_usartP13USART_TypeDefj
    svvis_cortex.o(.ARM.exidx) refers to svvis_cortex.o(i._Z15USART_send_byteP13USART_TypeDefh) for i._Z15USART_send_byteP13USART_TypeDefh
    svvis_cortex.o(.ARM.exidx) refers to svvis_cortex.o(i._Z16USART_send_bytesP13USART_TypeDefPvj) for i._Z16USART_send_bytesP13USART_TypeDefPvj
    svvis_cortex.o(.ARM.exidx) refers to svvis_cortex.o(i._ZN13SvVis3_data_t9apply_msgER16SvVis3_message_t) for i._ZN13SvVis3_data_t9apply_msgER16SvVis3_message_t
[...]
    ../clib/stdlib.c                         0x00000000   Number         0  exit.o ABSOLUTE
    ../clib/string.c                         0x00000000   Number         0  strlen.o ABSOLUTE
    ../fplib/dfixu.s                         0x00000000   Number         0  dfixu.o ABSOLUTE
    ../fplib/dmul.s                          0x00000000   Number         0  dmul.o ABSOLUTE
    ../fplib/dnaninf.s                       0x00000000   Number         0  dnaninf.o ABSOLUTE
    ../fplib/dretinf.s                       0x00000000   Number         0  dretinf.o ABSOLUTE
    ../fplib/ffix.s                          0x00000000   Number         0  ffix.o ABSOLUTE
    ../fplib/fflt.s                          0x00000000   Number         0  fflt_clz.o ABSOLUTE
    ../fplib/fnaninf.s                       0x00000000   Number         0  fnaninf.o ABSOLUTE
    ../fplib/fpinit.s                        0x00000000   Number         0  fpinit.o ABSOLUTE
    ../fplib/usenofp.s                       0x00000000   Number         0  usenofp.o ABSOLUTE
    ..\..\..\Source\ARM\irq_cm3.s            0x00000000   Number         0  irq_cm3.o ABSOLUTE
    C:\Keil_v5\ARM\PACK\ARM\CMSIS\5.0.1\CMSIS\RTOS2\RTX\Source\rtx_lib.c 0x00000000   Number         0  rtx_lib.o ABSOLUTE
    C:\Keil_v5\ARM\PACK\Keil\STM32F1xx_DFP\2.3.0\Device\StdPeriph_Driver\src\misc.c 0x00000000   Number         0  misc.o ABSOLUTE
    C:\Keil_v5\ARM\PACK\Keil\STM32F1xx_DFP\2.3.0\Device\StdPeriph_Driver\src\stm32f10x_gpio.c 0x00000000   Number         0  stm32f10x_gpio.o ABSOLUTE
    C:\Keil_v5\ARM\PACK\Keil\STM32F1xx_DFP\2.3.0\Device\StdPeriph_Driver\src\stm32f10x_rcc.c 0x00000000   Number         0  stm32f10x_rcc.o ABSOLUTE
    C:\Keil_v5\ARM\PACK\Keil\STM32F1xx_DFP\2.3.0\Device\StdPeriph_Driver\src\stm32f10x_usart.c 0x00000000   Number         0  stm32f10x_usart.o ABSOLUTE
    C:\\Keil_v5\\ARM\\PACK\\ARM\\CMSIS\\5.0.1\\CMSIS\\RTOS2\\RTX\\Source\\rtx_lib.c 0x00000000   Number         0  rtx_lib.o ABSOLUTE
    C:\\Keil_v5\\ARM\\PACK\\Keil\\STM32F1xx_DFP\\2.3.0\\Device\\StdPeriph_Driver\\src\\misc.c 0x00000000   Number         0  misc.o ABSOLUTE
    C:\\Keil_v5\\ARM\\PACK\\Keil\\STM32F1xx_DFP\\2.3.0\\Device\\StdPeriph_Driver\\src\\stm32f10x_gpio.c 0x00000000   Number         0  stm32f10x_gpio.o ABSOLUTE
    C:\\Keil_v5\\ARM\\PACK\\Keil\\STM32F1xx_DFP\\2.3.0\\Device\\StdPeriph_Driver\\src\\stm32f10x_rcc.c 0x00000000   Number         0  stm32f10x_rcc.o ABSOLUTE
    C:\\Keil_v5\\ARM\\PACK\\Keil\\STM32F1xx_DFP\\2.3.0\\Device\\StdPeriph_Driver\\src\\stm32f10x_usart.c 0x00000000   Number         0  stm32f10x_usart.o ABSOLUTE
    LED_driver.c                             0x00000000   Number         0  led_driver.o ABSOLUTE
    LED_driver.c                             0x00000000   Number         0  led_driver.o ABSOLUTE
    RTE\CMSIS\RTX_Config.c                   0x00000000   Number         0  rtx_config.o ABSOLUTE
    RTE\Device\STM32F107RB\startup_stm32f10x_cl.s 0x00000000   Number         0  startup_stm32f10x_cl.o ABSOLUTE
    RTE\Device\STM32F107RB\system_stm32f10x.c 0x00000000   Number         0  system_stm32f10x.o ABSOLUTE
    RTE\\CMSIS\\RTX_Config.c                 0x00000000   Number         0  rtx_config.o ABSOLUTE
    RTE\\Device\\STM32F107RB\\system_stm32f10x.c 0x00000000   Number         0  system_stm32f10x.o ABSOLUTE
    SvVis_cortex.cpp                         0x00000000   Number         0  svvis_cortex.o ABSOLUTE
    SvVis_cortex.cpp                         0x00000000   Number         0  svvis_cortex.o ABSOLUTE
    SvVis_cortex_threads.cpp                 0x00000000   Number         0  svvis_cortex_threads.o ABSOLUTE
    SvVis_cortex_threads.cpp                 0x00000000   Number         0  svvis_cortex_threads.o ABSOLUTE
    dc.s                                     0x00000000   Number         0  dc.o ABSOLUTE
    main.cpp                                 0x00000000   Number         0  main.o ABSOLUTE
    main.cpp                                 0x00000000   Number         0  main.o ABSOLUTE
    motor_driver.c                           0x00000000   Number         0  motor_driver.o ABSOLUTE
    motor_driver.c                           0x00000000   Number         0  motor_driver.o ABSOLUTE
    RESET                                    0x08000000   Section      336  startup_stm32f10x_cl.o(RESET)
    !!!main                                  0x08000150   Section        8  __main.o(!!!main)
    !!!scatter                               0x08000158   Section       52  __scatter.o(!!!scatter)
    !!dczerorl2                              0x0800018c   Section       90  __dczerorl2.o(!!dczerorl2)
    !!handler_zi                             0x080001e8   Section       28  __scatter_zi.o(!!handler_zi)
    .ARM.Collect$$libinit$$00000000          0x08000204   Section        2  libinit.o(.ARM.Collect$$libinit$$00000000)
    .ARM.Collect$$libinit$$00000002          0x08000206   Section        0  libinit2.o(.ARM.Collect$$libinit$$00000002)
    .ARM.Collect$$libinit$$00000004          0x08000206   Section        0  libinit2.o(.ARM.Collect$$libinit$$00000004)
    .ARM.Collect$$libinit$$0000000A          0x08000206   Section        0  libinit2.o(.ARM.Collect$$libinit$$0000000A)
    .ARM.Collect$$libinit$$0000000C          0x08000206   Section        0  libinit2.o(.ARM.Collect$$libinit$$0000000C)
    .ARM.Collect$$libinit$$0000000E          0x08000206   Section        0  libinit2.o(.ARM.Collect$$libinit$$0000000E)
    .ARM.Collect$$libinit$$00000011          0x08000206   Section        0  libinit2.o(.ARM.Collect$$libinit$$00000011)
    .ARM.Collect$$libinit$$00000013          0x08000206   Section        0  libinit2.o(.ARM.Collect$$libinit$$00000013)
    .ARM.Collect$$libinit$$00000015          0x08000206   Section        0  libinit2.o(.ARM.Collect$$libinit$$00000015)
    .ARM.Collect$$libinit$$00000017          0x08000206   Section        0  libinit2.o(.ARM.Collect$$libinit$$00000017)
    .ARM.Collect$$libinit$$00000019          0x08000206   Section        0  libinit2.o(.ARM.Collect$$libinit$$00000019)
    .ARM.Collect$$libinit$$0000001B          0x08000206   Section        0  libinit2.o(.ARM.Collect$$libinit$$0000001B)
    .ARM.Collect$$libinit$$0000001D          0x08000206   Section        0  libinit2.o(.ARM.Collect$$libinit$$0000001D)
    .ARM.Collect$$libinit$$0000001F          0x08000206   Section        0  libinit2.o(.ARM.Collect$$libinit$$0000001F)
    .ARM.Collect$$libinit$$00000021          0x08000206   Section        0  libinit2.o(.ARM.Collect$$libinit$$00000021)
    .ARM.Collect$$libinit$$00000023          0x08000206   Section        0  libinit2.o(.ARM.Collect$$libinit$$00000023)
    .ARM.Collect$$libinit$$00000025          0x08000206   Section        0  libinit2.o(.ARM.Collect$$libinit$$00000025)
    .ARM.Collect$$libinit$$0000002C          0x08000206   Section        0  libinit2.o(.ARM.Collect$$libinit$$0000002C)
    .ARM.Collect$$libinit$$0000002E          0x08000206   Section        0  libinit2.o(.ARM.Collect$$libinit$$0000002E)
    .ARM.Collect$$libinit$$00000030          0x08000206   Section        0  libinit2.o(.ARM.Collect$$libinit$$00000030)
    .ARM.Collect$$libinit$$00000032          0x08000206   Section        0  libinit2.o(.ARM.Collect$$libinit$$00000032)
    .ARM.Collect$$libinit$$00000033          0x08000206   Section        2  libinit2.o(.ARM.Collect$$libinit$$00000033)
    .ARM.Collect$$libshutdown$$00000000      0x08000208   Section        2  libshutdown.o(.ARM.Collect$$libshutdown$$00000000)
    .ARM.Collect$$libshutdown$$00000002      0x0800020a   Section        0  libshutdown2.o(.ARM.Collect$$libshutdown$$00000002)
    .ARM.Collect$$libshutdown$$00000004      0x0800020a   Section        0  libshutdown2.o(.ARM.Collect$$libshutdown$$00000004)
    .ARM.Collect$$libshutdown$$00000007      0x0800020a   Section        0  libshutdown2.o(.ARM.Collect$$libshutdown$$00000007)
    .ARM.Collect$$libshutdown$$0000000A      0x0800020a   Section        0  libshutdown2.o(.ARM.Collect$$libshutdown$$0000000A)
    .ARM.Collect$$libshutdown$$0000000C      0x0800020a   Section        0  libshutdown2.o(.ARM.Collect$$libshutdown$$0000000C)
    .ARM.Collect$$libshutdown$$0000000F      0x0800020a   Section        0  libshutdown2.o(.ARM.Collect$$libshutdown$$0000000F)
    .ARM.Collect$$libshutdown$$00000010      0x0800020a   Section        2  libshutdown2.o(.ARM.Collect$$libshutdown$$00000010)
    .ARM.Collect$$rtentry$$00000000          0x0800020c   Section        0  __rtentry.o(.ARM.Collect$$rtentry$$00000000)
    .ARM.Collect$$rtentry$$00000002          0x0800020c   Section        0  __rtentry2.o(.ARM.Collect$$rtentry$$00000002)
    .ARM.Collect$$rtentry$$00000004          0x0800020c   Section        6  __rtentry4.o(.ARM.Collect$$rtentry$$00000004)
    .ARM.Collect$$rtentry$$00000008          0x08000212   Section        8  __rtentry2.o(.ARM.Collect$$rtentry$$00000008)
    .ARM.Collect$$rtentry$$0000000A          0x0800021a   Section        4  __rtentry2.o(.ARM.Collect$$rtentry$$0000000A)
    .ARM.Collect$$rtentry$$0000000C          0x0800021e   Section        0  __rtentry2.o(.ARM.Collect$$rtentry$$0000000C)
    .ARM.Collect$$rtentry$$0000000D          0x0800021e   Section        8  __rtentry2.o(.ARM.Collect$$rtentry$$0000000D)
    .ARM.Collect$$rtexit$$00000000           0x08000226   Section        2  rtexit.o(.ARM.Collect$$rtexit$$00000000)
    .ARM.Collect$$rtexit$$00000002           0x08000228   Section        0  rtexit2.o(.ARM.Collect$$rtexit$$00000002)
    .ARM.Collect$$rtexit$$00000003           0x08000228   Section        4  rtexit2.o(.ARM.Collect$$rtexit$$00000003)
    .ARM.Collect$$rtexit$$00000004           0x0800022c   Section        6  rtexit2.o(.ARM.Collect$$rtexit$$00000004)
    .text                                    0x08000234   Section       64  startup_stm32f10x_cl.o(.text)
    .text                                    0x08000274   Section      136  irq_cm3.o(.text)
    .text                                    0x080002fc   Section        0  strlen.o(.text)
    .text                                    0x0800033a   Section      138  rt_memcpy_v6.o(.text)
    .text                                    0x080003c4   Section       16  aeabi_memset4.o(.text)
    .text                                    0x080003d4   Section       68  rt_memclr.o(.text)
    .text                                    0x08000418   Section       78  rt_memclr_w.o(.text)
    .text                                    0x08000468   Section      128  strcmpv7m.o(.text)
    .text                                    0x080004e8   Section        0  heapauxi.o(.text)
    .text                                    0x080004ee   Section      100  rt_memcpy_w.o(.text)
    .text                                    0x08000552   Section       74  sys_stackheap_outer.o(.text)
    .text                                    0x0800059c   Section        0  exit.o(.text)
    .text                                    0x080005b0   Section        8  libspace.o(.text)
    .text                                    0x080005b8   Section        0  sys_exit.o(.text)
    .text                                    0x080005c4   Section        2  use_no_semi.o(.text)
    .text                                    0x080005c6   Section        0  indicate_semi.o(.text)
    [Anonymous Symbol]                       0x080005c8   Section        0  rtx_delay.o(.text.osDelay)
    [Anonymous Symbol]                       0x080005ec   Section        0  rtx_kernel.o(.text.osKernelGetState)
    [Anonymous Symbol]                       0x08000628   Section        0  rtx_kernel.o(.text.osKernelInitialize)
    [Anonymous Symbol]                       0x08000664   Section        0  rtx_kernel.o(.text.osKernelStart)
    [Anonymous Symbol]                       0x080006a0   Section        0  rtx_msgqueue.o(.text.osMessageQueueGet)
    [Anonymous Symbol]                       0x08000754   Section        0  rtx_msgqueue.o(.text.osMessageQueueGetSpace)
    [Anonymous Symbol]                       0x0800078c   Section        0  rtx_msgqueue.o(.text.osMessageQueueNew)
    [Anonymous Symbol]                       0x080007c8   Section        0  rtx_msgqueue.o(.text.osMessageQueuePut)
    [Anonymous Symbol]                       0x0800084c   Section        0  rtx_mutex.o(.text.osMutexAcquire)
    [Anonymous Symbol]                       0x08000870   Section        0  rtx_mutex.o(.text.osMutexDelete)
    [Anonymous Symbol]                       0x08000894   Section        0  rtx_mutex.o(.text.osMutexNew)
    [Anonymous Symbol]                       0x080008d0   Section        0  rtx_mutex.o(.text.osMutexRelease)
    [Anonymous Symbol]                       0x080008f4   Section        0  rtx_memory.o(.text.osRtxMemoryAlloc)
    [Anonymous Symbol]                       0x08000964   Section        0  rtx_memory.o(.text.osRtxMemoryFree)
    [Anonymous Symbol]                       0x080009bc   Section        0  rtx_memory.o(.text.osRtxMemoryInit)
    [Anonymous Symbol]                       0x080009ec   Section        0  rtx_mempool.o(.text.osRtxMemoryPoolAlloc)
    [Anonymous Symbol]                       0x08000a38   Section        0  rtx_mempool.o(.text.osRtxMemoryPoolFree)
    [Anonymous Symbol]                       0x08000a94   Section        0  rtx_mempool.o(.text.osRtxMemoryPoolInit)
    [Anonymous Symbol]                       0x08000ae4   Section        0  rtx_msgqueue.o(.text.osRtxMessageQueuePostProcess)
    [Anonymous Symbol]                       0x08000ca4   Section        0  rtx_mutex.o(.text.osRtxMutexOwnerRelease)
    [Anonymous Symbol]                       0x08000cf0   Section        0  rtx_system.o(.text.osRtxPendSV_Handler)
    [Anonymous Symbol]                       0x08000d98   Section        0  rtx_system.o(.text.osRtxPostProcess)
    [Anonymous Symbol]                       0x08000e10   Section        0  rtx_system.o(.text.osRtxSysTimerAckIRQ)
    [Anonymous Symbol]                       0x08000e1c   Section        0  rtx_system.o(.text.osRtxSysTimerEnable)
    [Anonymous Symbol]                       0x08000e2c   Section        0  rtx_system.o(.text.osRtxSysTimerSetup)
    [Anonymous Symbol]                       0x08000e68   Section        0  rtx_thread.o(.text.osRtxThreadDelayTick)
    [Anonymous Symbol]                       0x08000ef0   Section        0  rtx_thread.o(.text.osRtxThreadDispatch)
    [Anonymous Symbol]                       0x08001048   Section        0  rtx_thread.o(.text.osRtxThreadListGet)
    [Anonymous Symbol]                       0x08001064   Section        0  rtx_thread.o(.text.osRtxThreadListPut)
    [Anonymous Symbol]                       0x0800109c   Section        0  rtx_thread.o(.text.osRtxThreadListRemove)
    [Anonymous Symbol]                       0x080010b8   Section        0  rtx_thread.o(.text.osRtxThreadListSort)
    [Anonymous Symbol]                       0x08001118   Section        0  rtx_thread.o(.text.osRtxThreadPostProcess)
    [Anonymous Symbol]                       0x08001240   Section        0  rtx_thread.o(.text.osRtxThreadReadyPut)
    [Anonymous Symbol]                       0x08001288   Section        0  rtx_thread.o(.text.osRtxThreadRegPtr)
    [Anonymous Symbol]                       0x08001290   Section        0  rtx_thread.o(.text.osRtxThreadStackCheck)
    [Anonymous Symbol]                       0x080012c0   Section        0  rtx_thread.o(.text.osRtxThreadSwitch)
    [Anonymous Symbol]                       0x080012d4   Section        0  rtx_thread.o(.text.osRtxThreadWaitEnter)
    [Anonymous Symbol]                       0x080013b8   Section        0  rtx_thread.o(.text.osRtxThreadWaitExit)
    [Anonymous Symbol]                       0x08001478   Section        0  rtx_system.o(.text.osRtxTick_Handler)
    [Anonymous Symbol]                       0x080014f0   Section        0  rtx_timer.o(.text.osRtxTimerTick)
    [Anonymous Symbol]                       0x0800159c   Section        0  rtx_thread.o(.text.osThreadExit)
    [Anonymous Symbol]                       0x080015ac   Section        0  rtx_thread.o(.text.osThreadNew)
    [Anonymous Symbol]                       0x080015e8   Section        0  rtx_thread.o(.text.osThreadYield)
    [Anonymous Symbol]                       0x0800160c   Section        0  rtx_delay.o(.text.svcRtxDelay)
    [Anonymous Symbol]                       0x08001620   Section        0  rtx_kernel.o(.text.svcRtxKernelGetState)
    [Anonymous Symbol]                       0x0800162c   Section        0  rtx_kernel.o(.text.svcRtxKernelInitialize)
    [Anonymous Symbol]                       0x080017d8   Section        0  rtx_kernel.o(.text.svcRtxKernelStart)
    [Anonymous Symbol]                       0x08001870   Section        0  rtx_msgqueue.o(.text.svcRtxMessageQueueGet)
    [Anonymous Symbol]                       0x08001a0c   Section        0  rtx_msgqueue.o(.text.svcRtxMessageQueueGetSpace)
    [Anonymous Symbol]                       0x08001a28   Section        0  rtx_msgqueue.o(.text.svcRtxMessageQueueNew)
    [Anonymous Symbol]                       0x08001b88   Section        0  rtx_msgqueue.o(.text.svcRtxMessageQueuePut)
    [Anonymous Symbol]                       0x08001ca0   Section        0  rtx_mutex.o(.text.svcRtxMutexAcquire)
    [Anonymous Symbol]                       0x08001d40   Section        0  rtx_mutex.o(.text.svcRtxMutexDelete)
    [Anonymous Symbol]                       0x08001e18   Section        0  rtx_mutex.o(.text.svcRtxMutexNew)
    [Anonymous Symbol]                       0x08001e8c   Section        0  rtx_mutex.o(.text.svcRtxMutexRelease)
    [Anonymous Symbol]                       0x08001f54   Section        0  rtx_thread.o(.text.svcRtxThreadExit)
    [Anonymous Symbol]                       0x08002098   Section        0  rtx_thread.o(.text.svcRtxThreadNew)
    [Anonymous Symbol]                       0x080022d8   Section        0  rtx_thread.o(.text.svcRtxThreadYield)
    i.GPIO_Init                              0x08002366   Section        0  stm32f10x_gpio.o(i.GPIO_Init)
    i.GPIO_ResetBits                         0x0800247c   Section        0  stm32f10x_gpio.o(i.GPIO_ResetBits)
    i.GPIO_SetBits                           0x08002480   Section        0  stm32f10x_gpio.o(i.GPIO_SetBits)
    i.GPIO_WriteBit                          0x08002484   Section        0  stm32f10x_gpio.o(i.GPIO_WriteBit)
    i.LED_heartbeat                          0x08002490   Section        0  led_driver.o(i.LED_heartbeat)
    i.LED_init                               0x080024a4   Section        0  led_driver.o(i.LED_init)
    i.LED_triangle_l                         0x080024f8   Section        0  led_driver.o(i.LED_triangle_l)
    i.NVIC_Init                              0x08002524   Section        0  misc.o(i.NVIC_Init)
    i.RCC_APB1PeriphClockCmd                 0x08002594   Section        0  stm32f10x_rcc.o(i.RCC_APB1PeriphClockCmd)
    i.RCC_APB1PeriphResetCmd                 0x080025b4   Section        0  stm32f10x_rcc.o(i.RCC_APB1PeriphResetCmd)
    i.RCC_APB2PeriphClockCmd                 0x080025d4   Section        0  stm32f10x_rcc.o(i.RCC_APB2PeriphClockCmd)
    i.RCC_APB2PeriphResetCmd                 0x080025f4   Section        0  stm32f10x_rcc.o(i.RCC_APB2PeriphResetCmd)
    i.RCC_GetClocksFreq                      0x08002614   Section        0  stm32f10x_rcc.o(i.RCC_GetClocksFreq)
    i.SetSysClock                            0x080027a4   Section        0  system_stm32f10x.o(i.SetSysClock)
    SetSysClock                              0x080027a5   Thumb Code     8  system_stm32f10x.o(i.SetSysClock)
    i.SetSysClockTo72                        0x080027ac   Section        0  system_stm32f10x.o(i.SetSysClockTo72)
    SetSysClockTo72                          0x080027ad   Thumb Code   264  system_stm32f10x.o(i.SetSysClockTo72)
    i.SystemCoreClockUpdate                  0x080028c4   Section        0  system_stm32f10x.o(i.SystemCoreClockUpdate)
    i.SystemInit                             0x080029c4   Section        0  system_stm32f10x.o(i.SystemInit)
    i.USART1_IRQHandler                      0x08002a30   Section        0  svvis_cortex_threads.o(i.USART1_IRQHandler)
    i.USART2_IRQHandler                      0x08002a58   Section        0  svvis_cortex_threads.o(i.USART2_IRQHandler)
    i.USART3_IRQHandler                      0x08002a80   Section        0  svvis_cortex_threads.o(i.USART3_IRQHandler)
    i.USART_ClockInit                        0x08002aa8   Section        0  stm32f10x_usart.o(i.USART_ClockInit)
    i.USART_Cmd                              0x08002aca   Section        0  stm32f10x_usart.o(i.USART_Cmd)
    i.USART_DeInit                           0x08002ae4   Section        0  stm32f10x_usart.o(i.USART_DeInit)
    i.USART_GetFlagStatus                    0x08002b80   Section        0  stm32f10x_usart.o(i.USART_GetFlagStatus)
    i.USART_ITConfig                         0x08002b9a   Section        0  stm32f10x_usart.o(i.USART_ITConfig)
    i.USART_Init                             0x08002be4   Section        0  stm32f10x_usart.o(i.USART_Init)
    i.USART_ReceiveData                      0x08002cbc   Section        0  stm32f10x_usart.o(i.USART_ReceiveData)
    i.USART_SendData                         0x08002cc6   Section        0  stm32f10x_usart.o(i.USART_SendData)
    i._Z10init_usartP13USART_TypeDefj        0x08002cd0   Section        0  svvis_cortex.o(i._Z10init_usartP13USART_TypeDefj)
    i._Z11recv_threadPv                      0x08002e60   Section        0  svvis_cortex_threads.o(i._Z11recv_threadPv)
    i._Z11send_threadPv                      0x08002f1a   Section        0  svvis_cortex_threads.o(i._Z11send_threadPv)
    i._Z13LED_heartbeatPv                    0x08002f48   Section        0  main.o(i._Z13LED_heartbeatPv)
    i._Z15USART_send_byteP13USART_TypeDefh   0x08002f68   Section        0  svvis_cortex.o(i._Z15USART_send_byteP13USART_TypeDefh)
    i._Z16USART_send_bytesP13USART_TypeDefPvj 0x08002f8a   Section        0  svvis_cortex.o(i._Z16USART_send_bytesP13USART_TypeDefPvj)
    i._Z16main_thread_funcPv                 0x08002fac   Section        0  main.o(i._Z16main_thread_funcPv)
    i._Z8chid2lenh                           0x08003098   Section        0  svvis_cortex_threads.o(i._Z8chid2lenh)
    i._ZN8SvVis3_t4initEP13USART_TypeDefj    0x080030cc   Section        0  svvis_cortex.o(i._ZN8SvVis3_t4initEP13USART_TypeDefj)
    i._ZN8SvVis3_t8recv_msgER16SvVis3_message_t 0x08003160   Section        0  svvis_cortex.o(i._ZN8SvVis3_t8recv_msgER16SvVis3_message_t)
    i._ZN8SvVis3_t8send_msgER16SvVis3_message_t 0x08003176   Section        0  svvis_cortex.o(i._ZN8SvVis3_t8send_msgER16SvVis3_message_t)
    i._ZN8SvVis3_t8send_strEPKc              0x0800319c   Section        0  svvis_cortex.o(i._ZN8SvVis3_t8send_strEPKc)
    i._mutex_acquire                         0x080031e6   Section        0  rtx_lib.o(i._mutex_acquire)
    __tagsym$$used                           0x080031e7   Number         0  rtx_lib.o(i._mutex_acquire)
    i._mutex_free                            0x080031fc   Section        0  rtx_lib.o(i._mutex_free)
    __tagsym$$used                           0x080031fd   Number         0  rtx_lib.o(i._mutex_free)
    i._mutex_initialize                      0x08003208   Section        0  rtx_lib.o(i._mutex_initialize)
    __tagsym$$used                           0x08003209   Number         0  rtx_lib.o(i._mutex_initialize)
    i._mutex_release                         0x08003228   Section        0  rtx_lib.o(i._mutex_release)
    __tagsym$$used                           0x08003229   Number         0  rtx_lib.o(i._mutex_release)
    i._platform_post_stackheap_init          0x0800323a   Section        0  rtx_lib.o(i._platform_post_stackheap_init)
    i.generate_pwm                           0x08003244   Section        0  motor_driver.o(i.generate_pwm)
    i.main                                   0x08003294   Section        0  main.o(i.main)
    i.motor_cmd_bin                          0x08003330   Section        0  motor_driver.o(i.motor_cmd_bin)
    i.motor_cmd_str                          0x080033d0   Section        0  motor_driver.o(i.motor_cmd_str)
    i.motor_init                             0x08003450   Section        0  motor_driver.o(i.motor_init)
    i.osRtxErrorNotify                       0x080034c0   Section        0  rtx_config.o(i.osRtxErrorNotify)
    i.osRtxIdleThread                        0x080034e0   Section        0  rtx_config.o(i.osRtxIdleThread)
    i.os_kernel_is_active                    0x080034e4   Section        0  rtx_lib.o(i.os_kernel_is_active)
    os_kernel_is_active                      0x080034e5   Thumb Code    32  rtx_lib.o(i.os_kernel_is_active)
    x$fpl$dfixu                              0x08003508   Section       90  dfixu.o(x$fpl$dfixu)
    x$fpl$dmul                               0x08003564   Section      340  dmul.o(x$fpl$dmul)
    x$fpl$dnaninf                            0x080036b8   Section      156  dnaninf.o(x$fpl$dnaninf)
    x$fpl$dretinf                            0x08003754   Section       12  dretinf.o(x$fpl$dretinf)
    .constdata                               0x08003760   Section      100  rtx_lib.o(.constdata)
    x$fpl$usenofp                            0x08003760   Section        0  usenofp.o(x$fpl$usenofp)
    os_idle_thread_attr                      0x08003760   Data          36  rtx_lib.o(.constdata)
    os_timer_thread_attr                     0x08003784   Data          36  rtx_lib.o(.constdata)
    os_timer_mq_attr                         0x080037a8   Data          24  rtx_lib.o(.constdata)
    .constdata                               0x080037c4   Section        1  irq_cm3.o(.constdata)
    .rodata                                  0x080037c8   Section      104  rtx_lib.o(.rodata)
    __tagsym$$used                           0x080037c8   Number         0  rtx_lib.o(.rodata)
    [Anonymous Symbol]                       0x08003830   Section        0  rtx_kernel.o(.rodata.str1.4)
    .L.str                                   0x08003830   Data          11  rtx_kernel.o(.rodata.str1.4)
    .bss.os                                  0x20000000   Section     4656  rtx_lib.o(.bss.os)
    os_mem                                   0x20000000   Data        4096  rtx_lib.o(.bss.os)
    os_isr_queue                             0x20001000   Data          64  rtx_lib.o(.bss.os)
    os_libspace                              0x20001040   Data         480  rtx_lib.o(.bss.os)
    os_libspace_id                           0x20001220   Data          16  rtx_lib.o(.bss.os)
    .bss.os.msgqueue.cb                      0x20001230   Section       52  rtx_lib.o(.bss.os.msgqueue.cb)
    os_timer_mq_cb                           0x20001230   Data          52  rtx_lib.o(.bss.os.msgqueue.cb)
    .bss.os.msgqueue.mem                     0x20001264   Section       80  rtx_lib.o(.bss.os.msgqueue.mem)
    os_timer_mq_data                         0x20001264   Data          80  rtx_lib.o(.bss.os.msgqueue.mem)
    .bss.os.thread.cb                        0x200012b4   Section      136  rtx_lib.o(.bss.os.thread.cb)
    os_idle_thread_cb                        0x200012b4   Data          68  rtx_lib.o(.bss.os.thread.cb)
    os_timer_thread_cb                       0x200012f8   Data          68  rtx_lib.o(.bss.os.thread.cb)
    .bss.os.thread.stack                     0x20001340   Section      400  rtx_lib.o(.bss.os.thread.stack)
    os_idle_thread_stack                     0x20001340   Data         200  rtx_lib.o(.bss.os.thread.stack)
    os_timer_thread_stack                    0x20001408   Data         200  rtx_lib.o(.bss.os.thread.stack)
    .data                                    0x200014d0   Section       12  svvis_cortex.o(.data)
    .data                                    0x200014dc   Section        8  main.o(.data)
    .data                                    0x200014e8   Section        9  motor_driver.o(.data)
    .data                                    0x200014f4   Section        5  rtx_lib.o(.data)
    os_kernel_active                         0x200014f8   Data           1  rtx_lib.o(.data)
    .data                                    0x200014f9   Section       20  stm32f10x_rcc.o(.data)
    APBAHBPrescTable                         0x200014f9   Data          16  stm32f10x_rcc.o(.data)
    ADCPrescTable                            0x20001509   Data           4  stm32f10x_rcc.o(.data)
    .data                                    0x20001510   Section       20  system_stm32f10x.o(.data)
    .bss                                     0x200015d0   Section       96  libspace.o(.bss)
    HEAP                                     0x20001630   Section      512  startup_stm32f10x_cl.o(HEAP)
    Heap_Mem                                 0x20001630   Data         512  startup_stm32f10x_cl.o(HEAP)
    STACK                                    0x20001830   Section     1024  startup_stm32f10x_cl.o(STACK)
    Stack_Mem                                0x20001830   Data        1024  startup_stm32f10x_cl.o(STACK)
    __initial_sp                             0x20001c30   Data           0  startup_stm32f10x_cl.o(STACK)

    Global Symbols

    Symbol Name                              Value     Ov Type        Size  Object(Section)

    BuildAttributes$$THM_ISAv4$P$D$K$B$S$PE$A:L22UL41UL21$X:L11$S22US41US21$IEEE1$IW$~IW$USESV6$~STKCKD$USESV7$~SHL$OTIME$ROPI$EBA8$UX$STANDARDLIB$REQ8$PRES8$EABIv2 0x00000000   Number         0  anon$$obj.o ABSOLUTE
    __ARM_use_no_argv                        0x00000000   Number         0  main.o ABSOLUTE
    __ARM_exceptions_init                     - Undefined Weak Reference
    __alloca_initialize                       - Undefined Weak Reference
    __arm_preinit_                            - Undefined Weak Reference
    __cpp_initialize__aeabi_                  - Undefined Weak Reference
    __cxa_finalize                            - Undefined Weak Reference
    __rt_locale                               - Undefined Weak Reference
    __sigvec_lookup                           - Undefined Weak Reference
    _atexit_init                              - Undefined Weak Reference
    _call_atexit_fns                          - Undefined Weak Reference
    _clock_init                               - Undefined Weak Reference
    _fp_trap_init                             - Undefined Weak Reference
    _fp_trap_shutdown                         - Undefined Weak Reference
    _get_lc_collate                           - Undefined Weak Reference
    _get_lc_ctype                             - Undefined Weak Reference
    _get_lc_monetary                          - Undefined Weak Reference
    _get_lc_numeric                           - Undefined Weak Reference
    _get_lc_time                              - Undefined Weak Reference
    _getenv_init                              - Undefined Weak Reference
    _handle_redirection                       - Undefined Weak Reference
    _init_alloc                               - Undefined Weak Reference
    _init_user_alloc                          - Undefined Weak Reference
    _initio                                   - Undefined Weak Reference
    _rand_init                                - Undefined Weak Reference
    _signal_finish                            - Undefined Weak Reference
    _signal_init                              - Undefined Weak Reference
    _terminate_alloc                          - Undefined Weak Reference
    _terminate_user_alloc                     - Undefined Weak Reference
    _terminateio                              - Undefined Weak Reference
    __Vectors_Size                           0x00000150   Number         0  startup_stm32f10x_cl.o ABSOLUTE
    __Vectors                                0x08000000   Data           4  startup_stm32f10x_cl.o(RESET)
    __Vectors_End                            0x08000150   Data           0  startup_stm32f10x_cl.o(RESET)
    __main                                   0x08000151   Thumb Code     8  __main.o(!!!main)
    __scatterload                            0x08000159   Thumb Code     0  __scatter.o(!!!scatter)
    __scatterload_rt2                        0x08000159   Thumb Code    44  __scatter.o(!!!scatter)
    __scatterload_rt2_thumb_only             0x08000159   Thumb Code     0  __scatter.o(!!!scatter)
    __scatterload_null                       0x08000167   Thumb Code     0  __scatter.o(!!!scatter)
    __decompress                             0x0800018d   Thumb Code    90  __dczerorl2.o(!!dczerorl2)
    __decompress1                            0x0800018d   Thumb Code     0  __dczerorl2.o(!!dczerorl2)
    __scatterload_zeroinit                   0x080001e9   Thumb Code    28  __scatter_zi.o(!!handler_zi)
    __rt_lib_init                            0x08000205   Thumb Code     0  libinit.o(.ARM.Collect$$libinit$$00000000)
    __rt_lib_init_alloca_1                   0x08000207   Thumb Code     0  libinit2.o(.ARM.Collect$$libinit$$0000002E)
    __rt_lib_init_argv_1                     0x08000207   Thumb Code     0  libinit2.o(.ARM.Collect$$libinit$$0000002C)
    __rt_lib_init_atexit_1                   0x08000207   Thumb Code     0  libinit2.o(.ARM.Collect$$libinit$$0000001B)
    __rt_lib_init_clock_1                    0x08000207   Thumb Code     0  libinit2.o(.ARM.Collect$$libinit$$00000021)
    __rt_lib_init_cpp_1                      0x08000207   Thumb Code     0  libinit2.o(.ARM.Collect$$libinit$$00000032)
    __rt_lib_init_exceptions_1               0x08000207   Thumb Code     0  libinit2.o(.ARM.Collect$$libinit$$00000030)
    __rt_lib_init_fp_1                       0x08000207   Thumb Code     0  libinit2.o(.ARM.Collect$$libinit$$00000002)
    __rt_lib_init_fp_trap_1                  0x08000207   Thumb Code     0  libinit2.o(.ARM.Collect$$libinit$$0000001F)
    __rt_lib_init_getenv_1                   0x08000207   Thumb Code     0  libinit2.o(.ARM.Collect$$libinit$$00000023)
    __rt_lib_init_heap_1                     0x08000207   Thumb Code     0  libinit2.o(.ARM.Collect$$libinit$$0000000A)
    __rt_lib_init_lc_collate_1               0x08000207   Thumb Code     0  libinit2.o(.ARM.Collect$$libinit$$00000011)
    __rt_lib_init_lc_ctype_1                 0x08000207   Thumb Code     0  libinit2.o(.ARM.Collect$$libinit$$00000013)
    __rt_lib_init_lc_monetary_1              0x08000207   Thumb Code     0  libinit2.o(.ARM.Collect$$libinit$$00000015)
    __rt_lib_init_lc_numeric_1               0x08000207   Thumb Code     0  libinit2.o(.ARM.Collect$$libinit$$00000017)
    __rt_lib_init_lc_time_1                  0x08000207   Thumb Code     0  libinit2.o(.ARM.Collect$$libinit$$00000019)
    __rt_lib_init_preinit_1                  0x08000207   Thumb Code     0  libinit2.o(.ARM.Collect$$libinit$$00000004)
    __rt_lib_init_rand_1                     0x08000207   Thumb Code     0  libinit2.o(.ARM.Collect$$libinit$$0000000E)
    __rt_lib_init_return                     0x08000207   Thumb Code     0  libinit2.o(.ARM.Collect$$libinit$$00000033)
    __rt_lib_init_signal_1                   0x08000207   Thumb Code     0  libinit2.o(.ARM.Collect$$libinit$$0000001D)
    __rt_lib_init_stdio_1                    0x08000207   Thumb Code     0  libinit2.o(.ARM.Collect$$libinit$$00000025)
    __rt_lib_init_user_alloc_1               0x08000207   Thumb Code     0  libinit2.o(.ARM.Collect$$libinit$$0000000C)
    __rt_lib_shutdown                        0x08000209   Thumb Code     0  libshutdown.o(.ARM.Collect$$libshutdown$$00000000)
    __rt_lib_shutdown_cpp_1                  0x0800020b   Thumb Code     0  libshutdown2.o(.ARM.Collect$$libshutdown$$00000002)
    __rt_lib_shutdown_fp_trap_1              0x0800020b   Thumb Code     0  libshutdown2.o(.ARM.Collect$$libshutdown$$00000007)
    __rt_lib_shutdown_heap_1                 0x0800020b   Thumb Code     0  libshutdown2.o(.ARM.Collect$$libshutdown$$0000000F)
    __rt_lib_shutdown_return                 0x0800020b   Thumb Code     0  libshutdown2.o(.ARM.Collect$$libshutdown$$00000010)
    __rt_lib_shutdown_signal_1               0x0800020b   Thumb Code     0  libshutdown2.o(.ARM.Collect$$libshutdown$$0000000A)
    __rt_lib_shutdown_stdio_1                0x0800020b   Thumb Code     0  libshutdown2.o(.ARM.Collect$$libshutdown$$00000004)
    __rt_lib_shutdown_user_alloc_1           0x0800020b   Thumb Code     0  libshutdown2.o(.ARM.Collect$$libshutdown$$0000000C)
    __rt_entry                               0x0800020d   Thumb Code     0  __rtentry.o(.ARM.Collect$$rtentry$$00000000)
    __rt_entry_presh_1                       0x0800020d   Thumb Code     0  __rtentry2.o(.ARM.Collect$$rtentry$$00000002)
    __rt_entry_sh                            0x0800020d   Thumb Code     0  __rtentry4.o(.ARM.Collect$$rtentry$$00000004)
    __rt_entry_postsh_1                      0x08000213   Thumb Code     0  __rtentry2.o(.ARM.Collect$$rtentry$$00000008)
    __rt_entry_li                            0x0800021b   Thumb Code     0  __rtentry2.o(.ARM.Collect$$rtentry$$0000000A)
    __rt_entry_main                          0x0800021f   Thumb Code     0  __rtentry2.o(.ARM.Collect$$rtentry$$0000000D)
    __rt_entry_postli_1                      0x0800021f   Thumb Code     0  __rtentry2.o(.ARM.Collect$$rtentry$$0000000C)
    __rt_exit                                0x08000227   Thumb Code     0  rtexit.o(.ARM.Collect$$rtexit$$00000000)
    __rt_exit_ls                             0x08000229   Thumb Code     0  rtexit2.o(.ARM.Collect$$rtexit$$00000003)
    __rt_exit_prels_1                        0x08000229   Thumb Code     0  rtexit2.o(.ARM.Collect$$rtexit$$00000002)
    __rt_exit_exit                           0x0800022d   Thumb Code     0  rtexit2.o(.ARM.Collect$$rtexit$$00000004)
    Reset_Handler                            0x08000235   Thumb Code     8  startup_stm32f10x_cl.o(.text)
    NMI_Handler                              0x0800023d   Thumb Code     2  startup_stm32f10x_cl.o(.text)
    HardFault_Handler                        0x0800023f   Thumb Code     2  startup_stm32f10x_cl.o(.text)
    MemManage_Handler                        0x08000241   Thumb Code     2  startup_stm32f10x_cl.o(.text)
    BusFault_Handler                         0x08000243   Thumb Code     2  startup_stm32f10x_cl.o(.text)
    UsageFault_Handler                       0x08000245   Thumb Code     2  startup_stm32f10x_cl.o(.text)
    DebugMon_Handler                         0x08000249   Thumb Code     2  startup_stm32f10x_cl.o(.text)
    ADC1_2_IRQHandler                        0x0800024f   Thumb Code     0  startup_stm32f10x_cl.o(.text)
    CAN1_RX0_IRQHandler                      0x0800024f   Thumb Code     0  startup_stm32f10x_cl.o(.text)
    CAN1_RX1_IRQHandler                      0x0800024f   Thumb Code     0  startup_stm32f10x_cl.o(.text)
    CAN1_SCE_IRQHandler                      0x0800024f   Thumb Code     0  startup_stm32f10x_cl.o(.text)
    CAN1_TX_IRQHandler                       0x0800024f   Thumb Code     0  startup_stm32f10x_cl.o(.text)
    CAN2_RX0_IRQHandler                      0x0800024f   Thumb Code     0  startup_stm32f10x_cl.o(.text)
    CAN2_RX1_IRQHandler                      0x0800024f   Thumb Code     0  startup_stm32f10x_cl.o(.text)
    CAN2_SCE_IRQHandler                      0x0800024f   Thumb Code     0  startup_stm32f10x_cl.o(.text)
    CAN2_TX_IRQHandler                       0x0800024f   Thumb Code     0  startup_stm32f10x_cl.o(.text)
    DMA1_Channel1_IRQHandler                 0x0800024f   Thumb Code     0  startup_stm32f10x_cl.o(.text)
    DMA1_Channel2_IRQHandler                 0x0800024f   Thumb Code     0  startup_stm32f10x_cl.o(.text)
    DMA1_Channel3_IRQHandler                 0x0800024f   Thumb Code     0  startup_stm32f10x_cl.o(.text)
    DMA1_Channel4_IRQHandler                 0x0800024f   Thumb Code     0  startup_stm32f10x_cl.o(.text)
    DMA1_Channel5_IRQHandler                 0x0800024f   Thumb Code     0  startup_stm32f10x_cl.o(.text)
    DMA1_Channel6_IRQHandler                 0x0800024f   Thumb Code     0  startup_stm32f10x_cl.o(.text)
    DMA1_Channel7_IRQHandler                 0x0800024f   Thumb Code     0  startup_stm32f10x_cl.o(.text)
    DMA2_Channel1_IRQHandler                 0x0800024f   Thumb Code     0  startup_stm32f10x_cl.o(.text)
    DMA2_Channel2_IRQHandler                 0x0800024f   Thumb Code     0  startup_stm32f10x_cl.o(.text)
    DMA2_Channel3_IRQHandler                 0x0800024f   Thumb Code     0  startup_stm32f10x_cl.o(.text)
    DMA2_Channel4_IRQHandler                 0x0800024f   Thumb Code     0  startup_stm32f10x_cl.o(.text)
    DMA2_Channel5_IRQHandler                 0x0800024f   Thumb Code     0  startup_stm32f10x_cl.o(.text)
    ETH_IRQHandler                           0x0800024f   Thumb Code     0  startup_stm32f10x_cl.o(.text)
    ETH_WKUP_IRQHandler                      0x0800024f   Thumb Code     0  startup_stm32f10x_cl.o(.text)
    EXTI0_IRQHandler                         0x0800024f   Thumb Code     0  startup_stm32f10x_cl.o(.text)
    EXTI15_10_IRQHandler                     0x0800024f   Thumb Code     0  startup_stm32f10x_cl.o(.text)
    EXTI1_IRQHandler                         0x0800024f   Thumb Code     0  startup_stm32f10x_cl.o(.text)
    EXTI2_IRQHandler                         0x0800024f   Thumb Code     0  startup_stm32f10x_cl.o(.text)
    EXTI3_IRQHandler                         0x0800024f   Thumb Code     0  startup_stm32f10x_cl.o(.text)
    EXTI4_IRQHandler                         0x0800024f   Thumb Code     0  startup_stm32f10x_cl.o(.text)
    EXTI9_5_IRQHandler                       0x0800024f   Thumb Code     0  startup_stm32f10x_cl.o(.text)
    FLASH_IRQHandler                         0x0800024f   Thumb Code     0  startup_stm32f10x_cl.o(.text)
    I2C1_ER_IRQHandler                       0x0800024f   Thumb Code     0  startup_stm32f10x_cl.o(.text)
    I2C1_EV_IRQHandler                       0x0800024f   Thumb Code     0  startup_stm32f10x_cl.o(.text)
    I2C2_ER_IRQHandler                       0x0800024f   Thumb Code     0  startup_stm32f10x_cl.o(.text)
    I2C2_EV_IRQHandler                       0x0800024f   Thumb Code     0  startup_stm32f10x_cl.o(.text)
    OTG_FS_IRQHandler                        0x0800024f   Thumb Code     0  startup_stm32f10x_cl.o(.text)
    OTG_FS_WKUP_IRQHandler                   0x0800024f   Thumb Code     0  startup_stm32f10x_cl.o(.text)
    PVD_IRQHandler                           0x0800024f   Thumb Code     0  startup_stm32f10x_cl.o(.text)
    RCC_IRQHandler                           0x0800024f   Thumb Code     0  startup_stm32f10x_cl.o(.text)
    RTCAlarm_IRQHandler                      0x0800024f   Thumb Code     0  startup_stm32f10x_cl.o(.text)
    RTC_IRQHandler                           0x0800024f   Thumb Code     0  startup_stm32f10x_cl.o(.text)
    SPI1_IRQHandler                          0x0800024f   Thumb Code     0  startup_stm32f10x_cl.o(.text)
    SPI2_IRQHandler                          0x0800024f   Thumb Code     0  startup_stm32f10x_cl.o(.text)
    SPI3_IRQHandler                          0x0800024f   Thumb Code     0  startup_stm32f10x_cl.o(.text)
    TAMPER_IRQHandler                        0x0800024f   Thumb Code     0  startup_stm32f10x_cl.o(.text)
    TIM1_BRK_IRQHandler                      0x0800024f   Thumb Code     0  startup_stm32f10x_cl.o(.text)
    TIM1_CC_IRQHandler                       0x0800024f   Thumb Code     0  startup_stm32f10x_cl.o(.text)
    TIM1_TRG_COM_IRQHandler                  0x0800024f   Thumb Code     0  startup_stm32f10x_cl.o(.text)
    TIM1_UP_IRQHandler                       0x0800024f   Thumb Code     0  startup_stm32f10x_cl.o(.text)
    TIM2_IRQHandler                          0x0800024f   Thumb Code     0  startup_stm32f10x_cl.o(.text)
    TIM3_IRQHandler                          0x0800024f   Thumb Code     0  startup_stm32f10x_cl.o(.text)
    TIM4_IRQHandler                          0x0800024f   Thumb Code     0  startup_stm32f10x_cl.o(.text)
    TIM5_IRQHandler                          0x0800024f   Thumb Code     0  startup_stm32f10x_cl.o(.text)
    TIM6_IRQHandler                          0x0800024f   Thumb Code     0  startup_stm32f10x_cl.o(.text)
    TIM7_IRQHandler                          0x0800024f   Thumb Code     0  startup_stm32f10x_cl.o(.text)
    UART4_IRQHandler                         0x0800024f   Thumb Code     0  startup_stm32f10x_cl.o(.text)
    UART5_IRQHandler                         0x0800024f   Thumb Code     0  startup_stm32f10x_cl.o(.text)
    WWDG_IRQHandler                          0x0800024f   Thumb Code     0  startup_stm32f10x_cl.o(.text)
    __user_initial_stackheap                 0x08000251   Thumb Code     0  startup_stm32f10x_cl.o(.text)
    SVC_Handler                              0x08000275   Thumb Code    96  irq_cm3.o(.text)
    PendSV_Handler                           0x080002d5   Thumb Code    16  irq_cm3.o(.text)
    SysTick_Handler                          0x080002e5   Thumb Code    16  irq_cm3.o(.text)
    strlen                                   0x080002fd   Thumb Code    62  strlen.o(.text)
    __aeabi_memcpy                           0x0800033b   Thumb Code     0  rt_memcpy_v6.o(.text)
    __rt_memcpy                              0x0800033b   Thumb Code   138  rt_memcpy_v6.o(.text)
    _memcpy_lastbytes                        0x080003a1   Thumb Code     0  rt_memcpy_v6.o(.text)
    __aeabi_memset4                          0x080003c5   Thumb Code    16  aeabi_memset4.o(.text)
    __aeabi_memset8                          0x080003c5   Thumb Code     0  aeabi_memset4.o(.text)
    __aeabi_memclr                           0x080003d5   Thumb Code     0  rt_memclr.o(.text)
    __rt_memclr                              0x080003d5   Thumb Code    68  rt_memclr.o(.text)
    _memset                                  0x080003d9   Thumb Code     0  rt_memclr.o(.text)
    __aeabi_memclr4                          0x08000419   Thumb Code     0  rt_memclr_w.o(.text)
    __aeabi_memclr8                          0x08000419   Thumb Code     0  rt_memclr_w.o(.text)
    __rt_memclr_w                            0x08000419   Thumb Code    78  rt_memclr_w.o(.text)
    _memset_w                                0x0800041d   Thumb Code     0  rt_memclr_w.o(.text)
    strcmp                                   0x08000469   Thumb Code   128  strcmpv7m.o(.text)
    __use_two_region_memory                  0x080004e9   Thumb Code     2  heapauxi.o(.text)
    __rt_heap_escrow$2region                 0x080004eb   Thumb Code     2  heapauxi.o(.text)
    __rt_heap_expand$2region                 0x080004ed   Thumb Code     2  heapauxi.o(.text)
    __aeabi_memcpy4                          0x080004ef   Thumb Code     0  rt_memcpy_w.o(.text)
    __aeabi_memcpy8                          0x080004ef   Thumb Code     0  rt_memcpy_w.o(.text)
    __rt_memcpy_w                            0x080004ef   Thumb Code   100  rt_memcpy_w.o(.text)
    _memcpy_lastbytes_aligned                0x08000537   Thumb Code     0  rt_memcpy_w.o(.text)
    __user_setup_stackheap                   0x08000553   Thumb Code    74  sys_stackheap_outer.o(.text)
    exit                                     0x0800059d   Thumb Code    18  exit.o(.text)
    __user_libspace                          0x080005b1   Thumb Code     8  libspace.o(.text)
    __user_perproc_libspace                  0x080005b1   Thumb Code     0  libspace.o(.text)
    _sys_exit                                0x080005b9   Thumb Code     8  sys_exit.o(.text)
    __I$use$semihosting                      0x080005c5   Thumb Code     0  use_no_semi.o(.text)
    __use_no_semihosting_swi                 0x080005c5   Thumb Code     2  use_no_semi.o(.text)
    __semihosting_library_function           0x080005c7   Thumb Code     0  indicate_semi.o(.text)
    osDelay                                  0x080005c9   Thumb Code    36  rtx_delay.o(.text.osDelay)
    osKernelGetState                         0x080005ed   Thumb Code    58  rtx_kernel.o(.text.osKernelGetState)
    osKernelInitialize                       0x08000629   Thumb Code    60  rtx_kernel.o(.text.osKernelInitialize)
    osKernelStart                            0x08000665   Thumb Code    60  rtx_kernel.o(.text.osKernelStart)
    osMessageQueueGet                        0x080006a1   Thumb Code   180  rtx_msgqueue.o(.text.osMessageQueueGet)
    osMessageQueueGetSpace                   0x08000755   Thumb Code    56  rtx_msgqueue.o(.text.osMessageQueueGetSpace)
    osMessageQueueNew                        0x0800078d   Thumb Code    58  rtx_msgqueue.o(.text.osMessageQueueNew)
    osMessageQueuePut                        0x080007c9   Thumb Code   132  rtx_msgqueue.o(.text.osMessageQueuePut)
    osMutexAcquire                           0x0800084d   Thumb Code    36  rtx_mutex.o(.text.osMutexAcquire)
    osMutexDelete                            0x08000871   Thumb Code    36  rtx_mutex.o(.text.osMutexDelete)
    osMutexNew                               0x08000895   Thumb Code    58  rtx_mutex.o(.text.osMutexNew)
    osMutexRelease                           0x080008d1   Thumb Code    36  rtx_mutex.o(.text.osMutexRelease)
    osRtxMemoryAlloc                         0x080008f5   Thumb Code   110  rtx_memory.o(.text.osRtxMemoryAlloc)
    osRtxMemoryFree                          0x08000965   Thumb Code    88  rtx_memory.o(.text.osRtxMemoryFree)
    osRtxMemoryInit                          0x080009bd   Thumb Code    48  rtx_memory.o(.text.osRtxMemoryInit)
    osRtxMemoryPoolAlloc                     0x080009ed   Thumb Code    76  rtx_mempool.o(.text.osRtxMemoryPoolAlloc)
    osRtxMemoryPoolFree                      0x08000a39   Thumb Code    90  rtx_mempool.o(.text.osRtxMemoryPoolFree)
    osRtxMemoryPoolInit                      0x08000a95   Thumb Code    80  rtx_mempool.o(.text.osRtxMemoryPoolInit)
    osRtxMessageQueuePostProcess             0x08000ae5   Thumb Code   446  rtx_msgqueue.o(.text.osRtxMessageQueuePostProcess)
    osRtxMutexOwnerRelease                   0x08000ca5   Thumb Code    76  rtx_mutex.o(.text.osRtxMutexOwnerRelease)
    osRtxPendSV_Handler                      0x08000cf1   Thumb Code   168  rtx_system.o(.text.osRtxPendSV_Handler)
    osRtxPostProcess                         0x08000d99   Thumb Code   120  rtx_system.o(.text.osRtxPostProcess)
    osRtxSysTimerAckIRQ                      0x08000e11   Thumb Code    12  rtx_system.o(.text.osRtxSysTimerAckIRQ)
    osRtxSysTimerEnable                      0x08000e1d   Thumb Code    14  rtx_system.o(.text.osRtxSysTimerEnable)
    osRtxSysTimerSetup                       0x08000e2d   Thumb Code    58  rtx_system.o(.text.osRtxSysTimerSetup)
    osRtxThreadDelayTick                     0x08000e69   Thumb Code   136  rtx_thread.o(.text.osRtxThreadDelayTick)
    osRtxThreadDispatch                      0x08000ef1   Thumb Code   344  rtx_thread.o(.text.osRtxThreadDispatch)
    osRtxThreadListGet                       0x08001049   Thumb Code    26  rtx_thread.o(.text.osRtxThreadListGet)
    osRtxThreadListPut                       0x08001065   Thumb Code    56  rtx_thread.o(.text.osRtxThreadListPut)
    osRtxThreadListRemove                    0x0800109d   Thumb Code    26  rtx_thread.o(.text.osRtxThreadListRemove)
    osRtxThreadListSort                      0x080010b9   Thumb Code    96  rtx_thread.o(.text.osRtxThreadListSort)
    osRtxThreadPostProcess                   0x08001119   Thumb Code   296  rtx_thread.o(.text.osRtxThreadPostProcess)
    osRtxThreadReadyPut                      0x08001241   Thumb Code    72  rtx_thread.o(.text.osRtxThreadReadyPut)
    osRtxThreadRegPtr                        0x08001289   Thumb Code     6  rtx_thread.o(.text.osRtxThreadRegPtr)
    osRtxThreadStackCheck                    0x08001291   Thumb Code    46  rtx_thread.o(.text.osRtxThreadStackCheck)
    osRtxThreadSwitch                        0x080012c1   Thumb Code    18  rtx_thread.o(.text.osRtxThreadSwitch)
    osRtxThreadWaitEnter                     0x080012d5   Thumb Code   226  rtx_thread.o(.text.osRtxThreadWaitEnter)
    osRtxThreadWaitExit                      0x080013b9   Thumb Code   190  rtx_thread.o(.text.osRtxThreadWaitExit)
    osRtxTick_Handler                        0x08001479   Thumb Code   120  rtx_system.o(.text.osRtxTick_Handler)
    osRtxTimerTick                           0x080014f1   Thumb Code   170  rtx_timer.o(.text.osRtxTimerTick)
    osThreadExit                             0x0800159d   Thumb Code    14  rtx_thread.o(.text.osThreadExit)
    osThreadNew                              0x080015ad   Thumb Code    58  rtx_thread.o(.text.osThreadNew)
    osThreadYield                            0x080015e9   Thumb Code    36  rtx_thread.o(.text.osThreadYield)
    svcRtxDelay                              0x0800160d   Thumb Code    20  rtx_delay.o(.text.svcRtxDelay)
    svcRtxKernelGetState                     0x08001621   Thumb Code    12  rtx_kernel.o(.text.svcRtxKernelGetState)
    svcRtxKernelInitialize                   0x0800162d   Thumb Code   428  rtx_kernel.o(.text.svcRtxKernelInitialize)
    svcRtxKernelStart                        0x080017d9   Thumb Code   150  rtx_kernel.o(.text.svcRtxKernelStart)
    svcRtxMessageQueueGet                    0x08001871   Thumb Code   410  rtx_msgqueue.o(.text.svcRtxMessageQueueGet)
    svcRtxMessageQueueGetSpace               0x08001a0d   Thumb Code    26  rtx_msgqueue.o(.text.svcRtxMessageQueueGetSpace)
    svcRtxMessageQueueNew                    0x08001a29   Thumb Code   352  rtx_msgqueue.o(.text.svcRtxMessageQueueNew)
    svcRtxMessageQueuePut                    0x08001b89   Thumb Code   280  rtx_msgqueue.o(.text.svcRtxMessageQueuePut)
    svcRtxMutexAcquire                       0x08001ca1   Thumb Code   158  rtx_mutex.o(.text.svcRtxMutexAcquire)
    svcRtxMutexDelete                        0x08001d41   Thumb Code   214  rtx_mutex.o(.text.svcRtxMutexDelete)
    svcRtxMutexNew                           0x08001e19   Thumb Code   114  rtx_mutex.o(.text.svcRtxMutexNew)
    svcRtxMutexRelease                       0x08001e8d   Thumb Code   200  rtx_mutex.o(.text.svcRtxMutexRelease)
    svcRtxThreadExit                         0x08001f55   Thumb Code   322  rtx_thread.o(.text.svcRtxThreadExit)
    svcRtxThreadNew                          0x08002099   Thumb Code   576  rtx_thread.o(.text.svcRtxThreadNew)
    svcRtxThreadYield                        0x080022d9   Thumb Code   142  rtx_thread.o(.text.svcRtxThreadYield)
    GPIO_Init                                0x08002367   Thumb Code   278  stm32f10x_gpio.o(i.GPIO_Init)
    GPIO_ResetBits                           0x0800247d   Thumb Code     4  stm32f10x_gpio.o(i.GPIO_ResetBits)
    GPIO_SetBits                             0x08002481   Thumb Code     4  stm32f10x_gpio.o(i.GPIO_SetBits)
    GPIO_WriteBit                            0x08002485   Thumb Code    10  stm32f10x_gpio.o(i.GPIO_WriteBit)
    LED_heartbeat                            0x08002491   Thumb Code    16  led_driver.o(i.LED_heartbeat)
    LED_init                                 0x080024a5   Thumb Code    80  led_driver.o(i.LED_init)
    LED_triangle_l                           0x080024f9   Thumb Code    40  led_driver.o(i.LED_triangle_l)
    NVIC_Init                                0x08002525   Thumb Code   100  misc.o(i.NVIC_Init)
    RCC_APB1PeriphClockCmd                   0x08002595   Thumb Code    26  stm32f10x_rcc.o(i.RCC_APB1PeriphClockCmd)
    RCC_APB1PeriphResetCmd                   0x080025b5   Thumb Code    26  stm32f10x_rcc.o(i.RCC_APB1PeriphResetCmd)
    RCC_APB2PeriphClockCmd                   0x080025d5   Thumb Code    26  stm32f10x_rcc.o(i.RCC_APB2PeriphClockCmd)
    RCC_APB2PeriphResetCmd                   0x080025f5   Thumb Code    26  stm32f10x_rcc.o(i.RCC_APB2PeriphResetCmd)
    RCC_GetClocksFreq                        0x08002615   Thumb Code   374  stm32f10x_rcc.o(i.RCC_GetClocksFreq)
    SystemCoreClockUpdate                    0x080028c5   Thumb Code   232  system_stm32f10x.o(i.SystemCoreClockUpdate)
    SystemInit                               0x080029c5   Thumb Code    92  system_stm32f10x.o(i.SystemInit)
    USART1_IRQHandler                        0x08002a31   Thumb Code    30  svvis_cortex_threads.o(i.USART1_IRQHandler)
    USART2_IRQHandler                        0x08002a59   Thumb Code    30  svvis_cortex_threads.o(i.USART2_IRQHandler)
    USART3_IRQHandler                        0x08002a81   Thumb Code    30  svvis_cortex_threads.o(i.USART3_IRQHandler)
    USART_ClockInit                          0x08002aa9   Thumb Code    34  stm32f10x_usart.o(i.USART_ClockInit)
    USART_Cmd                                0x08002acb   Thumb Code    24  stm32f10x_usart.o(i.USART_Cmd)
    USART_DeInit                             0x08002ae5   Thumb Code   134  stm32f10x_usart.o(i.USART_DeInit)
    USART_GetFlagStatus                      0x08002b81   Thumb Code    26  stm32f10x_usart.o(i.USART_GetFlagStatus)
    USART_ITConfig                           0x08002b9b   Thumb Code    74  stm32f10x_usart.o(i.USART_ITConfig)
    USART_Init                               0x08002be5   Thumb Code   210  stm32f10x_usart.o(i.USART_Init)
    USART_ReceiveData                        0x08002cbd   Thumb Code    10  stm32f10x_usart.o(i.USART_ReceiveData)
    USART_SendData                           0x08002cc7   Thumb Code     8  stm32f10x_usart.o(i.USART_SendData)
    init_usart(USART_TypeDef*, unsigned)     0x08002cd1   Thumb Code   378  svvis_cortex.o(i._Z10init_usartP13USART_TypeDefj)
    recv_thread(void*)                       0x08002e61   Thumb Code   186  svvis_cortex_threads.o(i._Z11recv_threadPv)
    send_thread(void*)                       0x08002f1b   Thumb Code    46  svvis_cortex_threads.o(i._Z11send_threadPv)
    LED_heartbeat(void*)                     0x08002f49   Thumb Code    32  main.o(i._Z13LED_heartbeatPv)
    USART_send_byte(USART_TypeDef*, unsigned char) 0x08002f69   Thumb Code    34  svvis_cortex.o(i._Z15USART_send_byteP13USART_TypeDefh)
    USART_send_bytes(USART_TypeDef*, void*, unsigned) 0x08002f8b   Thumb Code    32  svvis_cortex.o(i._Z16USART_send_bytesP13USART_TypeDefPvj)
    main_thread_func(void*)                  0x08002fad   Thumb Code   100  main.o(i._Z16main_thread_funcPv)
    chid2len(unsigned char)                  0x08003099   Thumb Code    50  svvis_cortex_threads.o(i._Z8chid2lenh)
    SvVis3_t::init(USART_TypeDef*, unsigned) 0x080030cd   Thumb Code   114  svvis_cortex.o(i._ZN8SvVis3_t4initEP13USART_TypeDefj)
    SvVis3_t::recv_msg(SvVis3_message_t&)    0x08003161   Thumb Code    22  svvis_cortex.o(i._ZN8SvVis3_t8recv_msgER16SvVis3_message_t)
    SvVis3_t::send_msg(SvVis3_message_t&)    0x08003177   Thumb Code    38  svvis_cortex.o(i._ZN8SvVis3_t8send_msgER16SvVis3_message_t)
    SvVis3_t::send_str(const char*)          0x0800319d   Thumb Code    74  svvis_cortex.o(i._ZN8SvVis3_t8send_strEPKc)
    _mutex_acquire                           0x080031e7   Thumb Code    22  rtx_lib.o(i._mutex_acquire)
    _mutex_free                              0x080031fd   Thumb Code    12  rtx_lib.o(i._mutex_free)
    _mutex_initialize                        0x08003209   Thumb Code    32  rtx_lib.o(i._mutex_initialize)
    _mutex_release                           0x08003229   Thumb Code    18  rtx_lib.o(i._mutex_release)
    _platform_post_stackheap_init            0x0800323b   Thumb Code     8  rtx_lib.o(i._platform_post_stackheap_init)
    generate_pwm                             0x08003245   Thumb Code    64  motor_driver.o(i.generate_pwm)
    main                                     0x08003295   Thumb Code   134  main.o(i.main)
    motor_cmd_bin                            0x08003331   Thumb Code   152  motor_driver.o(i.motor_cmd_bin)
    motor_cmd_str                            0x080033d1   Thumb Code   102  motor_driver.o(i.motor_cmd_str)
    motor_init                               0x08003451   Thumb Code   104  motor_driver.o(i.motor_init)
    osRtxErrorNotify                         0x080034c1   Thumb Code    32  rtx_config.o(i.osRtxErrorNotify)
    osRtxIdleThread                          0x080034e1   Thumb Code     4  rtx_config.o(i.osRtxIdleThread)
    __aeabi_d2uiz                            0x08003509   Thumb Code     0  dfixu.o(x$fpl$dfixu)
    _dfixu                                   0x08003509   Thumb Code    90  dfixu.o(x$fpl$dfixu)
    __aeabi_dmul                             0x08003565   Thumb Code     0  dmul.o(x$fpl$dmul)
    _dmul                                    0x08003565   Thumb Code   332  dmul.o(x$fpl$dmul)
    __fpl_dnaninf                            0x080036b9   Thumb Code   156  dnaninf.o(x$fpl$dnaninf)
    __fpl_dretinf                            0x08003755   Thumb Code    12  dretinf.o(x$fpl$dretinf)
    __I$use$fp                               0x08003760   Number         0  usenofp.o(x$fpl$usenofp)
    osRtxUserSVC                             0x080037c0   Data           4  rtx_lib.o(.constdata)
    irqRtxLib                                0x080037c4   Data           1  irq_cm3.o(.constdata)
    osRtxConfig                              0x080037c8   Data         104  rtx_lib.o(.rodata)
    Region$$Table$$Base                      0x0800383c   Number         0  anon$$obj.o(Region$$Table)
    Region$$Table$$Limit                     0x0800385c   Number         0  anon$$obj.o(Region$$Table)
    _usart1_handler                          0x200014d0   Data           4  svvis_cortex.o(.data)
    _usart2_handler                          0x200014d4   Data           4  svvis_cortex.o(.data)
    _usart3_handler                          0x200014d8   Data           4  svvis_cortex.o(.data)
    main_thread_handle                       0x200014dc   Data           4  main.o(.data)
    heartbeat_thread_handle                  0x200014e0   Data           4  main.o(.data)
    DUTY_CYCLE                               0x200014e8   Data           8  motor_driver.o(.data)
    running                                  0x200014f0   Data           1  motor_driver.o(.data)
    irqRtxLibRef                             0x200014f4   Data           4  rtx_lib.o(.data)
    SystemCoreClock                          0x20001510   Data           4  system_stm32f10x.o(.data)
    AHBPrescTable                            0x20001514   Data          16  system_stm32f10x.o(.data)
    osRtxInfo                                0x20001528   Data         168  rtx_kernel.o(.data.os)
    __libspace_start                         0x200015d0   Data          96  libspace.o(.bss)
    __temporary_stack_top$libspace           0x20001630   Data           0  libspace.o(.bss)



==============================================================================

Memory Map of the image

  Image Entry point : 0x08000235

  Load Region LR_1 (Base: 0x08000000, Size: 0x00004e2c, Max: 0xffffffff, ABSOLUTE, COMPRESSED[0x000038b0])

    Execution Region ER_RO (Exec base: 0x08000000, Load base: 0x08000000, Size: 0x0000385c, Max: 0xffffffff, ABSOLUTE)

    Exec Addr    Load Addr    Size         Type   Attr      Idx    E Section Name        Object

    0x08000000   0x08000000   0x00000150   Data   RO         1147    RESET               startup_stm32f10x_cl.o
    0x08000150   0x08000150   0x00000008   Code   RO         1665  * !!!main             c_w.l(__main.o)
    0x08000158   0x08000158   0x00000034   Code   RO         1847    !!!scatter          c_w.l(__scatter.o)
    0x0800018c   0x0800018c   0x0000005a   Code   RO         1845    !!dczerorl2         c_w.l(__dczerorl2.o)
    0x080001e6   0x080001e6   0x00000002   PAD
    0x080001e8   0x080001e8   0x0000001c   Code   RO         1849    !!handler_zi        c_w.l(__scatter_zi.o)
    0x08000204   0x08000204   0x00000002   Code   RO         1715    .ARM.Collect$$libinit$$00000000  c_w.l(libinit.o)
    0x08000206   0x08000206   0x00000000   Code   RO         1722    .ARM.Collect$$libinit$$00000002  c_w.l(libinit2.o)
    0x08000206   0x08000206   0x00000000   Code   RO         1724    .ARM.Collect$$libinit$$00000004  c_w.l(libinit2.o)
    0x08000206   0x08000206   0x00000000   Code   RO         1727    .ARM.Collect$$libinit$$0000000A  c_w.l(libinit2.o)
    0x08000206   0x08000206   0x00000000   Code   RO         1729    .ARM.Collect$$libinit$$0000000C  c_w.l(libinit2.o)
    0x08000206   0x08000206   0x00000000   Code   RO         1731    .ARM.Collect$$libinit$$0000000E  c_w.l(libinit2.o)
    0x08000206   0x08000206   0x00000000   Code   RO         1734    .ARM.Collect$$libinit$$00000011  c_w.l(libinit2.o)
    0x08000206   0x08000206   0x00000000   Code   RO         1736    .ARM.Collect$$libinit$$00000013  c_w.l(libinit2.o)
    0x08000206   0x08000206   0x00000000   Code   RO         1738    .ARM.Collect$$libinit$$00000015  c_w.l(libinit2.o)
    0x08000206   0x08000206   0x00000000   Code   RO         1740    .ARM.Collect$$libinit$$00000017  c_w.l(libinit2.o)
    0x08000206   0x08000206   0x00000000   Code   RO         1742    .ARM.Collect$$libinit$$00000019  c_w.l(libinit2.o)
    0x08000206   0x08000206   0x00000000   Code   RO         1744    .ARM.Collect$$libinit$$0000001B  c_w.l(libinit2.o)
    0x08000206   0x08000206   0x00000000   Code   RO         1746    .ARM.Collect$$libinit$$0000001D  c_w.l(libinit2.o)
    0x08000206   0x08000206   0x00000000   Code   RO         1748    .ARM.Collect$$libinit$$0000001F  c_w.l(libinit2.o)
    0x08000206   0x08000206   0x00000000   Code   RO         1750    .ARM.Collect$$libinit$$00000021  c_w.l(libinit2.o)
    0x08000206   0x08000206   0x00000000   Code   RO         1752    .ARM.Collect$$libinit$$00000023  c_w.l(libinit2.o)
    0x08000206   0x08000206   0x00000000   Code   RO         1754    .ARM.Collect$$libinit$$00000025  c_w.l(libinit2.o)
    0x08000206   0x08000206   0x00000000   Code   RO         1758    .ARM.Collect$$libinit$$0000002C  c_w.l(libinit2.o)
    0x08000206   0x08000206   0x00000000   Code   RO         1760    .ARM.Collect$$libinit$$0000002E  c_w.l(libinit2.o)
    0x08000206   0x08000206   0x00000000   Code   RO         1762    .ARM.Collect$$libinit$$00000030  c_w.l(libinit2.o)
    0x08000206   0x08000206   0x00000000   Code   RO         1764    .ARM.Collect$$libinit$$00000032  c_w.l(libinit2.o)
    0x08000206   0x08000206   0x00000002   Code   RO         1765    .ARM.Collect$$libinit$$00000033  c_w.l(libinit2.o)
    0x08000208   0x08000208   0x00000002   Code   RO         1785    .ARM.Collect$$libshutdown$$00000000  c_w.l(libshutdown.o)
    0x0800020a   0x0800020a   0x00000000   Code   RO         1798    .ARM.Collect$$libshutdown$$00000002  c_w.l(libshutdown2.o)
    0x0800020a   0x0800020a   0x00000000   Code   RO         1800    .ARM.Collect$$libshutdown$$00000004  c_w.l(libshutdown2.o)
    0x0800020a   0x0800020a   0x00000000   Code   RO         1803    .ARM.Collect$$libshutdown$$00000007  c_w.l(libshutdown2.o)
    0x0800020a   0x0800020a   0x00000000   Code   RO         1806    .ARM.Collect$$libshutdown$$0000000A  c_w.l(libshutdown2.o)
    0x0800020a   0x0800020a   0x00000000   Code   RO         1808    .ARM.Collect$$libshutdown$$0000000C  c_w.l(libshutdown2.o)
    0x0800020a   0x0800020a   0x00000000   Code   RO         1811    .ARM.Collect$$libshutdown$$0000000F  c_w.l(libshutdown2.o)
    0x0800020a   0x0800020a   0x00000002   Code   RO         1812    .ARM.Collect$$libshutdown$$00000010  c_w.l(libshutdown2.o)
    0x0800020c   0x0800020c   0x00000000   Code   RO         1683    .ARM.Collect$$rtentry$$00000000  c_w.l(__rtentry.o)
    0x0800020c   0x0800020c   0x00000000   Code   RO         1694    .ARM.Collect$$rtentry$$00000002  c_w.l(__rtentry2.o)
    0x0800020c   0x0800020c   0x00000006   Code   RO         1706    .ARM.Collect$$rtentry$$00000004  c_w.l(__rtentry4.o)
    0x08000212   0x08000212   0x00000008   Code   RO         1695    .ARM.Collect$$rtentry$$00000008  c_w.l(__rtentry2.o)
    0x0800021a   0x0800021a   0x00000004   Code   RO         1697    .ARM.Collect$$rtentry$$0000000A  c_w.l(__rtentry2.o)
    0x0800021e   0x0800021e   0x00000000   Code   RO         1699    .ARM.Collect$$rtentry$$0000000C  c_w.l(__rtentry2.o)
    0x0800021e   0x0800021e   0x00000008   Code   RO         1700    .ARM.Collect$$rtentry$$0000000D  c_w.l(__rtentry2.o)
    0x08000226   0x08000226   0x00000002   Code   RO         1719    .ARM.Collect$$rtexit$$00000000  c_w.l(rtexit.o)
    0x08000228   0x08000228   0x00000000   Code   RO         1767    .ARM.Collect$$rtexit$$00000002  c_w.l(rtexit2.o)
    0x08000228   0x08000228   0x00000004   Code   RO         1768    .ARM.Collect$$rtexit$$00000003  c_w.l(rtexit2.o)
    0x0800022c   0x0800022c   0x00000006   Code   RO         1769    .ARM.Collect$$rtexit$$00000004  c_w.l(rtexit2.o)
    0x08000232   0x08000232   0x00000002   PAD
    0x08000234   0x08000234   0x00000040   Code   RO         1148  * .text               startup_stm32f10x_cl.o
    0x08000274   0x08000274   0x00000088   Code   RO         1505    .text               RTX_CM3.lib(irq_cm3.o)
    0x080002fc   0x080002fc   0x0000003e   Code   RO         1651    .text               c_w.l(strlen.o)
    0x0800033a   0x0800033a   0x0000008a   Code   RO         1653    .text               c_w.l(rt_memcpy_v6.o)
    0x080003c4   0x080003c4   0x00000010   Code   RO         1655    .text               c_w.l(aeabi_memset4.o)
    0x080003d4   0x080003d4   0x00000044   Code   RO         1657    .text               c_w.l(rt_memclr.o)
    0x08000418   0x08000418   0x0000004e   Code   RO         1659    .text               c_w.l(rt_memclr_w.o)
    0x08000466   0x08000466   0x00000002   PAD
    0x08000468   0x08000468   0x00000080   Code   RO         1661    .text               c_w.l(strcmpv7m.o)
    0x080004e8   0x080004e8   0x00000006   Code   RO         1663    .text               c_w.l(heapauxi.o)
    0x080004ee   0x080004ee   0x00000064   Code   RO         1684    .text               c_w.l(rt_memcpy_w.o)
    0x08000552   0x08000552   0x0000004a   Code   RO         1708    .text               c_w.l(sys_stackheap_outer.o)
    0x0800059c   0x0800059c   0x00000012   Code   RO         1710    .text               c_w.l(exit.o)
    0x080005ae   0x080005ae   0x00000002   PAD
    0x080005b0   0x080005b0   0x00000008   Code   RO         1716    .text               c_w.l(libspace.o)
    0x080005b8   0x080005b8   0x0000000c   Code   RO         1777    .text               c_w.l(sys_exit.o)
    0x080005c4   0x080005c4   0x00000002   Code   RO         1788    .text               c_w.l(use_no_semi.o)
    0x080005c6   0x080005c6   0x00000000   Code   RO         1790    .text               c_w.l(indicate_semi.o)
    0x080005c6   0x080005c6   0x00000002   PAD
    0x080005c8   0x080005c8   0x00000024   Code   RO         1400    .text.osDelay       RTX_CM3.lib(rtx_delay.o)
    0x080005ec   0x080005ec   0x0000003a   Code   RO         1229    .text.osKernelGetState  RTX_CM3.lib(rtx_kernel.o)
    0x08000626   0x08000626   0x00000002   PAD
    0x08000628   0x08000628   0x0000003c   Code   RO         1225    .text.osKernelInitialize  RTX_CM3.lib(rtx_kernel.o)
    0x08000664   0x08000664   0x0000003c   Code   RO         1231    .text.osKernelStart  RTX_CM3.lib(rtx_kernel.o)
    0x080006a0   0x080006a0   0x000000b4   Code   RO         1480    .text.osMessageQueueGet  RTX_CM3.lib(rtx_msgqueue.o)
    0x08000754   0x08000754   0x00000038   Code   RO         1488    .text.osMessageQueueGetSpace  RTX_CM3.lib(rtx_msgqueue.o)
    0x0800078c   0x0800078c   0x0000003a   Code   RO         1474    .text.osMessageQueueNew  RTX_CM3.lib(rtx_msgqueue.o)
    0x080007c6   0x080007c6   0x00000002   PAD
    0x080007c8   0x080007c8   0x00000084   Code   RO         1478    .text.osMessageQueuePut  RTX_CM3.lib(rtx_msgqueue.o)
    0x0800084c   0x0800084c   0x00000024   Code   RO         1433    .text.osMutexAcquire  RTX_CM3.lib(rtx_mutex.o)
    0x08000870   0x08000870   0x00000024   Code   RO         1439    .text.osMutexDelete  RTX_CM3.lib(rtx_mutex.o)
    0x08000894   0x08000894   0x0000003a   Code   RO         1429    .text.osMutexNew    RTX_CM3.lib(rtx_mutex.o)
    0x080008ce   0x080008ce   0x00000002   PAD
    0x080008d0   0x080008d0   0x00000024   Code   RO         1435    .text.osMutexRelease  RTX_CM3.lib(rtx_mutex.o)
    0x080008f4   0x080008f4   0x0000006e   Code   RO         1551    .text.osRtxMemoryAlloc  RTX_CM3.lib(rtx_memory.o)
    0x08000962   0x08000962   0x00000002   PAD
    0x08000964   0x08000964   0x00000058   Code   RO         1553    .text.osRtxMemoryFree  RTX_CM3.lib(rtx_memory.o)
    0x080009bc   0x080009bc   0x00000030   Code   RO         1549    .text.osRtxMemoryInit  RTX_CM3.lib(rtx_memory.o)
    0x080009ec   0x080009ec   0x0000004c   Code   RO         1568    .text.osRtxMemoryPoolAlloc  RTX_CM3.lib(rtx_mempool.o)
    0x08000a38   0x08000a38   0x0000005a   Code   RO         1570    .text.osRtxMemoryPoolFree  RTX_CM3.lib(rtx_mempool.o)
    0x08000a92   0x08000a92   0x00000002   PAD
    0x08000a94   0x08000a94   0x00000050   Code   RO         1566    .text.osRtxMemoryPoolInit  RTX_CM3.lib(rtx_mempool.o)
    0x08000ae4   0x08000ae4   0x000001be   Code   RO         1452    .text.osRtxMessageQueuePostProcess  RTX_CM3.lib(rtx_msgqueue.o)
    0x08000ca2   0x08000ca2   0x00000002   PAD
    0x08000ca4   0x08000ca4   0x0000004c   Code   RO         1415    .text.osRtxMutexOwnerRelease  RTX_CM3.lib(rtx_mutex.o)
    0x08000cf0   0x08000cf0   0x000000a8   Code   RO         1625    .text.osRtxPendSV_Handler  RTX_CM3.lib(rtx_system.o)
    0x08000d98   0x08000d98   0x00000078   Code   RO         1627    .text.osRtxPostProcess  RTX_CM3.lib(rtx_system.o)
    0x08000e10   0x08000e10   0x0000000c   Code   RO         1623    .text.osRtxSysTimerAckIRQ  RTX_CM3.lib(rtx_system.o)
    0x08000e1c   0x08000e1c   0x0000000e   Code   RO         1631    .text.osRtxSysTimerEnable  RTX_CM3.lib(rtx_system.o)
    0x08000e2a   0x08000e2a   0x00000002   PAD
    0x08000e2c   0x08000e2c   0x0000003a   Code   RO         1629    .text.osRtxSysTimerSetup  RTX_CM3.lib(rtx_system.o)
    0x08000e66   0x08000e66   0x00000002   PAD
    0x08000e68   0x08000e68   0x00000088   Code   RO         1283    .text.osRtxThreadDelayTick  RTX_CM3.lib(rtx_thread.o)
    0x08000ef0   0x08000ef0   0x00000158   Code   RO         1293    .text.osRtxThreadDispatch  RTX_CM3.lib(rtx_thread.o)
    0x08001048   0x08001048   0x0000001a   Code   RO         1267    .text.osRtxThreadListGet  RTX_CM3.lib(rtx_thread.o)
    0x08001062   0x08001062   0x00000002   PAD
    0x08001064   0x08001064   0x00000038   Code   RO         1265    .text.osRtxThreadListPut  RTX_CM3.lib(rtx_thread.o)
    0x0800109c   0x0800109c   0x0000001a   Code   RO         1273    .text.osRtxThreadListRemove  RTX_CM3.lib(rtx_thread.o)
    0x080010b6   0x080010b6   0x00000002   PAD
    0x080010b8   0x080010b8   0x00000060   Code   RO         1271    .text.osRtxThreadListSort  RTX_CM3.lib(rtx_thread.o)
    0x08001118   0x08001118   0x00000128   Code   RO         1299    .text.osRtxThreadPostProcess  RTX_CM3.lib(rtx_thread.o)
    0x08001240   0x08001240   0x00000048   Code   RO         1277    .text.osRtxThreadReadyPut  RTX_CM3.lib(rtx_thread.o)
    0x08001288   0x08001288   0x00000006   Code   RO         1285    .text.osRtxThreadRegPtr  RTX_CM3.lib(rtx_thread.o)
    0x0800128e   0x0800128e   0x00000002   PAD
    0x08001290   0x08001290   0x0000002e   Code   RO         1291    .text.osRtxThreadStackCheck  RTX_CM3.lib(rtx_thread.o)
    0x080012be   0x080012be   0x00000002   PAD
    0x080012c0   0x080012c0   0x00000012   Code   RO         1289    .text.osRtxThreadSwitch  RTX_CM3.lib(rtx_thread.o)
    0x080012d2   0x080012d2   0x00000002   PAD
    0x080012d4   0x080012d4   0x000000e2   Code   RO         1297    .text.osRtxThreadWaitEnter  RTX_CM3.lib(rtx_thread.o)
    0x080013b6   0x080013b6   0x00000002   PAD
    0x080013b8   0x080013b8   0x000000be   Code   RO         1295    .text.osRtxThreadWaitExit  RTX_CM3.lib(rtx_thread.o)
    0x08001476   0x08001476   0x00000002   PAD
    0x08001478   0x08001478   0x00000078   Code   RO         1621    .text.osRtxTick_Handler  RTX_CM3.lib(rtx_system.o)
    0x080014f0   0x080014f0   0x000000aa   Code   RO         1510    .text.osRtxTimerTick  RTX_CM3.lib(rtx_timer.o)
    0x0800159a   0x0800159a   0x00000002   PAD
    0x0800159c   0x0800159c   0x0000000e   Code   RO         1303    .text.osThreadExit  RTX_CM3.lib(rtx_thread.o)
    0x080015aa   0x080015aa   0x00000002   PAD
    0x080015ac   0x080015ac   0x0000003a   Code   RO         1345    .text.osThreadNew   RTX_CM3.lib(rtx_thread.o)
    0x080015e6   0x080015e6   0x00000002   PAD
    0x080015e8   0x080015e8   0x00000024   Code   RO         1361    .text.osThreadYield  RTX_CM3.lib(rtx_thread.o)
    0x0800160c   0x0800160c   0x00000014   Code   RO         1396    .text.svcRtxDelay   RTX_CM3.lib(rtx_delay.o)
    0x08001620   0x08001620   0x0000000c   Code   RO         1203    .text.svcRtxKernelGetState  RTX_CM3.lib(rtx_kernel.o)
    0x0800162c   0x0800162c   0x000001ac   Code   RO         1199    .text.svcRtxKernelInitialize  RTX_CM3.lib(rtx_kernel.o)
    0x080017d8   0x080017d8   0x00000096   Code   RO         1205    .text.svcRtxKernelStart  RTX_CM3.lib(rtx_kernel.o)
    0x0800186e   0x0800186e   0x00000002   PAD
    0x08001870   0x08001870   0x0000019a   Code   RO         1460    .text.svcRtxMessageQueueGet  RTX_CM3.lib(rtx_msgqueue.o)
    0x08001a0a   0x08001a0a   0x00000002   PAD
    0x08001a0c   0x08001a0c   0x0000001a   Code   RO         1468    .text.svcRtxMessageQueueGetSpace  RTX_CM3.lib(rtx_msgqueue.o)
    0x08001a26   0x08001a26   0x00000002   PAD
    0x08001a28   0x08001a28   0x00000160   Code   RO         1454    .text.svcRtxMessageQueueNew  RTX_CM3.lib(rtx_msgqueue.o)
    0x08001b88   0x08001b88   0x00000118   Code   RO         1458    .text.svcRtxMessageQueuePut  RTX_CM3.lib(rtx_msgqueue.o)
    0x08001ca0   0x08001ca0   0x0000009e   Code   RO         1421    .text.svcRtxMutexAcquire  RTX_CM3.lib(rtx_mutex.o)
    0x08001d3e   0x08001d3e   0x00000002   PAD
    0x08001d40   0x08001d40   0x000000d6   Code   RO         1427    .text.svcRtxMutexDelete  RTX_CM3.lib(rtx_mutex.o)
    0x08001e16   0x08001e16   0x00000002   PAD
    0x08001e18   0x08001e18   0x00000072   Code   RO         1417    .text.svcRtxMutexNew  RTX_CM3.lib(rtx_mutex.o)
    0x08001e8a   0x08001e8a   0x00000002   PAD
    0x08001e8c   0x08001e8c   0x000000c8   Code   RO         1423    .text.svcRtxMutexRelease  RTX_CM3.lib(rtx_mutex.o)
    0x08001f54   0x08001f54   0x00000142   Code   RO         1329    .text.svcRtxThreadExit  RTX_CM3.lib(rtx_thread.o)
    0x08002096   0x08002096   0x00000002   PAD
    0x08002098   0x08002098   0x00000240   Code   RO         1301    .text.svcRtxThreadNew  RTX_CM3.lib(rtx_thread.o)
    0x080022d8   0x080022d8   0x0000008e   Code   RO         1319    .text.svcRtxThreadYield  RTX_CM3.lib(rtx_thread.o)
    0x08002366   0x08002366   0x00000116   Code   RO          570    i.GPIO_Init         stm32f10x_gpio.o
    0x0800247c   0x0800247c   0x00000004   Code   RO          577    i.GPIO_ResetBits    stm32f10x_gpio.o
    0x08002480   0x08002480   0x00000004   Code   RO          578    i.GPIO_SetBits      stm32f10x_gpio.o
    0x08002484   0x08002484   0x0000000a   Code   RO          581    i.GPIO_WriteBit     stm32f10x_gpio.o
    0x0800248e   0x0800248e   0x00000002   PAD
    0x08002490   0x08002490   0x00000014   Code   RO          266    i.LED_heartbeat     led_driver.o
    0x080024a4   0x080024a4   0x00000054   Code   RO          267    i.LED_init          led_driver.o
    0x080024f8   0x080024f8   0x0000002c   Code   RO          268    i.LED_triangle_l    led_driver.o
    0x08002524   0x08002524   0x00000070   Code   RO          516    i.NVIC_Init         misc.o
    0x08002594   0x08002594   0x00000020   Code   RO          693    i.RCC_APB1PeriphClockCmd  stm32f10x_rcc.o
    0x080025b4   0x080025b4   0x00000020   Code   RO          694    i.RCC_APB1PeriphResetCmd  stm32f10x_rcc.o
    0x080025d4   0x080025d4   0x00000020   Code   RO          695    i.RCC_APB2PeriphClockCmd  stm32f10x_rcc.o
    0x080025f4   0x080025f4   0x00000020   Code   RO          696    i.RCC_APB2PeriphResetCmd  stm32f10x_rcc.o
    0x08002614   0x08002614   0x00000190   Code   RO          703    i.RCC_GetClocksFreq  stm32f10x_rcc.o
    0x080027a4   0x080027a4   0x00000008   Code   RO         1155    i.SetSysClock       system_stm32f10x.o
    0x080027ac   0x080027ac   0x00000118   Code   RO         1156    i.SetSysClockTo72   system_stm32f10x.o
    0x080028c4   0x080028c4   0x00000100   Code   RO         1157    i.SystemCoreClockUpdate  system_stm32f10x.o
    0x080029c4   0x080029c4   0x0000006c   Code   RO         1158    i.SystemInit        system_stm32f10x.o
    0x08002a30   0x08002a30   0x00000028   Code   RO          206    i.USART1_IRQHandler  svvis_cortex_threads.o
    0x08002a58   0x08002a58   0x00000028   Code   RO          207    i.USART2_IRQHandler  svvis_cortex_threads.o
    0x08002a80   0x08002a80   0x00000028   Code   RO          208    i.USART3_IRQHandler  svvis_cortex_threads.o
    0x08002aa8   0x08002aa8   0x00000022   Code   RO          958    i.USART_ClockInit   stm32f10x_usart.o
    0x08002aca   0x08002aca   0x00000018   Code   RO          960    i.USART_Cmd         stm32f10x_usart.o
    0x08002ae2   0x08002ae2   0x00000002   PAD
    0x08002ae4   0x08002ae4   0x0000009c   Code   RO          962    i.USART_DeInit      stm32f10x_usart.o
    0x08002b80   0x08002b80   0x0000001a   Code   RO          963    i.USART_GetFlagStatus  stm32f10x_usart.o
    0x08002b9a   0x08002b9a   0x0000004a   Code   RO          966    i.USART_ITConfig    stm32f10x_usart.o
    0x08002be4   0x08002be4   0x000000d8   Code   RO          967    i.USART_Init        stm32f10x_usart.o
    0x08002cbc   0x08002cbc   0x0000000a   Code   RO          974    i.USART_ReceiveData  stm32f10x_usart.o
    0x08002cc6   0x08002cc6   0x00000008   Code   RO          977    i.USART_SendData    stm32f10x_usart.o
    0x08002cce   0x08002cce   0x00000002   PAD
    0x08002cd0   0x08002cd0   0x00000190   Code   RO            4    i._Z10init_usartP13USART_TypeDefj  svvis_cortex.o
    0x08002e60   0x08002e60   0x000000ba   Code   RO          209    i._Z11recv_threadPv  svvis_cortex_threads.o
    0x08002f1a   0x08002f1a   0x0000002e   Code   RO          210    i._Z11send_threadPv  svvis_cortex_threads.o
    0x08002f48   0x08002f48   0x00000020   Code   RO          151    i._Z13LED_heartbeatPv  main.o
    0x08002f68   0x08002f68   0x00000022   Code   RO            5    i._Z15USART_send_byteP13USART_TypeDefh  svvis_cortex.o
    0x08002f8a   0x08002f8a   0x00000020   Code   RO            6    i._Z16USART_send_bytesP13USART_TypeDefPvj  svvis_cortex.o
    0x08002faa   0x08002faa   0x00000002   PAD
    0x08002fac   0x08002fac   0x000000ec   Code   RO          152    i._Z16main_thread_funcPv  main.o
    0x08003098   0x08003098   0x00000032   Code   RO          211    i._Z8chid2lenh      svvis_cortex_threads.o
    0x080030ca   0x080030ca   0x00000002   PAD
    0x080030cc   0x080030cc   0x00000094   Code   RO            9    i._ZN8SvVis3_t4initEP13USART_TypeDefj  svvis_cortex.o
    0x08003160   0x08003160   0x00000016   Code   RO           10    i._ZN8SvVis3_t8recv_msgER16SvVis3_message_t  svvis_cortex.o
    0x08003176   0x08003176   0x00000026   Code   RO           13    i._ZN8SvVis3_t8send_msgER16SvVis3_message_t  svvis_cortex.o
    0x0800319c   0x0800319c   0x0000004a   Code   RO           14    i._ZN8SvVis3_t8send_strEPKc  svvis_cortex.o
    0x080031e6   0x080031e6   0x00000016   Code   RO          406    i._mutex_acquire    rtx_lib.o
    0x080031fc   0x080031fc   0x0000000c   Code   RO          407    i._mutex_free       rtx_lib.o
    0x08003208   0x08003208   0x00000020   Code   RO          408    i._mutex_initialize  rtx_lib.o
    0x08003228   0x08003228   0x00000012   Code   RO          409    i._mutex_release    rtx_lib.o
    0x0800323a   0x0800323a   0x00000008   Code   RO          410    i._platform_post_stackheap_init  rtx_lib.o
    0x08003242   0x08003242   0x00000002   PAD
    0x08003244   0x08003244   0x00000050   Code   RO          347    i.generate_pwm      motor_driver.o
    0x08003294   0x08003294   0x0000009c   Code   RO          153    i.main              main.o
    0x08003330   0x08003330   0x000000a0   Code   RO          348    i.motor_cmd_bin     motor_driver.o
    0x080033d0   0x080033d0   0x00000080   Code   RO          349    i.motor_cmd_str     motor_driver.o
    0x08003450   0x08003450   0x00000070   Code   RO          350    i.motor_init        motor_driver.o
    0x080034c0   0x080034c0   0x00000020   Code   RO          482    i.osRtxErrorNotify  rtx_config.o
    0x080034e0   0x080034e0   0x00000004   Code   RO          483    i.osRtxIdleThread   rtx_config.o
    0x080034e4   0x080034e4   0x00000024   Code   RO          411    i.os_kernel_is_active  rtx_lib.o
    0x08003508   0x08003508   0x0000005a   Code   RO         1667    x$fpl$dfixu         fz_ws.l(dfixu.o)
    0x08003562   0x08003562   0x00000002   PAD
    0x08003564   0x08003564   0x00000154   Code   RO         1671    x$fpl$dmul          fz_ws.l(dmul.o)
    0x080036b8   0x080036b8   0x0000009c   Code   RO         1686    x$fpl$dnaninf       fz_ws.l(dnaninf.o)
    0x08003754   0x08003754   0x0000000c   Code   RO         1688    x$fpl$dretinf       fz_ws.l(dretinf.o)
    0x08003760   0x08003760   0x00000000   Code   RO         1692    x$fpl$usenofp       fz_ws.l(usenofp.o)
    0x08003760   0x08003760   0x00000064   Data   RO          417    .constdata          rtx_lib.o
    0x080037c4   0x080037c4   0x00000001   Data   RO         1504    .constdata          RTX_CM3.lib(irq_cm3.o)
    0x080037c5   0x080037c5   0x00000003   PAD
    0x080037c8   0x080037c8   0x00000068   Data   RO          419    .rodata             rtx_lib.o
    0x08003830   0x08003830   0x0000000b   Data   RO         1251    .rodata.str1.4      RTX_CM3.lib(rtx_kernel.o)
    0x0800383b   0x0800383b   0x00000001   PAD
    0x0800383c   0x0800383c   0x00000020   Data   RO         1843    Region$$Table       anon$$obj.o


    Execution Region ER_RW (Exec base: 0x20000000, Load base: 0x0800385c, Size: 0x000015d0, Max: 0xffffffff, ABSOLUTE, COMPRESSED[0x00000054])

    Exec Addr    Load Addr    Size         Type   Attr      Idx    E Section Name        Object

    0x20000000   COMPRESSED   0x00001230   Data   RW          412    .bss.os             rtx_lib.o
    0x20001230   COMPRESSED   0x00000034   Data   RW          413    .bss.os.msgqueue.cb  rtx_lib.o
    0x20001264   COMPRESSED   0x00000050   Data   RW          414    .bss.os.msgqueue.mem  rtx_lib.o
    0x200012b4   COMPRESSED   0x00000088   Data   RW          415    .bss.os.thread.cb   rtx_lib.o
    0x2000133c   COMPRESSED   0x00000004   PAD
    0x20001340   COMPRESSED   0x00000190   Data   RW          416    .bss.os.thread.stack  rtx_lib.o
    0x200014d0   COMPRESSED   0x0000000c   Data   RW           26    .data               svvis_cortex.o
    0x200014dc   COMPRESSED   0x00000008   Data   RW          157    .data               main.o
    0x200014e4   COMPRESSED   0x00000004   PAD
    0x200014e8   COMPRESSED   0x00000009   Data   RW          352    .data               motor_driver.o
    0x200014f1   COMPRESSED   0x00000003   PAD
    0x200014f4   COMPRESSED   0x00000005   Data   RW          418    .data               rtx_lib.o
    0x200014f9   COMPRESSED   0x00000014   Data   RW          731    .data               stm32f10x_rcc.o
    0x2000150d   COMPRESSED   0x00000003   PAD
    0x20001510   COMPRESSED   0x00000014   Data   RW         1159    .data               system_stm32f10x.o
    0x20001524   COMPRESSED   0x00000004   PAD
    0x20001528   COMPRESSED   0x000000a8   Data   RW         1252    .data.os            RTX_CM3.lib(rtx_kernel.o)


    Execution Region ER_ZI (Exec base: 0x200015d0, Load base: 0x080038b0, Size: 0x00000660, Max: 0xffffffff, ABSOLUTE)

    Exec Addr    Load Addr    Size         Type   Attr      Idx    E Section Name        Object

    0x200015d0        -       0x00000060   Zero   RW         1717    .bss                c_w.l(libspace.o)
    0x20001630        -       0x00000200   Zero   RW         1146    HEAP                startup_stm32f10x_cl.o
    0x20001830        -       0x00000400   Zero   RW         1145    STACK               startup_stm32f10x_cl.o


==============================================================================

Image component sizes


      Code (inc. data)   RO Data    RW Data    ZI Data      Debug   Object Name

       148         12          0          0          0     255528   led_driver.o
       424        158          0          8          0       3169   main.o
       112         12          0          0          0       1140   misc.o
       480         64          0          9          0       7074   motor_driver.o
        36          6          0          0          0        965   rtx_config.o
       128          4        204       5329          0      11336   rtx_lib.o
        64         26        336          0       1536        812   startup_stm32f10x_cl.o
       296          0          0          0          0       3828   stm32f10x_gpio.o
       528         50          0         20          0       6612   stm32f10x_rcc.o
       548         28          0          0          0       6998   stm32f10x_usart.o
       748         56          0         12          0     251633   svvis_cortex.o
       402         30          0          0          0       3163   svvis_cortex_threads.o
       652         56          0         20          0       3045   system_stm32f10x.o

    ----------------------------------------------------------------------
      4578        502        572       5416       1536     555303   Object Totals
         0          0         32          0          0          0   (incl. Generated)
        12          0          0         18          0          0   (incl. Padding)

    ----------------------------------------------------------------------

      Code (inc. data)   RO Data    RW Data    ZI Data      Debug   Library Member Name

       136         10          1          0          0        480   irq_cm3.o
        56          0          0          0          0       2892   rtx_delay.o
       768          0         11        168          0      17856   rtx_kernel.o
       246          0          0          0          0       1937   rtx_memory.o
       246          0          0          0          0      17021   rtx_mempool.o
      1940          0          0          0          0      18585   rtx_msgqueue.o
       928          0          0          0          0       8779   rtx_mutex.o
       492          8          0          0          0       8155   rtx_system.o
      2686          0          0          0          0      40733   rtx_thread.o
       170          0          0          0          0       8770   rtx_timer.o
        90          0          0          0          0          0   __dczerorl2.o
         8          0          0          0          0         68   __main.o
         0          0          0          0          0          0   __rtentry.o
        20          0          0          0          0          0   __rtentry2.o
         6          0          0          0          0          0   __rtentry4.o
        52          8          0          0          0          0   __scatter.o
        28          0          0          0          0          0   __scatter_zi.o
        16          0          0          0          0         68   aeabi_memset4.o
        18          0          0          0          0         80   exit.o
         6          0          0          0          0        152   heapauxi.o
         0          0          0          0          0          0   indicate_semi.o
         2          0          0          0          0          0   libinit.o
         2          0          0          0          0          0   libinit2.o
         2          0          0          0          0          0   libshutdown.o
         2          0          0          0          0          0   libshutdown2.o
         8          4          0          0         96         68   libspace.o
        68          0          0          0          0         68   rt_memclr.o
        78          0          0          0          0         80   rt_memclr_w.o
       138          0          0          0          0         68   rt_memcpy_v6.o
       100          0          0          0          0         80   rt_memcpy_w.o
         2          0          0          0          0          0   rtexit.o
        10          0          0          0          0          0   rtexit2.o
       128          0          0          0          0         68   strcmpv7m.o
        62          0          0          0          0         76   strlen.o
        12          4          0          0          0         68   sys_exit.o
        74          0          0          0          0         80   sys_stackheap_outer.o
         2          0          0          0          0         68   use_no_semi.o
        90          4          0          0          0         92   dfixu.o
       340         12          0          0          0        104   dmul.o
       156          4          0          0          0         92   dnaninf.o
        12          0          0          0          0         68   dretinf.o
         0          0          0          0          0          0   usenofp.o

    ----------------------------------------------------------------------
      9262         54         16        168         96     126656   Library Totals
        62          0          4          0          0          0   (incl. Padding)

    ----------------------------------------------------------------------

      Code (inc. data)   RO Data    RW Data    ZI Data      Debug   Library Name

      7668         18         12        168          0     125208   RTX_CM3.lib
       934         16          0          0         96       1092   c_w.l
       598         20          0          0          0        356   fz_ws.l

    ----------------------------------------------------------------------
      9262         54         16        168         96     126656   Library Totals

    ----------------------------------------------------------------------

==============================================================================


      Code (inc. data)   RO Data    RW Data    ZI Data      Debug   

     13840        556        588       5584       1632     678447   Grand Totals
     13840        556        588         84       1632     678447   ELF Image Totals (compressed)
     13840        556        588         84          0          0   ROM Totals

==============================================================================

    Total RO  Size (Code + RO Data)                14428 (  14.09kB)
    Total RW  Size (RW Data + ZI Data)              7216 (   7.05kB)
    Total ROM Size (Code + RO Data + RW Data)      14512 (  14.17kB)

==============================================================================

